SBATCH Run: biapy-channel-scale-zarr-seunet-FDn.yaml, mode: preprocessing, job-name: biapy-channel-scale-zarr-seunet-FDn, run-id: 0
SLURM_CPUS_PER_TASK=8
running BiaPy/run_biapy-py.py
Patched BiaPy create_instance_channels: float32 channels + full-volume Zarr v2 GT export
Mode overrides (preprocessing): leaving YAML flags as-is (TRAIN.ENABLE=True, TEST.ENABLE=True, MODEL.LOAD_CHECKPOINT=False)
CPU overrides: SYSTEM.NUM_CPUS=8, SYSTEM.NUM_WORKERS=8
Date     : 2026-08-22 16:54:52
Arguments: Namespace(config={'SYSTEM': {'NUM_CPUS': 8, 'NUM_WORKERS': -1}, 'PROBLEM': {'TYPE': 'INSTANCE_SEG', 'NDIM': '3D', 'INSTANCE_SEG': {'DATA_CHANNELS': ['F', 'Dn'], 'DATA_CHANNELS_EXTRA_OPTS': [{'Dn': {'mask_values': False}}], 'DATA_CHANNEL_WEIGHTS': '(1.0, 1.0)', 'WATERSHED': {'SEED_CHANNELS': ['F', 'Dn'], 'SEED_CHANNELS_THRESH': ['auto', 0.05], 'TOPOGRAPHIC_SURFACE_CHANNEL': 'F', 'GROWTH_MASK_CHANNELS': ['F'], 'GROWTH_MASK_CHANNELS_THRESH': ['auto'], 'DATA_CHECK_MW': True, 'DATA_REMOVE_BEFORE_MW': True, 'DATA_REMOVE_SMALL_OBJ_BEFORE': 250}}}, 'DATA': {'PATCH_SIZE': '(80, 128, 128, 3)', 'TRAIN': {'PATH': 'fisbe/biapy-channel-scale-zarr/train/raw', 'GT_PATH': 'fisbe/biapy-channel-scale-zarr/train/label', 'INPUT_IMG_AXES_ORDER': 'ZYXC', 'INPUT_MASK_AXES_ORDER': 'ZYXC', 'IN_MEMORY': False}, 'VAL': {'PATH': 'fisbe/biapy-no-aug-zarr/val/raw', 'GT_PATH': 'fisbe/biapy-no-aug-zarr/val/label', 'FROM_TRAIN': False, 'INPUT_IMG_AXES_ORDER': 'ZYXC', 'INPUT_MASK_AXES_ORDER': 'ZYXC', 'IN_MEMORY': False}, 'TEST': {'PATH': 'fisbe/biapy-no-aug-zarr/test/raw', 'GT_PATH': 'fisbe/biapy-no-aug-zarr/test/label', 'INPUT_IMG_AXES_ORDER': 'ZYXC', 'INPUT_MASK_AXES_ORDER': 'ZYXC', 'IN_MEMORY': False, 'LOAD_GT': True, 'PADDING': '(4,16,16)'}}, 'AUGMENTOR': {'ENABLE': False, 'RANDOM_ROT': False, 'VFLIP': False, 'HFLIP': False, 'ZFLIP': False}, 'MODEL': {'ARCHITECTURE': 'seunet', 'FEATURE_MAPS': [16, 32, 64, 128, 256], 'Z_DOWN': [1, 1, 1, 1], 'LOAD_CHECKPOINT': False}, 'TRAIN': {'ENABLE': True, 'OPTIMIZER': 'ADAMW', 'LR': 0.001, 'BATCH_SIZE': 34, 'EPOCHS': 60, 'PATIENCE': 10, 'LR_SCHEDULER': {'NAME': 'onecycle'}}, 'TEST': {'ENABLE': True, 'REUSE_PREDICTIONS': True, 'AUGMENTATION': False, 'FULL_IMG': False, 'BY_CHUNKS': {'ENABLE': True, 'FORMAT': 'zarr', 'SAVE_OUT_TIF': True, 'INPUT_IMG_AXES_ORDER': 'ZYXC', 'WORKFLOW_PROCESS': {'ENABLE': True, 'TYPE': 'entire_pred'}}, 'POST_PROCESSING': {'INSTANCE_REFINEMENT': {'ENABLE': True, 'OPERATIONS': ['remove_small_objects'], 'VALUES': [2000]}}}}, result_dir='metrics/biapy', name='biapy-channel-scale-zarr-seunet-FDn', run_id='0', gpu='', world_size=1, local_rank=-1, dist_on_itp=False, dist_url='env://', dist_backend='nccl')
Job      : biapy-channel-scale-zarr-seunet-FDn_0
BiaPy    : 3.7.0
Python   : 3.11.15 | packaged by conda-forge | (main, Jun 11 2026, 03:34:02) [GCC 14.3.0]
PyTorch  : 2.12.1+cu130
The following changes were made in order to adapt the input configuration:
Not using distributed mode
[16:54:52.902414] **** Using 'cpu' for training
[16:54:52.998863] CPU budget(total)=8 | per_rank=8 | main_threads=4 | num_workers(per_rank)=3 | world_size=1
[16:54:53.028603] Configuration details:
[16:54:53.028621] AUGMENTOR:
  AFFINE_MODE: reflect
  AUG_NUM_SAMPLES: 10
  AUG_SAMPLES: True
  BRIGHTNESS: False
  BRIGHTNESS_FACTOR: (-0.1, 0.1)
  BRIGHTNESS_PROB: 0.5
  CBLUR_DOWN_RANGE: (2, 8)
  CBLUR_INSIDE: True
  CBLUR_SIZE: (0.2, 0.4)
  CHANNEL_SHUFFLE: False
  CHANNEL_SHUFFLE_PROB: 0.5
  CMIX_SIZE: (0.2, 0.4)
  CNOISE_NB_ITERATIONS: (1, 3)
  CNOISE_SCALE: (0.05, 0.1)
  CNOISE_SIZE: (0.2, 0.4)
  CONTRAST: False
  CONTRAST_FACTOR: (-0.1, 0.1)
  CONTRAST_PROB: 0.5
  COUT_APPLY_TO_MASK: False
  COUT_CVAL: 0.0
  COUT_NB_ITERATIONS: (1, 3)
  COUT_SIZE: (0.05, 0.3)
  CUTBLUR: False
  CUTBLUR_PROB: 0.5
  CUTMIX: False
  CUTMIX_PROB: 0.5
  CUTNOISE: False
  CUTNOISE_PROB: 0.5
  CUTOUT: False
  CUTOUT_PROB: 0.5
  DRAW_GRID: True
  DROPOUT: False
  DROPOUT_PROB: 0.5
  DROP_RANGE: (0, 0.2)
  ELASTIC: False
  ELASTIC_PROB: 0.5
  ENABLE: False
  E_ALPHA: (12, 16)
  E_MODE: constant
  E_SIGMA: 4
  GAMMA_CONTRAST: False
  GAMMA_CONTRAST_PROB: 0.5
  GAUSSIAN_NOISE: False
  GAUSSIAN_NOISE_MEAN: 0.0
  GAUSSIAN_NOISE_PROB: 0.5
  GAUSSIAN_NOISE_USE_INPUT_IMG_MEAN_AND_VAR: False
  GAUSSIAN_NOISE_VAR: 0.05
  GC_GAMMA: (1.25, 1.75)
  GRAYSCALE: False
  GRAYSCALE_PROB: 0.5
  GRIDMASK: False
  GRIDMASK_PROB: 0.5
  GRID_D_RANGE: (0.4, 1)
  GRID_INVERT: False
  GRID_RATIO: 0.6
  GRID_ROTATE: 1.0
  G_BLUR: False
  G_BLUR_PROB: 0.5
  G_SIGMA: (1.0, 2.0)
  HFLIP: False
  HFLIP_PROB: 0.5
  MB_KERNEL: (3, 7)
  MEDIAN_BLUR: False
  MEDIAN_BLUR_PROB: 0.5
  MISALIGNMENT: False
  MISALIGNMENT_PROB: 0.5
  MISSING_SECTIONS: False
  MISSING_SECTIONS_PROB: 0.5
  MISSP_CHANNEL_PB: 0.5
  MISSP_ITERATIONS: (10, 30)
  MOTB_K_RANGE: (8, 12)
  MOTION_BLUR: False
  MOTION_BLUR_PROB: 0.5
  MS_DISPLACEMENT: 16
  MS_ROTATE_RATIO: 0.5
  PEPPER: False
  PEPPER_AMOUNT: 0.05
  PEPPER_PROB: 0.5
  POISSON_NOISE: False
  POISSON_NOISE_PROB: 0.5
  RANDOM_ROT: False
  RANDOM_ROT_PROB: 0.5
  RANDOM_ROT_RANGE: (-180, 180)
  ROT90: False
  ROT90_PROB: 0.5
  SALT: False
  SALT_AMOUNT: 0.05
  SALT_AND_PEPPER: False
  SALT_AND_PEPPER_AMOUNT: 0.05
  SALT_AND_PEPPER_PROB: 0.5
  SALT_AND_PEPPER_PROP: 0.5
  SALT_PROB: 0.5
  SHEAR: False
  SHEAR_PROB: 0.5
  SHEAR_RANGE: (-20, 20)
  SHIFT: False
  SHIFT_PROB: 0.5
  SHIFT_RANGE: (0.1, 0.2)
  SHUFFLE_TRAIN_DATA_EACH_EPOCH: True
  SHUFFLE_VAL_DATA_EACH_EPOCH: False
  VFLIP: False
  VFLIP_PROB: 0.5
  ZFLIP: False
  ZFLIP_PROB: 0.5
  ZOOM: False
  ZOOM_IN_Z: False
  ZOOM_PROB: 0.5
  ZOOM_RANGE: (0.5, 1.5)
DATA:
  CHECK_GENERATORS: False
  FILTER_BY_IMAGE: False
  FORCE_RGB: False
  NORMALIZATION:
    PERC_CLIP:
      ENABLE: False
      LOWER_PERC: -1.0
      LOWER_VALUE: [-1.0]
      UPPER_PERC: -1.0
      UPPER_VALUE: [-1.0]
    TYPE: zero_mean_unit_variance
    ZERO_MEAN_UNIT_VAR:
      MEAN_VAL: [-1.0]
      STD_VAL: [-1.0]
  N_CLASSES: 2
  PATCH_SIZE: (80, 128, 128, 3)
  PREPROCESS:
    CANNY:
      ENABLE: False
      HIGH_THRESHOLD: None
      LOW_THRESHOLD: None
    CLAHE:
      CLIP_LIMIT: 0.01
      ENABLE: False
      KERNEL_SIZE: None
    GAUSSIAN_BLUR:
      CHANNEL_AXIS: None
      ENABLE: False
      MODE: nearest
      SIGMA: 1
    MATCH_HISTOGRAM:
      ENABLE: False
      REFERENCE_PATH: user_data/test/x
    MEDIAN_BLUR:
      ENABLE: False
      KERNEL_SIZE: (3, 3, 1)
    RESIZE:
      ANTI_ALIASING: False
      CLIP: True
      CVAL: 0.0
      ENABLE: False
      MODE: reflect
      ORDER: 1
      OUTPUT_SHAPE: (512, 512)
      PRESERVE_RANGE: True
    TEST: False
    TRAIN: False
    VAL: False
    ZOOM:
      ENABLE: False
      ZOOM_FACTOR: [1, 1, 1, 1, 1]
  REFLECT_TO_COMPLETE_SHAPE: True
  SAVE_FILTERED_IMAGES: False
  SAVE_FILTERED_IMAGES_NUM: 3
  TEST:
    BINARY_MASKS: fisbe/biapy-no-aug-zarr/test/raw/../bin_mask
    CHECK_DATA: True
    DETECTION_MASK_DIR: fisbe/biapy-no-aug-zarr/test/label_detection_masks_2
    FILTER_SAMPLES:
      ENABLE: False
      NORM_BEFORE: False
      PROPS: []
      SIGNS: []
      VALUES: []
    GT_PATH: fisbe/biapy-no-aug-zarr/test/label
    INPUT_IMG_AXES_ORDER: ZYXC
    INPUT_MASK_AXES_ORDER: ZYXC
    INPUT_ZARR_MULTIPLE_DATA: False
    INPUT_ZARR_MULTIPLE_DATA_GT_PATH: 
    INPUT_ZARR_MULTIPLE_DATA_ID_PATH: annotations.ids
    INPUT_ZARR_MULTIPLE_DATA_LOCATIONS_PATH: annotations.locations
    INPUT_ZARR_MULTIPLE_DATA_PARTNERS_PATH: annotations.presynaptic_site.partners
    INPUT_ZARR_MULTIPLE_DATA_RAW_PATH: 
    INPUT_ZARR_MULTIPLE_DATA_RESOLUTION_PATH: volumes.raw
    INSTANCE_CHANNELS_MASK_DIR: fisbe/biapy-no-aug-zarr/test/label_F.erosion-0.dilation-0_Dn.closing_size-3.norm-True.mask_values-False.decline_power-3
    IN_MEMORY: False
    LOAD_GT: True
    MEDIAN_PADDING: False
    OVERLAP: (0, 0, 0)
    PADDING: (4, 16, 16)
    PATH: fisbe/biapy-no-aug-zarr/test/raw
    RESOLUTION: (1, 1, 1)
    SSL_SOURCE_DIR: fisbe/biapy-no-aug-zarr/test/raw_ssl_source
    USE_VAL_AS_TEST: False
  TRAIN:
    CHECK_DATA: True
    DETECTION_MASK_DIR: fisbe/biapy-channel-scale-zarr/train/label_detection_masks_2
    EXTRACT_RANDOM_PATCH: False
    FILTER_SAMPLES:
      ENABLE: False
      NORM_BEFORE: False
      PROPS: []
      SIGNS: []
      VALUES: []
    GT_PATH: fisbe/biapy-channel-scale-zarr/train/label
    INPUT_IMG_AXES_ORDER: ZYXC
    INPUT_MASK_AXES_ORDER: ZYXC
    INPUT_ZARR_MULTIPLE_DATA: False
    INPUT_ZARR_MULTIPLE_DATA_GT_PATH: 
    INPUT_ZARR_MULTIPLE_DATA_ID_PATH: annotations.ids
    INPUT_ZARR_MULTIPLE_DATA_LOCATIONS_PATH: annotations.locations
    INPUT_ZARR_MULTIPLE_DATA_PARTNERS_PATH: annotations.presynaptic_site.partners
    INPUT_ZARR_MULTIPLE_DATA_RAW_PATH: 
    INPUT_ZARR_MULTIPLE_DATA_RESOLUTION_PATH: volumes.raw
    INSTANCE_CHANNELS_MASK_DIR: fisbe/biapy-channel-scale-zarr/train/label_F.erosion-0.dilation-0_Dn.closing_size-3.norm-True.mask_values-False.decline_power-3
    IN_MEMORY: False
    OVERLAP: (0, 0, 0)
    PADDING: (0, 0, 0)
    PATH: fisbe/biapy-channel-scale-zarr/train/raw
    PROBABILITY_MAP: False
    REPLICATE: 0
    RESOLUTION: (1, 1, 1)
    SSL_SOURCE_DIR: fisbe/biapy-channel-scale-zarr/train/raw_ssl_source
    W_BACKGROUND: 0.06
    W_FOREGROUND: 0.94
  VAL:
    CROSS_VAL: False
    CROSS_VAL_FOLD: 1
    CROSS_VAL_NFOLD: 5
    DETECTION_MASK_DIR: fisbe/biapy-no-aug-zarr/val/label_detection_masks_2
    DIST_EVAL: True
    FILTER_SAMPLES:
      ENABLE: False
      NORM_BEFORE: False
      PROPS: []
      SIGNS: []
      VALUES: []
    FROM_TRAIN: False
    GT_PATH: fisbe/biapy-no-aug-zarr/val/label
    INPUT_IMG_AXES_ORDER: ZYXC
    INPUT_MASK_AXES_ORDER: ZYXC
    INPUT_ZARR_MULTIPLE_DATA: False
    INPUT_ZARR_MULTIPLE_DATA_GT_PATH: 
    INPUT_ZARR_MULTIPLE_DATA_ID_PATH: annotations.ids
    INPUT_ZARR_MULTIPLE_DATA_LOCATIONS_PATH: annotations.locations
    INPUT_ZARR_MULTIPLE_DATA_PARTNERS_PATH: annotations.presynaptic_site.partners
    INPUT_ZARR_MULTIPLE_DATA_RAW_PATH: 
    INPUT_ZARR_MULTIPLE_DATA_RESOLUTION_PATH: volumes.raw
    INSTANCE_CHANNELS_MASK_DIR: fisbe/biapy-no-aug-zarr/val/label_F.erosion-0.dilation-0_Dn.closing_size-3.norm-True.mask_values-False.decline_power-3
    IN_MEMORY: False
    OVERLAP: (0, 0, 0)
    PADDING: (0, 0, 0)
    PATH: fisbe/biapy-no-aug-zarr/val/raw
    RANDOM: True
    RESOLUTION: (1, 1, 1)
    SPLIT_TRAIN: 0.1
    SSL_SOURCE_DIR: fisbe/biapy-no-aug-zarr/val/raw_ssl_source
LOG:
  CHART_CREATION_FREQ: 5
  LOG_DIR: metrics/biapy/biapy-channel-scale-zarr-seunet-FDn/logs
  LOG_FILE_PREFIX: biapy-channel-scale-zarr-seunet-FDn_0
  TENSORBOARD_LOG_DIR: metrics/biapy/biapy-channel-scale-zarr-seunet-FDn/results/biapy-channel-scale-zarr-seunet-FDn_0/tensorboard
LOSS:
  CLASS_REBALANCE: none
  CLASS_WEIGHTS: []
  CONTRAST:
    ENABLE: False
    MEMORY_SIZE: 5000
    PIXEL_UPD_FREQ: 10
    PROJ_DIM: 256
  CYCLEGAN:
    ALPHA_PERCEPTUAL: 0.0
    DELTA_MSE: 0.0
    GAMMA_SSIM: 1.0
    LAMBDA_GAN: 1.0
    LAMBDA_RECON: 10.0
  IGNORE_INDEX: -1
  TYPE: 
  WEIGHTS: [1.0, 1.0]
MODEL:
  ACTIVATION: elu
  ARCHITECTURE: seunet
  BMZ:
    EXPORT:
      AUTHORS: []
      CITE: []
      DATASET_INFO: [{}]
      DESCRIPTION: 
      DOCUMENTATION: 
      ENABLE: False
      LICENSE: CC-BY-4.0
      MODEL_NAME: 
      MODEL_VERSION: 0.1.0
      REUSE_BMZ_CONFIG: False
      TAGS: []
    SOURCE_MODEL_ID: 
  CONVNEXT_LAYER_SCALE: 1e-06
  CONVNEXT_SD_PROB: 0.1
  CONVNEXT_STEM_K_SIZE: 2
  CONV_BLOCK_ORDER: conv_norm_act
  CONV_LAYERS: [2, 2, 2, 2, 2]
  DROPOUT_VALUES: [0.0, 0.0, 0.0, 0.0, 0.0]
  FEATURE_MAPS: [16, 32, 64, 128, 256]
  FREEZE_LAYERS_MATCHING: []
  HRNET:
    BLOCK_TYPE: BASIC
    HEAD_TYPE: FCN
    NUM_BLOCKS: [[4, 4], [4, 4, 4], [4, 4, 4, 4]]
    NUM_BRANCHES: [2, 3, 4]
    NUM_CHANNELS: [[18, 36], [18, 36, 72], [18, 36, 72, 144]]
    NUM_MODULES: [1, 4, 3]
    NUM_STAGES: 3
    VARIANT: W48
    YX_DOWN: [0, 0, 0]
    Z_DOWN: [0, 0, 0]
  ISOTROPY: [True, True, True, True, True]
  ITEMS_TO_LOAD_FROM_CHECKPOINT: ['weights', 'norm', 'model_arch']
  KERNEL_SIZE: 3
  LARGER_IO: False
  LOAD_CHECKPOINT: False
  LOAD_CHECKPOINT_EPOCH: best_on_val
  MAE_DEC_HIDDEN_SIZE: 512
  MAE_DEC_MLP_DIMS: 2048
  MAE_DEC_NUM_HEADS: 16
  MAE_DEC_NUM_LAYERS: 8
  MAE_MASK_RATIO: 0.5
  MAE_MASK_TYPE: grid
  NAFNET:
    ARCHITECTURE_D: patchgan
    DEC_BLK_NUMS: [2, 2, 2, 2]
    DW_EXPAND: 2
    ENC_BLK_NUMS: [2, 2, 4, 8]
    FFN_EXPAND: 2
    MIDDLE_BLK_NUM: 12
    PATCHGAN:
      BASE_FILTERS: 64
    WIDTH: 16
  NORMALIZATION: in
  OUT_CHECKPOINT_FORMAT: pth
  RCAN_CONV_FILTERS: 16
  RCAN_RCAB_BLOCK_NUM: 20
  RCAN_REDUCTION_RATIO: 16
  RCAN_RG_BLOCK_NUM: 10
  RCAN_UPSCALING_LAYER: True
  SAVE_CKPT_FREQ: -1
  SKIP_UNMATCHED_LAYERS: False
  SOURCE: biapy
  STUNET:
    PRETRAINED: False
    VARIANT: base
  TORCHVISION_MODEL_NAME: 
  UNETR_VIT_HIDD_MULT: -1
  UNETR_VIT_MODEL: custom
  UNETR_VIT_NUM_FILTERS: 16
  UNET_SR_UPSAMPLE_POSITION: pre
  UPSAMPLE_LAYER: convtranspose
  VIT_EMBED_DIM: 768
  VIT_MLP_RATIO: 4.0
  VIT_MODEL: custom
  VIT_NORM_EPS: 1e-06
  VIT_NUM_HEADS: 12
  VIT_NUM_LAYERS: 12
  VIT_PRETRAINED_WEIGHTS: 
  VIT_TOKEN_SIZE: 16
  YX_DOWN: [2, 2, 2, 2]
  Z_DOWN: [1, 1, 1, 1]
PATHS:
  BMZ_EXPORT_PATH: metrics/biapy/biapy-channel-scale-zarr-seunet-FDn/results/biapy-channel-scale-zarr-seunet-FDn_0/BMZ_files
  CHARTS: metrics/biapy/biapy-channel-scale-zarr-seunet-FDn/results/biapy-channel-scale-zarr-seunet-FDn_0/charts
  CHECKPOINT: metrics/biapy/biapy-channel-scale-zarr-seunet-FDn/checkpoints
  CHECKPOINT_FILE: 
  DA_SAMPLES: metrics/biapy/biapy-channel-scale-zarr-seunet-FDn/results/biapy-channel-scale-zarr-seunet-FDn_0/aug
  FIL_SAMPLES_DIR: metrics/biapy/biapy-channel-scale-zarr-seunet-FDn/results/biapy-channel-scale-zarr-seunet-FDn_0/filtering_information
  GEN_CHECKS: metrics/biapy/biapy-channel-scale-zarr-seunet-FDn/results/biapy-channel-scale-zarr-seunet-FDn_0/gen_check
  GEN_MASK_CHECKS: metrics/biapy/biapy-channel-scale-zarr-seunet-FDn/results/biapy-channel-scale-zarr-seunet-FDn_0/gen_mask_check
  MAE_OUT_DIR: metrics/biapy/biapy-channel-scale-zarr-seunet-FDn/results/biapy-channel-scale-zarr-seunet-FDn_0/MAE_checks
  PROB_MAP_DIR: metrics/biapy/biapy-channel-scale-zarr-seunet-FDn/prob_map
  PROB_MAP_FILENAME: prob_map.npy
  PROFILER: metrics/biapy/biapy-channel-scale-zarr-seunet-FDn/results/biapy-channel-scale-zarr-seunet-FDn_0/profiler
  RESULT_DIR:
    AS_3D_STACK: metrics/biapy/biapy-channel-scale-zarr-seunet-FDn/results/biapy-channel-scale-zarr-seunet-FDn_0/as_3d_stack
    AS_3D_STACK_BIN: metrics/biapy/biapy-channel-scale-zarr-seunet-FDn/results/biapy-channel-scale-zarr-seunet-FDn_0/as_3d_stack_binarized
    AS_3D_STACK_POST_PROCESSING: metrics/biapy/biapy-channel-scale-zarr-seunet-FDn/results/biapy-channel-scale-zarr-seunet-FDn_0/as_3d_stack_post_processing
    DET_ASSOC_POINTS: metrics/biapy/biapy-channel-scale-zarr-seunet-FDn/results/biapy-channel-scale-zarr-seunet-FDn_0/point_associations
    DET_LOCAL_MAX_COORDS_CHECK: metrics/biapy/biapy-channel-scale-zarr-seunet-FDn/results/biapy-channel-scale-zarr-seunet-FDn_0/per_image_local_max_check
    DET_LOCAL_MAX_COORDS_CHECK_POST_PROCESSING: metrics/biapy/biapy-channel-scale-zarr-seunet-FDn/results/biapy-channel-scale-zarr-seunet-FDn_0/per_image_local_max_check_post_processing
    FULL_IMAGE: metrics/biapy/biapy-channel-scale-zarr-seunet-FDn/results/biapy-channel-scale-zarr-seunet-FDn_0/full_image
    FULL_IMAGE_BIN: metrics/biapy/biapy-channel-scale-zarr-seunet-FDn/results/biapy-channel-scale-zarr-seunet-FDn_0/full_image_binarized
    FULL_IMAGE_INSTANCES: metrics/biapy/biapy-channel-scale-zarr-seunet-FDn/results/biapy-channel-scale-zarr-seunet-FDn_0/full_image_instances
    FULL_IMAGE_POST_PROCESSING: metrics/biapy/biapy-channel-scale-zarr-seunet-FDn/results/biapy-channel-scale-zarr-seunet-FDn_0/full_image_post_processing
    INST_ASSOC_POINTS: metrics/biapy/biapy-channel-scale-zarr-seunet-FDn/results/biapy-channel-scale-zarr-seunet-FDn_0/instance_associations
    PATH: metrics/biapy/biapy-channel-scale-zarr-seunet-FDn/results/biapy-channel-scale-zarr-seunet-FDn_0
    PER_IMAGE: metrics/biapy/biapy-channel-scale-zarr-seunet-FDn/results/biapy-channel-scale-zarr-seunet-FDn_0/per_image
    PER_IMAGE_BIN: metrics/biapy/biapy-channel-scale-zarr-seunet-FDn/results/biapy-channel-scale-zarr-seunet-FDn_0/per_image_binarized
    PER_IMAGE_INSTANCES: metrics/biapy/biapy-channel-scale-zarr-seunet-FDn/results/biapy-channel-scale-zarr-seunet-FDn_0/per_image_instances
    PER_IMAGE_POST_PROCESSING: metrics/biapy/biapy-channel-scale-zarr-seunet-FDn/results/biapy-channel-scale-zarr-seunet-FDn_0/per_image_post_processing
  TEST_FULL_GT_H5: fisbe/biapy-no-aug-zarr/test/label/h5
  TEST_INSTANCE_CHANNELS_CHECK: metrics/biapy/biapy-channel-scale-zarr-seunet-FDn/results/biapy-channel-scale-zarr-seunet-FDn_0/test_FDn_instance_channels
  TRAIN_INSTANCE_CHANNELS_CHECK: metrics/biapy/biapy-channel-scale-zarr-seunet-FDn/results/biapy-channel-scale-zarr-seunet-FDn_0/train_FDn_instance_channels
  VAL_INSTANCE_CHANNELS_CHECK: metrics/biapy/biapy-channel-scale-zarr-seunet-FDn/results/biapy-channel-scale-zarr-seunet-FDn_0/val_FDn_instance_channels
  WATERSHED_DIR: metrics/biapy/biapy-channel-scale-zarr-seunet-FDn/results/biapy-channel-scale-zarr-seunet-FDn_0/watershed
PROBLEM:
  DENOISING:
    LOAD_GT_DATA: False
    N2V_MANIPULATOR: uniform_withCP
    N2V_NEIGHBORHOOD_RADIUS: 5
    N2V_PERC_PIX: 0.198
    N2V_STRUCTMASK: False
  DETECTION:
    CENTRAL_POINT_DILATION: [2]
    CHECK_POINTS_CREATED: True
    CLASS_REBALANCE_WITHIN_CHANNELS: True
    DATA_CHANNEL_WEIGHTS: (1, 1)
    DATA_CHECK_MW: False
    SEPARATED_DECODERS_DIVIDE_FEATURE_MAPS: False
    SEPARATED_DECODERS_PER_HEAD: False
  IMAGE_TO_IMAGE:
    CHANNELS_PER_HEAD_INFO: []
    MULTIPLE_RAW_ONE_TARGET_LOADER: False
    OUTPUT_CHANNELS: 1
    OUTPUT_CHANNEL_ACT: []
    SEPARATED_DECODERS_DIVIDE_FEATURE_MAPS: False
    SEPARATED_DECODERS_PER_HEAD: False
  INSTANCE_SEG:
    BORDER_EXTRA_WEIGHTS: 
    CELLPOSE:
      DIAMETER: 0.0
      DIAM_MEAN: 30.0
      FG_THRESH: 0.5
      FLOW_THRESHOLD: 0.4
      N_STEPS: 200
      SCALE_RANGE: 0.5
      TEST_DOUBLE_INFERENCE: True
    CHANNELS_PER_HEAD_INFO: []
    CLASS_REBALANCE_WITHIN_CHANNELS: True
    DATA_CHANNELS: ['F', 'Dn']
    DATA_CHANNELS_EXTRA_OPTS: [{'Dn': {'closing_size': 3, 'norm': True, 'mask_values': False, 'decline_power': 3}, 'F': {'erosion': 0, 'dilation': 0}}]
    DATA_CHANNELS_LOSSES: ['bce', 'l1']
    DATA_CHANNEL_WEIGHTS: (1.0, 1.0)
    EMBEDSEG:
      FG_THRESH: 0.5
      GRID_SIZE: -1
      MIN_MASK_SUM: 0
      MIN_UNCLUSTERED_SUM: 0
      SEED_THRESH: 0.9
    INSTANCE_CREATION_PROCESS: watershed
    OMNIPOSE:
      FLOW_THRESHOLD: 0.4
      MASK_THRESHOLD: 0.0
      NITER: 0
    SEPARATED_DECODERS_DIVIDE_FEATURE_MAPS: False
    SEPARATED_DECODERS_PER_HEAD: False
    STARDIST:
      GRID: []
      NMS_IOU_THRESH: 0.3
      PROB_THRESH: 0.4
    SYNAPSES:
      BLOB_LOG_MAX_SIGMA: 10
      BLOB_LOG_MIN_SIGMA: 5
      BLOB_LOG_NUM_SIGMA: 2
      EXCLUDE_BORDER: False
      MIN_TH_TO_BE_PEAK: 0.2
      PEAK_LOCAL_MAX_MIN_DISTANCE: 1
      POINT_CREATION_FUNCTION: peak_local_max
      REMOVE_CLOSE_POINTS_RADIUS_BY_MASK: False
      REMOVE_CLOSE_POST_POINTS_RADIUS: 0
      REMOVE_CLOSE_PRE_POINTS_RADIUS: 0
      TH_TYPE: auto
    TYPE: regular
    WATERSHED:
      BY_2D_SLICES: False
      DATA_CHECK_MW: True
      DATA_REMOVE_BEFORE_MW: True
      DATA_REMOVE_SMALL_OBJ_BEFORE: 250
      ERODE_AND_DILATE_GROWTH_MASK: False
      FORE_DILATION_RADIUS: 5
      FORE_EROSION_RADIUS: 5
      GROWTH_MASK_CHANNELS: ['F']
      GROWTH_MASK_CHANNELS_THRESH: ['auto']
      SEED_CHANNELS: ['F', 'Dn']
      SEED_CHANNELS_THRESH: ['auto', 0.05]
      SEED_MORPH_RADIUS: []
      SEED_MORPH_SEQUENCE: []
      TOPOGRAPHIC_SURFACE_CHANNEL: F
  NDIM: 3D
  PRINT_OLD_KEY_CHANGES: True
  SELF_SUPERVISED:
    NOISE: 0.2
    PRETEXT_TASK: crappify
    RESIZING_FACTOR: 4
  SEMANTIC_SEG:
    IGNORE_CLASS_ID: 0
  SUPER_RESOLUTION:
    UPSCALING: (1, 1, 1)
  TYPE: INSTANCE_SEG
SYSTEM:
  DEVICE: cpu
  NUM_CPUS: 8
  NUM_GPUS: 0
  NUM_WORKERS: -1
  PIN_MEM: True
  SEED: 0
TEST:
  ANALIZE_2D_IMGS_AS_3D_STACK: False
  AUGMENTATION: False
  AUGMENTATION_GROUP: auto
  AUGMENTATION_MODE: mean
  BY_CHUNKS:
    ENABLE: True
    FLUSH_EACH: 100
    PHASES: ['prediction', 'instance_creation', 'instance_merging']
    SAVE_OUT_TIF: True
    WORKFLOW_PROCESS:
      ENABLE: True
      INSTANCE_SEG_HALO: -1
      INSTANCE_SEG_MERGE_IOU_TH: 0.3
      TYPE: entire_pred
    Z_END: -1
    Z_START: -1
  DET_BLOB_LOG_MAX_SIGMA: 10
  DET_BLOB_LOG_MIN_SIGMA: 5
  DET_BLOB_LOG_NUM_SIGMA: 2
  DET_EXCLUDE_BORDER: False
  DET_IGNORE_POINTS_OUTSIDE_BOX: []
  DET_MIN_TH_TO_BE_PEAK: 0.2
  DET_PEAK_LOCAL_MAX_MIN_DISTANCE: 1
  DET_POINT_CREATION_FUNCTION: peak_local_max
  DET_TH_TYPE: manual
  DET_TOLERANCE: 10
  ENABLE: True
  FULL_IMG: False
  MATCHING_STATS: True
  MATCHING_STATS_BY_IMAGE: True
  MATCHING_STATS_THS: [0.3, 0.5, 0.75]
  MATCHING_STATS_THS_COLORED_IMG: []
  METRICS: ['iou']
  METRICS_IN_CPU: False
  POST_PROCESSING:
    APPLY_MASK: False
    DET_WATERSHED: False
    DET_WATERSHED_DONUTS_CLASSES: [-1]
    DET_WATERSHED_DONUTS_NUCLEUS_DIAMETER: 30
    DET_WATERSHED_DONUTS_PATCH: [13, 120, 120]
    DET_WATERSHED_FIRST_DILATION: [-1, -1]
    INSTANCE_REFINEMENT:
      ENABLE: True
      OPERATIONS: ['remove_small_objects']
      VALUES: [2000]
    MEASURE_PROPERTIES:
      ENABLE: False
      EXTRA_PROPS: []
      REMOVE_BY_PROPERTIES:
        ENABLE: False
        PROPS: []
        SIGNS: []
        VALUES: []
    MEDIAN_FILTER: False
    MEDIAN_FILTER_AXIS: []
    MEDIAN_FILTER_SIZE: []
    REMOVE_CLOSE_POINTS: False
    REMOVE_CLOSE_POINTS_RADIUS: 0
    REPARE_LARGE_BLOBS_SIZE: -1
    VORONOI_ON_MASK: False
    VORONOI_TH: 0.0
  REDUCE_MEMORY: False
  REUSE_PREDICTIONS: True
  SAVE_MODEL_RAW_OUTPUT: True
  VERBOSE: True
TRAIN:
  BATCH_SIZE: 34
  CHECKPOINT_MONITOR: val_loss
  ENABLE: True
  EPOCHS: 60
  GRADIENT_CLIP_NORM: 0.0
  LR: [0.001]
  LR_SCHEDULER:
    MIN_LR: [-1.0]
    NAME: onecycle
    REDUCEONPLATEAU_FACTOR: 0.5
    REDUCEONPLATEAU_PATIENCE: -1
    WARMUP_COSINE_DECAY_EPOCHS: -1
  METRICS: ['iou']
  OPTIMIZER: ['ADAMW']
  OPT_BETAS: [[0.9, 0.999]]
  PATIENCE: 10
  VERBOSE: False
  W_DECAY: 0.02
[16:54:53.170143] *~~~~~~~~~~~~~~~~~~~~~~~~~~~~~~~~~~~~~~~~~~~~~~~~~~*
[16:54:53.170171] Initializing Instance_Segmentation_Workflow
[16:54:53.170179] *~~~~~~~~~~~~~~~~~~~~~~~~~~~~~~~~~~~~~~~~~~~~~~~~~~*

[16:54:53.269041] Creating normalization module . . .
[16:54:53.269085] Normalization module created with the following configuration:
[16:54:53.269096]   type: zero_mean_unit_variance
[16:54:53.269106]   target_type: mask
[16:54:53.269113]   out_dtype: float32
[16:54:53.269120]   norm_target: False
[16:54:53.269127]   percentile_clip: False
[16:54:53.269137]   per_lower_bound: -1.0
[16:54:53.269145]   per_upper_bound: -1.0
[16:54:53.269163]   lower_bound_val: [-1.0]
[16:54:53.269171]   upper_bound_val: [-1.0]
[16:54:53.269178]   mean: [-1.0]
[16:54:53.269186]   std: [-1.0]
[16:54:53.269213] ###########################
[16:54:53.269221] #  PREPARE INSTANCE DATA  #
[16:54:53.269227] ###########################
[16:54:53.269615] You select to create ['F', 'Dn'] channels from given instance labels and no file is detected in fisbe/biapy-channel-scale-zarr/train/label_F.erosion-0.dilation-0_Dn.closing_size-3.norm-True.mask_values-False.decline_power-3 . So let's prepare the data. This process will be done just once!
[16:54:53.275664] Working with Zarr files . . .
[16:54:53.275726] Reading Zarr/H5 file: fisbe/biapy-channel-scale-zarr/train/label/R38F04-20181005_63_G3_cs0.26_1.39_1.50.zarr
[16:54:53.287472] ### 3D-OV-CROP ###
[16:54:53.287496] Cropping (431, 687, 684, 1) images into (80, 128, 128, 1) with overlapping (axis order: ZYXC). . .
[16:54:53.287506] Minimum overlap selected: (0, 0, 0)
[16:54:53.287514] Padding: (0, 0, 0)
[16:54:53.287539] Real overlapping (%): (0.1125, 0.125, 0.125)
[16:54:53.287550] Real overlapping (pixels): (9.0, 16.0, 16.0)
[16:54:53.287558] (6, 6, 6) patches per (z,y,x) axis
[16:54:53.287586] List of volume IDs to be processed by each GPU: [[0, 1, 2, 3, 4, 5]]
[16:54:53.287598] Positions of each volume in Z axis: {0: [0, 80], 1: [71, 151], 2: [142, 222], 3: [213, 293], 4: [284, 364], 5: [355, 431]}
[16:54:53.287607] Rank 0: Total number of patches: 216 - (6, 6, 6) patches per (z,y,x) axis (per GPU)
[16:54:54.446544] Reading Zarr/H5 file: fisbe/biapy-channel-scale-zarr/train/label/R38F04-20181005_63_G3_cs0.31_0.33_0.32.zarr
[16:54:54.456523] ### 3D-OV-CROP ###
[16:54:54.456544] Cropping (431, 687, 684, 1) images into (80, 128, 128, 1) with overlapping (axis order: ZYXC). . .
[16:54:54.456559] Minimum overlap selected: (0, 0, 0)
[16:54:54.456567] Padding: (0, 0, 0)
[16:54:54.456590] Real overlapping (%): (0.1125, 0.125, 0.125)
[16:54:54.456600] Real overlapping (pixels): (9.0, 16.0, 16.0)
[16:54:54.456608] (6, 6, 6) patches per (z,y,x) axis
[16:54:54.456623] List of volume IDs to be processed by each GPU: [[0, 1, 2, 3, 4, 5]]
[16:54:54.456634] Positions of each volume in Z axis: {0: [0, 80], 1: [71, 151], 2: [142, 222], 3: [213, 293], 4: [284, 364], 5: [355, 431]}
[16:54:54.456643] Rank 0: Total number of patches: 216 - (6, 6, 6) patches per (z,y,x) axis (per GPU)
[16:54:55.526492] Reading Zarr/H5 file: fisbe/biapy-channel-scale-zarr/train/label/R38F04-20181005_63_G3_cs1.39_1.47_0.27.zarr
[16:54:55.534057] ### 3D-OV-CROP ###
[16:54:55.534078] Cropping (431, 687, 684, 1) images into (80, 128, 128, 1) with overlapping (axis order: ZYXC). . .
[16:54:55.534087] Minimum overlap selected: (0, 0, 0)
[16:54:55.534095] Padding: (0, 0, 0)
[16:54:55.534114] Real overlapping (%): (0.1125, 0.125, 0.125)
[16:54:55.534123] Real overlapping (pixels): (9.0, 16.0, 16.0)
[16:54:55.534131] (6, 6, 6) patches per (z,y,x) axis
[16:54:55.534144] List of volume IDs to be processed by each GPU: [[0, 1, 2, 3, 4, 5]]
[16:54:55.534154] Positions of each volume in Z axis: {0: [0, 80], 1: [71, 151], 2: [142, 222], 3: [213, 293], 4: [284, 364], 5: [355, 431]}
[16:54:55.534164] Rank 0: Total number of patches: 216 - (6, 6, 6) patches per (z,y,x) axis (per GPU)
[16:54:56.642079] Reading Zarr/H5 file: fisbe/biapy-channel-scale-zarr/train/label/R38F04-20181005_63_G3_cs1.47_0.34_0.31.zarr
[16:54:56.648182] ### 3D-OV-CROP ###
[16:54:56.648203] Cropping (431, 687, 684, 1) images into (80, 128, 128, 1) with overlapping (axis order: ZYXC). . .
[16:54:56.648212] Minimum overlap selected: (0, 0, 0)
[16:54:56.648219] Padding: (0, 0, 0)
[16:54:56.648238] Real overlapping (%): (0.1125, 0.125, 0.125)
[16:54:56.648247] Real overlapping (pixels): (9.0, 16.0, 16.0)
[16:54:56.648255] (6, 6, 6) patches per (z,y,x) axis
[16:54:56.648268] List of volume IDs to be processed by each GPU: [[0, 1, 2, 3, 4, 5]]
[16:54:56.648279] Positions of each volume in Z axis: {0: [0, 80], 1: [71, 151], 2: [142, 222], 3: [213, 293], 4: [284, 364], 5: [355, 431]}
[16:54:56.648288] Rank 0: Total number of patches: 216 - (6, 6, 6) patches per (z,y,x) axis (per GPU)
[16:54:57.910204] Reading Zarr/H5 file: fisbe/biapy-channel-scale-zarr/train/label/R38F04-20181005_63_G5_cs0.31_1.43_0.35.zarr
[16:54:57.915799] ### 3D-OV-CROP ###
[16:54:57.915817] Cropping (421, 687, 684, 1) images into (80, 128, 128, 1) with overlapping (axis order: ZYXC). . .
[16:54:57.915826] Minimum overlap selected: (0, 0, 0)
[16:54:57.915834] Padding: (0, 0, 0)
[16:54:57.915853] Real overlapping (%): (0.1375, 0.125, 0.125)
[16:54:57.915862] Real overlapping (pixels): (11.0, 16.0, 16.0)
[16:54:57.915870] (6, 6, 6) patches per (z,y,x) axis
[16:54:57.915886] List of volume IDs to be processed by each GPU: [[0, 1, 2, 3, 4, 5]]
[16:54:57.915897] Positions of each volume in Z axis: {0: [0, 80], 1: [69, 149], 2: [138, 218], 3: [207, 287], 4: [276, 356], 5: [345, 421]}
[16:54:57.915906] Rank 0: Total number of patches: 216 - (6, 6, 6) patches per (z,y,x) axis (per GPU)
[16:54:59.013351] Reading Zarr/H5 file: fisbe/biapy-channel-scale-zarr/train/label/R38F04-20181005_63_G5_cs1.41_1.45_0.34.zarr
[16:54:59.020569] ### 3D-OV-CROP ###
[16:54:59.020590] Cropping (421, 687, 684, 1) images into (80, 128, 128, 1) with overlapping (axis order: ZYXC). . .
[16:54:59.020599] Minimum overlap selected: (0, 0, 0)
[16:54:59.020607] Padding: (0, 0, 0)
[16:54:59.020627] Real overlapping (%): (0.1375, 0.125, 0.125)
[16:54:59.020637] Real overlapping (pixels): (11.0, 16.0, 16.0)
[16:54:59.020646] (6, 6, 6) patches per (z,y,x) axis
[16:54:59.020660] List of volume IDs to be processed by each GPU: [[0, 1, 2, 3, 4, 5]]
[16:54:59.020671] Positions of each volume in Z axis: {0: [0, 80], 1: [69, 149], 2: [138, 218], 3: [207, 287], 4: [276, 356], 5: [345, 421]}
[16:54:59.020679] Rank 0: Total number of patches: 216 - (6, 6, 6) patches per (z,y,x) axis (per GPU)
[16:54:59.966187] Reading Zarr/H5 file: fisbe/biapy-channel-scale-zarr/train/label/R38F04-20181005_63_G5_cs1.43_0.36_1.50.zarr
[16:54:59.973261] ### 3D-OV-CROP ###
[16:54:59.973280] Cropping (421, 687, 684, 1) images into (80, 128, 128, 1) with overlapping (axis order: ZYXC). . .
[16:54:59.973289] Minimum overlap selected: (0, 0, 0)
[16:54:59.973296] Padding: (0, 0, 0)
[16:54:59.973314] Real overlapping (%): (0.1375, 0.125, 0.125)
[16:54:59.973323] Real overlapping (pixels): (11.0, 16.0, 16.0)
[16:54:59.973331] (6, 6, 6) patches per (z,y,x) axis
[16:54:59.973344] List of volume IDs to be processed by each GPU: [[0, 1, 2, 3, 4, 5]]
[16:54:59.973354] Positions of each volume in Z axis: {0: [0, 80], 1: [69, 149], 2: [138, 218], 3: [207, 287], 4: [276, 356], 5: [345, 421]}
[16:54:59.973362] Rank 0: Total number of patches: 216 - (6, 6, 6) patches per (z,y,x) axis (per GPU)
[16:55:00.910618] Reading Zarr/H5 file: fisbe/biapy-channel-scale-zarr/train/label/R38F04-20181005_63_G5_cs1.48_0.26_0.36.zarr
[16:55:00.917626] ### 3D-OV-CROP ###
[16:55:00.917647] Cropping (421, 687, 684, 1) images into (80, 128, 128, 1) with overlapping (axis order: ZYXC). . .
[16:55:00.917656] Minimum overlap selected: (0, 0, 0)
[16:55:00.917664] Padding: (0, 0, 0)
[16:55:00.917686] Real overlapping (%): (0.1375, 0.125, 0.125)
[16:55:00.917695] Real overlapping (pixels): (11.0, 16.0, 16.0)
[16:55:00.917704] (6, 6, 6) patches per (z,y,x) axis
[16:55:00.917717] List of volume IDs to be processed by each GPU: [[0, 1, 2, 3, 4, 5]]
[16:55:00.917729] Positions of each volume in Z axis: {0: [0, 80], 1: [69, 149], 2: [138, 218], 3: [207, 287], 4: [276, 356], 5: [345, 421]}
[16:55:00.917738] Rank 0: Total number of patches: 216 - (6, 6, 6) patches per (z,y,x) axis (per GPU)
[16:55:01.816041] Reading Zarr/H5 file: fisbe/biapy-channel-scale-zarr/train/label/R38F04-20181005_63_H1_cs0.31_1.43_0.29.zarr
[16:55:01.822954] ### 3D-OV-CROP ###
[16:55:01.822973] Cropping (399, 687, 684, 1) images into (80, 128, 128, 1) with overlapping (axis order: ZYXC). . .
[16:55:01.822982] Minimum overlap selected: (0, 0, 0)
[16:55:01.822990] Padding: (0, 0, 0)
[16:55:01.823010] Real overlapping (%): (0.0, 0.125, 0.125)
[16:55:01.823019] Real overlapping (pixels): (0.0, 16.0, 16.0)
[16:55:01.823027] (5, 6, 6) patches per (z,y,x) axis
[16:55:01.823040] List of volume IDs to be processed by each GPU: [[0, 1, 2, 3, 4]]
[16:55:01.823051] Positions of each volume in Z axis: {0: [0, 80], 1: [80, 160], 2: [160, 240], 3: [240, 320], 4: [320, 399]}
[16:55:01.823059] Rank 0: Total number of patches: 180 - (5, 6, 6) patches per (z,y,x) axis (per GPU)
[16:55:02.982934] Reading Zarr/H5 file: fisbe/biapy-channel-scale-zarr/train/label/R38F04-20181005_63_H1_cs1.44_0.27_0.26.zarr
[16:55:02.988636] ### 3D-OV-CROP ###
[16:55:02.988653] Cropping (399, 687, 684, 1) images into (80, 128, 128, 1) with overlapping (axis order: ZYXC). . .
[16:55:02.988662] Minimum overlap selected: (0, 0, 0)
[16:55:02.988669] Padding: (0, 0, 0)
[16:55:02.988688] Real overlapping (%): (0.0, 0.125, 0.125)
[16:55:02.988696] Real overlapping (pixels): (0.0, 16.0, 16.0)
[16:55:02.988703] (5, 6, 6) patches per (z,y,x) axis
[16:55:02.988715] List of volume IDs to be processed by each GPU: [[0, 1, 2, 3, 4]]
[16:55:02.988725] Positions of each volume in Z axis: {0: [0, 80], 1: [80, 160], 2: [160, 240], 3: [240, 320], 4: [320, 399]}
[16:55:02.988732] Rank 0: Total number of patches: 180 - (5, 6, 6) patches per (z,y,x) axis (per GPU)
[16:55:04.256997] Reading Zarr/H5 file: fisbe/biapy-channel-scale-zarr/train/label/R38F04-20181005_63_H1_cs1.44_1.49_0.35.zarr
[16:55:04.268652] ### 3D-OV-CROP ###
[16:55:04.268669] Cropping (399, 687, 684, 1) images into (80, 128, 128, 1) with overlapping (axis order: ZYXC). . .
[16:55:04.268678] Minimum overlap selected: (0, 0, 0)
[16:55:04.268685] Padding: (0, 0, 0)
[16:55:04.268703] Real overlapping (%): (0.0, 0.125, 0.125)
[16:55:04.268712] Real overlapping (pixels): (0.0, 16.0, 16.0)
[16:55:04.268719] (5, 6, 6) patches per (z,y,x) axis
[16:55:04.268735] List of volume IDs to be processed by each GPU: [[0, 1, 2, 3, 4]]
[16:55:04.268746] Positions of each volume in Z axis: {0: [0, 80], 1: [80, 160], 2: [160, 240], 3: [240, 320], 4: [320, 399]}
[16:55:04.268754] Rank 0: Total number of patches: 180 - (5, 6, 6) patches per (z,y,x) axis (per GPU)
[16:55:05.794792] Reading Zarr/H5 file: fisbe/biapy-channel-scale-zarr/train/label/R38F04-20181005_63_H1_cs1.49_0.30_1.49.zarr
[16:55:05.800528] ### 3D-OV-CROP ###
[16:55:05.800550] Cropping (399, 687, 684, 1) images into (80, 128, 128, 1) with overlapping (axis order: ZYXC). . .
[16:55:05.800559] Minimum overlap selected: (0, 0, 0)
[16:55:05.800567] Padding: (0, 0, 0)
[16:55:05.800588] Real overlapping (%): (0.0, 0.125, 0.125)
[16:55:05.800598] Real overlapping (pixels): (0.0, 16.0, 16.0)
[16:55:05.800606] (5, 6, 6) patches per (z,y,x) axis
[16:55:05.800619] List of volume IDs to be processed by each GPU: [[0, 1, 2, 3, 4]]
[16:55:05.800631] Positions of each volume in Z axis: {0: [0, 80], 1: [80, 160], 2: [160, 240], 3: [240, 320], 4: [320, 399]}
[16:55:05.800640] Rank 0: Total number of patches: 180 - (5, 6, 6) patches per (z,y,x) axis (per GPU)
[16:55:07.195543] Reading Zarr/H5 file: fisbe/biapy-channel-scale-zarr/train/label/R53A10-20181019_64_A4_cs0.28_1.49_1.48.zarr
[16:55:07.200448] ### 3D-OV-CROP ###
[16:55:07.200467] Cropping (410, 683, 686, 1) images into (80, 128, 128, 1) with overlapping (axis order: ZYXC). . .
[16:55:07.200476] Minimum overlap selected: (0, 0, 0)
[16:55:07.200484] Padding: (0, 0, 0)
[16:55:07.200504] Real overlapping (%): (0.175, 0.1328125, 0.125)
[16:55:07.200514] Real overlapping (pixels): (14.0, 17.0, 16.0)
[16:55:07.200522] (6, 6, 6) patches per (z,y,x) axis
[16:55:07.200535] List of volume IDs to be processed by each GPU: [[0, 1, 2, 3, 4, 5]]
[16:55:07.200546] Positions of each volume in Z axis: {0: [0, 80], 1: [66, 146], 2: [132, 212], 3: [198, 278], 4: [264, 344], 5: [330, 410]}
[16:55:07.200555] Rank 0: Total number of patches: 216 - (6, 6, 6) patches per (z,y,x) axis (per GPU)
[16:55:07.907094] Reading Zarr/H5 file: fisbe/biapy-channel-scale-zarr/train/label/R53A10-20181019_64_A4_cs0.30_1.40_0.34.zarr
[16:55:07.912562] ### 3D-OV-CROP ###
[16:55:07.912579] Cropping (410, 683, 686, 1) images into (80, 128, 128, 1) with overlapping (axis order: ZYXC). . .
[16:55:07.912588] Minimum overlap selected: (0, 0, 0)
[16:55:07.912596] Padding: (0, 0, 0)
[16:55:07.912617] Real overlapping (%): (0.175, 0.1328125, 0.125)
[16:55:07.912628] Real overlapping (pixels): (14.0, 17.0, 16.0)
[16:55:07.912635] (6, 6, 6) patches per (z,y,x) axis
[16:55:07.912649] List of volume IDs to be processed by each GPU: [[0, 1, 2, 3, 4, 5]]
[16:55:07.912660] Positions of each volume in Z axis: {0: [0, 80], 1: [66, 146], 2: [132, 212], 3: [198, 278], 4: [264, 344], 5: [330, 410]}
[16:55:07.912669] Rank 0: Total number of patches: 216 - (6, 6, 6) patches per (z,y,x) axis (per GPU)
[16:55:08.686210] Reading Zarr/H5 file: fisbe/biapy-channel-scale-zarr/train/label/R53A10-20181019_64_A4_cs1.41_0.28_1.43.zarr
[16:55:08.691529] ### 3D-OV-CROP ###
[16:55:08.691549] Cropping (410, 683, 686, 1) images into (80, 128, 128, 1) with overlapping (axis order: ZYXC). . .
[16:55:08.691557] Minimum overlap selected: (0, 0, 0)
[16:55:08.691565] Padding: (0, 0, 0)
[16:55:08.691584] Real overlapping (%): (0.175, 0.1328125, 0.125)
[16:55:08.691594] Real overlapping (pixels): (14.0, 17.0, 16.0)
[16:55:08.691602] (6, 6, 6) patches per (z,y,x) axis
[16:55:08.691617] List of volume IDs to be processed by each GPU: [[0, 1, 2, 3, 4, 5]]
[16:55:08.691628] Positions of each volume in Z axis: {0: [0, 80], 1: [66, 146], 2: [132, 212], 3: [198, 278], 4: [264, 344], 5: [330, 410]}
[16:55:08.691638] Rank 0: Total number of patches: 216 - (6, 6, 6) patches per (z,y,x) axis (per GPU)
[16:55:09.452459] Reading Zarr/H5 file: fisbe/biapy-channel-scale-zarr/train/label/R53A10-20181019_64_A4_cs1.41_1.40_0.32.zarr
[16:55:09.459519] ### 3D-OV-CROP ###
[16:55:09.459538] Cropping (410, 683, 686, 1) images into (80, 128, 128, 1) with overlapping (axis order: ZYXC). . .
[16:55:09.459552] Minimum overlap selected: (0, 0, 0)
[16:55:09.459560] Padding: (0, 0, 0)
[16:55:09.459580] Real overlapping (%): (0.175, 0.1328125, 0.125)
[16:55:09.459589] Real overlapping (pixels): (14.0, 17.0, 16.0)
[16:55:09.459597] (6, 6, 6) patches per (z,y,x) axis
[16:55:09.459610] List of volume IDs to be processed by each GPU: [[0, 1, 2, 3, 4, 5]]
[16:55:09.459621] Positions of each volume in Z axis: {0: [0, 80], 1: [66, 146], 2: [132, 212], 3: [198, 278], 4: [264, 344], 5: [330, 410]}
[16:55:09.459630] Rank 0: Total number of patches: 216 - (6, 6, 6) patches per (z,y,x) axis (per GPU)
[16:55:10.201053] Reading Zarr/H5 file: fisbe/biapy-channel-scale-zarr/train/label/R75E01-20181030_64_D1_cs0.36_0.36_0.35.zarr
[16:55:10.207145] ### 3D-OV-CROP ###
[16:55:10.207162] Cropping (401, 685, 685, 1) images into (80, 128, 128, 1) with overlapping (axis order: ZYXC). . .
[16:55:10.207171] Minimum overlap selected: (0, 0, 0)
[16:55:10.207179] Padding: (0, 0, 0)
[16:55:10.207198] Real overlapping (%): (0.1875, 0.125, 0.125)
[16:55:10.207207] Real overlapping (pixels): (15.0, 16.0, 16.0)
[16:55:10.207215] (6, 6, 6) patches per (z,y,x) axis
[16:55:10.207228] List of volume IDs to be processed by each GPU: [[0, 1, 2, 3, 4, 5]]
[16:55:10.207238] Positions of each volume in Z axis: {0: [0, 80], 1: [65, 145], 2: [130, 210], 3: [195, 275], 4: [260, 340], 5: [325, 401]}
[16:55:10.207247] Rank 0: Total number of patches: 216 - (6, 6, 6) patches per (z,y,x) axis (per GPU)
[16:55:10.998498] Reading Zarr/H5 file: fisbe/biapy-channel-scale-zarr/train/label/R75E01-20181030_64_D1_cs0.36_1.43_1.48.zarr
[16:55:11.004850] ### 3D-OV-CROP ###
[16:55:11.004869] Cropping (401, 685, 685, 1) images into (80, 128, 128, 1) with overlapping (axis order: ZYXC). . .
[16:55:11.004885] Minimum overlap selected: (0, 0, 0)
[16:55:11.004893] Padding: (0, 0, 0)
[16:55:11.004913] Real overlapping (%): (0.1875, 0.125, 0.125)
[16:55:11.004925] Real overlapping (pixels): (15.0, 16.0, 16.0)
[16:55:11.004933] (6, 6, 6) patches per (z,y,x) axis
[16:55:11.004947] List of volume IDs to be processed by each GPU: [[0, 1, 2, 3, 4, 5]]
[16:55:11.004958] Positions of each volume in Z axis: {0: [0, 80], 1: [65, 145], 2: [130, 210], 3: [195, 275], 4: [260, 340], 5: [325, 401]}
[16:55:11.004968] Rank 0: Total number of patches: 216 - (6, 6, 6) patches per (z,y,x) axis (per GPU)
[16:55:11.748809] Reading Zarr/H5 file: fisbe/biapy-channel-scale-zarr/train/label/R75E01-20181030_64_D1_cs1.44_0.37_1.48.zarr
[16:55:11.755801] ### 3D-OV-CROP ###
[16:55:11.755820] Cropping (401, 685, 685, 1) images into (80, 128, 128, 1) with overlapping (axis order: ZYXC). . .
[16:55:11.755830] Minimum overlap selected: (0, 0, 0)
[16:55:11.755838] Padding: (0, 0, 0)
[16:55:11.755858] Real overlapping (%): (0.1875, 0.125, 0.125)
[16:55:11.755867] Real overlapping (pixels): (15.0, 16.0, 16.0)
[16:55:11.755876] (6, 6, 6) patches per (z,y,x) axis
[16:55:11.755894] List of volume IDs to be processed by each GPU: [[0, 1, 2, 3, 4, 5]]
[16:55:11.755905] Positions of each volume in Z axis: {0: [0, 80], 1: [65, 145], 2: [130, 210], 3: [195, 275], 4: [260, 340], 5: [325, 401]}
[16:55:11.755914] Rank 0: Total number of patches: 216 - (6, 6, 6) patches per (z,y,x) axis (per GPU)
[16:55:12.581048] Reading Zarr/H5 file: fisbe/biapy-channel-scale-zarr/train/label/R75E01-20181030_64_D1_cs1.45_1.50_0.30.zarr
[16:55:12.589405] ### 3D-OV-CROP ###
[16:55:12.589425] Cropping (401, 685, 685, 1) images into (80, 128, 128, 1) with overlapping (axis order: ZYXC). . .
[16:55:12.589439] Minimum overlap selected: (0, 0, 0)
[16:55:12.589448] Padding: (0, 0, 0)
[16:55:12.589467] Real overlapping (%): (0.1875, 0.125, 0.125)
[16:55:12.589477] Real overlapping (pixels): (15.0, 16.0, 16.0)
[16:55:12.589485] (6, 6, 6) patches per (z,y,x) axis
[16:55:12.589499] List of volume IDs to be processed by each GPU: [[0, 1, 2, 3, 4, 5]]
[16:55:12.589510] Positions of each volume in Z axis: {0: [0, 80], 1: [65, 145], 2: [130, 210], 3: [195, 275], 4: [260, 340], 5: [325, 401]}
[16:55:12.589519] Rank 0: Total number of patches: 216 - (6, 6, 6) patches per (z,y,x) axis (per GPU)
[16:55:13.409636] Reading Zarr/H5 file: fisbe/biapy-channel-scale-zarr/train/label/VT008647-20171222_63_D1_cs0.35_0.37_0.26.zarr
[16:55:13.423821] ### 3D-OV-CROP ###
[16:55:13.423842] Cropping (417, 685, 685, 1) images into (80, 128, 128, 1) with overlapping (axis order: ZYXC). . .
[16:55:13.423851] Minimum overlap selected: (0, 0, 0)
[16:55:13.423858] Padding: (0, 0, 0)
[16:55:13.423884] Real overlapping (%): (0.15, 0.125, 0.125)
[16:55:13.423894] Real overlapping (pixels): (12.0, 16.0, 16.0)
[16:55:13.423902] (6, 6, 6) patches per (z,y,x) axis
[16:55:13.423915] List of volume IDs to be processed by each GPU: [[0, 1, 2, 3, 4, 5]]
[16:55:13.423927] Positions of each volume in Z axis: {0: [0, 80], 1: [68, 148], 2: [136, 216], 3: [204, 284], 4: [272, 352], 5: [340, 417]}
[16:55:13.423937] Rank 0: Total number of patches: 216 - (6, 6, 6) patches per (z,y,x) axis (per GPU)
[16:55:14.779531] Reading Zarr/H5 file: fisbe/biapy-channel-scale-zarr/train/label/VT008647-20171222_63_D1_cs0.36_1.49_0.25.zarr
[16:55:14.784050] ### 3D-OV-CROP ###
[16:55:14.784069] Cropping (417, 685, 685, 1) images into (80, 128, 128, 1) with overlapping (axis order: ZYXC). . .
[16:55:14.784077] Minimum overlap selected: (0, 0, 0)
[16:55:14.784085] Padding: (0, 0, 0)
[16:55:14.784106] Real overlapping (%): (0.15, 0.125, 0.125)
[16:55:14.784116] Real overlapping (pixels): (12.0, 16.0, 16.0)
[16:55:14.784125] (6, 6, 6) patches per (z,y,x) axis
[16:55:14.784138] List of volume IDs to be processed by each GPU: [[0, 1, 2, 3, 4, 5]]
[16:55:14.784149] Positions of each volume in Z axis: {0: [0, 80], 1: [68, 148], 2: [136, 216], 3: [204, 284], 4: [272, 352], 5: [340, 417]}
[16:55:14.784159] Rank 0: Total number of patches: 216 - (6, 6, 6) patches per (z,y,x) axis (per GPU)
[16:55:16.095807] Reading Zarr/H5 file: fisbe/biapy-channel-scale-zarr/train/label/VT008647-20171222_63_D1_cs0.37_0.36_1.49.zarr
[16:55:16.101688] ### 3D-OV-CROP ###
[16:55:16.101707] Cropping (417, 685, 685, 1) images into (80, 128, 128, 1) with overlapping (axis order: ZYXC). . .
[16:55:16.101715] Minimum overlap selected: (0, 0, 0)
[16:55:16.101723] Padding: (0, 0, 0)
[16:55:16.101742] Real overlapping (%): (0.15, 0.125, 0.125)
[16:55:16.101751] Real overlapping (pixels): (12.0, 16.0, 16.0)
[16:55:16.101758] (6, 6, 6) patches per (z,y,x) axis
[16:55:16.101771] List of volume IDs to be processed by each GPU: [[0, 1, 2, 3, 4, 5]]
[16:55:16.101782] Positions of each volume in Z axis: {0: [0, 80], 1: [68, 148], 2: [136, 216], 3: [204, 284], 4: [272, 352], 5: [340, 417]}
[16:55:16.101790] Rank 0: Total number of patches: 216 - (6, 6, 6) patches per (z,y,x) axis (per GPU)
[16:55:17.363561] Reading Zarr/H5 file: fisbe/biapy-channel-scale-zarr/train/label/VT008647-20171222_63_D1_cs1.46_1.45_1.39.zarr
[16:55:17.370016] ### 3D-OV-CROP ###
[16:55:17.370034] Cropping (417, 685, 685, 1) images into (80, 128, 128, 1) with overlapping (axis order: ZYXC). . .
[16:55:17.370042] Minimum overlap selected: (0, 0, 0)
[16:55:17.370049] Padding: (0, 0, 0)
[16:55:17.370070] Real overlapping (%): (0.15, 0.125, 0.125)
[16:55:17.370079] Real overlapping (pixels): (12.0, 16.0, 16.0)
[16:55:17.370087] (6, 6, 6) patches per (z,y,x) axis
[16:55:17.370100] List of volume IDs to be processed by each GPU: [[0, 1, 2, 3, 4, 5]]
[16:55:17.370110] Positions of each volume in Z axis: {0: [0, 80], 1: [68, 148], 2: [136, 216], 3: [204, 284], 4: [272, 352], 5: [340, 417]}
[16:55:17.370119] Rank 0: Total number of patches: 216 - (6, 6, 6) patches per (z,y,x) axis (per GPU)
[16:55:18.650172] Reading Zarr/H5 file: fisbe/biapy-channel-scale-zarr/train/label/VT008647-20171222_63_D2_cs0.37_1.40_1.43.zarr
[16:55:18.655659] ### 3D-OV-CROP ###
[16:55:18.655678] Cropping (412, 685, 685, 1) images into (80, 128, 128, 1) with overlapping (axis order: ZYXC). . .
[16:55:18.655688] Minimum overlap selected: (0, 0, 0)
[16:55:18.655696] Padding: (0, 0, 0)
[16:55:18.655716] Real overlapping (%): (0.1625, 0.125, 0.125)
[16:55:18.655727] Real overlapping (pixels): (13.0, 16.0, 16.0)
[16:55:18.655741] (6, 6, 6) patches per (z,y,x) axis
[16:55:18.655755] List of volume IDs to be processed by each GPU: [[0, 1, 2, 3, 4, 5]]
[16:55:18.655767] Positions of each volume in Z axis: {0: [0, 80], 1: [67, 147], 2: [134, 214], 3: [201, 281], 4: [268, 348], 5: [335, 412]}
[16:55:18.655776] Rank 0: Total number of patches: 216 - (6, 6, 6) patches per (z,y,x) axis (per GPU)
[16:55:19.769621] Reading Zarr/H5 file: fisbe/biapy-channel-scale-zarr/train/label/VT008647-20171222_63_D2_cs1.39_0.28_0.32.zarr
[16:55:19.774884] ### 3D-OV-CROP ###
[16:55:19.774903] Cropping (412, 685, 685, 1) images into (80, 128, 128, 1) with overlapping (axis order: ZYXC). . .
[16:55:19.774911] Minimum overlap selected: (0, 0, 0)
[16:55:19.774919] Padding: (0, 0, 0)
[16:55:19.774937] Real overlapping (%): (0.1625, 0.125, 0.125)
[16:55:19.774946] Real overlapping (pixels): (13.0, 16.0, 16.0)
[16:55:19.774954] (6, 6, 6) patches per (z,y,x) axis
[16:55:19.774967] List of volume IDs to be processed by each GPU: [[0, 1, 2, 3, 4, 5]]
[16:55:19.774977] Positions of each volume in Z axis: {0: [0, 80], 1: [67, 147], 2: [134, 214], 3: [201, 281], 4: [268, 348], 5: [335, 412]}
[16:55:19.774986] Rank 0: Total number of patches: 216 - (6, 6, 6) patches per (z,y,x) axis (per GPU)
[16:55:20.954399] Reading Zarr/H5 file: fisbe/biapy-channel-scale-zarr/train/label/VT008647-20171222_63_D2_cs1.39_1.42_1.41.zarr
[16:55:20.960045] ### 3D-OV-CROP ###
[16:55:20.960066] Cropping (412, 685, 685, 1) images into (80, 128, 128, 1) with overlapping (axis order: ZYXC). . .
[16:55:20.960075] Minimum overlap selected: (0, 0, 0)
[16:55:20.960083] Padding: (0, 0, 0)
[16:55:20.960103] Real overlapping (%): (0.1625, 0.125, 0.125)
[16:55:20.960112] Real overlapping (pixels): (13.0, 16.0, 16.0)
[16:55:20.960120] (6, 6, 6) patches per (z,y,x) axis
[16:55:20.960134] List of volume IDs to be processed by each GPU: [[0, 1, 2, 3, 4, 5]]
[16:55:20.960145] Positions of each volume in Z axis: {0: [0, 80], 1: [67, 147], 2: [134, 214], 3: [201, 281], 4: [268, 348], 5: [335, 412]}
[16:55:20.960154] Rank 0: Total number of patches: 216 - (6, 6, 6) patches per (z,y,x) axis (per GPU)
[16:55:22.402136] Reading Zarr/H5 file: fisbe/biapy-channel-scale-zarr/train/label/VT008647-20171222_63_D2_cs1.39_1.45_0.29.zarr
[16:55:22.409791] ### 3D-OV-CROP ###
[16:55:22.409810] Cropping (412, 685, 685, 1) images into (80, 128, 128, 1) with overlapping (axis order: ZYXC). . .
[16:55:22.409819] Minimum overlap selected: (0, 0, 0)
[16:55:22.409828] Padding: (0, 0, 0)
[16:55:22.409848] Real overlapping (%): (0.1625, 0.125, 0.125)
[16:55:22.409859] Real overlapping (pixels): (13.0, 16.0, 16.0)
[16:55:22.409867] (6, 6, 6) patches per (z,y,x) axis
[16:55:22.409886] List of volume IDs to be processed by each GPU: [[0, 1, 2, 3, 4, 5]]
[16:55:22.409898] Positions of each volume in Z axis: {0: [0, 80], 1: [67, 147], 2: [134, 214], 3: [201, 281], 4: [268, 348], 5: [335, 412]}
[16:55:22.409907] Rank 0: Total number of patches: 216 - (6, 6, 6) patches per (z,y,x) axis (per GPU)
[16:55:23.594085] Reading Zarr/H5 file: fisbe/biapy-channel-scale-zarr/train/label/VT008647-20171222_63_E1_cs0.28_0.31_0.36.zarr
[16:55:23.601156] ### 3D-OV-CROP ###
[16:55:23.601175] Cropping (416, 685, 685, 1) images into (80, 128, 128, 1) with overlapping (axis order: ZYXC). . .
[16:55:23.601185] Minimum overlap selected: (0, 0, 0)
[16:55:23.601194] Padding: (0, 0, 0)
[16:55:23.601215] Real overlapping (%): (0.15, 0.125, 0.125)
[16:55:23.601225] Real overlapping (pixels): (12.0, 16.0, 16.0)
[16:55:23.601233] (6, 6, 6) patches per (z,y,x) axis
[16:55:23.601247] List of volume IDs to be processed by each GPU: [[0, 1, 2, 3, 4, 5]]
[16:55:23.601259] Positions of each volume in Z axis: {0: [0, 80], 1: [68, 148], 2: [136, 216], 3: [204, 284], 4: [272, 352], 5: [340, 416]}
[16:55:23.601269] Rank 0: Total number of patches: 216 - (6, 6, 6) patches per (z,y,x) axis (per GPU)
[16:55:24.865136] Reading Zarr/H5 file: fisbe/biapy-channel-scale-zarr/train/label/VT008647-20171222_63_E1_cs0.31_1.50_1.42.zarr
[16:55:24.875104] ### 3D-OV-CROP ###
[16:55:24.875127] Cropping (416, 685, 685, 1) images into (80, 128, 128, 1) with overlapping (axis order: ZYXC). . .
[16:55:24.875136] Minimum overlap selected: (0, 0, 0)
[16:55:24.875144] Padding: (0, 0, 0)
[16:55:24.875165] Real overlapping (%): (0.15, 0.125, 0.125)
[16:55:24.875174] Real overlapping (pixels): (12.0, 16.0, 16.0)
[16:55:24.875182] (6, 6, 6) patches per (z,y,x) axis
[16:55:24.875196] List of volume IDs to be processed by each GPU: [[0, 1, 2, 3, 4, 5]]
[16:55:24.875208] Positions of each volume in Z axis: {0: [0, 80], 1: [68, 148], 2: [136, 216], 3: [204, 284], 4: [272, 352], 5: [340, 416]}
[16:55:24.875217] Rank 0: Total number of patches: 216 - (6, 6, 6) patches per (z,y,x) axis (per GPU)
[16:55:26.249138] Reading Zarr/H5 file: fisbe/biapy-channel-scale-zarr/train/label/VT008647-20171222_63_E1_cs0.36_0.33_1.47.zarr
[16:55:26.255556] ### 3D-OV-CROP ###
[16:55:26.255575] Cropping (416, 685, 685, 1) images into (80, 128, 128, 1) with overlapping (axis order: ZYXC). . .
[16:55:26.255584] Minimum overlap selected: (0, 0, 0)
[16:55:26.255592] Padding: (0, 0, 0)
[16:55:26.255612] Real overlapping (%): (0.15, 0.125, 0.125)
[16:55:26.255622] Real overlapping (pixels): (12.0, 16.0, 16.0)
[16:55:26.255636] (6, 6, 6) patches per (z,y,x) axis
[16:55:26.255650] List of volume IDs to be processed by each GPU: [[0, 1, 2, 3, 4, 5]]
[16:55:26.255661] Positions of each volume in Z axis: {0: [0, 80], 1: [68, 148], 2: [136, 216], 3: [204, 284], 4: [272, 352], 5: [340, 416]}
[16:55:26.255670] Rank 0: Total number of patches: 216 - (6, 6, 6) patches per (z,y,x) axis (per GPU)
[16:55:27.766211] Reading Zarr/H5 file: fisbe/biapy-channel-scale-zarr/train/label/VT008647-20171222_63_E1_cs1.39_1.43_0.25.zarr
[16:55:27.774449] ### 3D-OV-CROP ###
[16:55:27.774467] Cropping (416, 685, 685, 1) images into (80, 128, 128, 1) with overlapping (axis order: ZYXC). . .
[16:55:27.774477] Minimum overlap selected: (0, 0, 0)
[16:55:27.774484] Padding: (0, 0, 0)
[16:55:27.774504] Real overlapping (%): (0.15, 0.125, 0.125)
[16:55:27.774514] Real overlapping (pixels): (12.0, 16.0, 16.0)
[16:55:27.774522] (6, 6, 6) patches per (z,y,x) axis
[16:55:27.774536] List of volume IDs to be processed by each GPU: [[0, 1, 2, 3, 4, 5]]
[16:55:27.774548] Positions of each volume in Z axis: {0: [0, 80], 1: [68, 148], 2: [136, 216], 3: [204, 284], 4: [272, 352], 5: [340, 416]}
[16:55:27.774557] Rank 0: Total number of patches: 216 - (6, 6, 6) patches per (z,y,x) axis (per GPU)
[16:55:29.180832] Reading Zarr/H5 file: fisbe/biapy-channel-scale-zarr/train/label/VT019303-20171013_65_B6_cs0.25_1.42_1.42.zarr
[16:55:29.187235] ### 3D-OV-CROP ###
[16:55:29.187259] Cropping (362, 685, 686, 1) images into (80, 128, 128, 1) with overlapping (axis order: ZYXC). . .
[16:55:29.187269] Minimum overlap selected: (0, 0, 0)
[16:55:29.187277] Padding: (0, 0, 0)
[16:55:29.187297] Real overlapping (%): (0.1125, 0.125, 0.125)
[16:55:29.187307] Real overlapping (pixels): (9.0, 16.0, 16.0)
[16:55:29.187315] (5, 6, 6) patches per (z,y,x) axis
[16:55:29.187328] List of volume IDs to be processed by each GPU: [[0, 1, 2, 3, 4]]
[16:55:29.187340] Positions of each volume in Z axis: {0: [0, 80], 1: [71, 151], 2: [142, 222], 3: [213, 293], 4: [284, 362]}
[16:55:29.187350] Rank 0: Total number of patches: 180 - (5, 6, 6) patches per (z,y,x) axis (per GPU)
[16:55:29.968530] Reading Zarr/H5 file: fisbe/biapy-channel-scale-zarr/train/label/VT019303-20171013_65_B6_cs0.26_0.31_1.44.zarr
[16:55:29.978035] ### 3D-OV-CROP ###
[16:55:29.978054] Cropping (362, 685, 686, 1) images into (80, 128, 128, 1) with overlapping (axis order: ZYXC). . .
[16:55:29.978068] Minimum overlap selected: (0, 0, 0)
[16:55:29.978076] Padding: (0, 0, 0)
[16:55:29.978097] Real overlapping (%): (0.1125, 0.125, 0.125)
[16:55:29.978106] Real overlapping (pixels): (9.0, 16.0, 16.0)
[16:55:29.978114] (5, 6, 6) patches per (z,y,x) axis
[16:55:29.978127] List of volume IDs to be processed by each GPU: [[0, 1, 2, 3, 4]]
[16:55:29.978139] Positions of each volume in Z axis: {0: [0, 80], 1: [71, 151], 2: [142, 222], 3: [213, 293], 4: [284, 362]}
[16:55:29.978150] Rank 0: Total number of patches: 180 - (5, 6, 6) patches per (z,y,x) axis (per GPU)
[16:55:30.697839] Reading Zarr/H5 file: fisbe/biapy-channel-scale-zarr/train/label/VT019303-20171013_65_B6_cs1.40_0.32_0.30.zarr
[16:55:30.704357] ### 3D-OV-CROP ###
[16:55:30.704376] Cropping (362, 685, 686, 1) images into (80, 128, 128, 1) with overlapping (axis order: ZYXC). . .
[16:55:30.704385] Minimum overlap selected: (0, 0, 0)
[16:55:30.704393] Padding: (0, 0, 0)
[16:55:30.704413] Real overlapping (%): (0.1125, 0.125, 0.125)
[16:55:30.704422] Real overlapping (pixels): (9.0, 16.0, 16.0)
[16:55:30.704430] (5, 6, 6) patches per (z,y,x) axis
[16:55:30.704443] List of volume IDs to be processed by each GPU: [[0, 1, 2, 3, 4]]
[16:55:30.704454] Positions of each volume in Z axis: {0: [0, 80], 1: [71, 151], 2: [142, 222], 3: [213, 293], 4: [284, 362]}
[16:55:30.704462] Rank 0: Total number of patches: 180 - (5, 6, 6) patches per (z,y,x) axis (per GPU)
[16:55:31.427268] Reading Zarr/H5 file: fisbe/biapy-channel-scale-zarr/train/label/VT019303-20171013_65_B6_cs1.47_0.34_1.39.zarr
[16:55:31.434543] ### 3D-OV-CROP ###
[16:55:31.434561] Cropping (362, 685, 686, 1) images into (80, 128, 128, 1) with overlapping (axis order: ZYXC). . .
[16:55:31.434569] Minimum overlap selected: (0, 0, 0)
[16:55:31.434577] Padding: (0, 0, 0)
[16:55:31.434596] Real overlapping (%): (0.1125, 0.125, 0.125)
[16:55:31.434604] Real overlapping (pixels): (9.0, 16.0, 16.0)
[16:55:31.434612] (5, 6, 6) patches per (z,y,x) axis
[16:55:31.434624] List of volume IDs to be processed by each GPU: [[0, 1, 2, 3, 4]]
[16:55:31.434634] Positions of each volume in Z axis: {0: [0, 80], 1: [71, 151], 2: [142, 222], 3: [213, 293], 4: [284, 362]}
[16:55:31.434642] Rank 0: Total number of patches: 180 - (5, 6, 6) patches per (z,y,x) axis (per GPU)
[16:55:32.134998] Reading Zarr/H5 file: fisbe/biapy-channel-scale-zarr/train/label/VT019307-20171013_65_F1_cs0.31_1.38_1.48.zarr
[16:55:32.142299] ### 3D-OV-CROP ###
[16:55:32.142317] Cropping (408, 685, 686, 1) images into (80, 128, 128, 1) with overlapping (axis order: ZYXC). . .
[16:55:32.142326] Minimum overlap selected: (0, 0, 0)
[16:55:32.142333] Padding: (0, 0, 0)
[16:55:32.142351] Real overlapping (%): (0.175, 0.125, 0.125)
[16:55:32.142360] Real overlapping (pixels): (14.0, 16.0, 16.0)
[16:55:32.142368] (6, 6, 6) patches per (z,y,x) axis
[16:55:32.142381] List of volume IDs to be processed by each GPU: [[0, 1, 2, 3, 4, 5]]
[16:55:32.142392] Positions of each volume in Z axis: {0: [0, 80], 1: [66, 146], 2: [132, 212], 3: [198, 278], 4: [264, 344], 5: [330, 408]}
[16:55:32.142405] Rank 0: Total number of patches: 216 - (6, 6, 6) patches per (z,y,x) axis (per GPU)
[16:55:33.257961] Reading Zarr/H5 file: fisbe/biapy-channel-scale-zarr/train/label/VT019307-20171013_65_F1_cs0.37_0.37_1.49.zarr
[16:55:33.267445] ### 3D-OV-CROP ###
[16:55:33.267462] Cropping (408, 685, 686, 1) images into (80, 128, 128, 1) with overlapping (axis order: ZYXC). . .
[16:55:33.267472] Minimum overlap selected: (0, 0, 0)
[16:55:33.267480] Padding: (0, 0, 0)
[16:55:33.267498] Real overlapping (%): (0.175, 0.125, 0.125)
[16:55:33.267507] Real overlapping (pixels): (14.0, 16.0, 16.0)
[16:55:33.267514] (6, 6, 6) patches per (z,y,x) axis
[16:55:33.267527] List of volume IDs to be processed by each GPU: [[0, 1, 2, 3, 4, 5]]
[16:55:33.267538] Positions of each volume in Z axis: {0: [0, 80], 1: [66, 146], 2: [132, 212], 3: [198, 278], 4: [264, 344], 5: [330, 408]}
[16:55:33.267547] Rank 0: Total number of patches: 216 - (6, 6, 6) patches per (z,y,x) axis (per GPU)
[16:55:34.415012] Reading Zarr/H5 file: fisbe/biapy-channel-scale-zarr/train/label/VT019307-20171013_65_F1_cs1.41_0.35_0.30.zarr
[16:55:34.422380] ### 3D-OV-CROP ###
[16:55:34.422399] Cropping (408, 685, 686, 1) images into (80, 128, 128, 1) with overlapping (axis order: ZYXC). . .
[16:55:34.422408] Minimum overlap selected: (0, 0, 0)
[16:55:34.422415] Padding: (0, 0, 0)
[16:55:34.422434] Real overlapping (%): (0.175, 0.125, 0.125)
[16:55:34.422443] Real overlapping (pixels): (14.0, 16.0, 16.0)
[16:55:34.422456] (6, 6, 6) patches per (z,y,x) axis
[16:55:34.422469] List of volume IDs to be processed by each GPU: [[0, 1, 2, 3, 4, 5]]
[16:55:34.422479] Positions of each volume in Z axis: {0: [0, 80], 1: [66, 146], 2: [132, 212], 3: [198, 278], 4: [264, 344], 5: [330, 408]}
[16:55:34.422488] Rank 0: Total number of patches: 216 - (6, 6, 6) patches per (z,y,x) axis (per GPU)
[16:55:35.530504] Reading Zarr/H5 file: fisbe/biapy-channel-scale-zarr/train/label/VT019307-20171013_65_F1_cs1.43_1.41_1.42.zarr
[16:55:35.538467] ### 3D-OV-CROP ###
[16:55:35.538483] Cropping (408, 685, 686, 1) images into (80, 128, 128, 1) with overlapping (axis order: ZYXC). . .
[16:55:35.538492] Minimum overlap selected: (0, 0, 0)
[16:55:35.538499] Padding: (0, 0, 0)
[16:55:35.538517] Real overlapping (%): (0.175, 0.125, 0.125)
[16:55:35.538526] Real overlapping (pixels): (14.0, 16.0, 16.0)
[16:55:35.538533] (6, 6, 6) patches per (z,y,x) axis
[16:55:35.538545] List of volume IDs to be processed by each GPU: [[0, 1, 2, 3, 4, 5]]
[16:55:35.538559] Positions of each volume in Z axis: {0: [0, 80], 1: [66, 146], 2: [132, 212], 3: [198, 278], 4: [264, 344], 5: [330, 408]}
[16:55:35.538567] Rank 0: Total number of patches: 216 - (6, 6, 6) patches per (z,y,x) axis (per GPU)
[16:55:36.652286] Reading Zarr/H5 file: fisbe/biapy-channel-scale-zarr/train/label/VT033051-20171128_61_E2_cs0.29_0.36_0.31.zarr
[16:55:36.657906] ### 3D-OV-CROP ###
[16:55:36.657924] Cropping (345, 683, 686, 1) images into (80, 128, 128, 1) with overlapping (axis order: ZYXC). . .
[16:55:36.657932] Minimum overlap selected: (0, 0, 0)
[16:55:36.657939] Padding: (0, 0, 0)
[16:55:36.657957] Real overlapping (%): (0.1625, 0.1328125, 0.125)
[16:55:36.657965] Real overlapping (pixels): (13.0, 17.0, 16.0)
[16:55:36.657972] (5, 6, 6) patches per (z,y,x) axis
[16:55:36.657984] List of volume IDs to be processed by each GPU: [[0, 1, 2, 3, 4]]
[16:55:36.657994] Positions of each volume in Z axis: {0: [0, 80], 1: [67, 147], 2: [134, 214], 3: [201, 281], 4: [268, 345]}
[16:55:36.658002] Rank 0: Total number of patches: 180 - (5, 6, 6) patches per (z,y,x) axis (per GPU)
[16:55:37.526691] Reading Zarr/H5 file: fisbe/biapy-channel-scale-zarr/train/label/VT033051-20171128_61_E2_cs0.30_0.31_1.49.zarr
[16:55:37.532956] ### 3D-OV-CROP ###
[16:55:37.532973] Cropping (345, 683, 686, 1) images into (80, 128, 128, 1) with overlapping (axis order: ZYXC). . .
[16:55:37.532982] Minimum overlap selected: (0, 0, 0)
[16:55:37.532990] Padding: (0, 0, 0)
[16:55:37.533008] Real overlapping (%): (0.1625, 0.1328125, 0.125)
[16:55:37.533017] Real overlapping (pixels): (13.0, 17.0, 16.0)
[16:55:37.533025] (5, 6, 6) patches per (z,y,x) axis
[16:55:37.533038] List of volume IDs to be processed by each GPU: [[0, 1, 2, 3, 4]]
[16:55:37.533048] Positions of each volume in Z axis: {0: [0, 80], 1: [67, 147], 2: [134, 214], 3: [201, 281], 4: [268, 345]}
[16:55:37.533056] Rank 0: Total number of patches: 180 - (5, 6, 6) patches per (z,y,x) axis (per GPU)
[16:55:38.433599] Reading Zarr/H5 file: fisbe/biapy-channel-scale-zarr/train/label/VT033051-20171128_61_E2_cs1.44_1.38_1.47.zarr
[16:55:38.439876] ### 3D-OV-CROP ###
[16:55:38.439897] Cropping (345, 683, 686, 1) images into (80, 128, 128, 1) with overlapping (axis order: ZYXC). . .
[16:55:38.439905] Minimum overlap selected: (0, 0, 0)
[16:55:38.439912] Padding: (0, 0, 0)
[16:55:38.439930] Real overlapping (%): (0.1625, 0.1328125, 0.125)
[16:55:38.439938] Real overlapping (pixels): (13.0, 17.0, 16.0)
[16:55:38.439945] (5, 6, 6) patches per (z,y,x) axis
[16:55:38.439957] List of volume IDs to be processed by each GPU: [[0, 1, 2, 3, 4]]
[16:55:38.439966] Positions of each volume in Z axis: {0: [0, 80], 1: [67, 147], 2: [134, 214], 3: [201, 281], 4: [268, 345]}
[16:55:38.439980] Rank 0: Total number of patches: 180 - (5, 6, 6) patches per (z,y,x) axis (per GPU)
[16:55:39.302362] Reading Zarr/H5 file: fisbe/biapy-channel-scale-zarr/train/label/VT033051-20171128_61_E2_cs1.46_1.41_0.30.zarr
[16:55:39.309136] ### 3D-OV-CROP ###
[16:55:39.309156] Cropping (345, 683, 686, 1) images into (80, 128, 128, 1) with overlapping (axis order: ZYXC). . .
[16:55:39.309169] Minimum overlap selected: (0, 0, 0)
[16:55:39.309177] Padding: (0, 0, 0)
[16:55:39.309196] Real overlapping (%): (0.1625, 0.1328125, 0.125)
[16:55:39.309206] Real overlapping (pixels): (13.0, 17.0, 16.0)
[16:55:39.309214] (5, 6, 6) patches per (z,y,x) axis
[16:55:39.309226] List of volume IDs to be processed by each GPU: [[0, 1, 2, 3, 4]]
[16:55:39.309237] Positions of each volume in Z axis: {0: [0, 80], 1: [67, 147], 2: [134, 214], 3: [201, 281], 4: [268, 345]}
[16:55:39.309246] Rank 0: Total number of patches: 180 - (5, 6, 6) patches per (z,y,x) axis (per GPU)
[16:55:40.377402] Reading Zarr/H5 file: fisbe/biapy-channel-scale-zarr/train/label/VT033051-20171128_61_E4_cs0.31_0.33_0.34.zarr
[16:55:40.384494] ### 3D-OV-CROP ###
[16:55:40.384513] Cropping (379, 683, 686, 1) images into (80, 128, 128, 1) with overlapping (axis order: ZYXC). . .
[16:55:40.384522] Minimum overlap selected: (0, 0, 0)
[16:55:40.384531] Padding: (0, 0, 0)
[16:55:40.384551] Real overlapping (%): (0.0625, 0.1328125, 0.125)
[16:55:40.384561] Real overlapping (pixels): (5.0, 17.0, 16.0)
[16:55:40.384569] (5, 6, 6) patches per (z,y,x) axis
[16:55:40.384582] List of volume IDs to be processed by each GPU: [[0, 1, 2, 3, 4]]
[16:55:40.384593] Positions of each volume in Z axis: {0: [0, 80], 1: [75, 155], 2: [150, 230], 3: [225, 305], 4: [300, 379]}
[16:55:40.384602] Rank 0: Total number of patches: 180 - (5, 6, 6) patches per (z,y,x) axis (per GPU)
[16:55:41.062729] Reading Zarr/H5 file: fisbe/biapy-channel-scale-zarr/train/label/VT033051-20171128_61_E4_cs1.38_1.50_0.30.zarr
[16:55:41.067930] ### 3D-OV-CROP ###
[16:55:41.067949] Cropping (379, 683, 686, 1) images into (80, 128, 128, 1) with overlapping (axis order: ZYXC). . .
[16:55:41.067958] Minimum overlap selected: (0, 0, 0)
[16:55:41.067966] Padding: (0, 0, 0)
[16:55:41.067986] Real overlapping (%): (0.0625, 0.1328125, 0.125)
[16:55:41.067995] Real overlapping (pixels): (5.0, 17.0, 16.0)
[16:55:41.068002] (5, 6, 6) patches per (z,y,x) axis
[16:55:41.068015] List of volume IDs to be processed by each GPU: [[0, 1, 2, 3, 4]]
[16:55:41.068026] Positions of each volume in Z axis: {0: [0, 80], 1: [75, 155], 2: [150, 230], 3: [225, 305], 4: [300, 379]}
[16:55:41.068034] Rank 0: Total number of patches: 180 - (5, 6, 6) patches per (z,y,x) axis (per GPU)
[16:55:41.769433] Reading Zarr/H5 file: fisbe/biapy-channel-scale-zarr/train/label/VT033051-20171128_61_E4_cs1.41_0.35_0.35.zarr
[16:55:41.775233] ### 3D-OV-CROP ###
[16:55:41.775252] Cropping (379, 683, 686, 1) images into (80, 128, 128, 1) with overlapping (axis order: ZYXC). . .
[16:55:41.775261] Minimum overlap selected: (0, 0, 0)
[16:55:41.775270] Padding: (0, 0, 0)
[16:55:41.775289] Real overlapping (%): (0.0625, 0.1328125, 0.125)
[16:55:41.775298] Real overlapping (pixels): (5.0, 17.0, 16.0)
[16:55:41.775306] (5, 6, 6) patches per (z,y,x) axis
[16:55:41.775319] List of volume IDs to be processed by each GPU: [[0, 1, 2, 3, 4]]
[16:55:41.775329] Positions of each volume in Z axis: {0: [0, 80], 1: [75, 155], 2: [150, 230], 3: [225, 305], 4: [300, 379]}
[16:55:41.775337] Rank 0: Total number of patches: 180 - (5, 6, 6) patches per (z,y,x) axis (per GPU)
[16:55:42.457043] Reading Zarr/H5 file: fisbe/biapy-channel-scale-zarr/train/label/VT033051-20171128_61_E4_cs1.41_1.40_1.38.zarr
[16:55:42.464428] ### 3D-OV-CROP ###
[16:55:42.464447] Cropping (379, 683, 686, 1) images into (80, 128, 128, 1) with overlapping (axis order: ZYXC). . .
[16:55:42.464456] Minimum overlap selected: (0, 0, 0)
[16:55:42.464464] Padding: (0, 0, 0)
[16:55:42.464485] Real overlapping (%): (0.0625, 0.1328125, 0.125)
[16:55:42.464495] Real overlapping (pixels): (5.0, 17.0, 16.0)
[16:55:42.464503] (5, 6, 6) patches per (z,y,x) axis
[16:55:42.464516] List of volume IDs to be processed by each GPU: [[0, 1, 2, 3, 4]]
[16:55:42.464527] Positions of each volume in Z axis: {0: [0, 80], 1: [75, 155], 2: [150, 230], 3: [225, 305], 4: [300, 379]}
[16:55:42.464536] Rank 0: Total number of patches: 180 - (5, 6, 6) patches per (z,y,x) axis (per GPU)
[16:55:43.256636] Reading Zarr/H5 file: fisbe/biapy-channel-scale-zarr/train/label/VT040433-20170919_63_D6_cs0.27_1.46_0.36.zarr
[16:55:43.264088] ### 3D-OV-CROP ###
[16:55:43.264106] Cropping (372, 683, 686, 1) images into (80, 128, 128, 1) with overlapping (axis order: ZYXC). . .
[16:55:43.264115] Minimum overlap selected: (0, 0, 0)
[16:55:43.264121] Padding: (0, 0, 0)
[16:55:43.264139] Real overlapping (%): (0.0875, 0.1328125, 0.125)
[16:55:43.264149] Real overlapping (pixels): (7.0, 17.0, 16.0)
[16:55:43.264157] (5, 6, 6) patches per (z,y,x) axis
[16:55:43.264169] List of volume IDs to be processed by each GPU: [[0, 1, 2, 3, 4]]
[16:55:43.264179] Positions of each volume in Z axis: {0: [0, 80], 1: [73, 153], 2: [146, 226], 3: [219, 299], 4: [292, 372]}
[16:55:43.264187] Rank 0: Total number of patches: 180 - (5, 6, 6) patches per (z,y,x) axis (per GPU)
[16:55:44.420133] Reading Zarr/H5 file: fisbe/biapy-channel-scale-zarr/train/label/VT040433-20170919_63_D6_cs1.39_0.31_0.29.zarr
[16:55:44.426109] ### 3D-OV-CROP ###
[16:55:44.426133] Cropping (372, 683, 686, 1) images into (80, 128, 128, 1) with overlapping (axis order: ZYXC). . .
[16:55:44.426142] Minimum overlap selected: (0, 0, 0)
[16:55:44.426150] Padding: (0, 0, 0)
[16:55:44.426169] Real overlapping (%): (0.0875, 0.1328125, 0.125)
[16:55:44.426179] Real overlapping (pixels): (7.0, 17.0, 16.0)
[16:55:44.426187] (5, 6, 6) patches per (z,y,x) axis
[16:55:44.426199] List of volume IDs to be processed by each GPU: [[0, 1, 2, 3, 4]]
[16:55:44.426211] Positions of each volume in Z axis: {0: [0, 80], 1: [73, 153], 2: [146, 226], 3: [219, 299], 4: [292, 372]}
[16:55:44.426219] Rank 0: Total number of patches: 180 - (5, 6, 6) patches per (z,y,x) axis (per GPU)
[16:55:45.679942] Reading Zarr/H5 file: fisbe/biapy-channel-scale-zarr/train/label/VT040433-20170919_63_D6_cs1.41_1.45_0.29.zarr
[16:55:45.686531] ### 3D-OV-CROP ###
[16:55:45.686548] Cropping (372, 683, 686, 1) images into (80, 128, 128, 1) with overlapping (axis order: ZYXC). . .
[16:55:45.686557] Minimum overlap selected: (0, 0, 0)
[16:55:45.686564] Padding: (0, 0, 0)
[16:55:45.686583] Real overlapping (%): (0.0875, 0.1328125, 0.125)
[16:55:45.686591] Real overlapping (pixels): (7.0, 17.0, 16.0)
[16:55:45.686598] (5, 6, 6) patches per (z,y,x) axis
[16:55:45.686611] List of volume IDs to be processed by each GPU: [[0, 1, 2, 3, 4]]
[16:55:45.686621] Positions of each volume in Z axis: {0: [0, 80], 1: [73, 153], 2: [146, 226], 3: [219, 299], 4: [292, 372]}
[16:55:45.686630] Rank 0: Total number of patches: 180 - (5, 6, 6) patches per (z,y,x) axis (per GPU)
[16:55:46.888613] Reading Zarr/H5 file: fisbe/biapy-channel-scale-zarr/train/label/VT040433-20170919_63_D6_cs1.47_1.44_1.41.zarr
[16:55:46.895829] ### 3D-OV-CROP ###
[16:55:46.895847] Cropping (372, 683, 686, 1) images into (80, 128, 128, 1) with overlapping (axis order: ZYXC). . .
[16:55:46.895855] Minimum overlap selected: (0, 0, 0)
[16:55:46.895862] Padding: (0, 0, 0)
[16:55:46.895887] Real overlapping (%): (0.0875, 0.1328125, 0.125)
[16:55:46.895896] Real overlapping (pixels): (7.0, 17.0, 16.0)
[16:55:46.895904] (5, 6, 6) patches per (z,y,x) axis
[16:55:46.895916] List of volume IDs to be processed by each GPU: [[0, 1, 2, 3, 4]]
[16:55:46.895926] Positions of each volume in Z axis: {0: [0, 80], 1: [73, 153], 2: [146, 226], 3: [219, 299], 4: [292, 372]}
[16:55:46.895934] Rank 0: Total number of patches: 180 - (5, 6, 6) patches per (z,y,x) axis (per GPU)
[16:55:48.368289] Reading Zarr/H5 file: fisbe/biapy-channel-scale-zarr/train/label/VT047848-20171020_66_I2_cs0.35_1.46_1.42.zarr
[16:55:48.374083] ### 3D-OV-CROP ###
[16:55:48.374102] Cropping (388, 889, 863, 1) images into (80, 128, 128, 1) with overlapping (axis order: ZYXC). . .
[16:55:48.374111] Minimum overlap selected: (0, 0, 0)
[16:55:48.374118] Padding: (0, 0, 0)
[16:55:48.374136] Real overlapping (%): (0.0375, 0.0078125, 0.0390625)
[16:55:48.374145] Real overlapping (pixels): (3.0, 1.0, 5.0)
[16:55:48.374153] (5, 7, 7) patches per (z,y,x) axis
[16:55:48.374165] List of volume IDs to be processed by each GPU: [[0, 1, 2, 3, 4]]
[16:55:48.374179] Positions of each volume in Z axis: {0: [0, 80], 1: [77, 157], 2: [154, 234], 3: [231, 311], 4: [308, 388]}
[16:55:48.374187] Rank 0: Total number of patches: 245 - (5, 7, 7) patches per (z,y,x) axis (per GPU)
[16:55:49.446242] Reading Zarr/H5 file: fisbe/biapy-channel-scale-zarr/train/label/VT047848-20171020_66_I2_cs1.38_0.33_0.36.zarr
[16:55:49.451898] ### 3D-OV-CROP ###
[16:55:49.451916] Cropping (388, 889, 863, 1) images into (80, 128, 128, 1) with overlapping (axis order: ZYXC). . .
[16:55:49.451924] Minimum overlap selected: (0, 0, 0)
[16:55:49.451931] Padding: (0, 0, 0)
[16:55:49.451949] Real overlapping (%): (0.0375, 0.0078125, 0.0390625)
[16:55:49.451958] Real overlapping (pixels): (3.0, 1.0, 5.0)
[16:55:49.451965] (5, 7, 7) patches per (z,y,x) axis
[16:55:49.451978] List of volume IDs to be processed by each GPU: [[0, 1, 2, 3, 4]]
[16:55:49.451988] Positions of each volume in Z axis: {0: [0, 80], 1: [77, 157], 2: [154, 234], 3: [231, 311], 4: [308, 388]}
[16:55:49.451997] Rank 0: Total number of patches: 245 - (5, 7, 7) patches per (z,y,x) axis (per GPU)
[16:55:50.485062] Reading Zarr/H5 file: fisbe/biapy-channel-scale-zarr/train/label/VT047848-20171020_66_I2_cs1.43_1.48_1.38.zarr
[16:55:50.490543] ### 3D-OV-CROP ###
[16:55:50.490562] Cropping (388, 889, 863, 1) images into (80, 128, 128, 1) with overlapping (axis order: ZYXC). . .
[16:55:50.490571] Minimum overlap selected: (0, 0, 0)
[16:55:50.490579] Padding: (0, 0, 0)
[16:55:50.490600] Real overlapping (%): (0.0375, 0.0078125, 0.0390625)
[16:55:50.490611] Real overlapping (pixels): (3.0, 1.0, 5.0)
[16:55:50.490619] (5, 7, 7) patches per (z,y,x) axis
[16:55:50.490632] List of volume IDs to be processed by each GPU: [[0, 1, 2, 3, 4]]
[16:55:50.490643] Positions of each volume in Z axis: {0: [0, 80], 1: [77, 157], 2: [154, 234], 3: [231, 311], 4: [308, 388]}
[16:55:50.490652] Rank 0: Total number of patches: 245 - (5, 7, 7) patches per (z,y,x) axis (per GPU)
[16:55:51.586562] Reading Zarr/H5 file: fisbe/biapy-channel-scale-zarr/train/label/VT047848-20171020_66_I2_cs1.48_0.29_1.48.zarr
[16:55:51.595354] ### 3D-OV-CROP ###
[16:55:51.595377] Cropping (388, 889, 863, 1) images into (80, 128, 128, 1) with overlapping (axis order: ZYXC). . .
[16:55:51.595388] Minimum overlap selected: (0, 0, 0)
[16:55:51.595398] Padding: (0, 0, 0)
[16:55:51.595420] Real overlapping (%): (0.0375, 0.0078125, 0.0390625)
[16:55:51.595431] Real overlapping (pixels): (3.0, 1.0, 5.0)
[16:55:51.595441] (5, 7, 7) patches per (z,y,x) axis
[16:55:51.595456] List of volume IDs to be processed by each GPU: [[0, 1, 2, 3, 4]]
[16:55:51.595467] Positions of each volume in Z axis: {0: [0, 80], 1: [77, 157], 2: [154, 234], 3: [231, 311], 4: [308, 388]}
[16:55:51.595476] Rank 0: Total number of patches: 245 - (5, 7, 7) patches per (z,y,x) axis (per GPU)
[16:55:52.706931] Reading Zarr/H5 file: fisbe/biapy-channel-scale-zarr/train/label/VT047848-20171020_66_I3_cs0.36_1.48_0.27.zarr
[16:55:52.713925] ### 3D-OV-CROP ###
[16:55:52.713943] Cropping (390, 1058, 907, 1) images into (80, 128, 128, 1) with overlapping (axis order: ZYXC). . .
[16:55:52.713952] Minimum overlap selected: (0, 0, 0)
[16:55:52.713960] Padding: (0, 0, 0)
[16:55:52.713979] Real overlapping (%): (0.025, 0.0859375, 0.125)
[16:55:52.713989] Real overlapping (pixels): (2.0, 11.0, 16.0)
[16:55:52.713997] (5, 8, 9) patches per (z,y,x) axis
[16:55:52.714010] List of volume IDs to be processed by each GPU: [[0, 1, 2, 3, 4]]
[16:55:52.714021] Positions of each volume in Z axis: {0: [0, 80], 1: [78, 158], 2: [156, 236], 3: [234, 314], 4: [312, 390]}
[16:55:52.714030] Rank 0: Total number of patches: 360 - (5, 8, 9) patches per (z,y,x) axis (per GPU)
[16:55:54.593295] Reading Zarr/H5 file: fisbe/biapy-channel-scale-zarr/train/label/VT047848-20171020_66_I3_cs1.40_0.32_0.31.zarr
[16:55:54.600705] ### 3D-OV-CROP ###
[16:55:54.600724] Cropping (390, 1058, 907, 1) images into (80, 128, 128, 1) with overlapping (axis order: ZYXC). . .
[16:55:54.600733] Minimum overlap selected: (0, 0, 0)
[16:55:54.600745] Padding: (0, 0, 0)
[16:55:54.600766] Real overlapping (%): (0.025, 0.0859375, 0.125)
[16:55:54.600775] Real overlapping (pixels): (2.0, 11.0, 16.0)
[16:55:54.600783] (5, 8, 9) patches per (z,y,x) axis
[16:55:54.600797] List of volume IDs to be processed by each GPU: [[0, 1, 2, 3, 4]]
[16:55:54.600807] Positions of each volume in Z axis: {0: [0, 80], 1: [78, 158], 2: [156, 236], 3: [234, 314], 4: [312, 390]}
[16:55:54.600816] Rank 0: Total number of patches: 360 - (5, 8, 9) patches per (z,y,x) axis (per GPU)
[16:55:56.489981] Reading Zarr/H5 file: fisbe/biapy-channel-scale-zarr/train/label/VT047848-20171020_66_I3_cs1.41_1.38_1.48.zarr
[16:55:56.497803] ### 3D-OV-CROP ###
[16:55:56.497824] Cropping (390, 1058, 907, 1) images into (80, 128, 128, 1) with overlapping (axis order: ZYXC). . .
[16:55:56.497834] Minimum overlap selected: (0, 0, 0)
[16:55:56.497843] Padding: (0, 0, 0)
[16:55:56.497863] Real overlapping (%): (0.025, 0.0859375, 0.125)
[16:55:56.497873] Real overlapping (pixels): (2.0, 11.0, 16.0)
[16:55:56.497887] (5, 8, 9) patches per (z,y,x) axis
[16:55:56.497901] List of volume IDs to be processed by each GPU: [[0, 1, 2, 3, 4]]
[16:55:56.497912] Positions of each volume in Z axis: {0: [0, 80], 1: [78, 158], 2: [156, 236], 3: [234, 314], 4: [312, 390]}
[16:55:56.497921] Rank 0: Total number of patches: 360 - (5, 8, 9) patches per (z,y,x) axis (per GPU)
[16:55:58.389859] Reading Zarr/H5 file: fisbe/biapy-channel-scale-zarr/train/label/VT047848-20171020_66_I3_cs1.47_1.46_0.29.zarr
[16:55:58.397461] ### 3D-OV-CROP ###
[16:55:58.397481] Cropping (390, 1058, 907, 1) images into (80, 128, 128, 1) with overlapping (axis order: ZYXC). . .
[16:55:58.397490] Minimum overlap selected: (0, 0, 0)
[16:55:58.397497] Padding: (0, 0, 0)
[16:55:58.397517] Real overlapping (%): (0.025, 0.0859375, 0.125)
[16:55:58.397526] Real overlapping (pixels): (2.0, 11.0, 16.0)
[16:55:58.397534] (5, 8, 9) patches per (z,y,x) axis
[16:55:58.397547] List of volume IDs to be processed by each GPU: [[0, 1, 2, 3, 4]]
[16:55:58.397558] Positions of each volume in Z axis: {0: [0, 80], 1: [78, 158], 2: [156, 236], 3: [234, 314], 4: [312, 390]}
[16:55:58.397567] Rank 0: Total number of patches: 360 - (5, 8, 9) patches per (z,y,x) axis (per GPU)
[16:56:00.270108] Reading Zarr/H5 file: fisbe/biapy-channel-scale-zarr/train/label/VT047848-20171020_66_I5_cs0.35_0.34_0.34.zarr
[16:56:00.277163] ### 3D-OV-CROP ###
[16:56:00.277181] Cropping (401, 982, 895, 1) images into (80, 128, 128, 1) with overlapping (axis order: ZYXC). . .
[16:56:00.277190] Minimum overlap selected: (0, 0, 0)
[16:56:00.277198] Padding: (0, 0, 0)
[16:56:00.277219] Real overlapping (%): (0.1875, 0.046875, 0.0)
[16:56:00.277228] Real overlapping (pixels): (15.0, 6.0, 0.0)
[16:56:00.277237] (6, 7, 8) patches per (z,y,x) axis
[16:56:00.277251] List of volume IDs to be processed by each GPU: [[0, 1, 2, 3, 4, 5]]
[16:56:00.277263] Positions of each volume in Z axis: {0: [0, 80], 1: [65, 145], 2: [130, 210], 3: [195, 275], 4: [260, 340], 5: [325, 401]}
[16:56:00.277271] Rank 0: Total number of patches: 336 - (6, 7, 8) patches per (z,y,x) axis (per GPU)
[16:56:02.407632] Reading Zarr/H5 file: fisbe/biapy-channel-scale-zarr/train/label/VT047848-20171020_66_I5_cs0.36_1.43_1.42.zarr
[16:56:02.415321] ### 3D-OV-CROP ###
[16:56:02.415341] Cropping (401, 982, 895, 1) images into (80, 128, 128, 1) with overlapping (axis order: ZYXC). . .
[16:56:02.415350] Minimum overlap selected: (0, 0, 0)
[16:56:02.415358] Padding: (0, 0, 0)
[16:56:02.415377] Real overlapping (%): (0.1875, 0.046875, 0.0)
[16:56:02.415385] Real overlapping (pixels): (15.0, 6.0, 0.0)
[16:56:02.415393] (6, 7, 8) patches per (z,y,x) axis
[16:56:02.415406] List of volume IDs to be processed by each GPU: [[0, 1, 2, 3, 4, 5]]
[16:56:02.415417] Positions of each volume in Z axis: {0: [0, 80], 1: [65, 145], 2: [130, 210], 3: [195, 275], 4: [260, 340], 5: [325, 401]}
[16:56:02.415426] Rank 0: Total number of patches: 336 - (6, 7, 8) patches per (z,y,x) axis (per GPU)
[16:56:04.458009] Reading Zarr/H5 file: fisbe/biapy-channel-scale-zarr/train/label/VT047848-20171020_66_I5_cs1.39_1.46_1.48.zarr
[16:56:04.466423] ### 3D-OV-CROP ###
[16:56:04.466444] Cropping (401, 982, 895, 1) images into (80, 128, 128, 1) with overlapping (axis order: ZYXC). . .
[16:56:04.466454] Minimum overlap selected: (0, 0, 0)
[16:56:04.466462] Padding: (0, 0, 0)
[16:56:04.466481] Real overlapping (%): (0.1875, 0.046875, 0.0)
[16:56:04.466491] Real overlapping (pixels): (15.0, 6.0, 0.0)
[16:56:04.466499] (6, 7, 8) patches per (z,y,x) axis
[16:56:04.466512] List of volume IDs to be processed by each GPU: [[0, 1, 2, 3, 4, 5]]
[16:56:04.466527] Positions of each volume in Z axis: {0: [0, 80], 1: [65, 145], 2: [130, 210], 3: [195, 275], 4: [260, 340], 5: [325, 401]}
[16:56:04.466536] Rank 0: Total number of patches: 336 - (6, 7, 8) patches per (z,y,x) axis (per GPU)
[16:56:06.539178] Reading Zarr/H5 file: fisbe/biapy-channel-scale-zarr/train/label/VT047848-20171020_66_I5_cs1.47_0.35_0.25.zarr
[16:56:06.544711] ### 3D-OV-CROP ###
[16:56:06.544731] Cropping (401, 982, 895, 1) images into (80, 128, 128, 1) with overlapping (axis order: ZYXC). . .
[16:56:06.544741] Minimum overlap selected: (0, 0, 0)
[16:56:06.544749] Padding: (0, 0, 0)
[16:56:06.544768] Real overlapping (%): (0.1875, 0.046875, 0.0)
[16:56:06.544778] Real overlapping (pixels): (15.0, 6.0, 0.0)
[16:56:06.544786] (6, 7, 8) patches per (z,y,x) axis
[16:56:06.544799] List of volume IDs to be processed by each GPU: [[0, 1, 2, 3, 4, 5]]
[16:56:06.544810] Positions of each volume in Z axis: {0: [0, 80], 1: [65, 145], 2: [130, 210], 3: [195, 275], 4: [260, 340], 5: [325, 401]}
[16:56:06.544819] Rank 0: Total number of patches: 336 - (6, 7, 8) patches per (z,y,x) axis (per GPU)
[16:56:09.073342] Reading Zarr/H5 file: fisbe/biapy-channel-scale-zarr/train/label/VT047848-20171020_66_J2_cs0.26_0.26_0.28.zarr
[16:56:09.083100] ### 3D-OV-CROP ###
[16:56:09.083121] Cropping (404, 934, 911, 1) images into (80, 128, 128, 1) with overlapping (axis order: ZYXC). . .
[16:56:09.083131] Minimum overlap selected: (0, 0, 0)
[16:56:09.083139] Padding: (0, 0, 0)
[16:56:09.083160] Real overlapping (%): (0.1875, 0.09375, 0.125)
[16:56:09.083169] Real overlapping (pixels): (15.0, 12.0, 16.0)
[16:56:09.083177] (6, 8, 8) patches per (z,y,x) axis
[16:56:09.083191] List of volume IDs to be processed by each GPU: [[0, 1, 2, 3, 4, 5]]
[16:56:09.083201] Positions of each volume in Z axis: {0: [0, 80], 1: [65, 145], 2: [130, 210], 3: [195, 275], 4: [260, 340], 5: [325, 404]}
[16:56:09.083210] Rank 0: Total number of patches: 384 - (6, 8, 8) patches per (z,y,x) axis (per GPU)
[16:56:11.193307] Reading Zarr/H5 file: fisbe/biapy-channel-scale-zarr/train/label/VT047848-20171020_66_J2_cs0.33_1.47_0.35.zarr
[16:56:11.198439] ### 3D-OV-CROP ###
[16:56:11.198459] Cropping (404, 934, 911, 1) images into (80, 128, 128, 1) with overlapping (axis order: ZYXC). . .
[16:56:11.198468] Minimum overlap selected: (0, 0, 0)
[16:56:11.198477] Padding: (0, 0, 0)
[16:56:11.198496] Real overlapping (%): (0.1875, 0.09375, 0.125)
[16:56:11.198506] Real overlapping (pixels): (15.0, 12.0, 16.0)
[16:56:11.198513] (6, 8, 8) patches per (z,y,x) axis
[16:56:11.198527] List of volume IDs to be processed by each GPU: [[0, 1, 2, 3, 4, 5]]
[16:56:11.198538] Positions of each volume in Z axis: {0: [0, 80], 1: [65, 145], 2: [130, 210], 3: [195, 275], 4: [260, 340], 5: [325, 404]}
[16:56:11.198546] Rank 0: Total number of patches: 384 - (6, 8, 8) patches per (z,y,x) axis (per GPU)
[16:56:13.392600] Reading Zarr/H5 file: fisbe/biapy-channel-scale-zarr/train/label/VT047848-20171020_66_J2_cs1.42_1.42_1.44.zarr
[16:56:13.399070] ### 3D-OV-CROP ###
[16:56:13.399090] Cropping (404, 934, 911, 1) images into (80, 128, 128, 1) with overlapping (axis order: ZYXC). . .
[16:56:13.399099] Minimum overlap selected: (0, 0, 0)
[16:56:13.399107] Padding: (0, 0, 0)
[16:56:13.399128] Real overlapping (%): (0.1875, 0.09375, 0.125)
[16:56:13.399137] Real overlapping (pixels): (15.0, 12.0, 16.0)
[16:56:13.399145] (6, 8, 8) patches per (z,y,x) axis
[16:56:13.399159] List of volume IDs to be processed by each GPU: [[0, 1, 2, 3, 4, 5]]
[16:56:13.399175] Positions of each volume in Z axis: {0: [0, 80], 1: [65, 145], 2: [130, 210], 3: [195, 275], 4: [260, 340], 5: [325, 404]}
[16:56:13.399184] Rank 0: Total number of patches: 384 - (6, 8, 8) patches per (z,y,x) axis (per GPU)
[16:56:15.610856] Reading Zarr/H5 file: fisbe/biapy-channel-scale-zarr/train/label/VT047848-20171020_66_J2_cs1.48_1.49_0.35.zarr
[16:56:15.617616] ### 3D-OV-CROP ###
[16:56:15.617636] Cropping (404, 934, 911, 1) images into (80, 128, 128, 1) with overlapping (axis order: ZYXC). . .
[16:56:15.617645] Minimum overlap selected: (0, 0, 0)
[16:56:15.617653] Padding: (0, 0, 0)
[16:56:15.617673] Real overlapping (%): (0.1875, 0.09375, 0.125)
[16:56:15.617683] Real overlapping (pixels): (15.0, 12.0, 16.0)
[16:56:15.617690] (6, 8, 8) patches per (z,y,x) axis
[16:56:15.617705] List of volume IDs to be processed by each GPU: [[0, 1, 2, 3, 4, 5]]
[16:56:15.617716] Positions of each volume in Z axis: {0: [0, 80], 1: [65, 145], 2: [130, 210], 3: [195, 275], 4: [260, 340], 5: [325, 404]}
[16:56:15.617725] Rank 0: Total number of patches: 384 - (6, 8, 8) patches per (z,y,x) axis (per GPU)
[16:56:17.628514] Reading Zarr/H5 file: fisbe/biapy-channel-scale-zarr/train/label/VT061467-20180911_62_E5_cs0.29_0.26_1.42.zarr
[16:56:17.633801] ### 3D-OV-CROP ###
[16:56:17.633820] Cropping (423, 687, 684, 1) images into (80, 128, 128, 1) with overlapping (axis order: ZYXC). . .
[16:56:17.633830] Minimum overlap selected: (0, 0, 0)
[16:56:17.633837] Padding: (0, 0, 0)
[16:56:17.633858] Real overlapping (%): (0.1375, 0.125, 0.125)
[16:56:17.633866] Real overlapping (pixels): (11.0, 16.0, 16.0)
[16:56:17.633874] (6, 6, 6) patches per (z,y,x) axis
[16:56:17.633894] List of volume IDs to be processed by each GPU: [[0, 1, 2, 3, 4, 5]]
[16:56:17.633905] Positions of each volume in Z axis: {0: [0, 80], 1: [69, 149], 2: [138, 218], 3: [207, 287], 4: [276, 356], 5: [345, 423]}
[16:56:17.633914] Rank 0: Total number of patches: 216 - (6, 6, 6) patches per (z,y,x) axis (per GPU)
[16:56:18.618531] Reading Zarr/H5 file: fisbe/biapy-channel-scale-zarr/train/label/VT061467-20180911_62_E5_cs0.32_0.32_0.37.zarr
[16:56:18.628222] ### 3D-OV-CROP ###
[16:56:18.628242] Cropping (423, 687, 684, 1) images into (80, 128, 128, 1) with overlapping (axis order: ZYXC). . .
[16:56:18.628252] Minimum overlap selected: (0, 0, 0)
[16:56:18.628261] Padding: (0, 0, 0)
[16:56:18.628282] Real overlapping (%): (0.1375, 0.125, 0.125)
[16:56:18.628292] Real overlapping (pixels): (11.0, 16.0, 16.0)
[16:56:18.628300] (6, 6, 6) patches per (z,y,x) axis
[16:56:18.628314] List of volume IDs to be processed by each GPU: [[0, 1, 2, 3, 4, 5]]
[16:56:18.628325] Positions of each volume in Z axis: {0: [0, 80], 1: [69, 149], 2: [138, 218], 3: [207, 287], 4: [276, 356], 5: [345, 423]}
[16:56:18.628339] Rank 0: Total number of patches: 216 - (6, 6, 6) patches per (z,y,x) axis (per GPU)
[16:56:19.582747] Reading Zarr/H5 file: fisbe/biapy-channel-scale-zarr/train/label/VT061467-20180911_62_E5_cs1.38_0.37_1.38.zarr
[16:56:19.588437] ### 3D-OV-CROP ###
[16:56:19.588457] Cropping (423, 687, 684, 1) images into (80, 128, 128, 1) with overlapping (axis order: ZYXC). . .
[16:56:19.588467] Minimum overlap selected: (0, 0, 0)
[16:56:19.588475] Padding: (0, 0, 0)
[16:56:19.588497] Real overlapping (%): (0.1375, 0.125, 0.125)
[16:56:19.588506] Real overlapping (pixels): (11.0, 16.0, 16.0)
[16:56:19.588514] (6, 6, 6) patches per (z,y,x) axis
[16:56:19.588528] List of volume IDs to be processed by each GPU: [[0, 1, 2, 3, 4, 5]]
[16:56:19.588540] Positions of each volume in Z axis: {0: [0, 80], 1: [69, 149], 2: [138, 218], 3: [207, 287], 4: [276, 356], 5: [345, 423]}
[16:56:19.588549] Rank 0: Total number of patches: 216 - (6, 6, 6) patches per (z,y,x) axis (per GPU)
[16:56:20.553229] Reading Zarr/H5 file: fisbe/biapy-channel-scale-zarr/train/label/VT061467-20180911_62_E5_cs1.49_0.26_0.31.zarr
[16:56:20.560550] ### 3D-OV-CROP ###
[16:56:20.560569] Cropping (423, 687, 684, 1) images into (80, 128, 128, 1) with overlapping (axis order: ZYXC). . .
[16:56:20.560584] Minimum overlap selected: (0, 0, 0)
[16:56:20.560593] Padding: (0, 0, 0)
[16:56:20.560615] Real overlapping (%): (0.1375, 0.125, 0.125)
[16:56:20.560625] Real overlapping (pixels): (11.0, 16.0, 16.0)
[16:56:20.560633] (6, 6, 6) patches per (z,y,x) axis
[16:56:20.560649] List of volume IDs to be processed by each GPU: [[0, 1, 2, 3, 4, 5]]
[16:56:20.560661] Positions of each volume in Z axis: {0: [0, 80], 1: [69, 149], 2: [138, 218], 3: [207, 287], 4: [276, 356], 5: [345, 423]}
[16:56:20.560670] Rank 0: Total number of patches: 216 - (6, 6, 6) patches per (z,y,x) axis (per GPU)
[16:56:21.520016] Creating Y_train channels . . .
[17:26:13.708085] You select to create ['F', 'Dn'] channels from given instance labels and no file is detected in fisbe/biapy-no-aug-zarr/val/label_F.erosion-0.dilation-0_Dn.closing_size-3.norm-True.mask_values-False.decline_power-3 . So let's prepare the data. This process will be done just once!
[17:26:13.711179] Working with Zarr files . . .
[17:26:13.711210] Reading Zarr/H5 file: fisbe/biapy-no-aug-zarr/val/label/R22C03-20180918_66_J2.zarr
[17:26:13.717743] ### 3D-OV-CROP ###
[17:26:13.717759] Cropping (399, 683, 686, 1) images into (80, 128, 128, 1) with overlapping (axis order: ZYXC). . .
[17:26:13.717767] Minimum overlap selected: (0, 0, 0)
[17:26:13.717773] Padding: (0, 0, 0)
[17:26:13.717797] Real overlapping (%): (0.0, 0.1328125, 0.125)
[17:26:13.717805] Real overlapping (pixels): (0.0, 17.0, 16.0)
[17:26:13.717813] (5, 6, 6) patches per (z,y,x) axis
[17:26:13.717824] List of volume IDs to be processed by each GPU: [[0, 1, 2, 3, 4]]
[17:26:13.717834] Positions of each volume in Z axis: {0: [0, 80], 1: [80, 160], 2: [160, 240], 3: [240, 320], 4: [320, 399]}
[17:26:13.717841] Rank 0: Total number of patches: 180 - (5, 6, 6) patches per (z,y,x) axis (per GPU)
[17:26:14.356333] Reading Zarr/H5 file: fisbe/biapy-no-aug-zarr/val/label/VT012403-20171128_61_B2.zarr
[17:26:14.361803] ### 3D-OV-CROP ###
[17:26:14.361819] Cropping (369, 683, 686, 1) images into (80, 128, 128, 1) with overlapping (axis order: ZYXC). . .
[17:26:14.361827] Minimum overlap selected: (0, 0, 0)
[17:26:14.361834] Padding: (0, 0, 0)
[17:26:14.361853] Real overlapping (%): (0.0875, 0.1328125, 0.125)
[17:26:14.361861] Real overlapping (pixels): (7.0, 17.0, 16.0)
[17:26:14.361868] (5, 6, 6) patches per (z,y,x) axis
[17:26:14.361888] List of volume IDs to be processed by each GPU: [[0, 1, 2, 3, 4]]
[17:26:14.361898] Positions of each volume in Z axis: {0: [0, 80], 1: [73, 153], 2: [146, 226], 3: [219, 299], 4: [292, 369]}
[17:26:14.361906] Rank 0: Total number of patches: 180 - (5, 6, 6) patches per (z,y,x) axis (per GPU)
[17:26:15.153260] Reading Zarr/H5 file: fisbe/biapy-no-aug-zarr/val/label/VT033614-20171124_64_H1.zarr
[17:26:15.158841] ### 3D-OV-CROP ###
[17:26:15.158860] Cropping (379, 685, 686, 1) images into (80, 128, 128, 1) with overlapping (axis order: ZYXC). . .
[17:26:15.158868] Minimum overlap selected: (0, 0, 0)
[17:26:15.158875] Padding: (0, 0, 0)
[17:26:15.158897] Real overlapping (%): (0.0625, 0.125, 0.125)
[17:26:15.158905] Real overlapping (pixels): (5.0, 16.0, 16.0)
[17:26:15.158911] (5, 6, 6) patches per (z,y,x) axis
[17:26:15.158923] List of volume IDs to be processed by each GPU: [[0, 1, 2, 3, 4]]
[17:26:15.158932] Positions of each volume in Z axis: {0: [0, 80], 1: [75, 155], 2: [150, 230], 3: [225, 305], 4: [300, 379]}
[17:26:15.158939] Rank 0: Total number of patches: 180 - (5, 6, 6) patches per (z,y,x) axis (per GPU)
[17:26:16.130288] Reading Zarr/H5 file: fisbe/biapy-no-aug-zarr/val/label/VT033614-20171124_64_H5.zarr
[17:26:16.136091] ### 3D-OV-CROP ###
[17:26:16.136109] Cropping (395, 685, 686, 1) images into (80, 128, 128, 1) with overlapping (axis order: ZYXC). . .
[17:26:16.136119] Minimum overlap selected: (0, 0, 0)
[17:26:16.136127] Padding: (0, 0, 0)
[17:26:16.136148] Real overlapping (%): (0.0125, 0.125, 0.125)
[17:26:16.136158] Real overlapping (pixels): (1.0, 16.0, 16.0)
[17:26:16.136166] (5, 6, 6) patches per (z,y,x) axis
[17:26:16.136179] List of volume IDs to be processed by each GPU: [[0, 1, 2, 3, 4]]
[17:26:16.136196] Positions of each volume in Z axis: {0: [0, 80], 1: [79, 159], 2: [158, 238], 3: [237, 317], 4: [316, 395]}
[17:26:16.136204] Rank 0: Total number of patches: 180 - (5, 6, 6) patches per (z,y,x) axis (per GPU)
[17:26:16.932519] Reading Zarr/H5 file: fisbe/biapy-no-aug-zarr/val/label/VT041298-20171114_63_C3.zarr
[17:26:16.940129] ### 3D-OV-CROP ###
[17:26:16.940149] Cropping (356, 687, 684, 1) images into (80, 128, 128, 1) with overlapping (axis order: ZYXC). . .
[17:26:16.940158] Minimum overlap selected: (0, 0, 0)
[17:26:16.940166] Padding: (0, 0, 0)
[17:26:16.940187] Real overlapping (%): (0.1375, 0.125, 0.125)
[17:26:16.940197] Real overlapping (pixels): (11.0, 16.0, 16.0)
[17:26:16.940204] (5, 6, 6) patches per (z,y,x) axis
[17:26:16.940217] List of volume IDs to be processed by each GPU: [[0, 1, 2, 3, 4]]
[17:26:16.940228] Positions of each volume in Z axis: {0: [0, 80], 1: [69, 149], 2: [138, 218], 3: [207, 287], 4: [276, 356]}
[17:26:16.940237] Rank 0: Total number of patches: 180 - (5, 6, 6) patches per (z,y,x) axis (per GPU)
[17:26:17.898515] Creating Y_val channels . . .
[17:27:51.384685] You select to create ['F', 'Dn'] channels from given instance labels and no file is detected in fisbe/biapy-no-aug-zarr/test/label_F.erosion-0.dilation-0_Dn.closing_size-3.norm-True.mask_values-False.decline_power-3 . So let's prepare the data. This process will be done just once!
[17:27:51.389275] Working with Zarr files . . .
[17:27:51.389313] Reading Zarr/H5 file: fisbe/biapy-no-aug-zarr/test/label/JRC_SS04989-20160318_24_A2.zarr
[17:27:51.396680] ### 3D-OV-CROP ###
[17:27:51.396697] Cropping (390, 680, 680, 1) images into (80, 128, 128, 1) with overlapping (axis order: ZYXC). . .
[17:27:51.396706] Minimum overlap selected: (0, 0, 0)
[17:27:51.396714] Padding: (4, 16, 16)
[17:27:51.396740] Real overlapping (%): (0.1111111111111111, 0.125, 0.125)
[17:27:51.396749] Real overlapping (pixels): (8.0, 12.0, 12.0)
[17:27:51.396756] (6, 8, 8) patches per (z,y,x) axis
[17:27:51.396771] List of volume IDs to be processed by each GPU: [[0, 1, 2, 3, 4, 5]]
[17:27:51.396782] Positions of each volume in Z axis: {0: [0, 72], 1: [64, 136], 2: [128, 200], 3: [192, 264], 4: [256, 328], 5: [320, 390]}
[17:27:51.396791] Rank 0: Total number of patches: 384 - (6, 8, 8) patches per (z,y,x) axis (per GPU)
[17:27:53.366775] Reading Zarr/H5 file: fisbe/biapy-no-aug-zarr/test/label/R14A02-20180905_65_A6.zarr
[17:27:53.373645] ### 3D-OV-CROP ###
[17:27:53.373665] Cropping (385, 685, 686, 1) images into (80, 128, 128, 1) with overlapping (axis order: ZYXC). . .
[17:27:53.373674] Minimum overlap selected: (0, 0, 0)
[17:27:53.373682] Padding: (4, 16, 16)
[17:27:53.373703] Real overlapping (%): (0.125, 0.11458333333333333, 0.11458333333333333)
[17:27:53.373713] Real overlapping (pixels): (9.0, 11.0, 11.0)
[17:27:53.373721] (6, 8, 8) patches per (z,y,x) axis
[17:27:53.373735] List of volume IDs to be processed by each GPU: [[0, 1, 2, 3, 4, 5]]
[17:27:53.373745] Positions of each volume in Z axis: {0: [0, 72], 1: [63, 135], 2: [126, 198], 3: [189, 261], 4: [252, 324], 5: [315, 385]}
[17:27:53.373754] Rank 0: Total number of patches: 384 - (6, 8, 8) patches per (z,y,x) axis (per GPU)
[17:27:55.663173] Reading Zarr/H5 file: fisbe/biapy-no-aug-zarr/test/label/R54A09-20181019_64_H1.zarr
[17:27:55.675573] ### 3D-OV-CROP ###
[17:27:55.675595] Cropping (430, 683, 686, 1) images into (80, 128, 128, 1) with overlapping (axis order: ZYXC). . .
[17:27:55.675604] Minimum overlap selected: (0, 0, 0)
[17:27:55.675613] Padding: (4, 16, 16)
[17:27:55.675634] Real overlapping (%): (0.0, 0.125, 0.11458333333333333)
[17:27:55.675643] Real overlapping (pixels): (0.0, 12.0, 11.0)
[17:27:55.675651] (6, 8, 8) patches per (z,y,x) axis
[17:27:55.675666] List of volume IDs to be processed by each GPU: [[0, 1, 2, 3, 4, 5]]
[17:27:55.675677] Positions of each volume in Z axis: {0: [0, 72], 1: [72, 144], 2: [144, 216], 3: [216, 288], 4: [288, 360], 5: [360, 430]}
[17:27:55.675685] Rank 0: Total number of patches: 384 - (6, 8, 8) patches per (z,y,x) axis (per GPU)
[17:27:57.511846] Reading Zarr/H5 file: fisbe/biapy-no-aug-zarr/test/label/VT011145-20171222_63_I1.zarr
[17:27:57.519000] ### 3D-OV-CROP ###
[17:27:57.519022] Cropping (417, 685, 685, 1) images into (80, 128, 128, 1) with overlapping (axis order: ZYXC). . .
[17:27:57.519032] Minimum overlap selected: (0, 0, 0)
[17:27:57.519039] Padding: (4, 16, 16)
[17:27:57.519061] Real overlapping (%): (0.041666666666666664, 0.11458333333333333, 0.11458333333333333)
[17:27:57.519071] Real overlapping (pixels): (3.0, 11.0, 11.0)
[17:27:57.519078] (6, 8, 8) patches per (z,y,x) axis
[17:27:57.519092] List of volume IDs to be processed by each GPU: [[0, 1, 2, 3, 4, 5]]
[17:27:57.519102] Positions of each volume in Z axis: {0: [0, 72], 1: [69, 141], 2: [138, 210], 3: [207, 279], 4: [276, 348], 5: [345, 417]}
[17:27:57.519111] Rank 0: Total number of patches: 384 - (6, 8, 8) patches per (z,y,x) axis (per GPU)
[17:27:59.465070] Reading Zarr/H5 file: fisbe/biapy-no-aug-zarr/test/label/VT027175-20171031_62_H3.zarr
[17:27:59.471045] ### 3D-OV-CROP ###
[17:27:59.471063] Cropping (425, 687, 684, 1) images into (80, 128, 128, 1) with overlapping (axis order: ZYXC). . .
[17:27:59.471073] Minimum overlap selected: (0, 0, 0)
[17:27:59.471082] Padding: (4, 16, 16)
[17:27:59.471104] Real overlapping (%): (0.013888888888888888, 0.11458333333333333, 0.125)
[17:27:59.471114] Real overlapping (pixels): (1.0, 11.0, 12.0)
[17:27:59.471121] (6, 8, 8) patches per (z,y,x) axis
[17:27:59.471135] List of volume IDs to be processed by each GPU: [[0, 1, 2, 3, 4, 5]]
[17:27:59.471146] Positions of each volume in Z axis: {0: [0, 72], 1: [71, 143], 2: [142, 214], 3: [213, 285], 4: [284, 356], 5: [355, 425]}
[17:27:59.471155] Rank 0: Total number of patches: 384 - (6, 8, 8) patches per (z,y,x) axis (per GPU)
[17:28:01.499896] Reading Zarr/H5 file: fisbe/biapy-no-aug-zarr/test/label/VT027175-20171031_62_H4.zarr
[17:28:01.505055] ### 3D-OV-CROP ###
[17:28:01.505074] Cropping (409, 687, 684, 1) images into (80, 128, 128, 1) with overlapping (axis order: ZYXC). . .
[17:28:01.505082] Minimum overlap selected: (0, 0, 0)
[17:28:01.505090] Padding: (4, 16, 16)
[17:28:01.505111] Real overlapping (%): (0.05555555555555555, 0.11458333333333333, 0.125)
[17:28:01.505120] Real overlapping (pixels): (4.0, 11.0, 12.0)
[17:28:01.505127] (6, 8, 8) patches per (z,y,x) axis
[17:28:01.505139] List of volume IDs to be processed by each GPU: [[0, 1, 2, 3, 4, 5]]
[17:28:01.505149] Positions of each volume in Z axis: {0: [0, 72], 1: [68, 140], 2: [136, 208], 3: [204, 276], 4: [272, 344], 5: [340, 409]}
[17:28:01.505157] Rank 0: Total number of patches: 384 - (6, 8, 8) patches per (z,y,x) axis (per GPU)
[17:28:03.429810] Reading Zarr/H5 file: fisbe/biapy-no-aug-zarr/test/label/VT050157-20171110_61_C1.zarr
[17:28:03.437245] ### 3D-OV-CROP ###
[17:28:03.437263] Cropping (377, 683, 686, 1) images into (80, 128, 128, 1) with overlapping (axis order: ZYXC). . .
[17:28:03.437278] Minimum overlap selected: (0, 0, 0)
[17:28:03.437286] Padding: (4, 16, 16)
[17:28:03.437307] Real overlapping (%): (0.1527777777777778, 0.125, 0.11458333333333333)
[17:28:03.437316] Real overlapping (pixels): (11.0, 12.0, 11.0)
[17:28:03.437324] (6, 8, 8) patches per (z,y,x) axis
[17:28:03.437338] List of volume IDs to be processed by each GPU: [[0, 1, 2, 3, 4, 5]]
[17:28:03.437349] Positions of each volume in Z axis: {0: [0, 72], 1: [61, 133], 2: [122, 194], 3: [183, 255], 4: [244, 316], 5: [305, 377]}
[17:28:03.437358] Rank 0: Total number of patches: 384 - (6, 8, 8) patches per (z,y,x) axis (per GPU)
[17:28:05.589136] Creating Y_test channels . . .
[17:30:29.732475] DATA.TRAIN.GT_PATH changed from fisbe/biapy-channel-scale-zarr/train/label to fisbe/biapy-channel-scale-zarr/train/label_F.erosion-0.dilation-0_Dn.closing_size-3.norm-True.mask_values-False.decline_power-3
[17:30:29.733385] DATA.VAL.GT_PATH changed from fisbe/biapy-no-aug-zarr/val/label to fisbe/biapy-no-aug-zarr/val/label_F.erosion-0.dilation-0_Dn.closing_size-3.norm-True.mask_values-False.decline_power-3
[17:30:29.733402] DATA.TEST.GT_PATH changed from fisbe/biapy-no-aug-zarr/test/label to fisbe/biapy-no-aug-zarr/test/label_F.erosion-0.dilation-0_Dn.closing_size-3.norm-True.mask_values-False.decline_power-3
