SBATCH Run: biapy-channel-scale-zarr-seunet-FD.yaml, mode: train, job-name: biapy-channel-scale-zarr-seunet-FD, run-id: 0
SLURM_CPUS_PER_TASK=16
running BiaPy/run_biapy-py.py
Patched BiaPy create_instance_channels: float32 channels + full-volume Zarr v2 GT export
Mode overrides (train): TRAIN.ENABLE=True, TEST.ENABLE=False, MODEL.LOAD_CHECKPOINT=False
CPU overrides: SYSTEM.NUM_CPUS=16, SYSTEM.NUM_WORKERS=16
Date     : 2026-08-23 11:05:03
Arguments: Namespace(config={'SYSTEM': {'NUM_CPUS': 16, 'NUM_WORKERS': -1}, 'PROBLEM': {'TYPE': 'INSTANCE_SEG', 'NDIM': '3D', 'INSTANCE_SEG': {'DATA_CHANNELS': ['F', 'D'], 'DATA_CHANNELS_EXTRA_OPTS': [{'F': {'erosion': 1, 'dilation': 1}}], 'DATA_CHANNEL_WEIGHTS': '(1.0, 1.0)', 'WATERSHED': {'SEED_CHANNELS': ['D'], 'SEED_CHANNELS_THRESH': [0.05], 'TOPOGRAPHIC_SURFACE_CHANNEL': 'F', 'GROWTH_MASK_CHANNELS': ['F'], 'GROWTH_MASK_CHANNELS_THRESH': ['auto'], 'DATA_CHECK_MW': True, 'DATA_REMOVE_BEFORE_MW': True, 'DATA_REMOVE_SMALL_OBJ_BEFORE': 250}}}, 'DATA': {'PATCH_SIZE': '(80, 128, 128, 3)', 'TRAIN': {'PATH': 'fisbe/biapy-channel-scale-zarr/train/raw', 'GT_PATH': 'fisbe/biapy-channel-scale-zarr/train/label', 'INPUT_IMG_AXES_ORDER': 'ZYXC', 'INPUT_MASK_AXES_ORDER': 'ZYXC', 'IN_MEMORY': False}, 'VAL': {'PATH': 'fisbe/biapy-no-aug-zarr/val/raw', 'GT_PATH': 'fisbe/biapy-no-aug-zarr/val/label', 'FROM_TRAIN': False, 'INPUT_IMG_AXES_ORDER': 'ZYXC', 'INPUT_MASK_AXES_ORDER': 'ZYXC', 'IN_MEMORY': False}, 'TEST': {'PATH': 'fisbe/biapy-no-aug-zarr/test/raw', 'GT_PATH': 'fisbe/biapy-no-aug-zarr/test/label', 'INPUT_IMG_AXES_ORDER': 'ZYXC', 'INPUT_MASK_AXES_ORDER': 'ZYXC', 'IN_MEMORY': False, 'LOAD_GT': True, 'PADDING': '(4,16,16)'}}, 'AUGMENTOR': {'ENABLE': False, 'RANDOM_ROT': False, 'VFLIP': False, 'HFLIP': False, 'ZFLIP': False}, 'MODEL': {'ARCHITECTURE': 'seunet', 'FEATURE_MAPS': [16, 32, 64, 128, 256], 'Z_DOWN': [1, 1, 1, 1], 'LOAD_CHECKPOINT': False}, 'TRAIN': {'ENABLE': True, 'OPTIMIZER': 'ADAMW', 'LR': 0.001, 'BATCH_SIZE': 34, 'EPOCHS': 60, 'PATIENCE': 10, 'LR_SCHEDULER': {'NAME': 'onecycle'}}, 'TEST': {'ENABLE': False, 'REUSE_PREDICTIONS': False, 'AUGMENTATION': False, 'FULL_IMG': False, 'BY_CHUNKS': {'ENABLE': True, 'FORMAT': 'zarr', 'SAVE_OUT_TIF': True, 'INPUT_IMG_AXES_ORDER': 'ZYXC', 'WORKFLOW_PROCESS': {'ENABLE': True, 'TYPE': 'entire_pred'}}, 'POST_PROCESSING': {'INSTANCE_REFINEMENT': {'ENABLE': True, 'OPERATIONS': ['remove_small_objects'], 'VALUES': [1000]}}}}, result_dir='metrics/biapy', name='biapy-channel-scale-zarr-seunet-FD', run_id='0', gpu='0', world_size=1, local_rank=-1, dist_on_itp=False, dist_url='env://', dist_backend='nccl')
Job      : biapy-channel-scale-zarr-seunet-FD_0
BiaPy    : 3.7.0
Python   : 3.11.15 | packaged by conda-forge | (main, Jun 11 2026, 03:34:02) [GCC 14.3.0]
PyTorch  : 2.12.1+cu130
The following changes were made in order to adapt the input configuration:
Not using distributed mode
[11:05:03.933135] **** Using GPU: 'cuda' for training
[11:05:04.046179] CPU budget(total)=16 | per_rank=16 | main_threads=4 | num_workers(per_rank)=8 | world_size=1
[11:05:04.085113] Configuration details:
[11:05:04.085132] AUGMENTOR:
  AFFINE_MODE: reflect
  AUG_NUM_SAMPLES: 10
  AUG_SAMPLES: True
  BRIGHTNESS: False
  BRIGHTNESS_FACTOR: (-0.1, 0.1)
  BRIGHTNESS_PROB: 0.5
  CBLUR_DOWN_RANGE: (2, 8)
  CBLUR_INSIDE: True
  CBLUR_SIZE: (0.2, 0.4)
  CHANNEL_SHUFFLE: False
  CHANNEL_SHUFFLE_PROB: 0.5
  CMIX_SIZE: (0.2, 0.4)
  CNOISE_NB_ITERATIONS: (1, 3)
  CNOISE_SCALE: (0.05, 0.1)
  CNOISE_SIZE: (0.2, 0.4)
  CONTRAST: False
  CONTRAST_FACTOR: (-0.1, 0.1)
  CONTRAST_PROB: 0.5
  COUT_APPLY_TO_MASK: False
  COUT_CVAL: 0.0
  COUT_NB_ITERATIONS: (1, 3)
  COUT_SIZE: (0.05, 0.3)
  CUTBLUR: False
  CUTBLUR_PROB: 0.5
  CUTMIX: False
  CUTMIX_PROB: 0.5
  CUTNOISE: False
  CUTNOISE_PROB: 0.5
  CUTOUT: False
  CUTOUT_PROB: 0.5
  DRAW_GRID: True
  DROPOUT: False
  DROPOUT_PROB: 0.5
  DROP_RANGE: (0, 0.2)
  ELASTIC: False
  ELASTIC_PROB: 0.5
  ENABLE: False
  E_ALPHA: (12, 16)
  E_MODE: constant
  E_SIGMA: 4
  GAMMA_CONTRAST: False
  GAMMA_CONTRAST_PROB: 0.5
  GAUSSIAN_NOISE: False
  GAUSSIAN_NOISE_MEAN: 0.0
  GAUSSIAN_NOISE_PROB: 0.5
  GAUSSIAN_NOISE_USE_INPUT_IMG_MEAN_AND_VAR: False
  GAUSSIAN_NOISE_VAR: 0.05
  GC_GAMMA: (1.25, 1.75)
  GRAYSCALE: False
  GRAYSCALE_PROB: 0.5
  GRIDMASK: False
  GRIDMASK_PROB: 0.5
  GRID_D_RANGE: (0.4, 1)
  GRID_INVERT: False
  GRID_RATIO: 0.6
  GRID_ROTATE: 1.0
  G_BLUR: False
  G_BLUR_PROB: 0.5
  G_SIGMA: (1.0, 2.0)
  HFLIP: False
  HFLIP_PROB: 0.5
  MB_KERNEL: (3, 7)
  MEDIAN_BLUR: False
  MEDIAN_BLUR_PROB: 0.5
  MISALIGNMENT: False
  MISALIGNMENT_PROB: 0.5
  MISSING_SECTIONS: False
  MISSING_SECTIONS_PROB: 0.5
  MISSP_CHANNEL_PB: 0.5
  MISSP_ITERATIONS: (10, 30)
  MOTB_K_RANGE: (8, 12)
  MOTION_BLUR: False
  MOTION_BLUR_PROB: 0.5
  MS_DISPLACEMENT: 16
  MS_ROTATE_RATIO: 0.5
  PEPPER: False
  PEPPER_AMOUNT: 0.05
  PEPPER_PROB: 0.5
  POISSON_NOISE: False
  POISSON_NOISE_PROB: 0.5
  RANDOM_ROT: False
  RANDOM_ROT_PROB: 0.5
  RANDOM_ROT_RANGE: (-180, 180)
  ROT90: False
  ROT90_PROB: 0.5
  SALT: False
  SALT_AMOUNT: 0.05
  SALT_AND_PEPPER: False
  SALT_AND_PEPPER_AMOUNT: 0.05
  SALT_AND_PEPPER_PROB: 0.5
  SALT_AND_PEPPER_PROP: 0.5
  SALT_PROB: 0.5
  SHEAR: False
  SHEAR_PROB: 0.5
  SHEAR_RANGE: (-20, 20)
  SHIFT: False
  SHIFT_PROB: 0.5
  SHIFT_RANGE: (0.1, 0.2)
  SHUFFLE_TRAIN_DATA_EACH_EPOCH: True
  SHUFFLE_VAL_DATA_EACH_EPOCH: False
  VFLIP: False
  VFLIP_PROB: 0.5
  ZFLIP: False
  ZFLIP_PROB: 0.5
  ZOOM: False
  ZOOM_IN_Z: False
  ZOOM_PROB: 0.5
  ZOOM_RANGE: (0.5, 1.5)
DATA:
  CHECK_GENERATORS: False
  FILTER_BY_IMAGE: False
  FORCE_RGB: False
  NORMALIZATION:
    PERC_CLIP:
      ENABLE: False
      LOWER_PERC: -1.0
      LOWER_VALUE: [-1.0]
      UPPER_PERC: -1.0
      UPPER_VALUE: [-1.0]
    TYPE: zero_mean_unit_variance
    ZERO_MEAN_UNIT_VAR:
      MEAN_VAL: [-1.0]
      STD_VAL: [-1.0]
  N_CLASSES: 2
  PATCH_SIZE: (80, 128, 128, 3)
  PREPROCESS:
    CANNY:
      ENABLE: False
      HIGH_THRESHOLD: None
      LOW_THRESHOLD: None
    CLAHE:
      CLIP_LIMIT: 0.01
      ENABLE: False
      KERNEL_SIZE: None
    GAUSSIAN_BLUR:
      CHANNEL_AXIS: None
      ENABLE: False
      MODE: nearest
      SIGMA: 1
    MATCH_HISTOGRAM:
      ENABLE: False
      REFERENCE_PATH: user_data/test/x
    MEDIAN_BLUR:
      ENABLE: False
      KERNEL_SIZE: (3, 3, 1)
    RESIZE:
      ANTI_ALIASING: False
      CLIP: True
      CVAL: 0.0
      ENABLE: False
      MODE: reflect
      ORDER: 1
      OUTPUT_SHAPE: (512, 512)
      PRESERVE_RANGE: True
    TEST: False
    TRAIN: False
    VAL: False
    ZOOM:
      ENABLE: False
      ZOOM_FACTOR: [1, 1, 1, 1, 1]
  REFLECT_TO_COMPLETE_SHAPE: True
  SAVE_FILTERED_IMAGES: False
  SAVE_FILTERED_IMAGES_NUM: 3
  TEST:
    BINARY_MASKS: fisbe/biapy-no-aug-zarr/test/raw/../bin_mask
    CHECK_DATA: True
    DETECTION_MASK_DIR: fisbe/biapy-no-aug-zarr/test/label_detection_masks_2
    FILTER_SAMPLES:
      ENABLE: False
      NORM_BEFORE: False
      PROPS: []
      SIGNS: []
      VALUES: []
    GT_PATH: fisbe/biapy-no-aug-zarr/test/label
    INPUT_IMG_AXES_ORDER: ZYXC
    INPUT_MASK_AXES_ORDER: ZYXC
    INPUT_ZARR_MULTIPLE_DATA: False
    INPUT_ZARR_MULTIPLE_DATA_GT_PATH: 
    INPUT_ZARR_MULTIPLE_DATA_ID_PATH: annotations.ids
    INPUT_ZARR_MULTIPLE_DATA_LOCATIONS_PATH: annotations.locations
    INPUT_ZARR_MULTIPLE_DATA_PARTNERS_PATH: annotations.presynaptic_site.partners
    INPUT_ZARR_MULTIPLE_DATA_RAW_PATH: 
    INPUT_ZARR_MULTIPLE_DATA_RESOLUTION_PATH: volumes.raw
    INSTANCE_CHANNELS_MASK_DIR: fisbe/biapy-no-aug-zarr/test/label_F.erosion-1.dilation-1_D.act-tanh
    IN_MEMORY: False
    LOAD_GT: True
    MEDIAN_PADDING: False
    OVERLAP: (0, 0, 0)
    PADDING: (4, 16, 16)
    PATH: fisbe/biapy-no-aug-zarr/test/raw
    RESOLUTION: (1, 1, 1)
    SSL_SOURCE_DIR: fisbe/biapy-no-aug-zarr/test/raw_ssl_source
    USE_VAL_AS_TEST: False
  TRAIN:
    CHECK_DATA: True
    DETECTION_MASK_DIR: fisbe/biapy-channel-scale-zarr/train/label_detection_masks_2
    EXTRACT_RANDOM_PATCH: False
    FILTER_SAMPLES:
      ENABLE: False
      NORM_BEFORE: False
      PROPS: []
      SIGNS: []
      VALUES: []
    GT_PATH: fisbe/biapy-channel-scale-zarr/train/label
    INPUT_IMG_AXES_ORDER: ZYXC
    INPUT_MASK_AXES_ORDER: ZYXC
    INPUT_ZARR_MULTIPLE_DATA: False
    INPUT_ZARR_MULTIPLE_DATA_GT_PATH: 
    INPUT_ZARR_MULTIPLE_DATA_ID_PATH: annotations.ids
    INPUT_ZARR_MULTIPLE_DATA_LOCATIONS_PATH: annotations.locations
    INPUT_ZARR_MULTIPLE_DATA_PARTNERS_PATH: annotations.presynaptic_site.partners
    INPUT_ZARR_MULTIPLE_DATA_RAW_PATH: 
    INPUT_ZARR_MULTIPLE_DATA_RESOLUTION_PATH: volumes.raw
    INSTANCE_CHANNELS_MASK_DIR: fisbe/biapy-channel-scale-zarr/train/label_F.erosion-1.dilation-1_D.act-tanh
    IN_MEMORY: False
    OVERLAP: (0, 0, 0)
    PADDING: (0, 0, 0)
    PATH: fisbe/biapy-channel-scale-zarr/train/raw
    PROBABILITY_MAP: False
    REPLICATE: 0
    RESOLUTION: (1, 1, 1)
    SSL_SOURCE_DIR: fisbe/biapy-channel-scale-zarr/train/raw_ssl_source
    W_BACKGROUND: 0.06
    W_FOREGROUND: 0.94
  VAL:
    CROSS_VAL: False
    CROSS_VAL_FOLD: 1
    CROSS_VAL_NFOLD: 5
    DETECTION_MASK_DIR: fisbe/biapy-no-aug-zarr/val/label_detection_masks_2
    DIST_EVAL: True
    FILTER_SAMPLES:
      ENABLE: False
      NORM_BEFORE: False
      PROPS: []
      SIGNS: []
      VALUES: []
    FROM_TRAIN: False
    GT_PATH: fisbe/biapy-no-aug-zarr/val/label
    INPUT_IMG_AXES_ORDER: ZYXC
    INPUT_MASK_AXES_ORDER: ZYXC
    INPUT_ZARR_MULTIPLE_DATA: False
    INPUT_ZARR_MULTIPLE_DATA_GT_PATH: 
    INPUT_ZARR_MULTIPLE_DATA_ID_PATH: annotations.ids
    INPUT_ZARR_MULTIPLE_DATA_LOCATIONS_PATH: annotations.locations
    INPUT_ZARR_MULTIPLE_DATA_PARTNERS_PATH: annotations.presynaptic_site.partners
    INPUT_ZARR_MULTIPLE_DATA_RAW_PATH: 
    INPUT_ZARR_MULTIPLE_DATA_RESOLUTION_PATH: volumes.raw
    INSTANCE_CHANNELS_MASK_DIR: fisbe/biapy-no-aug-zarr/val/label_F.erosion-1.dilation-1_D.act-tanh
    IN_MEMORY: False
    OVERLAP: (0, 0, 0)
    PADDING: (0, 0, 0)
    PATH: fisbe/biapy-no-aug-zarr/val/raw
    RANDOM: True
    RESOLUTION: (1, 1, 1)
    SPLIT_TRAIN: 0.1
    SSL_SOURCE_DIR: fisbe/biapy-no-aug-zarr/val/raw_ssl_source
LOG:
  CHART_CREATION_FREQ: 5
  LOG_DIR: metrics/biapy/biapy-channel-scale-zarr-seunet-FD/logs
  LOG_FILE_PREFIX: biapy-channel-scale-zarr-seunet-FD_0
  TENSORBOARD_LOG_DIR: metrics/biapy/biapy-channel-scale-zarr-seunet-FD/results/biapy-channel-scale-zarr-seunet-FD_0/tensorboard
LOSS:
  CLASS_REBALANCE: none
  CLASS_WEIGHTS: []
  CONTRAST:
    ENABLE: False
    MEMORY_SIZE: 5000
    PIXEL_UPD_FREQ: 10
    PROJ_DIM: 256
  CYCLEGAN:
    ALPHA_PERCEPTUAL: 0.0
    DELTA_MSE: 0.0
    GAMMA_SSIM: 1.0
    LAMBDA_GAN: 1.0
    LAMBDA_RECON: 10.0
  IGNORE_INDEX: -1
  TYPE: 
  WEIGHTS: [1.0, 1.0]
MODEL:
  ACTIVATION: elu
  ARCHITECTURE: seunet
  BMZ:
    EXPORT:
      AUTHORS: []
      CITE: []
      DATASET_INFO: [{}]
      DESCRIPTION: 
      DOCUMENTATION: 
      ENABLE: False
      LICENSE: CC-BY-4.0
      MODEL_NAME: 
      MODEL_VERSION: 0.1.0
      REUSE_BMZ_CONFIG: False
      TAGS: []
    SOURCE_MODEL_ID: 
  CONVNEXT_LAYER_SCALE: 1e-06
  CONVNEXT_SD_PROB: 0.1
  CONVNEXT_STEM_K_SIZE: 2
  CONV_BLOCK_ORDER: conv_norm_act
  CONV_LAYERS: [2, 2, 2, 2, 2]
  DROPOUT_VALUES: [0.0, 0.0, 0.0, 0.0, 0.0]
  FEATURE_MAPS: [16, 32, 64, 128, 256]
  FREEZE_LAYERS_MATCHING: []
  HRNET:
    BLOCK_TYPE: BASIC
    HEAD_TYPE: FCN
    NUM_BLOCKS: [[4, 4], [4, 4, 4], [4, 4, 4, 4]]
    NUM_BRANCHES: [2, 3, 4]
    NUM_CHANNELS: [[18, 36], [18, 36, 72], [18, 36, 72, 144]]
    NUM_MODULES: [1, 4, 3]
    NUM_STAGES: 3
    VARIANT: W48
    YX_DOWN: [0, 0, 0]
    Z_DOWN: [0, 0, 0]
  ISOTROPY: [True, True, True, True, True]
  ITEMS_TO_LOAD_FROM_CHECKPOINT: ['weights', 'norm', 'model_arch']
  KERNEL_SIZE: 3
  LARGER_IO: False
  LOAD_CHECKPOINT: False
  LOAD_CHECKPOINT_EPOCH: best_on_val
  MAE_DEC_HIDDEN_SIZE: 512
  MAE_DEC_MLP_DIMS: 2048
  MAE_DEC_NUM_HEADS: 16
  MAE_DEC_NUM_LAYERS: 8
  MAE_MASK_RATIO: 0.5
  MAE_MASK_TYPE: grid
  NAFNET:
    ARCHITECTURE_D: patchgan
    DEC_BLK_NUMS: [2, 2, 2, 2]
    DW_EXPAND: 2
    ENC_BLK_NUMS: [2, 2, 4, 8]
    FFN_EXPAND: 2
    MIDDLE_BLK_NUM: 12
    PATCHGAN:
      BASE_FILTERS: 64
    WIDTH: 16
  NORMALIZATION: in
  OUT_CHECKPOINT_FORMAT: pth
  RCAN_CONV_FILTERS: 16
  RCAN_RCAB_BLOCK_NUM: 20
  RCAN_REDUCTION_RATIO: 16
  RCAN_RG_BLOCK_NUM: 10
  RCAN_UPSCALING_LAYER: True
  SAVE_CKPT_FREQ: -1
  SKIP_UNMATCHED_LAYERS: False
  SOURCE: biapy
  STUNET:
    PRETRAINED: False
    VARIANT: base
  TORCHVISION_MODEL_NAME: 
  UNETR_VIT_HIDD_MULT: -1
  UNETR_VIT_MODEL: custom
  UNETR_VIT_NUM_FILTERS: 16
  UNET_SR_UPSAMPLE_POSITION: pre
  UPSAMPLE_LAYER: convtranspose
  VIT_EMBED_DIM: 768
  VIT_MLP_RATIO: 4.0
  VIT_MODEL: custom
  VIT_NORM_EPS: 1e-06
  VIT_NUM_HEADS: 12
  VIT_NUM_LAYERS: 12
  VIT_PRETRAINED_WEIGHTS: 
  VIT_TOKEN_SIZE: 16
  YX_DOWN: [2, 2, 2, 2]
  Z_DOWN: [1, 1, 1, 1]
PATHS:
  BMZ_EXPORT_PATH: metrics/biapy/biapy-channel-scale-zarr-seunet-FD/results/biapy-channel-scale-zarr-seunet-FD_0/BMZ_files
  CHARTS: metrics/biapy/biapy-channel-scale-zarr-seunet-FD/results/biapy-channel-scale-zarr-seunet-FD_0/charts
  CHECKPOINT: metrics/biapy/biapy-channel-scale-zarr-seunet-FD/checkpoints
  CHECKPOINT_FILE: 
  DA_SAMPLES: metrics/biapy/biapy-channel-scale-zarr-seunet-FD/results/biapy-channel-scale-zarr-seunet-FD_0/aug
  FIL_SAMPLES_DIR: metrics/biapy/biapy-channel-scale-zarr-seunet-FD/results/biapy-channel-scale-zarr-seunet-FD_0/filtering_information
  GEN_CHECKS: metrics/biapy/biapy-channel-scale-zarr-seunet-FD/results/biapy-channel-scale-zarr-seunet-FD_0/gen_check
  GEN_MASK_CHECKS: metrics/biapy/biapy-channel-scale-zarr-seunet-FD/results/biapy-channel-scale-zarr-seunet-FD_0/gen_mask_check
  MAE_OUT_DIR: metrics/biapy/biapy-channel-scale-zarr-seunet-FD/results/biapy-channel-scale-zarr-seunet-FD_0/MAE_checks
  PROB_MAP_DIR: metrics/biapy/biapy-channel-scale-zarr-seunet-FD/prob_map
  PROB_MAP_FILENAME: prob_map.npy
  PROFILER: metrics/biapy/biapy-channel-scale-zarr-seunet-FD/results/biapy-channel-scale-zarr-seunet-FD_0/profiler
  RESULT_DIR:
    AS_3D_STACK: metrics/biapy/biapy-channel-scale-zarr-seunet-FD/results/biapy-channel-scale-zarr-seunet-FD_0/as_3d_stack
    AS_3D_STACK_BIN: metrics/biapy/biapy-channel-scale-zarr-seunet-FD/results/biapy-channel-scale-zarr-seunet-FD_0/as_3d_stack_binarized
    AS_3D_STACK_POST_PROCESSING: metrics/biapy/biapy-channel-scale-zarr-seunet-FD/results/biapy-channel-scale-zarr-seunet-FD_0/as_3d_stack_post_processing
    DET_ASSOC_POINTS: metrics/biapy/biapy-channel-scale-zarr-seunet-FD/results/biapy-channel-scale-zarr-seunet-FD_0/point_associations
    DET_LOCAL_MAX_COORDS_CHECK: metrics/biapy/biapy-channel-scale-zarr-seunet-FD/results/biapy-channel-scale-zarr-seunet-FD_0/per_image_local_max_check
    DET_LOCAL_MAX_COORDS_CHECK_POST_PROCESSING: metrics/biapy/biapy-channel-scale-zarr-seunet-FD/results/biapy-channel-scale-zarr-seunet-FD_0/per_image_local_max_check_post_processing
    FULL_IMAGE: metrics/biapy/biapy-channel-scale-zarr-seunet-FD/results/biapy-channel-scale-zarr-seunet-FD_0/full_image
    FULL_IMAGE_BIN: metrics/biapy/biapy-channel-scale-zarr-seunet-FD/results/biapy-channel-scale-zarr-seunet-FD_0/full_image_binarized
    FULL_IMAGE_INSTANCES: metrics/biapy/biapy-channel-scale-zarr-seunet-FD/results/biapy-channel-scale-zarr-seunet-FD_0/full_image_instances
    FULL_IMAGE_POST_PROCESSING: metrics/biapy/biapy-channel-scale-zarr-seunet-FD/results/biapy-channel-scale-zarr-seunet-FD_0/full_image_post_processing
    INST_ASSOC_POINTS: metrics/biapy/biapy-channel-scale-zarr-seunet-FD/results/biapy-channel-scale-zarr-seunet-FD_0/instance_associations
    PATH: metrics/biapy/biapy-channel-scale-zarr-seunet-FD/results/biapy-channel-scale-zarr-seunet-FD_0
    PER_IMAGE: metrics/biapy/biapy-channel-scale-zarr-seunet-FD/results/biapy-channel-scale-zarr-seunet-FD_0/per_image
    PER_IMAGE_BIN: metrics/biapy/biapy-channel-scale-zarr-seunet-FD/results/biapy-channel-scale-zarr-seunet-FD_0/per_image_binarized
    PER_IMAGE_INSTANCES: metrics/biapy/biapy-channel-scale-zarr-seunet-FD/results/biapy-channel-scale-zarr-seunet-FD_0/per_image_instances
    PER_IMAGE_POST_PROCESSING: metrics/biapy/biapy-channel-scale-zarr-seunet-FD/results/biapy-channel-scale-zarr-seunet-FD_0/per_image_post_processing
  TEST_FULL_GT_H5: fisbe/biapy-no-aug-zarr/test/label/h5
  TEST_INSTANCE_CHANNELS_CHECK: metrics/biapy/biapy-channel-scale-zarr-seunet-FD/results/biapy-channel-scale-zarr-seunet-FD_0/test_FD_instance_channels
  TRAIN_INSTANCE_CHANNELS_CHECK: metrics/biapy/biapy-channel-scale-zarr-seunet-FD/results/biapy-channel-scale-zarr-seunet-FD_0/train_FD_instance_channels
  VAL_INSTANCE_CHANNELS_CHECK: metrics/biapy/biapy-channel-scale-zarr-seunet-FD/results/biapy-channel-scale-zarr-seunet-FD_0/val_FD_instance_channels
  WATERSHED_DIR: metrics/biapy/biapy-channel-scale-zarr-seunet-FD/results/biapy-channel-scale-zarr-seunet-FD_0/watershed
PROBLEM:
  DENOISING:
    LOAD_GT_DATA: False
    N2V_MANIPULATOR: uniform_withCP
    N2V_NEIGHBORHOOD_RADIUS: 5
    N2V_PERC_PIX: 0.198
    N2V_STRUCTMASK: False
  DETECTION:
    CENTRAL_POINT_DILATION: [2]
    CHECK_POINTS_CREATED: True
    CLASS_REBALANCE_WITHIN_CHANNELS: True
    DATA_CHANNEL_WEIGHTS: (1, 1)
    DATA_CHECK_MW: False
    SEPARATED_DECODERS_DIVIDE_FEATURE_MAPS: False
    SEPARATED_DECODERS_PER_HEAD: False
  IMAGE_TO_IMAGE:
    CHANNELS_PER_HEAD_INFO: []
    MULTIPLE_RAW_ONE_TARGET_LOADER: False
    OUTPUT_CHANNELS: 1
    OUTPUT_CHANNEL_ACT: []
    SEPARATED_DECODERS_DIVIDE_FEATURE_MAPS: False
    SEPARATED_DECODERS_PER_HEAD: False
  INSTANCE_SEG:
    BORDER_EXTRA_WEIGHTS: 
    CELLPOSE:
      DIAMETER: 0.0
      DIAM_MEAN: 30.0
      FG_THRESH: 0.5
      FLOW_THRESHOLD: 0.4
      N_STEPS: 200
      SCALE_RANGE: 0.5
      TEST_DOUBLE_INFERENCE: True
    CHANNELS_PER_HEAD_INFO: []
    CLASS_REBALANCE_WITHIN_CHANNELS: True
    DATA_CHANNELS: ['F', 'D']
    DATA_CHANNELS_EXTRA_OPTS: [{'F': {'erosion': 1, 'dilation': 1}, 'D': {'act': 'tanh'}}]
    DATA_CHANNELS_LOSSES: ['bce', 'mse']
    DATA_CHANNEL_WEIGHTS: (1.0, 1.0)
    EMBEDSEG:
      FG_THRESH: 0.5
      GRID_SIZE: -1
      MIN_MASK_SUM: 0
      MIN_UNCLUSTERED_SUM: 0
      SEED_THRESH: 0.9
    INSTANCE_CREATION_PROCESS: watershed
    OMNIPOSE:
      FLOW_THRESHOLD: 0.4
      MASK_THRESHOLD: 0.0
      NITER: 0
    SEPARATED_DECODERS_DIVIDE_FEATURE_MAPS: False
    SEPARATED_DECODERS_PER_HEAD: False
    STARDIST:
      GRID: []
      NMS_IOU_THRESH: 0.3
      PROB_THRESH: 0.4
    SYNAPSES:
      BLOB_LOG_MAX_SIGMA: 10
      BLOB_LOG_MIN_SIGMA: 5
      BLOB_LOG_NUM_SIGMA: 2
      EXCLUDE_BORDER: False
      MIN_TH_TO_BE_PEAK: 0.2
      PEAK_LOCAL_MAX_MIN_DISTANCE: 1
      POINT_CREATION_FUNCTION: peak_local_max
      REMOVE_CLOSE_POINTS_RADIUS_BY_MASK: False
      REMOVE_CLOSE_POST_POINTS_RADIUS: 0
      REMOVE_CLOSE_PRE_POINTS_RADIUS: 0
      TH_TYPE: auto
    TYPE: regular
    WATERSHED:
      BY_2D_SLICES: False
      DATA_CHECK_MW: True
      DATA_REMOVE_BEFORE_MW: True
      DATA_REMOVE_SMALL_OBJ_BEFORE: 250
      ERODE_AND_DILATE_GROWTH_MASK: False
      FORE_DILATION_RADIUS: 5
      FORE_EROSION_RADIUS: 5
      GROWTH_MASK_CHANNELS: ['F']
      GROWTH_MASK_CHANNELS_THRESH: ['auto']
      SEED_CHANNELS: ['D']
      SEED_CHANNELS_THRESH: [0.05]
      SEED_MORPH_RADIUS: []
      SEED_MORPH_SEQUENCE: []
      TOPOGRAPHIC_SURFACE_CHANNEL: F
  NDIM: 3D
  PRINT_OLD_KEY_CHANGES: True
  SELF_SUPERVISED:
    NOISE: 0.2
    PRETEXT_TASK: crappify
    RESIZING_FACTOR: 4
  SEMANTIC_SEG:
    IGNORE_CLASS_ID: 0
  SUPER_RESOLUTION:
    UPSCALING: (1, 1, 1)
  TYPE: INSTANCE_SEG
SYSTEM:
  DEVICE: cpu
  NUM_CPUS: 16
  NUM_GPUS: 1
  NUM_WORKERS: -1
  PIN_MEM: True
  SEED: 0
TEST:
  ANALIZE_2D_IMGS_AS_3D_STACK: False
  AUGMENTATION: False
  AUGMENTATION_GROUP: auto
  AUGMENTATION_MODE: mean
  BY_CHUNKS:
    ENABLE: True
    FLUSH_EACH: 100
    PHASES: ['prediction', 'instance_creation', 'instance_merging']
    SAVE_OUT_TIF: True
    WORKFLOW_PROCESS:
      ENABLE: True
      INSTANCE_SEG_HALO: -1
      INSTANCE_SEG_MERGE_IOU_TH: 0.3
      TYPE: entire_pred
    Z_END: -1
    Z_START: -1
  DET_BLOB_LOG_MAX_SIGMA: 10
  DET_BLOB_LOG_MIN_SIGMA: 5
  DET_BLOB_LOG_NUM_SIGMA: 2
  DET_EXCLUDE_BORDER: False
  DET_IGNORE_POINTS_OUTSIDE_BOX: []
  DET_MIN_TH_TO_BE_PEAK: 0.2
  DET_PEAK_LOCAL_MAX_MIN_DISTANCE: 1
  DET_POINT_CREATION_FUNCTION: peak_local_max
  DET_TH_TYPE: manual
  DET_TOLERANCE: 10
  ENABLE: False
  FULL_IMG: False
  MATCHING_STATS: True
  MATCHING_STATS_BY_IMAGE: True
  MATCHING_STATS_THS: [0.3, 0.5, 0.75]
  MATCHING_STATS_THS_COLORED_IMG: []
  METRICS: ['iou']
  METRICS_IN_CPU: False
  POST_PROCESSING:
    APPLY_MASK: False
    DET_WATERSHED: False
    DET_WATERSHED_DONUTS_CLASSES: [-1]
    DET_WATERSHED_DONUTS_NUCLEUS_DIAMETER: 30
    DET_WATERSHED_DONUTS_PATCH: [13, 120, 120]
    DET_WATERSHED_FIRST_DILATION: [-1, -1]
    INSTANCE_REFINEMENT:
      ENABLE: True
      OPERATIONS: ['remove_small_objects']
      VALUES: [1000]
    MEASURE_PROPERTIES:
      ENABLE: False
      EXTRA_PROPS: []
      REMOVE_BY_PROPERTIES:
        ENABLE: False
        PROPS: []
        SIGNS: []
        VALUES: []
    MEDIAN_FILTER: False
    MEDIAN_FILTER_AXIS: []
    MEDIAN_FILTER_SIZE: []
    REMOVE_CLOSE_POINTS: False
    REMOVE_CLOSE_POINTS_RADIUS: 0
    REPARE_LARGE_BLOBS_SIZE: -1
    VORONOI_ON_MASK: False
    VORONOI_TH: 0.0
  REDUCE_MEMORY: False
  REUSE_PREDICTIONS: False
  SAVE_MODEL_RAW_OUTPUT: True
  VERBOSE: True
TRAIN:
  BATCH_SIZE: 34
  CHECKPOINT_MONITOR: val_loss
  ENABLE: True
  EPOCHS: 60
  GRADIENT_CLIP_NORM: 0.0
  LR: [0.001]
  LR_SCHEDULER:
    MIN_LR: [-1.0]
    NAME: onecycle
    REDUCEONPLATEAU_FACTOR: 0.5
    REDUCEONPLATEAU_PATIENCE: -1
    WARMUP_COSINE_DECAY_EPOCHS: -1
  METRICS: ['iou']
  OPTIMIZER: ['ADAMW']
  OPT_BETAS: [[0.9, 0.999]]
  PATIENCE: 10
  VERBOSE: False
  W_DECAY: 0.02
[11:05:04.266412] *~~~~~~~~~~~~~~~~~~~~~~~~~~~~~~~~~~~~~~~~~~~~~~~~~~*
[11:05:04.266436] Initializing Instance_Segmentation_Workflow
[11:05:04.266443] *~~~~~~~~~~~~~~~~~~~~~~~~~~~~~~~~~~~~~~~~~~~~~~~~~~*

[11:05:04.628872] Creating normalization module . . .
[11:05:04.628908] Normalization module created with the following configuration:
[11:05:04.628916]   type: zero_mean_unit_variance
[11:05:04.628923]   target_type: mask
[11:05:04.628929]   out_dtype: float32
[11:05:04.628936]   norm_target: False
[11:05:04.628942]   percentile_clip: False
[11:05:04.628949]   per_lower_bound: -1.0
[11:05:04.628955]   per_upper_bound: -1.0
[11:05:04.628968]   lower_bound_val: [-1.0]
[11:05:04.628974]   upper_bound_val: [-1.0]
[11:05:04.628979]   mean: [-1.0]
[11:05:04.628985]   std: [-1.0]
[11:05:04.629005] ###########################
[11:05:04.629011] #  PREPARE INSTANCE DATA  #
[11:05:04.629015] ###########################
[11:05:04.631274] DATA.TRAIN.GT_PATH changed from fisbe/biapy-channel-scale-zarr/train/label to fisbe/biapy-channel-scale-zarr/train/label_F.erosion-1.dilation-1_D.act-tanh
[11:05:04.631284] DATA.VAL.GT_PATH changed from fisbe/biapy-no-aug-zarr/val/label to fisbe/biapy-no-aug-zarr/val/label_F.erosion-1.dilation-1_D.act-tanh
[11:05:04.631550] Training on PATH=fisbe/biapy-channel-scale-zarr/train/raw GT_PATH=fisbe/biapy-channel-scale-zarr/train/label_F.erosion-1.dilation-1_D.act-tanh
[11:05:04.631578] ##########################
[11:05:04.631585] #   LOAD TRAINING DATA   #
[11:05:04.631591] ##########################
[11:05:04.631650] ### LOAD ###
[11:05:04.640629] Gathering raw images for training data . . .
[11:05:05.782741] Gathering labels for training data . . .
[11:05:06.495588] Checking training raw and label images' shapes . . .
[11:05:06.506331] Gathering raw images for validation data . . .
[11:05:06.586486] Gathering labels for validation data . . .
[11:05:06.648393] Checking validation raw and label images' shapes . . .
[11:05:06.649078] ### LOAD RESULTS ###
[11:05:06.649093] *** Loaded train data shape is: (16676, 80, 128, 128)
[11:05:06.649101] *** Loaded train GT shape is: (16676, 80, 128, 128)
[11:05:06.649108] *** Loaded validation data shape is: (900, 80, 128, 128)
[11:05:06.649114] *** Loaded validation GT shape is: (900, 80, 128, 128)
[11:05:06.649119] ### END LOAD ###
[11:05:06.649144] ###############
[11:05:06.649151] # Build model #
[11:05:06.649157] ###############
[11:05:06.672187] Selected output channels:
[11:05:06.672210]   - 0 channel for F+D output
[11:05:11.753780] =================================================================================================================================================
Layer (type:depth-idx)                                                 Input Shape               Output Shape              Param #
=================================================================================================================================================
SE_U_Net                                                               [1, 3, 80, 128, 128]      [1, 2, 80, 128, 128]      --
├─ModuleList: 1-7                                                      --                        --                        (recursive)
│    └─ConvBlock: 2-1                                                  [1, 3, 80, 128, 128]      [1, 16, 80, 128, 128]     --
│    │    └─Sequential: 3-1                                            [1, 3, 80, 128, 128]      [1, 16, 80, 128, 128]     --
│    │    │    └─ConvBlock: 4-1                                        [1, 3, 80, 128, 128]      [1, 16, 80, 128, 128]     --
│    │    │    │    └─Sequential: 5-1                                  [1, 3, 80, 128, 128]      [1, 16, 80, 128, 128]     --
│    │    │    │    │    └─Conv3d: 6-1                                 [1, 3, 80, 128, 128]      [1, 16, 80, 128, 128]     1,312
│    │    │    │    │    └─InstanceNorm3d: 6-2                         [1, 16, 80, 128, 128]     [1, 16, 80, 128, 128]     32
│    │    │    │    │    └─ELU: 6-3                                    [1, 16, 80, 128, 128]     [1, 16, 80, 128, 128]     --
│    │    │    │    │    └─SqExBlock: 6-4                              [1, 16, 80, 128, 128]     [1, 16, 80, 128, 128]     --
│    │    │    │    │    │    └─AdaptiveAvgPool3d: 7-1                 [1, 16, 80, 128, 128]     [1, 16, 1, 1, 1]          --
│    │    │    │    │    │    └─Sequential: 7-2                        [1, 16]                   [1, 16]                   --
│    │    │    │    │    │    │    └─Linear: 8-1                       [1, 16]                   [1, 1]                    16
│    │    │    │    │    │    │    └─ReLU: 8-2                         [1, 1]                    [1, 1]                    --
│    │    │    │    │    │    │    └─Linear: 8-3                       [1, 1]                    [1, 16]                   16
│    │    │    │    │    │    │    └─Sigmoid: 8-4                      [1, 16]                   [1, 16]                   --
│    │    │    └─ConvBlock: 4-2                                        [1, 16, 80, 128, 128]     [1, 16, 80, 128, 128]     --
│    │    │    │    └─Sequential: 5-2                                  [1, 16, 80, 128, 128]     [1, 16, 80, 128, 128]     --
│    │    │    │    │    └─Conv3d: 6-5                                 [1, 16, 80, 128, 128]     [1, 16, 80, 128, 128]     6,928
│    │    │    │    │    └─InstanceNorm3d: 6-6                         [1, 16, 80, 128, 128]     [1, 16, 80, 128, 128]     32
│    │    │    │    │    └─ELU: 6-7                                    [1, 16, 80, 128, 128]     [1, 16, 80, 128, 128]     --
│    │    │    │    │    └─SqExBlock: 6-8                              [1, 16, 80, 128, 128]     [1, 16, 80, 128, 128]     --
│    │    │    │    │    │    └─AdaptiveAvgPool3d: 7-3                 [1, 16, 80, 128, 128]     [1, 16, 1, 1, 1]          --
│    │    │    │    │    │    └─Sequential: 7-4                        [1, 16]                   [1, 16]                   --
│    │    │    │    │    │    │    └─Linear: 8-5                       [1, 16]                   [1, 1]                    16
│    │    │    │    │    │    │    └─ReLU: 8-6                         [1, 1]                    [1, 1]                    --
│    │    │    │    │    │    │    └─Linear: 8-7                       [1, 1]                    [1, 16]                   16
│    │    │    │    │    │    │    └─Sigmoid: 8-8                      [1, 16]                   [1, 16]                   --
├─ModuleList: 1-8                                                      --                        --                        --
│    └─MaxPool3d: 2-2                                                  [1, 16, 80, 128, 128]     [1, 16, 80, 64, 64]       --
├─ModuleList: 1-7                                                      --                        --                        (recursive)
│    └─ConvBlock: 2-3                                                  [1, 16, 80, 64, 64]       [1, 32, 80, 64, 64]       --
│    │    └─Sequential: 3-2                                            [1, 16, 80, 64, 64]       [1, 32, 80, 64, 64]       --
│    │    │    └─ConvBlock: 4-3                                        [1, 16, 80, 64, 64]       [1, 32, 80, 64, 64]       --
│    │    │    │    └─Sequential: 5-3                                  [1, 16, 80, 64, 64]       [1, 32, 80, 64, 64]       --
│    │    │    │    │    └─Conv3d: 6-9                                 [1, 16, 80, 64, 64]       [1, 32, 80, 64, 64]       13,856
│    │    │    │    │    └─InstanceNorm3d: 6-10                        [1, 32, 80, 64, 64]       [1, 32, 80, 64, 64]       64
│    │    │    │    │    └─ELU: 6-11                                   [1, 32, 80, 64, 64]       [1, 32, 80, 64, 64]       --
│    │    │    │    │    └─SqExBlock: 6-12                             [1, 32, 80, 64, 64]       [1, 32, 80, 64, 64]       --
│    │    │    │    │    │    └─AdaptiveAvgPool3d: 7-5                 [1, 32, 80, 64, 64]       [1, 32, 1, 1, 1]          --
│    │    │    │    │    │    └─Sequential: 7-6                        [1, 32]                   [1, 32]                   --
│    │    │    │    │    │    │    └─Linear: 8-9                       [1, 32]                   [1, 2]                    64
│    │    │    │    │    │    │    └─ReLU: 8-10                        [1, 2]                    [1, 2]                    --
│    │    │    │    │    │    │    └─Linear: 8-11                      [1, 2]                    [1, 32]                   64
│    │    │    │    │    │    │    └─Sigmoid: 8-12                     [1, 32]                   [1, 32]                   --
│    │    │    └─ConvBlock: 4-4                                        [1, 32, 80, 64, 64]       [1, 32, 80, 64, 64]       --
│    │    │    │    └─Sequential: 5-4                                  [1, 32, 80, 64, 64]       [1, 32, 80, 64, 64]       --
│    │    │    │    │    └─Conv3d: 6-13                                [1, 32, 80, 64, 64]       [1, 32, 80, 64, 64]       27,680
│    │    │    │    │    └─InstanceNorm3d: 6-14                        [1, 32, 80, 64, 64]       [1, 32, 80, 64, 64]       64
│    │    │    │    │    └─ELU: 6-15                                   [1, 32, 80, 64, 64]       [1, 32, 80, 64, 64]       --
│    │    │    │    │    └─SqExBlock: 6-16                             [1, 32, 80, 64, 64]       [1, 32, 80, 64, 64]       --
│    │    │    │    │    │    └─AdaptiveAvgPool3d: 7-7                 [1, 32, 80, 64, 64]       [1, 32, 1, 1, 1]          --
│    │    │    │    │    │    └─Sequential: 7-8                        [1, 32]                   [1, 32]                   --
│    │    │    │    │    │    │    └─Linear: 8-13                      [1, 32]                   [1, 2]                    64
│    │    │    │    │    │    │    └─ReLU: 8-14                        [1, 2]                    [1, 2]                    --
│    │    │    │    │    │    │    └─Linear: 8-15                      [1, 2]                    [1, 32]                   64
│    │    │    │    │    │    │    └─Sigmoid: 8-16                     [1, 32]                   [1, 32]                   --
├─ModuleList: 1-8                                                      --                        --                        --
│    └─MaxPool3d: 2-4                                                  [1, 32, 80, 64, 64]       [1, 32, 80, 32, 32]       --
├─ModuleList: 1-7                                                      --                        --                        (recursive)
│    └─ConvBlock: 2-5                                                  [1, 32, 80, 32, 32]       [1, 64, 80, 32, 32]       --
│    │    └─Sequential: 3-3                                            [1, 32, 80, 32, 32]       [1, 64, 80, 32, 32]       --
│    │    │    └─ConvBlock: 4-5                                        [1, 32, 80, 32, 32]       [1, 64, 80, 32, 32]       --
│    │    │    │    └─Sequential: 5-5                                  [1, 32, 80, 32, 32]       [1, 64, 80, 32, 32]       --
│    │    │    │    │    └─Conv3d: 6-17                                [1, 32, 80, 32, 32]       [1, 64, 80, 32, 32]       55,360
│    │    │    │    │    └─InstanceNorm3d: 6-18                        [1, 64, 80, 32, 32]       [1, 64, 80, 32, 32]       128
│    │    │    │    │    └─ELU: 6-19                                   [1, 64, 80, 32, 32]       [1, 64, 80, 32, 32]       --
│    │    │    │    │    └─SqExBlock: 6-20                             [1, 64, 80, 32, 32]       [1, 64, 80, 32, 32]       --
│    │    │    │    │    │    └─AdaptiveAvgPool3d: 7-9                 [1, 64, 80, 32, 32]       [1, 64, 1, 1, 1]          --
│    │    │    │    │    │    └─Sequential: 7-10                       [1, 64]                   [1, 64]                   --
│    │    │    │    │    │    │    └─Linear: 8-17                      [1, 64]                   [1, 4]                    256
│    │    │    │    │    │    │    └─ReLU: 8-18                        [1, 4]                    [1, 4]                    --
│    │    │    │    │    │    │    └─Linear: 8-19                      [1, 4]                    [1, 64]                   256
│    │    │    │    │    │    │    └─Sigmoid: 8-20                     [1, 64]                   [1, 64]                   --
│    │    │    └─ConvBlock: 4-6                                        [1, 64, 80, 32, 32]       [1, 64, 80, 32, 32]       --
│    │    │    │    └─Sequential: 5-6                                  [1, 64, 80, 32, 32]       [1, 64, 80, 32, 32]       --
│    │    │    │    │    └─Conv3d: 6-21                                [1, 64, 80, 32, 32]       [1, 64, 80, 32, 32]       110,656
│    │    │    │    │    └─InstanceNorm3d: 6-22                        [1, 64, 80, 32, 32]       [1, 64, 80, 32, 32]       128
│    │    │    │    │    └─ELU: 6-23                                   [1, 64, 80, 32, 32]       [1, 64, 80, 32, 32]       --
│    │    │    │    │    └─SqExBlock: 6-24                             [1, 64, 80, 32, 32]       [1, 64, 80, 32, 32]       --
│    │    │    │    │    │    └─AdaptiveAvgPool3d: 7-11                [1, 64, 80, 32, 32]       [1, 64, 1, 1, 1]          --
│    │    │    │    │    │    └─Sequential: 7-12                       [1, 64]                   [1, 64]                   --
│    │    │    │    │    │    │    └─Linear: 8-21                      [1, 64]                   [1, 4]                    256
│    │    │    │    │    │    │    └─ReLU: 8-22                        [1, 4]                    [1, 4]                    --
│    │    │    │    │    │    │    └─Linear: 8-23                      [1, 4]                    [1, 64]                   256
│    │    │    │    │    │    │    └─Sigmoid: 8-24                     [1, 64]                   [1, 64]                   --
├─ModuleList: 1-8                                                      --                        --                        --
│    └─MaxPool3d: 2-6                                                  [1, 64, 80, 32, 32]       [1, 64, 80, 16, 16]       --
├─ModuleList: 1-7                                                      --                        --                        (recursive)
│    └─ConvBlock: 2-7                                                  [1, 64, 80, 16, 16]       [1, 128, 80, 16, 16]      --
│    │    └─Sequential: 3-4                                            [1, 64, 80, 16, 16]       [1, 128, 80, 16, 16]      --
│    │    │    └─ConvBlock: 4-7                                        [1, 64, 80, 16, 16]       [1, 128, 80, 16, 16]      --
│    │    │    │    └─Sequential: 5-7                                  [1, 64, 80, 16, 16]       [1, 128, 80, 16, 16]      --
│    │    │    │    │    └─Conv3d: 6-25                                [1, 64, 80, 16, 16]       [1, 128, 80, 16, 16]      221,312
│    │    │    │    │    └─InstanceNorm3d: 6-26                        [1, 128, 80, 16, 16]      [1, 128, 80, 16, 16]      256
│    │    │    │    │    └─ELU: 6-27                                   [1, 128, 80, 16, 16]      [1, 128, 80, 16, 16]      --
│    │    │    │    │    └─SqExBlock: 6-28                             [1, 128, 80, 16, 16]      [1, 128, 80, 16, 16]      --
│    │    │    │    │    │    └─AdaptiveAvgPool3d: 7-13                [1, 128, 80, 16, 16]      [1, 128, 1, 1, 1]         --
│    │    │    │    │    │    └─Sequential: 7-14                       [1, 128]                  [1, 128]                  --
│    │    │    │    │    │    │    └─Linear: 8-25                      [1, 128]                  [1, 8]                    1,024
│    │    │    │    │    │    │    └─ReLU: 8-26                        [1, 8]                    [1, 8]                    --
│    │    │    │    │    │    │    └─Linear: 8-27                      [1, 8]                    [1, 128]                  1,024
│    │    │    │    │    │    │    └─Sigmoid: 8-28                     [1, 128]                  [1, 128]                  --
│    │    │    └─ConvBlock: 4-8                                        [1, 128, 80, 16, 16]      [1, 128, 80, 16, 16]      --
│    │    │    │    └─Sequential: 5-8                                  [1, 128, 80, 16, 16]      [1, 128, 80, 16, 16]      --
│    │    │    │    │    └─Conv3d: 6-29                                [1, 128, 80, 16, 16]      [1, 128, 80, 16, 16]      442,496
│    │    │    │    │    └─InstanceNorm3d: 6-30                        [1, 128, 80, 16, 16]      [1, 128, 80, 16, 16]      256
│    │    │    │    │    └─ELU: 6-31                                   [1, 128, 80, 16, 16]      [1, 128, 80, 16, 16]      --
│    │    │    │    │    └─SqExBlock: 6-32                             [1, 128, 80, 16, 16]      [1, 128, 80, 16, 16]      --
│    │    │    │    │    │    └─AdaptiveAvgPool3d: 7-15                [1, 128, 80, 16, 16]      [1, 128, 1, 1, 1]         --
│    │    │    │    │    │    └─Sequential: 7-16                       [1, 128]                  [1, 128]                  --
│    │    │    │    │    │    │    └─Linear: 8-29                      [1, 128]                  [1, 8]                    1,024
│    │    │    │    │    │    │    └─ReLU: 8-30                        [1, 8]                    [1, 8]                    --
│    │    │    │    │    │    │    └─Linear: 8-31                      [1, 8]                    [1, 128]                  1,024
│    │    │    │    │    │    │    └─Sigmoid: 8-32                     [1, 128]                  [1, 128]                  --
├─ModuleList: 1-8                                                      --                        --                        --
│    └─MaxPool3d: 2-8                                                  [1, 128, 80, 16, 16]      [1, 128, 80, 8, 8]        --
├─ConvBlock: 1-9                                                       [1, 128, 80, 8, 8]        [1, 256, 80, 8, 8]        --
│    └─Sequential: 2-9                                                 [1, 128, 80, 8, 8]        [1, 256, 80, 8, 8]        --
│    │    └─ConvBlock: 3-5                                             [1, 128, 80, 8, 8]        [1, 256, 80, 8, 8]        --
│    │    │    └─Sequential: 4-9                                       [1, 128, 80, 8, 8]        [1, 256, 80, 8, 8]        --
│    │    │    │    └─Conv3d: 5-9                                      [1, 128, 80, 8, 8]        [1, 256, 80, 8, 8]        884,992
│    │    │    │    └─InstanceNorm3d: 5-10                             [1, 256, 80, 8, 8]        [1, 256, 80, 8, 8]        512
│    │    │    │    └─ELU: 5-11                                        [1, 256, 80, 8, 8]        [1, 256, 80, 8, 8]        --
│    │    │    │    └─SqExBlock: 5-12                                  [1, 256, 80, 8, 8]        [1, 256, 80, 8, 8]        --
│    │    │    │    │    └─AdaptiveAvgPool3d: 6-33                     [1, 256, 80, 8, 8]        [1, 256, 1, 1, 1]         --
│    │    │    │    │    └─Sequential: 6-34                            [1, 256]                  [1, 256]                  --
│    │    │    │    │    │    └─Linear: 7-17                           [1, 256]                  [1, 16]                   4,096
│    │    │    │    │    │    └─ReLU: 7-18                             [1, 16]                   [1, 16]                   --
│    │    │    │    │    │    └─Linear: 7-19                           [1, 16]                   [1, 256]                  4,096
│    │    │    │    │    │    └─Sigmoid: 7-20                          [1, 256]                  [1, 256]                  --
│    │    └─ConvBlock: 3-6                                             [1, 256, 80, 8, 8]        [1, 256, 80, 8, 8]        --
│    │    │    └─Sequential: 4-10                                      [1, 256, 80, 8, 8]        [1, 256, 80, 8, 8]        --
│    │    │    │    └─Conv3d: 5-13                                     [1, 256, 80, 8, 8]        [1, 256, 80, 8, 8]        1,769,728
│    │    │    │    └─InstanceNorm3d: 5-14                             [1, 256, 80, 8, 8]        [1, 256, 80, 8, 8]        512
│    │    │    │    └─ELU: 5-15                                        [1, 256, 80, 8, 8]        [1, 256, 80, 8, 8]        --
│    │    │    │    └─SqExBlock: 5-16                                  [1, 256, 80, 8, 8]        [1, 256, 80, 8, 8]        --
│    │    │    │    │    └─AdaptiveAvgPool3d: 6-35                     [1, 256, 80, 8, 8]        [1, 256, 1, 1, 1]         --
│    │    │    │    │    └─Sequential: 6-36                            [1, 256]                  [1, 256]                  --
│    │    │    │    │    │    └─Linear: 7-21                           [1, 256]                  [1, 16]                   4,096
│    │    │    │    │    │    └─ReLU: 7-22                             [1, 16]                   [1, 16]                   --
│    │    │    │    │    │    └─Linear: 7-23                           [1, 16]                   [1, 256]                  4,096
│    │    │    │    │    │    └─Sigmoid: 7-24                          [1, 256]                  [1, 256]                  --
├─ModuleList: 1-10                                                     --                        --                        --
│    └─ModuleList: 2-10                                                --                        --                        --
│    │    └─UpBlock: 3-7                                               [1, 256, 80, 8, 8]        [1, 128, 80, 16, 16]      --
│    │    │    └─Sequential: 4-11                                      [1, 256, 80, 8, 8]        [1, 128, 80, 16, 16]      --
│    │    │    │    └─ConvTranspose3d: 5-17                            [1, 256, 80, 8, 8]        [1, 128, 80, 16, 16]      131,200
│    │    │    │    └─InstanceNorm3d: 5-18                             [1, 128, 80, 16, 16]      [1, 128, 80, 16, 16]      256
│    │    │    │    └─ELU: 5-19                                        [1, 128, 80, 16, 16]      [1, 128, 80, 16, 16]      --
│    │    │    └─ConvBlock: 4-12                                       [1, 256, 80, 16, 16]      [1, 128, 80, 16, 16]      --
│    │    │    │    └─Sequential: 5-20                                 [1, 256, 80, 16, 16]      [1, 128, 80, 16, 16]      --
│    │    │    │    │    └─ConvBlock: 6-37                             [1, 256, 80, 16, 16]      [1, 128, 80, 16, 16]      --
│    │    │    │    │    │    └─Sequential: 7-25                       [1, 256, 80, 16, 16]      [1, 128, 80, 16, 16]      --
│    │    │    │    │    │    │    └─Conv3d: 8-33                      [1, 256, 80, 16, 16]      [1, 128, 80, 16, 16]      884,864
│    │    │    │    │    │    │    └─InstanceNorm3d: 8-34              [1, 128, 80, 16, 16]      [1, 128, 80, 16, 16]      256
│    │    │    │    │    │    │    └─ELU: 8-35                         [1, 128, 80, 16, 16]      [1, 128, 80, 16, 16]      --
│    │    │    │    │    │    │    └─SqExBlock: 8-36                   [1, 128, 80, 16, 16]      [1, 128, 80, 16, 16]      --
│    │    │    │    │    │    │    │    └─AdaptiveAvgPool3d: 9-1       [1, 128, 80, 16, 16]      [1, 128, 1, 1, 1]         --
│    │    │    │    │    │    │    │    └─Sequential: 9-2              [1, 128]                  [1, 128]                  --
│    │    │    │    │    │    │    │    │    └─Linear: 10-1            [1, 128]                  [1, 8]                    1,024
│    │    │    │    │    │    │    │    │    └─ReLU: 10-2              [1, 8]                    [1, 8]                    --
│    │    │    │    │    │    │    │    │    └─Linear: 10-3            [1, 8]                    [1, 128]                  1,024
│    │    │    │    │    │    │    │    │    └─Sigmoid: 10-4           [1, 128]                  [1, 128]                  --
│    │    │    │    │    └─ConvBlock: 6-38                             [1, 128, 80, 16, 16]      [1, 128, 80, 16, 16]      --
│    │    │    │    │    │    └─Sequential: 7-26                       [1, 128, 80, 16, 16]      [1, 128, 80, 16, 16]      --
│    │    │    │    │    │    │    └─Conv3d: 8-37                      [1, 128, 80, 16, 16]      [1, 128, 80, 16, 16]      442,496
│    │    │    │    │    │    │    └─InstanceNorm3d: 8-38              [1, 128, 80, 16, 16]      [1, 128, 80, 16, 16]      256
│    │    │    │    │    │    │    └─ELU: 8-39                         [1, 128, 80, 16, 16]      [1, 128, 80, 16, 16]      --
│    │    │    │    │    │    │    └─SqExBlock: 8-40                   [1, 128, 80, 16, 16]      [1, 128, 80, 16, 16]      --
│    │    │    │    │    │    │    │    └─AdaptiveAvgPool3d: 9-3       [1, 128, 80, 16, 16]      [1, 128, 1, 1, 1]         --
│    │    │    │    │    │    │    │    └─Sequential: 9-4              [1, 128]                  [1, 128]                  --
│    │    │    │    │    │    │    │    │    └─Linear: 10-5            [1, 128]                  [1, 8]                    1,024
│    │    │    │    │    │    │    │    │    └─ReLU: 10-6              [1, 8]                    [1, 8]                    --
│    │    │    │    │    │    │    │    │    └─Linear: 10-7            [1, 8]                    [1, 128]                  1,024
│    │    │    │    │    │    │    │    │    └─Sigmoid: 10-8           [1, 128]                  [1, 128]                  --
│    │    └─UpBlock: 3-8                                               [1, 128, 80, 16, 16]      [1, 64, 80, 32, 32]       --
│    │    │    └─Sequential: 4-13                                      [1, 128, 80, 16, 16]      [1, 64, 80, 32, 32]       --
│    │    │    │    └─ConvTranspose3d: 5-21                            [1, 128, 80, 16, 16]      [1, 64, 80, 32, 32]       32,832
│    │    │    │    └─InstanceNorm3d: 5-22                             [1, 64, 80, 32, 32]       [1, 64, 80, 32, 32]       128
│    │    │    │    └─ELU: 5-23                                        [1, 64, 80, 32, 32]       [1, 64, 80, 32, 32]       --
│    │    │    └─ConvBlock: 4-14                                       [1, 128, 80, 32, 32]      [1, 64, 80, 32, 32]       --
│    │    │    │    └─Sequential: 5-24                                 [1, 128, 80, 32, 32]      [1, 64, 80, 32, 32]       --
│    │    │    │    │    └─ConvBlock: 6-39                             [1, 128, 80, 32, 32]      [1, 64, 80, 32, 32]       --
│    │    │    │    │    │    └─Sequential: 7-27                       [1, 128, 80, 32, 32]      [1, 64, 80, 32, 32]       --
│    │    │    │    │    │    │    └─Conv3d: 8-41                      [1, 128, 80, 32, 32]      [1, 64, 80, 32, 32]       221,248
│    │    │    │    │    │    │    └─InstanceNorm3d: 8-42              [1, 64, 80, 32, 32]       [1, 64, 80, 32, 32]       128
│    │    │    │    │    │    │    └─ELU: 8-43                         [1, 64, 80, 32, 32]       [1, 64, 80, 32, 32]       --
│    │    │    │    │    │    │    └─SqExBlock: 8-44                   [1, 64, 80, 32, 32]       [1, 64, 80, 32, 32]       --
│    │    │    │    │    │    │    │    └─AdaptiveAvgPool3d: 9-5       [1, 64, 80, 32, 32]       [1, 64, 1, 1, 1]          --
│    │    │    │    │    │    │    │    └─Sequential: 9-6              [1, 64]                   [1, 64]                   --
│    │    │    │    │    │    │    │    │    └─Linear: 10-9            [1, 64]                   [1, 4]                    256
│    │    │    │    │    │    │    │    │    └─ReLU: 10-10             [1, 4]                    [1, 4]                    --
│    │    │    │    │    │    │    │    │    └─Linear: 10-11           [1, 4]                    [1, 64]                   256
│    │    │    │    │    │    │    │    │    └─Sigmoid: 10-12          [1, 64]                   [1, 64]                   --
│    │    │    │    │    └─ConvBlock: 6-40                             [1, 64, 80, 32, 32]       [1, 64, 80, 32, 32]       --
│    │    │    │    │    │    └─Sequential: 7-28                       [1, 64, 80, 32, 32]       [1, 64, 80, 32, 32]       --
│    │    │    │    │    │    │    └─Conv3d: 8-45                      [1, 64, 80, 32, 32]       [1, 64, 80, 32, 32]       110,656
│    │    │    │    │    │    │    └─InstanceNorm3d: 8-46              [1, 64, 80, 32, 32]       [1, 64, 80, 32, 32]       128
│    │    │    │    │    │    │    └─ELU: 8-47                         [1, 64, 80, 32, 32]       [1, 64, 80, 32, 32]       --
│    │    │    │    │    │    │    └─SqExBlock: 8-48                   [1, 64, 80, 32, 32]       [1, 64, 80, 32, 32]       --
│    │    │    │    │    │    │    │    └─AdaptiveAvgPool3d: 9-7       [1, 64, 80, 32, 32]       [1, 64, 1, 1, 1]          --
│    │    │    │    │    │    │    │    └─Sequential: 9-8              [1, 64]                   [1, 64]                   --
│    │    │    │    │    │    │    │    │    └─Linear: 10-13           [1, 64]                   [1, 4]                    256
│    │    │    │    │    │    │    │    │    └─ReLU: 10-14             [1, 4]                    [1, 4]                    --
│    │    │    │    │    │    │    │    │    └─Linear: 10-15           [1, 4]                    [1, 64]                   256
│    │    │    │    │    │    │    │    │    └─Sigmoid: 10-16          [1, 64]                   [1, 64]                   --
│    │    └─UpBlock: 3-9                                               [1, 64, 80, 32, 32]       [1, 32, 80, 64, 64]       --
│    │    │    └─Sequential: 4-15                                      [1, 64, 80, 32, 32]       [1, 32, 80, 64, 64]       --
│    │    │    │    └─ConvTranspose3d: 5-25                            [1, 64, 80, 32, 32]       [1, 32, 80, 64, 64]       8,224
│    │    │    │    └─InstanceNorm3d: 5-26                             [1, 32, 80, 64, 64]       [1, 32, 80, 64, 64]       64
│    │    │    │    └─ELU: 5-27                                        [1, 32, 80, 64, 64]       [1, 32, 80, 64, 64]       --
│    │    │    └─ConvBlock: 4-16                                       [1, 64, 80, 64, 64]       [1, 32, 80, 64, 64]       --
│    │    │    │    └─Sequential: 5-28                                 [1, 64, 80, 64, 64]       [1, 32, 80, 64, 64]       --
│    │    │    │    │    └─ConvBlock: 6-41                             [1, 64, 80, 64, 64]       [1, 32, 80, 64, 64]       --
│    │    │    │    │    │    └─Sequential: 7-29                       [1, 64, 80, 64, 64]       [1, 32, 80, 64, 64]       --
│    │    │    │    │    │    │    └─Conv3d: 8-49                      [1, 64, 80, 64, 64]       [1, 32, 80, 64, 64]       55,328
│    │    │    │    │    │    │    └─InstanceNorm3d: 8-50              [1, 32, 80, 64, 64]       [1, 32, 80, 64, 64]       64
│    │    │    │    │    │    │    └─ELU: 8-51                         [1, 32, 80, 64, 64]       [1, 32, 80, 64, 64]       --
│    │    │    │    │    │    │    └─SqExBlock: 8-52                   [1, 32, 80, 64, 64]       [1, 32, 80, 64, 64]       --
│    │    │    │    │    │    │    │    └─AdaptiveAvgPool3d: 9-9       [1, 32, 80, 64, 64]       [1, 32, 1, 1, 1]          --
│    │    │    │    │    │    │    │    └─Sequential: 9-10             [1, 32]                   [1, 32]                   --
│    │    │    │    │    │    │    │    │    └─Linear: 10-17           [1, 32]                   [1, 2]                    64
│    │    │    │    │    │    │    │    │    └─ReLU: 10-18             [1, 2]                    [1, 2]                    --
│    │    │    │    │    │    │    │    │    └─Linear: 10-19           [1, 2]                    [1, 32]                   64
│    │    │    │    │    │    │    │    │    └─Sigmoid: 10-20          [1, 32]                   [1, 32]                   --
│    │    │    │    │    └─ConvBlock: 6-42                             [1, 32, 80, 64, 64]       [1, 32, 80, 64, 64]       --
│    │    │    │    │    │    └─Sequential: 7-30                       [1, 32, 80, 64, 64]       [1, 32, 80, 64, 64]       --
│    │    │    │    │    │    │    └─Conv3d: 8-53                      [1, 32, 80, 64, 64]       [1, 32, 80, 64, 64]       27,680
│    │    │    │    │    │    │    └─InstanceNorm3d: 8-54              [1, 32, 80, 64, 64]       [1, 32, 80, 64, 64]       64
│    │    │    │    │    │    │    └─ELU: 8-55                         [1, 32, 80, 64, 64]       [1, 32, 80, 64, 64]       --
│    │    │    │    │    │    │    └─SqExBlock: 8-56                   [1, 32, 80, 64, 64]       [1, 32, 80, 64, 64]       --
│    │    │    │    │    │    │    │    └─AdaptiveAvgPool3d: 9-11      [1, 32, 80, 64, 64]       [1, 32, 1, 1, 1]          --
│    │    │    │    │    │    │    │    └─Sequential: 9-12             [1, 32]                   [1, 32]                   --
│    │    │    │    │    │    │    │    │    └─Linear: 10-21           [1, 32]                   [1, 2]                    64
│    │    │    │    │    │    │    │    │    └─ReLU: 10-22             [1, 2]                    [1, 2]                    --
│    │    │    │    │    │    │    │    │    └─Linear: 10-23           [1, 2]                    [1, 32]                   64
│    │    │    │    │    │    │    │    │    └─Sigmoid: 10-24          [1, 32]                   [1, 32]                   --
│    │    └─UpBlock: 3-10                                              [1, 32, 80, 64, 64]       [1, 16, 80, 128, 128]     --
│    │    │    └─Sequential: 4-17                                      [1, 32, 80, 64, 64]       [1, 16, 80, 128, 128]     --
│    │    │    │    └─ConvTranspose3d: 5-29                            [1, 32, 80, 64, 64]       [1, 16, 80, 128, 128]     2,064
│    │    │    │    └─InstanceNorm3d: 5-30                             [1, 16, 80, 128, 128]     [1, 16, 80, 128, 128]     32
│    │    │    │    └─ELU: 5-31                                        [1, 16, 80, 128, 128]     [1, 16, 80, 128, 128]     --
│    │    │    └─ConvBlock: 4-18                                       [1, 32, 80, 128, 128]     [1, 16, 80, 128, 128]     --
│    │    │    │    └─Sequential: 5-32                                 [1, 32, 80, 128, 128]     [1, 16, 80, 128, 128]     --
│    │    │    │    │    └─ConvBlock: 6-43                             [1, 32, 80, 128, 128]     [1, 16, 80, 128, 128]     --
│    │    │    │    │    │    └─Sequential: 7-31                       [1, 32, 80, 128, 128]     [1, 16, 80, 128, 128]     --
│    │    │    │    │    │    │    └─Conv3d: 8-57                      [1, 32, 80, 128, 128]     [1, 16, 80, 128, 128]     13,840
│    │    │    │    │    │    │    └─InstanceNorm3d: 8-58              [1, 16, 80, 128, 128]     [1, 16, 80, 128, 128]     32
│    │    │    │    │    │    │    └─ELU: 8-59                         [1, 16, 80, 128, 128]     [1, 16, 80, 128, 128]     --
│    │    │    │    │    │    │    └─SqExBlock: 8-60                   [1, 16, 80, 128, 128]     [1, 16, 80, 128, 128]     --
│    │    │    │    │    │    │    │    └─AdaptiveAvgPool3d: 9-13      [1, 16, 80, 128, 128]     [1, 16, 1, 1, 1]          --
│    │    │    │    │    │    │    │    └─Sequential: 9-14             [1, 16]                   [1, 16]                   --
│    │    │    │    │    │    │    │    │    └─Linear: 10-25           [1, 16]                   [1, 1]                    16
│    │    │    │    │    │    │    │    │    └─ReLU: 10-26             [1, 1]                    [1, 1]                    --
│    │    │    │    │    │    │    │    │    └─Linear: 10-27           [1, 1]                    [1, 16]                   16
│    │    │    │    │    │    │    │    │    └─Sigmoid: 10-28          [1, 16]                   [1, 16]                   --
│    │    │    │    │    └─ConvBlock: 6-44                             [1, 16, 80, 128, 128]     [1, 16, 80, 128, 128]     --
│    │    │    │    │    │    └─Sequential: 7-32                       [1, 16, 80, 128, 128]     [1, 16, 80, 128, 128]     --
│    │    │    │    │    │    │    └─Conv3d: 8-61                      [1, 16, 80, 128, 128]     [1, 16, 80, 128, 128]     6,928
│    │    │    │    │    │    │    └─InstanceNorm3d: 8-62              [1, 16, 80, 128, 128]     [1, 16, 80, 128, 128]     32
│    │    │    │    │    │    │    └─ELU: 8-63                         [1, 16, 80, 128, 128]     [1, 16, 80, 128, 128]     --
│    │    │    │    │    │    │    └─SqExBlock: 8-64                   [1, 16, 80, 128, 128]     [1, 16, 80, 128, 128]     --
│    │    │    │    │    │    │    │    └─AdaptiveAvgPool3d: 9-15      [1, 16, 80, 128, 128]     [1, 16, 1, 1, 1]          --
│    │    │    │    │    │    │    │    └─Sequential: 9-16             [1, 16]                   [1, 16]                   --
│    │    │    │    │    │    │    │    │    └─Linear: 10-29           [1, 16]                   [1, 1]                    16
│    │    │    │    │    │    │    │    │    └─ReLU: 10-30             [1, 1]                    [1, 1]                    --
│    │    │    │    │    │    │    │    │    └─Linear: 10-31           [1, 1]                    [1, 16]                   16
│    │    │    │    │    │    │    │    │    └─Sigmoid: 10-32          [1, 16]                   [1, 16]                   --
├─Sequential: 1-11                                                     --                        --                        --
│    └─Conv3d: 2-11                                                    [1, 16, 80, 128, 128]     [1, 2, 80, 128, 128]      34
=================================================================================================================================================
Total params: 5,502,402
Trainable params: 5,502,402
Non-trainable params: 0
Total mult-adds (Units.GIGABYTES): 184.81
=================================================================================================================================================
Input size (MB): 15.73
Forward/backward pass size (MB): 3208.66
Params size (MB): 22.01
Estimated Total Size (MB): 3246.39
=================================================================================================================================================
[11:05:11.822314] ##############################
[11:05:11.822341] #  PREPARE TRAIN GENERATORS  #
[11:05:11.822347] ##############################
[11:05:11.822504] Initializing train data generator . . .
[11:05:11.918148] Checking which channel of the mask needs normalization . . .
[11:05:12.010363] Normalization config used for X (first sample): {'type': 'zero_mean_unit_variance', 'target_type': 'mask', 'out_dtype': 'float32', 'norm_target': False, 'percentile_clip': False, 'per_lower_bound': -1.0, 'per_upper_bound': -1.0, 'lower_bound_val': [-1.0], 'upper_bound_val': [-1.0], 'mean': [-1.0], 'std': [-1.0]}
[11:05:12.010392] Normalization config used for Y: {'target_type': 'mask', 'orig_dtype': 'float32', 'per_channel_info': {0: {'type': 'bin', 'div': False}, 1: {'type': 'bin', 'div': False}}}
[11:05:12.011284] Initializing val data generator . . .
[11:05:12.080891] Checking which channel of the mask needs normalization . . .
[11:05:12.164486] Normalization config used for X (first sample): {'type': 'zero_mean_unit_variance', 'target_type': 'mask', 'out_dtype': 'float32', 'norm_target': False, 'percentile_clip': False, 'per_lower_bound': -1.0, 'per_upper_bound': -1.0, 'lower_bound_val': [-1.0], 'upper_bound_val': [-1.0], 'mean': [-1.0], 'std': [-1.0]}
[11:05:12.164515] Normalization config used for Y: {'target_type': 'mask', 'orig_dtype': 'float32', 'per_channel_info': {0: {'type': 'bin', 'div': False}, 1: {'type': 'bin', 'div': False}}}
[11:05:12.165378] Train/val generators with 8 workers
[11:05:12.165393] Effective batch size: 34
[11:05:12.165399] Sampler_train = None
