SBATCH Run: biapy-channel-scale-zarr-seunet-FD.yaml, mode: preprocessing, job-name: biapy-channel-scale-zarr-seunet-FD, run-id: 0
SLURM_CPUS_PER_TASK=8
running BiaPy/run_biapy-py.py
Patched BiaPy create_instance_channels: float32 channels + full-volume Zarr v2 GT export
Mode overrides (preprocessing): leaving YAML flags as-is (TRAIN.ENABLE=True, TEST.ENABLE=True, MODEL.LOAD_CHECKPOINT=False)
CPU overrides: SYSTEM.NUM_CPUS=8, SYSTEM.NUM_WORKERS=8
Date     : 2026-08-23 09:56:24
Arguments: Namespace(config={'SYSTEM': {'NUM_CPUS': 8, 'NUM_WORKERS': -1}, 'PROBLEM': {'TYPE': 'INSTANCE_SEG', 'NDIM': '3D', 'INSTANCE_SEG': {'DATA_CHANNELS': ['F', 'D'], 'DATA_CHANNELS_EXTRA_OPTS': [{'F': {'erosion': 1, 'dilation': 1}}], 'DATA_CHANNEL_WEIGHTS': '(1.0, 1.0)', 'WATERSHED': {'SEED_CHANNELS': ['D'], 'SEED_CHANNELS_THRESH': [0.05], 'TOPOGRAPHIC_SURFACE_CHANNEL': 'F', 'GROWTH_MASK_CHANNELS': ['F'], 'GROWTH_MASK_CHANNELS_THRESH': ['auto'], 'DATA_CHECK_MW': True, 'DATA_REMOVE_BEFORE_MW': True, 'DATA_REMOVE_SMALL_OBJ_BEFORE': 250}}}, 'DATA': {'PATCH_SIZE': '(80, 128, 128, 3)', 'TRAIN': {'PATH': 'fisbe/biapy-channel-scale-zarr/train/raw', 'GT_PATH': 'fisbe/biapy-channel-scale-zarr/train/label', 'INPUT_IMG_AXES_ORDER': 'ZYXC', 'INPUT_MASK_AXES_ORDER': 'ZYXC', 'IN_MEMORY': False}, 'VAL': {'PATH': 'fisbe/biapy-no-aug-zarr/val/raw', 'GT_PATH': 'fisbe/biapy-no-aug-zarr/val/label', 'FROM_TRAIN': False, 'INPUT_IMG_AXES_ORDER': 'ZYXC', 'INPUT_MASK_AXES_ORDER': 'ZYXC', 'IN_MEMORY': False}, 'TEST': {'PATH': 'fisbe/biapy-no-aug-zarr/test/raw', 'GT_PATH': 'fisbe/biapy-no-aug-zarr/test/label', 'INPUT_IMG_AXES_ORDER': 'ZYXC', 'INPUT_MASK_AXES_ORDER': 'ZYXC', 'IN_MEMORY': False, 'LOAD_GT': True, 'PADDING': '(4,16,16)'}}, 'AUGMENTOR': {'ENABLE': False, 'RANDOM_ROT': False, 'VFLIP': False, 'HFLIP': False, 'ZFLIP': False}, 'MODEL': {'ARCHITECTURE': 'seunet', 'FEATURE_MAPS': [16, 32, 64, 128, 256], 'Z_DOWN': [1, 1, 1, 1], 'LOAD_CHECKPOINT': False}, 'TRAIN': {'ENABLE': True, 'OPTIMIZER': 'ADAMW', 'LR': 0.001, 'BATCH_SIZE': 34, 'EPOCHS': 60, 'PATIENCE': 10, 'LR_SCHEDULER': {'NAME': 'onecycle'}}, 'TEST': {'ENABLE': True, 'REUSE_PREDICTIONS': False, 'AUGMENTATION': False, 'FULL_IMG': False, 'BY_CHUNKS': {'ENABLE': True, 'FORMAT': 'zarr', 'SAVE_OUT_TIF': True, 'INPUT_IMG_AXES_ORDER': 'ZYXC', 'WORKFLOW_PROCESS': {'ENABLE': True, 'TYPE': 'entire_pred'}}, 'POST_PROCESSING': {'INSTANCE_REFINEMENT': {'ENABLE': True, 'OPERATIONS': ['remove_small_objects'], 'VALUES': [1000]}}}}, result_dir='metrics/biapy', name='biapy-channel-scale-zarr-seunet-FD', run_id='0', gpu='', world_size=1, local_rank=-1, dist_on_itp=False, dist_url='env://', dist_backend='nccl')
Job      : biapy-channel-scale-zarr-seunet-FD_0
BiaPy    : 3.7.0
Python   : 3.11.15 | packaged by conda-forge | (main, Jun 11 2026, 03:34:02) [GCC 14.3.0]
PyTorch  : 2.12.1+cu130
The following changes were made in order to adapt the input configuration:
Not using distributed mode
[09:56:24.058080] **** Using 'cpu' for training
[09:56:24.193940] CPU budget(total)=8 | per_rank=8 | main_threads=4 | num_workers(per_rank)=3 | world_size=1
[09:56:24.241107] Configuration details:
[09:56:24.241131] AUGMENTOR:
  AFFINE_MODE: reflect
  AUG_NUM_SAMPLES: 10
  AUG_SAMPLES: True
  BRIGHTNESS: False
  BRIGHTNESS_FACTOR: (-0.1, 0.1)
  BRIGHTNESS_PROB: 0.5
  CBLUR_DOWN_RANGE: (2, 8)
  CBLUR_INSIDE: True
  CBLUR_SIZE: (0.2, 0.4)
  CHANNEL_SHUFFLE: False
  CHANNEL_SHUFFLE_PROB: 0.5
  CMIX_SIZE: (0.2, 0.4)
  CNOISE_NB_ITERATIONS: (1, 3)
  CNOISE_SCALE: (0.05, 0.1)
  CNOISE_SIZE: (0.2, 0.4)
  CONTRAST: False
  CONTRAST_FACTOR: (-0.1, 0.1)
  CONTRAST_PROB: 0.5
  COUT_APPLY_TO_MASK: False
  COUT_CVAL: 0.0
  COUT_NB_ITERATIONS: (1, 3)
  COUT_SIZE: (0.05, 0.3)
  CUTBLUR: False
  CUTBLUR_PROB: 0.5
  CUTMIX: False
  CUTMIX_PROB: 0.5
  CUTNOISE: False
  CUTNOISE_PROB: 0.5
  CUTOUT: False
  CUTOUT_PROB: 0.5
  DRAW_GRID: True
  DROPOUT: False
  DROPOUT_PROB: 0.5
  DROP_RANGE: (0, 0.2)
  ELASTIC: False
  ELASTIC_PROB: 0.5
  ENABLE: False
  E_ALPHA: (12, 16)
  E_MODE: constant
  E_SIGMA: 4
  GAMMA_CONTRAST: False
  GAMMA_CONTRAST_PROB: 0.5
  GAUSSIAN_NOISE: False
  GAUSSIAN_NOISE_MEAN: 0.0
  GAUSSIAN_NOISE_PROB: 0.5
  GAUSSIAN_NOISE_USE_INPUT_IMG_MEAN_AND_VAR: False
  GAUSSIAN_NOISE_VAR: 0.05
  GC_GAMMA: (1.25, 1.75)
  GRAYSCALE: False
  GRAYSCALE_PROB: 0.5
  GRIDMASK: False
  GRIDMASK_PROB: 0.5
  GRID_D_RANGE: (0.4, 1)
  GRID_INVERT: False
  GRID_RATIO: 0.6
  GRID_ROTATE: 1.0
  G_BLUR: False
  G_BLUR_PROB: 0.5
  G_SIGMA: (1.0, 2.0)
  HFLIP: False
  HFLIP_PROB: 0.5
  MB_KERNEL: (3, 7)
  MEDIAN_BLUR: False
  MEDIAN_BLUR_PROB: 0.5
  MISALIGNMENT: False
  MISALIGNMENT_PROB: 0.5
  MISSING_SECTIONS: False
  MISSING_SECTIONS_PROB: 0.5
  MISSP_CHANNEL_PB: 0.5
  MISSP_ITERATIONS: (10, 30)
  MOTB_K_RANGE: (8, 12)
  MOTION_BLUR: False
  MOTION_BLUR_PROB: 0.5
  MS_DISPLACEMENT: 16
  MS_ROTATE_RATIO: 0.5
  PEPPER: False
  PEPPER_AMOUNT: 0.05
  PEPPER_PROB: 0.5
  POISSON_NOISE: False
  POISSON_NOISE_PROB: 0.5
  RANDOM_ROT: False
  RANDOM_ROT_PROB: 0.5
  RANDOM_ROT_RANGE: (-180, 180)
  ROT90: False
  ROT90_PROB: 0.5
  SALT: False
  SALT_AMOUNT: 0.05
  SALT_AND_PEPPER: False
  SALT_AND_PEPPER_AMOUNT: 0.05
  SALT_AND_PEPPER_PROB: 0.5
  SALT_AND_PEPPER_PROP: 0.5
  SALT_PROB: 0.5
  SHEAR: False
  SHEAR_PROB: 0.5
  SHEAR_RANGE: (-20, 20)
  SHIFT: False
  SHIFT_PROB: 0.5
  SHIFT_RANGE: (0.1, 0.2)
  SHUFFLE_TRAIN_DATA_EACH_EPOCH: True
  SHUFFLE_VAL_DATA_EACH_EPOCH: False
  VFLIP: False
  VFLIP_PROB: 0.5
  ZFLIP: False
  ZFLIP_PROB: 0.5
  ZOOM: False
  ZOOM_IN_Z: False
  ZOOM_PROB: 0.5
  ZOOM_RANGE: (0.5, 1.5)
DATA:
  CHECK_GENERATORS: False
  FILTER_BY_IMAGE: False
  FORCE_RGB: False
  NORMALIZATION:
    PERC_CLIP:
      ENABLE: False
      LOWER_PERC: -1.0
      LOWER_VALUE: [-1.0]
      UPPER_PERC: -1.0
      UPPER_VALUE: [-1.0]
    TYPE: zero_mean_unit_variance
    ZERO_MEAN_UNIT_VAR:
      MEAN_VAL: [-1.0]
      STD_VAL: [-1.0]
  N_CLASSES: 2
  PATCH_SIZE: (80, 128, 128, 3)
  PREPROCESS:
    CANNY:
      ENABLE: False
      HIGH_THRESHOLD: None
      LOW_THRESHOLD: None
    CLAHE:
      CLIP_LIMIT: 0.01
      ENABLE: False
      KERNEL_SIZE: None
    GAUSSIAN_BLUR:
      CHANNEL_AXIS: None
      ENABLE: False
      MODE: nearest
      SIGMA: 1
    MATCH_HISTOGRAM:
      ENABLE: False
      REFERENCE_PATH: user_data/test/x
    MEDIAN_BLUR:
      ENABLE: False
      KERNEL_SIZE: (3, 3, 1)
    RESIZE:
      ANTI_ALIASING: False
      CLIP: True
      CVAL: 0.0
      ENABLE: False
      MODE: reflect
      ORDER: 1
      OUTPUT_SHAPE: (512, 512)
      PRESERVE_RANGE: True
    TEST: False
    TRAIN: False
    VAL: False
    ZOOM:
      ENABLE: False
      ZOOM_FACTOR: [1, 1, 1, 1, 1]
  REFLECT_TO_COMPLETE_SHAPE: True
  SAVE_FILTERED_IMAGES: False
  SAVE_FILTERED_IMAGES_NUM: 3
  TEST:
    BINARY_MASKS: fisbe/biapy-no-aug-zarr/test/raw/../bin_mask
    CHECK_DATA: True
    DETECTION_MASK_DIR: fisbe/biapy-no-aug-zarr/test/label_detection_masks_2
    FILTER_SAMPLES:
      ENABLE: False
      NORM_BEFORE: False
      PROPS: []
      SIGNS: []
      VALUES: []
    GT_PATH: fisbe/biapy-no-aug-zarr/test/label
    INPUT_IMG_AXES_ORDER: ZYXC
    INPUT_MASK_AXES_ORDER: ZYXC
    INPUT_ZARR_MULTIPLE_DATA: False
    INPUT_ZARR_MULTIPLE_DATA_GT_PATH: 
    INPUT_ZARR_MULTIPLE_DATA_ID_PATH: annotations.ids
    INPUT_ZARR_MULTIPLE_DATA_LOCATIONS_PATH: annotations.locations
    INPUT_ZARR_MULTIPLE_DATA_PARTNERS_PATH: annotations.presynaptic_site.partners
    INPUT_ZARR_MULTIPLE_DATA_RAW_PATH: 
    INPUT_ZARR_MULTIPLE_DATA_RESOLUTION_PATH: volumes.raw
    INSTANCE_CHANNELS_MASK_DIR: fisbe/biapy-no-aug-zarr/test/label_F.erosion-1.dilation-1_D.act-tanh
    IN_MEMORY: False
    LOAD_GT: True
    MEDIAN_PADDING: False
    OVERLAP: (0, 0, 0)
    PADDING: (4, 16, 16)
    PATH: fisbe/biapy-no-aug-zarr/test/raw
    RESOLUTION: (1, 1, 1)
    SSL_SOURCE_DIR: fisbe/biapy-no-aug-zarr/test/raw_ssl_source
    USE_VAL_AS_TEST: False
  TRAIN:
    CHECK_DATA: True
    DETECTION_MASK_DIR: fisbe/biapy-channel-scale-zarr/train/label_detection_masks_2
    EXTRACT_RANDOM_PATCH: False
    FILTER_SAMPLES:
      ENABLE: False
      NORM_BEFORE: False
      PROPS: []
      SIGNS: []
      VALUES: []
    GT_PATH: fisbe/biapy-channel-scale-zarr/train/label
    INPUT_IMG_AXES_ORDER: ZYXC
    INPUT_MASK_AXES_ORDER: ZYXC
    INPUT_ZARR_MULTIPLE_DATA: False
    INPUT_ZARR_MULTIPLE_DATA_GT_PATH: 
    INPUT_ZARR_MULTIPLE_DATA_ID_PATH: annotations.ids
    INPUT_ZARR_MULTIPLE_DATA_LOCATIONS_PATH: annotations.locations
    INPUT_ZARR_MULTIPLE_DATA_PARTNERS_PATH: annotations.presynaptic_site.partners
    INPUT_ZARR_MULTIPLE_DATA_RAW_PATH: 
    INPUT_ZARR_MULTIPLE_DATA_RESOLUTION_PATH: volumes.raw
    INSTANCE_CHANNELS_MASK_DIR: fisbe/biapy-channel-scale-zarr/train/label_F.erosion-1.dilation-1_D.act-tanh
    IN_MEMORY: False
    OVERLAP: (0, 0, 0)
    PADDING: (0, 0, 0)
    PATH: fisbe/biapy-channel-scale-zarr/train/raw
    PROBABILITY_MAP: False
    REPLICATE: 0
    RESOLUTION: (1, 1, 1)
    SSL_SOURCE_DIR: fisbe/biapy-channel-scale-zarr/train/raw_ssl_source
    W_BACKGROUND: 0.06
    W_FOREGROUND: 0.94
  VAL:
    CROSS_VAL: False
    CROSS_VAL_FOLD: 1
    CROSS_VAL_NFOLD: 5
    DETECTION_MASK_DIR: fisbe/biapy-no-aug-zarr/val/label_detection_masks_2
    DIST_EVAL: True
    FILTER_SAMPLES:
      ENABLE: False
      NORM_BEFORE: False
      PROPS: []
      SIGNS: []
      VALUES: []
    FROM_TRAIN: False
    GT_PATH: fisbe/biapy-no-aug-zarr/val/label
    INPUT_IMG_AXES_ORDER: ZYXC
    INPUT_MASK_AXES_ORDER: ZYXC
    INPUT_ZARR_MULTIPLE_DATA: False
    INPUT_ZARR_MULTIPLE_DATA_GT_PATH: 
    INPUT_ZARR_MULTIPLE_DATA_ID_PATH: annotations.ids
    INPUT_ZARR_MULTIPLE_DATA_LOCATIONS_PATH: annotations.locations
    INPUT_ZARR_MULTIPLE_DATA_PARTNERS_PATH: annotations.presynaptic_site.partners
    INPUT_ZARR_MULTIPLE_DATA_RAW_PATH: 
    INPUT_ZARR_MULTIPLE_DATA_RESOLUTION_PATH: volumes.raw
    INSTANCE_CHANNELS_MASK_DIR: fisbe/biapy-no-aug-zarr/val/label_F.erosion-1.dilation-1_D.act-tanh
    IN_MEMORY: False
    OVERLAP: (0, 0, 0)
    PADDING: (0, 0, 0)
    PATH: fisbe/biapy-no-aug-zarr/val/raw
    RANDOM: True
    RESOLUTION: (1, 1, 1)
    SPLIT_TRAIN: 0.1
    SSL_SOURCE_DIR: fisbe/biapy-no-aug-zarr/val/raw_ssl_source
LOG:
  CHART_CREATION_FREQ: 5
  LOG_DIR: metrics/biapy/biapy-channel-scale-zarr-seunet-FD/logs
  LOG_FILE_PREFIX: biapy-channel-scale-zarr-seunet-FD_0
  TENSORBOARD_LOG_DIR: metrics/biapy/biapy-channel-scale-zarr-seunet-FD/results/biapy-channel-scale-zarr-seunet-FD_0/tensorboard
LOSS:
  CLASS_REBALANCE: none
  CLASS_WEIGHTS: []
  CONTRAST:
    ENABLE: False
    MEMORY_SIZE: 5000
    PIXEL_UPD_FREQ: 10
    PROJ_DIM: 256
  CYCLEGAN:
    ALPHA_PERCEPTUAL: 0.0
    DELTA_MSE: 0.0
    GAMMA_SSIM: 1.0
    LAMBDA_GAN: 1.0
    LAMBDA_RECON: 10.0
  IGNORE_INDEX: -1
  TYPE: 
  WEIGHTS: [1.0, 1.0]
MODEL:
  ACTIVATION: elu
  ARCHITECTURE: seunet
  BMZ:
    EXPORT:
      AUTHORS: []
      CITE: []
      DATASET_INFO: [{}]
      DESCRIPTION: 
      DOCUMENTATION: 
      ENABLE: False
      LICENSE: CC-BY-4.0
      MODEL_NAME: 
      MODEL_VERSION: 0.1.0
      REUSE_BMZ_CONFIG: False
      TAGS: []
    SOURCE_MODEL_ID: 
  CONVNEXT_LAYER_SCALE: 1e-06
  CONVNEXT_SD_PROB: 0.1
  CONVNEXT_STEM_K_SIZE: 2
  CONV_BLOCK_ORDER: conv_norm_act
  CONV_LAYERS: [2, 2, 2, 2, 2]
  DROPOUT_VALUES: [0.0, 0.0, 0.0, 0.0, 0.0]
  FEATURE_MAPS: [16, 32, 64, 128, 256]
  FREEZE_LAYERS_MATCHING: []
  HRNET:
    BLOCK_TYPE: BASIC
    HEAD_TYPE: FCN
    NUM_BLOCKS: [[4, 4], [4, 4, 4], [4, 4, 4, 4]]
    NUM_BRANCHES: [2, 3, 4]
    NUM_CHANNELS: [[18, 36], [18, 36, 72], [18, 36, 72, 144]]
    NUM_MODULES: [1, 4, 3]
    NUM_STAGES: 3
    VARIANT: W48
    YX_DOWN: [0, 0, 0]
    Z_DOWN: [0, 0, 0]
  ISOTROPY: [True, True, True, True, True]
  ITEMS_TO_LOAD_FROM_CHECKPOINT: ['weights', 'norm', 'model_arch']
  KERNEL_SIZE: 3
  LARGER_IO: False
  LOAD_CHECKPOINT: False
  LOAD_CHECKPOINT_EPOCH: best_on_val
  MAE_DEC_HIDDEN_SIZE: 512
  MAE_DEC_MLP_DIMS: 2048
  MAE_DEC_NUM_HEADS: 16
  MAE_DEC_NUM_LAYERS: 8
  MAE_MASK_RATIO: 0.5
  MAE_MASK_TYPE: grid
  NAFNET:
    ARCHITECTURE_D: patchgan
    DEC_BLK_NUMS: [2, 2, 2, 2]
    DW_EXPAND: 2
    ENC_BLK_NUMS: [2, 2, 4, 8]
    FFN_EXPAND: 2
    MIDDLE_BLK_NUM: 12
    PATCHGAN:
      BASE_FILTERS: 64
    WIDTH: 16
  NORMALIZATION: in
  OUT_CHECKPOINT_FORMAT: pth
  RCAN_CONV_FILTERS: 16
  RCAN_RCAB_BLOCK_NUM: 20
  RCAN_REDUCTION_RATIO: 16
  RCAN_RG_BLOCK_NUM: 10
  RCAN_UPSCALING_LAYER: True
  SAVE_CKPT_FREQ: -1
  SKIP_UNMATCHED_LAYERS: False
  SOURCE: biapy
  STUNET:
    PRETRAINED: False
    VARIANT: base
  TORCHVISION_MODEL_NAME: 
  UNETR_VIT_HIDD_MULT: -1
  UNETR_VIT_MODEL: custom
  UNETR_VIT_NUM_FILTERS: 16
  UNET_SR_UPSAMPLE_POSITION: pre
  UPSAMPLE_LAYER: convtranspose
  VIT_EMBED_DIM: 768
  VIT_MLP_RATIO: 4.0
  VIT_MODEL: custom
  VIT_NORM_EPS: 1e-06
  VIT_NUM_HEADS: 12
  VIT_NUM_LAYERS: 12
  VIT_PRETRAINED_WEIGHTS: 
  VIT_TOKEN_SIZE: 16
  YX_DOWN: [2, 2, 2, 2]
  Z_DOWN: [1, 1, 1, 1]
PATHS:
  BMZ_EXPORT_PATH: metrics/biapy/biapy-channel-scale-zarr-seunet-FD/results/biapy-channel-scale-zarr-seunet-FD_0/BMZ_files
  CHARTS: metrics/biapy/biapy-channel-scale-zarr-seunet-FD/results/biapy-channel-scale-zarr-seunet-FD_0/charts
  CHECKPOINT: metrics/biapy/biapy-channel-scale-zarr-seunet-FD/checkpoints
  CHECKPOINT_FILE: 
  DA_SAMPLES: metrics/biapy/biapy-channel-scale-zarr-seunet-FD/results/biapy-channel-scale-zarr-seunet-FD_0/aug
  FIL_SAMPLES_DIR: metrics/biapy/biapy-channel-scale-zarr-seunet-FD/results/biapy-channel-scale-zarr-seunet-FD_0/filtering_information
  GEN_CHECKS: metrics/biapy/biapy-channel-scale-zarr-seunet-FD/results/biapy-channel-scale-zarr-seunet-FD_0/gen_check
  GEN_MASK_CHECKS: metrics/biapy/biapy-channel-scale-zarr-seunet-FD/results/biapy-channel-scale-zarr-seunet-FD_0/gen_mask_check
  MAE_OUT_DIR: metrics/biapy/biapy-channel-scale-zarr-seunet-FD/results/biapy-channel-scale-zarr-seunet-FD_0/MAE_checks
  PROB_MAP_DIR: metrics/biapy/biapy-channel-scale-zarr-seunet-FD/prob_map
  PROB_MAP_FILENAME: prob_map.npy
  PROFILER: metrics/biapy/biapy-channel-scale-zarr-seunet-FD/results/biapy-channel-scale-zarr-seunet-FD_0/profiler
  RESULT_DIR:
    AS_3D_STACK: metrics/biapy/biapy-channel-scale-zarr-seunet-FD/results/biapy-channel-scale-zarr-seunet-FD_0/as_3d_stack
    AS_3D_STACK_BIN: metrics/biapy/biapy-channel-scale-zarr-seunet-FD/results/biapy-channel-scale-zarr-seunet-FD_0/as_3d_stack_binarized
    AS_3D_STACK_POST_PROCESSING: metrics/biapy/biapy-channel-scale-zarr-seunet-FD/results/biapy-channel-scale-zarr-seunet-FD_0/as_3d_stack_post_processing
    DET_ASSOC_POINTS: metrics/biapy/biapy-channel-scale-zarr-seunet-FD/results/biapy-channel-scale-zarr-seunet-FD_0/point_associations
    DET_LOCAL_MAX_COORDS_CHECK: metrics/biapy/biapy-channel-scale-zarr-seunet-FD/results/biapy-channel-scale-zarr-seunet-FD_0/per_image_local_max_check
    DET_LOCAL_MAX_COORDS_CHECK_POST_PROCESSING: metrics/biapy/biapy-channel-scale-zarr-seunet-FD/results/biapy-channel-scale-zarr-seunet-FD_0/per_image_local_max_check_post_processing
    FULL_IMAGE: metrics/biapy/biapy-channel-scale-zarr-seunet-FD/results/biapy-channel-scale-zarr-seunet-FD_0/full_image
    FULL_IMAGE_BIN: metrics/biapy/biapy-channel-scale-zarr-seunet-FD/results/biapy-channel-scale-zarr-seunet-FD_0/full_image_binarized
    FULL_IMAGE_INSTANCES: metrics/biapy/biapy-channel-scale-zarr-seunet-FD/results/biapy-channel-scale-zarr-seunet-FD_0/full_image_instances
    FULL_IMAGE_POST_PROCESSING: metrics/biapy/biapy-channel-scale-zarr-seunet-FD/results/biapy-channel-scale-zarr-seunet-FD_0/full_image_post_processing
    INST_ASSOC_POINTS: metrics/biapy/biapy-channel-scale-zarr-seunet-FD/results/biapy-channel-scale-zarr-seunet-FD_0/instance_associations
    PATH: metrics/biapy/biapy-channel-scale-zarr-seunet-FD/results/biapy-channel-scale-zarr-seunet-FD_0
    PER_IMAGE: metrics/biapy/biapy-channel-scale-zarr-seunet-FD/results/biapy-channel-scale-zarr-seunet-FD_0/per_image
    PER_IMAGE_BIN: metrics/biapy/biapy-channel-scale-zarr-seunet-FD/results/biapy-channel-scale-zarr-seunet-FD_0/per_image_binarized
    PER_IMAGE_INSTANCES: metrics/biapy/biapy-channel-scale-zarr-seunet-FD/results/biapy-channel-scale-zarr-seunet-FD_0/per_image_instances
    PER_IMAGE_POST_PROCESSING: metrics/biapy/biapy-channel-scale-zarr-seunet-FD/results/biapy-channel-scale-zarr-seunet-FD_0/per_image_post_processing
  TEST_FULL_GT_H5: fisbe/biapy-no-aug-zarr/test/label/h5
  TEST_INSTANCE_CHANNELS_CHECK: metrics/biapy/biapy-channel-scale-zarr-seunet-FD/results/biapy-channel-scale-zarr-seunet-FD_0/test_FD_instance_channels
  TRAIN_INSTANCE_CHANNELS_CHECK: metrics/biapy/biapy-channel-scale-zarr-seunet-FD/results/biapy-channel-scale-zarr-seunet-FD_0/train_FD_instance_channels
  VAL_INSTANCE_CHANNELS_CHECK: metrics/biapy/biapy-channel-scale-zarr-seunet-FD/results/biapy-channel-scale-zarr-seunet-FD_0/val_FD_instance_channels
  WATERSHED_DIR: metrics/biapy/biapy-channel-scale-zarr-seunet-FD/results/biapy-channel-scale-zarr-seunet-FD_0/watershed
PROBLEM:
  DENOISING:
    LOAD_GT_DATA: False
    N2V_MANIPULATOR: uniform_withCP
    N2V_NEIGHBORHOOD_RADIUS: 5
    N2V_PERC_PIX: 0.198
    N2V_STRUCTMASK: False
  DETECTION:
    CENTRAL_POINT_DILATION: [2]
    CHECK_POINTS_CREATED: True
    CLASS_REBALANCE_WITHIN_CHANNELS: True
    DATA_CHANNEL_WEIGHTS: (1, 1)
    DATA_CHECK_MW: False
    SEPARATED_DECODERS_DIVIDE_FEATURE_MAPS: False
    SEPARATED_DECODERS_PER_HEAD: False
  IMAGE_TO_IMAGE:
    CHANNELS_PER_HEAD_INFO: []
    MULTIPLE_RAW_ONE_TARGET_LOADER: False
    OUTPUT_CHANNELS: 1
    OUTPUT_CHANNEL_ACT: []
    SEPARATED_DECODERS_DIVIDE_FEATURE_MAPS: False
    SEPARATED_DECODERS_PER_HEAD: False
  INSTANCE_SEG:
    BORDER_EXTRA_WEIGHTS: 
    CELLPOSE:
      DIAMETER: 0.0
      DIAM_MEAN: 30.0
      FG_THRESH: 0.5
      FLOW_THRESHOLD: 0.4
      N_STEPS: 200
      SCALE_RANGE: 0.5
      TEST_DOUBLE_INFERENCE: True
    CHANNELS_PER_HEAD_INFO: []
    CLASS_REBALANCE_WITHIN_CHANNELS: True
    DATA_CHANNELS: ['F', 'D']
    DATA_CHANNELS_EXTRA_OPTS: [{'F': {'erosion': 1, 'dilation': 1}, 'D': {'act': 'tanh'}}]
    DATA_CHANNELS_LOSSES: ['bce', 'mse']
    DATA_CHANNEL_WEIGHTS: (1.0, 1.0)
    EMBEDSEG:
      FG_THRESH: 0.5
      GRID_SIZE: -1
      MIN_MASK_SUM: 0
      MIN_UNCLUSTERED_SUM: 0
      SEED_THRESH: 0.9
    INSTANCE_CREATION_PROCESS: watershed
    OMNIPOSE:
      FLOW_THRESHOLD: 0.4
      MASK_THRESHOLD: 0.0
      NITER: 0
    SEPARATED_DECODERS_DIVIDE_FEATURE_MAPS: False
    SEPARATED_DECODERS_PER_HEAD: False
    STARDIST:
      GRID: []
      NMS_IOU_THRESH: 0.3
      PROB_THRESH: 0.4
    SYNAPSES:
      BLOB_LOG_MAX_SIGMA: 10
      BLOB_LOG_MIN_SIGMA: 5
      BLOB_LOG_NUM_SIGMA: 2
      EXCLUDE_BORDER: False
      MIN_TH_TO_BE_PEAK: 0.2
      PEAK_LOCAL_MAX_MIN_DISTANCE: 1
      POINT_CREATION_FUNCTION: peak_local_max
      REMOVE_CLOSE_POINTS_RADIUS_BY_MASK: False
      REMOVE_CLOSE_POST_POINTS_RADIUS: 0
      REMOVE_CLOSE_PRE_POINTS_RADIUS: 0
      TH_TYPE: auto
    TYPE: regular
    WATERSHED:
      BY_2D_SLICES: False
      DATA_CHECK_MW: True
      DATA_REMOVE_BEFORE_MW: True
      DATA_REMOVE_SMALL_OBJ_BEFORE: 250
      ERODE_AND_DILATE_GROWTH_MASK: False
      FORE_DILATION_RADIUS: 5
      FORE_EROSION_RADIUS: 5
      GROWTH_MASK_CHANNELS: ['F']
      GROWTH_MASK_CHANNELS_THRESH: ['auto']
      SEED_CHANNELS: ['D']
      SEED_CHANNELS_THRESH: [0.05]
      SEED_MORPH_RADIUS: []
      SEED_MORPH_SEQUENCE: []
      TOPOGRAPHIC_SURFACE_CHANNEL: F
  NDIM: 3D
  PRINT_OLD_KEY_CHANGES: True
  SELF_SUPERVISED:
    NOISE: 0.2
    PRETEXT_TASK: crappify
    RESIZING_FACTOR: 4
  SEMANTIC_SEG:
    IGNORE_CLASS_ID: 0
  SUPER_RESOLUTION:
    UPSCALING: (1, 1, 1)
  TYPE: INSTANCE_SEG
SYSTEM:
  DEVICE: cpu
  NUM_CPUS: 8
  NUM_GPUS: 0
  NUM_WORKERS: -1
  PIN_MEM: True
  SEED: 0
TEST:
  ANALIZE_2D_IMGS_AS_3D_STACK: False
  AUGMENTATION: False
  AUGMENTATION_GROUP: auto
  AUGMENTATION_MODE: mean
  BY_CHUNKS:
    ENABLE: True
    FLUSH_EACH: 100
    PHASES: ['prediction', 'instance_creation', 'instance_merging']
    SAVE_OUT_TIF: True
    WORKFLOW_PROCESS:
      ENABLE: True
      INSTANCE_SEG_HALO: -1
      INSTANCE_SEG_MERGE_IOU_TH: 0.3
      TYPE: entire_pred
    Z_END: -1
    Z_START: -1
  DET_BLOB_LOG_MAX_SIGMA: 10
  DET_BLOB_LOG_MIN_SIGMA: 5
  DET_BLOB_LOG_NUM_SIGMA: 2
  DET_EXCLUDE_BORDER: False
  DET_IGNORE_POINTS_OUTSIDE_BOX: []
  DET_MIN_TH_TO_BE_PEAK: 0.2
  DET_PEAK_LOCAL_MAX_MIN_DISTANCE: 1
  DET_POINT_CREATION_FUNCTION: peak_local_max
  DET_TH_TYPE: manual
  DET_TOLERANCE: 10
  ENABLE: True
  FULL_IMG: False
  MATCHING_STATS: True
  MATCHING_STATS_BY_IMAGE: True
  MATCHING_STATS_THS: [0.3, 0.5, 0.75]
  MATCHING_STATS_THS_COLORED_IMG: []
  METRICS: ['iou']
  METRICS_IN_CPU: False
  POST_PROCESSING:
    APPLY_MASK: False
    DET_WATERSHED: False
    DET_WATERSHED_DONUTS_CLASSES: [-1]
    DET_WATERSHED_DONUTS_NUCLEUS_DIAMETER: 30
    DET_WATERSHED_DONUTS_PATCH: [13, 120, 120]
    DET_WATERSHED_FIRST_DILATION: [-1, -1]
    INSTANCE_REFINEMENT:
      ENABLE: True
      OPERATIONS: ['remove_small_objects']
      VALUES: [1000]
    MEASURE_PROPERTIES:
      ENABLE: False
      EXTRA_PROPS: []
      REMOVE_BY_PROPERTIES:
        ENABLE: False
        PROPS: []
        SIGNS: []
        VALUES: []
    MEDIAN_FILTER: False
    MEDIAN_FILTER_AXIS: []
    MEDIAN_FILTER_SIZE: []
    REMOVE_CLOSE_POINTS: False
    REMOVE_CLOSE_POINTS_RADIUS: 0
    REPARE_LARGE_BLOBS_SIZE: -1
    VORONOI_ON_MASK: False
    VORONOI_TH: 0.0
  REDUCE_MEMORY: False
  REUSE_PREDICTIONS: False
  SAVE_MODEL_RAW_OUTPUT: True
  VERBOSE: True
TRAIN:
  BATCH_SIZE: 34
  CHECKPOINT_MONITOR: val_loss
  ENABLE: True
  EPOCHS: 60
  GRADIENT_CLIP_NORM: 0.0
  LR: [0.001]
  LR_SCHEDULER:
    MIN_LR: [-1.0]
    NAME: onecycle
    REDUCEONPLATEAU_FACTOR: 0.5
    REDUCEONPLATEAU_PATIENCE: -1
    WARMUP_COSINE_DECAY_EPOCHS: -1
  METRICS: ['iou']
  OPTIMIZER: ['ADAMW']
  OPT_BETAS: [[0.9, 0.999]]
  PATIENCE: 10
  VERBOSE: False
  W_DECAY: 0.02
[09:56:24.460016] *~~~~~~~~~~~~~~~~~~~~~~~~~~~~~~~~~~~~~~~~~~~~~~~~~~*
[09:56:24.460044] Initializing Instance_Segmentation_Workflow
[09:56:24.460051] *~~~~~~~~~~~~~~~~~~~~~~~~~~~~~~~~~~~~~~~~~~~~~~~~~~*

[09:56:24.615998] Creating normalization module . . .
[09:56:24.616051] Normalization module created with the following configuration:
[09:56:24.616059]   type: zero_mean_unit_variance
[09:56:24.616066]   target_type: mask
[09:56:24.616072]   out_dtype: float32
[09:56:24.616079]   norm_target: False
[09:56:24.616084]   percentile_clip: False
[09:56:24.616093]   per_lower_bound: -1.0
[09:56:24.616099]   per_upper_bound: -1.0
[09:56:24.616113]   lower_bound_val: [-1.0]
[09:56:24.616119]   upper_bound_val: [-1.0]
[09:56:24.616124]   mean: [-1.0]
[09:56:24.616130]   std: [-1.0]
[09:56:24.616155] ###########################
[09:56:24.616161] #  PREPARE INSTANCE DATA  #
[09:56:24.616166] ###########################
[09:56:24.617868] You select to create ['F', 'D'] channels from given instance labels and no file is detected in fisbe/biapy-channel-scale-zarr/train/label_F.erosion-1.dilation-1_D.act-tanh . So let's prepare the data. This process will be done just once!
[09:56:24.620098] Working with Zarr files . . .
[09:56:24.620167] Reading Zarr/H5 file: fisbe/biapy-channel-scale-zarr/train/label/R38F04-20181005_63_G3_cs0.26_1.39_1.50.zarr
[09:56:24.633890] ### 3D-OV-CROP ###
[09:56:24.633923] Cropping (431, 687, 684, 1) images into (80, 128, 128, 1) with overlapping (axis order: ZYXC). . .
[09:56:24.633932] Minimum overlap selected: (0, 0, 0)
[09:56:24.633938] Padding: (0, 0, 0)
[09:56:24.633963] Real overlapping (%): (0.1125, 0.125, 0.125)
[09:56:24.633971] Real overlapping (pixels): (9.0, 16.0, 16.0)
[09:56:24.633978] (6, 6, 6) patches per (z,y,x) axis
[09:56:24.634002] List of volume IDs to be processed by each GPU: [[0, 1, 2, 3, 4, 5]]
[09:56:24.634012] Positions of each volume in Z axis: {0: [0, 80], 1: [71, 151], 2: [142, 222], 3: [213, 293], 4: [284, 364], 5: [355, 431]}
[09:56:24.634019] Rank 0: Total number of patches: 216 - (6, 6, 6) patches per (z,y,x) axis (per GPU)
[09:56:25.932537] Reading Zarr/H5 file: fisbe/biapy-channel-scale-zarr/train/label/R38F04-20181005_63_G3_cs0.31_0.33_0.32.zarr
[09:56:25.940770] ### 3D-OV-CROP ###
[09:56:25.940802] Cropping (431, 687, 684, 1) images into (80, 128, 128, 1) with overlapping (axis order: ZYXC). . .
[09:56:25.940810] Minimum overlap selected: (0, 0, 0)
[09:56:25.940816] Padding: (0, 0, 0)
[09:56:25.940839] Real overlapping (%): (0.1125, 0.125, 0.125)
[09:56:25.940848] Real overlapping (pixels): (9.0, 16.0, 16.0)
[09:56:25.940854] (6, 6, 6) patches per (z,y,x) axis
[09:56:25.940867] List of volume IDs to be processed by each GPU: [[0, 1, 2, 3, 4, 5]]
[09:56:25.940881] Positions of each volume in Z axis: {0: [0, 80], 1: [71, 151], 2: [142, 222], 3: [213, 293], 4: [284, 364], 5: [355, 431]}
[09:56:25.940888] Rank 0: Total number of patches: 216 - (6, 6, 6) patches per (z,y,x) axis (per GPU)
[09:56:27.240030] Reading Zarr/H5 file: fisbe/biapy-channel-scale-zarr/train/label/R38F04-20181005_63_G3_cs1.39_1.47_0.27.zarr
[09:56:27.250716] ### 3D-OV-CROP ###
[09:56:27.250747] Cropping (431, 687, 684, 1) images into (80, 128, 128, 1) with overlapping (axis order: ZYXC). . .
[09:56:27.250755] Minimum overlap selected: (0, 0, 0)
[09:56:27.250761] Padding: (0, 0, 0)
[09:56:27.250781] Real overlapping (%): (0.1125, 0.125, 0.125)
[09:56:27.250789] Real overlapping (pixels): (9.0, 16.0, 16.0)
[09:56:27.250795] (6, 6, 6) patches per (z,y,x) axis
[09:56:27.250807] List of volume IDs to be processed by each GPU: [[0, 1, 2, 3, 4, 5]]
[09:56:27.250816] Positions of each volume in Z axis: {0: [0, 80], 1: [71, 151], 2: [142, 222], 3: [213, 293], 4: [284, 364], 5: [355, 431]}
[09:56:27.250824] Rank 0: Total number of patches: 216 - (6, 6, 6) patches per (z,y,x) axis (per GPU)
[09:56:28.557830] Reading Zarr/H5 file: fisbe/biapy-channel-scale-zarr/train/label/R38F04-20181005_63_G3_cs1.47_0.34_0.31.zarr
[09:56:28.566519] ### 3D-OV-CROP ###
[09:56:28.566555] Cropping (431, 687, 684, 1) images into (80, 128, 128, 1) with overlapping (axis order: ZYXC). . .
[09:56:28.566563] Minimum overlap selected: (0, 0, 0)
[09:56:28.566569] Padding: (0, 0, 0)
[09:56:28.566588] Real overlapping (%): (0.1125, 0.125, 0.125)
[09:56:28.566597] Real overlapping (pixels): (9.0, 16.0, 16.0)
[09:56:28.566603] (6, 6, 6) patches per (z,y,x) axis
[09:56:28.566615] List of volume IDs to be processed by each GPU: [[0, 1, 2, 3, 4, 5]]
[09:56:28.566625] Positions of each volume in Z axis: {0: [0, 80], 1: [71, 151], 2: [142, 222], 3: [213, 293], 4: [284, 364], 5: [355, 431]}
[09:56:28.566632] Rank 0: Total number of patches: 216 - (6, 6, 6) patches per (z,y,x) axis (per GPU)
[09:56:30.141815] Reading Zarr/H5 file: fisbe/biapy-channel-scale-zarr/train/label/R38F04-20181005_63_G5_cs0.31_1.43_0.35.zarr
[09:56:30.152204] ### 3D-OV-CROP ###
[09:56:30.152236] Cropping (421, 687, 684, 1) images into (80, 128, 128, 1) with overlapping (axis order: ZYXC). . .
[09:56:30.152244] Minimum overlap selected: (0, 0, 0)
[09:56:30.152250] Padding: (0, 0, 0)
[09:56:30.152270] Real overlapping (%): (0.1375, 0.125, 0.125)
[09:56:30.152278] Real overlapping (pixels): (11.0, 16.0, 16.0)
[09:56:30.152284] (6, 6, 6) patches per (z,y,x) axis
[09:56:30.152296] List of volume IDs to be processed by each GPU: [[0, 1, 2, 3, 4, 5]]
[09:56:30.152305] Positions of each volume in Z axis: {0: [0, 80], 1: [69, 149], 2: [138, 218], 3: [207, 287], 4: [276, 356], 5: [345, 421]}
[09:56:30.152313] Rank 0: Total number of patches: 216 - (6, 6, 6) patches per (z,y,x) axis (per GPU)
[09:56:31.114086] Reading Zarr/H5 file: fisbe/biapy-channel-scale-zarr/train/label/R38F04-20181005_63_G5_cs1.41_1.45_0.34.zarr
[09:56:31.120037] ### 3D-OV-CROP ###
[09:56:31.120069] Cropping (421, 687, 684, 1) images into (80, 128, 128, 1) with overlapping (axis order: ZYXC). . .
[09:56:31.120078] Minimum overlap selected: (0, 0, 0)
[09:56:31.120084] Padding: (0, 0, 0)
[09:56:31.120103] Real overlapping (%): (0.1375, 0.125, 0.125)
[09:56:31.120111] Real overlapping (pixels): (11.0, 16.0, 16.0)
[09:56:31.120117] (6, 6, 6) patches per (z,y,x) axis
[09:56:31.120129] List of volume IDs to be processed by each GPU: [[0, 1, 2, 3, 4, 5]]
[09:56:31.120138] Positions of each volume in Z axis: {0: [0, 80], 1: [69, 149], 2: [138, 218], 3: [207, 287], 4: [276, 356], 5: [345, 421]}
[09:56:31.120146] Rank 0: Total number of patches: 216 - (6, 6, 6) patches per (z,y,x) axis (per GPU)
[09:56:32.118956] Reading Zarr/H5 file: fisbe/biapy-channel-scale-zarr/train/label/R38F04-20181005_63_G5_cs1.43_0.36_1.50.zarr
[09:56:32.124977] ### 3D-OV-CROP ###
[09:56:32.125010] Cropping (421, 687, 684, 1) images into (80, 128, 128, 1) with overlapping (axis order: ZYXC). . .
[09:56:32.125025] Minimum overlap selected: (0, 0, 0)
[09:56:32.125031] Padding: (0, 0, 0)
[09:56:32.125050] Real overlapping (%): (0.1375, 0.125, 0.125)
[09:56:32.125058] Real overlapping (pixels): (11.0, 16.0, 16.0)
[09:56:32.125065] (6, 6, 6) patches per (z,y,x) axis
[09:56:32.125077] List of volume IDs to be processed by each GPU: [[0, 1, 2, 3, 4, 5]]
[09:56:32.125086] Positions of each volume in Z axis: {0: [0, 80], 1: [69, 149], 2: [138, 218], 3: [207, 287], 4: [276, 356], 5: [345, 421]}
[09:56:32.125093] Rank 0: Total number of patches: 216 - (6, 6, 6) patches per (z,y,x) axis (per GPU)
[09:56:33.157052] Reading Zarr/H5 file: fisbe/biapy-channel-scale-zarr/train/label/R38F04-20181005_63_G5_cs1.48_0.26_0.36.zarr
[09:56:33.165447] ### 3D-OV-CROP ###
[09:56:33.165480] Cropping (421, 687, 684, 1) images into (80, 128, 128, 1) with overlapping (axis order: ZYXC). . .
[09:56:33.165488] Minimum overlap selected: (0, 0, 0)
[09:56:33.165494] Padding: (0, 0, 0)
[09:56:33.165513] Real overlapping (%): (0.1375, 0.125, 0.125)
[09:56:33.165520] Real overlapping (pixels): (11.0, 16.0, 16.0)
[09:56:33.165527] (6, 6, 6) patches per (z,y,x) axis
[09:56:33.165539] List of volume IDs to be processed by each GPU: [[0, 1, 2, 3, 4, 5]]
[09:56:33.165548] Positions of each volume in Z axis: {0: [0, 80], 1: [69, 149], 2: [138, 218], 3: [207, 287], 4: [276, 356], 5: [345, 421]}
[09:56:33.165555] Rank 0: Total number of patches: 216 - (6, 6, 6) patches per (z,y,x) axis (per GPU)
[09:56:34.295778] Reading Zarr/H5 file: fisbe/biapy-channel-scale-zarr/train/label/R38F04-20181005_63_H1_cs0.31_1.43_0.29.zarr
[09:56:34.303027] ### 3D-OV-CROP ###
[09:56:34.303062] Cropping (399, 687, 684, 1) images into (80, 128, 128, 1) with overlapping (axis order: ZYXC). . .
[09:56:34.303070] Minimum overlap selected: (0, 0, 0)
[09:56:34.303076] Padding: (0, 0, 0)
[09:56:34.303096] Real overlapping (%): (0.0, 0.125, 0.125)
[09:56:34.303103] Real overlapping (pixels): (0.0, 16.0, 16.0)
[09:56:34.303110] (5, 6, 6) patches per (z,y,x) axis
[09:56:34.303121] List of volume IDs to be processed by each GPU: [[0, 1, 2, 3, 4]]
[09:56:34.303130] Positions of each volume in Z axis: {0: [0, 80], 1: [80, 160], 2: [160, 240], 3: [240, 320], 4: [320, 399]}
[09:56:34.303137] Rank 0: Total number of patches: 180 - (5, 6, 6) patches per (z,y,x) axis (per GPU)
[09:56:35.863750] Reading Zarr/H5 file: fisbe/biapy-channel-scale-zarr/train/label/R38F04-20181005_63_H1_cs1.44_0.27_0.26.zarr
[09:56:35.874002] ### 3D-OV-CROP ###
[09:56:35.874034] Cropping (399, 687, 684, 1) images into (80, 128, 128, 1) with overlapping (axis order: ZYXC). . .
[09:56:35.874042] Minimum overlap selected: (0, 0, 0)
[09:56:35.874048] Padding: (0, 0, 0)
[09:56:35.874066] Real overlapping (%): (0.0, 0.125, 0.125)
[09:56:35.874073] Real overlapping (pixels): (0.0, 16.0, 16.0)
[09:56:35.874079] (5, 6, 6) patches per (z,y,x) axis
[09:56:35.874090] List of volume IDs to be processed by each GPU: [[0, 1, 2, 3, 4]]
[09:56:35.874098] Positions of each volume in Z axis: {0: [0, 80], 1: [80, 160], 2: [160, 240], 3: [240, 320], 4: [320, 399]}
[09:56:35.874105] Rank 0: Total number of patches: 180 - (5, 6, 6) patches per (z,y,x) axis (per GPU)
[09:56:37.373784] Reading Zarr/H5 file: fisbe/biapy-channel-scale-zarr/train/label/R38F04-20181005_63_H1_cs1.44_1.49_0.35.zarr
[09:56:37.380887] ### 3D-OV-CROP ###
[09:56:37.380920] Cropping (399, 687, 684, 1) images into (80, 128, 128, 1) with overlapping (axis order: ZYXC). . .
[09:56:37.380928] Minimum overlap selected: (0, 0, 0)
[09:56:37.380935] Padding: (0, 0, 0)
[09:56:37.380953] Real overlapping (%): (0.0, 0.125, 0.125)
[09:56:37.380960] Real overlapping (pixels): (0.0, 16.0, 16.0)
[09:56:37.380966] (5, 6, 6) patches per (z,y,x) axis
[09:56:37.380977] List of volume IDs to be processed by each GPU: [[0, 1, 2, 3, 4]]
[09:56:37.380986] Positions of each volume in Z axis: {0: [0, 80], 1: [80, 160], 2: [160, 240], 3: [240, 320], 4: [320, 399]}
[09:56:37.380994] Rank 0: Total number of patches: 180 - (5, 6, 6) patches per (z,y,x) axis (per GPU)
[09:56:38.631039] Reading Zarr/H5 file: fisbe/biapy-channel-scale-zarr/train/label/R38F04-20181005_63_H1_cs1.49_0.30_1.49.zarr
[09:56:38.639695] ### 3D-OV-CROP ###
[09:56:38.639726] Cropping (399, 687, 684, 1) images into (80, 128, 128, 1) with overlapping (axis order: ZYXC). . .
[09:56:38.639734] Minimum overlap selected: (0, 0, 0)
[09:56:38.639740] Padding: (0, 0, 0)
[09:56:38.639758] Real overlapping (%): (0.0, 0.125, 0.125)
[09:56:38.639765] Real overlapping (pixels): (0.0, 16.0, 16.0)
[09:56:38.639771] (5, 6, 6) patches per (z,y,x) axis
[09:56:38.639782] List of volume IDs to be processed by each GPU: [[0, 1, 2, 3, 4]]
[09:56:38.639791] Positions of each volume in Z axis: {0: [0, 80], 1: [80, 160], 2: [160, 240], 3: [240, 320], 4: [320, 399]}
[09:56:38.639798] Rank 0: Total number of patches: 180 - (5, 6, 6) patches per (z,y,x) axis (per GPU)
[09:56:39.936250] Reading Zarr/H5 file: fisbe/biapy-channel-scale-zarr/train/label/R53A10-20181019_64_A4_cs0.28_1.49_1.48.zarr
[09:56:39.943757] ### 3D-OV-CROP ###
[09:56:39.943789] Cropping (410, 683, 686, 1) images into (80, 128, 128, 1) with overlapping (axis order: ZYXC). . .
[09:56:39.943797] Minimum overlap selected: (0, 0, 0)
[09:56:39.943803] Padding: (0, 0, 0)
[09:56:39.943821] Real overlapping (%): (0.175, 0.1328125, 0.125)
[09:56:39.943829] Real overlapping (pixels): (14.0, 17.0, 16.0)
[09:56:39.943835] (6, 6, 6) patches per (z,y,x) axis
[09:56:39.943847] List of volume IDs to be processed by each GPU: [[0, 1, 2, 3, 4, 5]]
[09:56:39.943855] Positions of each volume in Z axis: {0: [0, 80], 1: [66, 146], 2: [132, 212], 3: [198, 278], 4: [264, 344], 5: [330, 410]}
[09:56:39.943868] Rank 0: Total number of patches: 216 - (6, 6, 6) patches per (z,y,x) axis (per GPU)
[09:56:40.692555] Reading Zarr/H5 file: fisbe/biapy-channel-scale-zarr/train/label/R53A10-20181019_64_A4_cs0.30_1.40_0.34.zarr
[09:56:40.703179] ### 3D-OV-CROP ###
[09:56:40.703208] Cropping (410, 683, 686, 1) images into (80, 128, 128, 1) with overlapping (axis order: ZYXC). . .
[09:56:40.703215] Minimum overlap selected: (0, 0, 0)
[09:56:40.703222] Padding: (0, 0, 0)
[09:56:40.703239] Real overlapping (%): (0.175, 0.1328125, 0.125)
[09:56:40.703246] Real overlapping (pixels): (14.0, 17.0, 16.0)
[09:56:40.703252] (6, 6, 6) patches per (z,y,x) axis
[09:56:40.703264] List of volume IDs to be processed by each GPU: [[0, 1, 2, 3, 4, 5]]
[09:56:40.703273] Positions of each volume in Z axis: {0: [0, 80], 1: [66, 146], 2: [132, 212], 3: [198, 278], 4: [264, 344], 5: [330, 410]}
[09:56:40.703280] Rank 0: Total number of patches: 216 - (6, 6, 6) patches per (z,y,x) axis (per GPU)
[09:56:41.476468] Reading Zarr/H5 file: fisbe/biapy-channel-scale-zarr/train/label/R53A10-20181019_64_A4_cs1.41_0.28_1.43.zarr
[09:56:41.483773] ### 3D-OV-CROP ###
[09:56:41.483806] Cropping (410, 683, 686, 1) images into (80, 128, 128, 1) with overlapping (axis order: ZYXC). . .
[09:56:41.483814] Minimum overlap selected: (0, 0, 0)
[09:56:41.483821] Padding: (0, 0, 0)
[09:56:41.483838] Real overlapping (%): (0.175, 0.1328125, 0.125)
[09:56:41.483846] Real overlapping (pixels): (14.0, 17.0, 16.0)
[09:56:41.483852] (6, 6, 6) patches per (z,y,x) axis
[09:56:41.483864] List of volume IDs to be processed by each GPU: [[0, 1, 2, 3, 4, 5]]
[09:56:41.483873] Positions of each volume in Z axis: {0: [0, 80], 1: [66, 146], 2: [132, 212], 3: [198, 278], 4: [264, 344], 5: [330, 410]}
[09:56:41.483880] Rank 0: Total number of patches: 216 - (6, 6, 6) patches per (z,y,x) axis (per GPU)
[09:56:42.222636] Reading Zarr/H5 file: fisbe/biapy-channel-scale-zarr/train/label/R53A10-20181019_64_A4_cs1.41_1.40_0.32.zarr
[09:56:42.230687] ### 3D-OV-CROP ###
[09:56:42.230720] Cropping (410, 683, 686, 1) images into (80, 128, 128, 1) with overlapping (axis order: ZYXC). . .
[09:56:42.230728] Minimum overlap selected: (0, 0, 0)
[09:56:42.230735] Padding: (0, 0, 0)
[09:56:42.230754] Real overlapping (%): (0.175, 0.1328125, 0.125)
[09:56:42.230762] Real overlapping (pixels): (14.0, 17.0, 16.0)
[09:56:42.230768] (6, 6, 6) patches per (z,y,x) axis
[09:56:42.230780] List of volume IDs to be processed by each GPU: [[0, 1, 2, 3, 4, 5]]
[09:56:42.230796] Positions of each volume in Z axis: {0: [0, 80], 1: [66, 146], 2: [132, 212], 3: [198, 278], 4: [264, 344], 5: [330, 410]}
[09:56:42.230803] Rank 0: Total number of patches: 216 - (6, 6, 6) patches per (z,y,x) axis (per GPU)
[09:56:43.070067] Reading Zarr/H5 file: fisbe/biapy-channel-scale-zarr/train/label/R75E01-20181030_64_D1_cs0.36_0.36_0.35.zarr
[09:56:43.077307] ### 3D-OV-CROP ###
[09:56:43.077338] Cropping (401, 685, 685, 1) images into (80, 128, 128, 1) with overlapping (axis order: ZYXC). . .
[09:56:43.077346] Minimum overlap selected: (0, 0, 0)
[09:56:43.077353] Padding: (0, 0, 0)
[09:56:43.077379] Real overlapping (%): (0.1875, 0.125, 0.125)
[09:56:43.077386] Real overlapping (pixels): (15.0, 16.0, 16.0)
[09:56:43.077392] (6, 6, 6) patches per (z,y,x) axis
[09:56:43.077404] List of volume IDs to be processed by each GPU: [[0, 1, 2, 3, 4, 5]]
[09:56:43.077412] Positions of each volume in Z axis: {0: [0, 80], 1: [65, 145], 2: [130, 210], 3: [195, 275], 4: [260, 340], 5: [325, 401]}
[09:56:43.077419] Rank 0: Total number of patches: 216 - (6, 6, 6) patches per (z,y,x) axis (per GPU)
[09:56:43.887112] Reading Zarr/H5 file: fisbe/biapy-channel-scale-zarr/train/label/R75E01-20181030_64_D1_cs0.36_1.43_1.48.zarr
[09:56:43.895784] ### 3D-OV-CROP ###
[09:56:43.895815] Cropping (401, 685, 685, 1) images into (80, 128, 128, 1) with overlapping (axis order: ZYXC). . .
[09:56:43.895823] Minimum overlap selected: (0, 0, 0)
[09:56:43.895830] Padding: (0, 0, 0)
[09:56:43.895849] Real overlapping (%): (0.1875, 0.125, 0.125)
[09:56:43.895860] Real overlapping (pixels): (15.0, 16.0, 16.0)
[09:56:43.895866] (6, 6, 6) patches per (z,y,x) axis
[09:56:43.895878] List of volume IDs to be processed by each GPU: [[0, 1, 2, 3, 4, 5]]
[09:56:43.895886] Positions of each volume in Z axis: {0: [0, 80], 1: [65, 145], 2: [130, 210], 3: [195, 275], 4: [260, 340], 5: [325, 401]}
[09:56:43.895892] Rank 0: Total number of patches: 216 - (6, 6, 6) patches per (z,y,x) axis (per GPU)
[09:56:44.737536] Reading Zarr/H5 file: fisbe/biapy-channel-scale-zarr/train/label/R75E01-20181030_64_D1_cs1.44_0.37_1.48.zarr
[09:56:44.746113] ### 3D-OV-CROP ###
[09:56:44.746145] Cropping (401, 685, 685, 1) images into (80, 128, 128, 1) with overlapping (axis order: ZYXC). . .
[09:56:44.746153] Minimum overlap selected: (0, 0, 0)
[09:56:44.746159] Padding: (0, 0, 0)
[09:56:44.746179] Real overlapping (%): (0.1875, 0.125, 0.125)
[09:56:44.746186] Real overlapping (pixels): (15.0, 16.0, 16.0)
[09:56:44.746193] (6, 6, 6) patches per (z,y,x) axis
[09:56:44.746204] List of volume IDs to be processed by each GPU: [[0, 1, 2, 3, 4, 5]]
[09:56:44.746213] Positions of each volume in Z axis: {0: [0, 80], 1: [65, 145], 2: [130, 210], 3: [195, 275], 4: [260, 340], 5: [325, 401]}
[09:56:44.746220] Rank 0: Total number of patches: 216 - (6, 6, 6) patches per (z,y,x) axis (per GPU)
[09:56:45.535226] Reading Zarr/H5 file: fisbe/biapy-channel-scale-zarr/train/label/R75E01-20181030_64_D1_cs1.45_1.50_0.30.zarr
[09:56:45.542696] ### 3D-OV-CROP ###
[09:56:45.542728] Cropping (401, 685, 685, 1) images into (80, 128, 128, 1) with overlapping (axis order: ZYXC). . .
[09:56:45.542737] Minimum overlap selected: (0, 0, 0)
[09:56:45.542743] Padding: (0, 0, 0)
[09:56:45.542762] Real overlapping (%): (0.1875, 0.125, 0.125)
[09:56:45.542769] Real overlapping (pixels): (15.0, 16.0, 16.0)
[09:56:45.542775] (6, 6, 6) patches per (z,y,x) axis
[09:56:45.542787] List of volume IDs to be processed by each GPU: [[0, 1, 2, 3, 4, 5]]
[09:56:45.542796] Positions of each volume in Z axis: {0: [0, 80], 1: [65, 145], 2: [130, 210], 3: [195, 275], 4: [260, 340], 5: [325, 401]}
[09:56:45.542803] Rank 0: Total number of patches: 216 - (6, 6, 6) patches per (z,y,x) axis (per GPU)
[09:56:46.320628] Reading Zarr/H5 file: fisbe/biapy-channel-scale-zarr/train/label/VT008647-20171222_63_D1_cs0.35_0.37_0.26.zarr
[09:56:46.328513] ### 3D-OV-CROP ###
[09:56:46.328545] Cropping (417, 685, 685, 1) images into (80, 128, 128, 1) with overlapping (axis order: ZYXC). . .
[09:56:46.328558] Minimum overlap selected: (0, 0, 0)
[09:56:46.328565] Padding: (0, 0, 0)
[09:56:46.328584] Real overlapping (%): (0.15, 0.125, 0.125)
[09:56:46.328591] Real overlapping (pixels): (12.0, 16.0, 16.0)
[09:56:46.328598] (6, 6, 6) patches per (z,y,x) axis
[09:56:46.328609] List of volume IDs to be processed by each GPU: [[0, 1, 2, 3, 4, 5]]
[09:56:46.328618] Positions of each volume in Z axis: {0: [0, 80], 1: [68, 148], 2: [136, 216], 3: [204, 284], 4: [272, 352], 5: [340, 417]}
[09:56:46.328625] Rank 0: Total number of patches: 216 - (6, 6, 6) patches per (z,y,x) axis (per GPU)
[09:56:47.661831] Reading Zarr/H5 file: fisbe/biapy-channel-scale-zarr/train/label/VT008647-20171222_63_D1_cs0.36_1.49_0.25.zarr
[09:56:47.669962] ### 3D-OV-CROP ###
[09:56:47.669993] Cropping (417, 685, 685, 1) images into (80, 128, 128, 1) with overlapping (axis order: ZYXC). . .
[09:56:47.670002] Minimum overlap selected: (0, 0, 0)
[09:56:47.670008] Padding: (0, 0, 0)
[09:56:47.670026] Real overlapping (%): (0.15, 0.125, 0.125)
[09:56:47.670034] Real overlapping (pixels): (12.0, 16.0, 16.0)
[09:56:47.670040] (6, 6, 6) patches per (z,y,x) axis
[09:56:47.670052] List of volume IDs to be processed by each GPU: [[0, 1, 2, 3, 4, 5]]
[09:56:47.670061] Positions of each volume in Z axis: {0: [0, 80], 1: [68, 148], 2: [136, 216], 3: [204, 284], 4: [272, 352], 5: [340, 417]}
[09:56:47.670068] Rank 0: Total number of patches: 216 - (6, 6, 6) patches per (z,y,x) axis (per GPU)
[09:56:49.025914] Reading Zarr/H5 file: fisbe/biapy-channel-scale-zarr/train/label/VT008647-20171222_63_D1_cs0.37_0.36_1.49.zarr
[09:56:49.033104] ### 3D-OV-CROP ###
[09:56:49.033135] Cropping (417, 685, 685, 1) images into (80, 128, 128, 1) with overlapping (axis order: ZYXC). . .
[09:56:49.033143] Minimum overlap selected: (0, 0, 0)
[09:56:49.033149] Padding: (0, 0, 0)
[09:56:49.033168] Real overlapping (%): (0.15, 0.125, 0.125)
[09:56:49.033175] Real overlapping (pixels): (12.0, 16.0, 16.0)
[09:56:49.033181] (6, 6, 6) patches per (z,y,x) axis
[09:56:49.033194] List of volume IDs to be processed by each GPU: [[0, 1, 2, 3, 4, 5]]
[09:56:49.033203] Positions of each volume in Z axis: {0: [0, 80], 1: [68, 148], 2: [136, 216], 3: [204, 284], 4: [272, 352], 5: [340, 417]}
[09:56:49.033209] Rank 0: Total number of patches: 216 - (6, 6, 6) patches per (z,y,x) axis (per GPU)
[09:56:50.390132] Reading Zarr/H5 file: fisbe/biapy-channel-scale-zarr/train/label/VT008647-20171222_63_D1_cs1.46_1.45_1.39.zarr
[09:56:50.397756] ### 3D-OV-CROP ###
[09:56:50.397789] Cropping (417, 685, 685, 1) images into (80, 128, 128, 1) with overlapping (axis order: ZYXC). . .
[09:56:50.397797] Minimum overlap selected: (0, 0, 0)
[09:56:50.397803] Padding: (0, 0, 0)
[09:56:50.397822] Real overlapping (%): (0.15, 0.125, 0.125)
[09:56:50.397829] Real overlapping (pixels): (12.0, 16.0, 16.0)
[09:56:50.397836] (6, 6, 6) patches per (z,y,x) axis
[09:56:50.397848] List of volume IDs to be processed by each GPU: [[0, 1, 2, 3, 4, 5]]
[09:56:50.397856] Positions of each volume in Z axis: {0: [0, 80], 1: [68, 148], 2: [136, 216], 3: [204, 284], 4: [272, 352], 5: [340, 417]}
[09:56:50.397863] Rank 0: Total number of patches: 216 - (6, 6, 6) patches per (z,y,x) axis (per GPU)
[09:56:51.718847] Reading Zarr/H5 file: fisbe/biapy-channel-scale-zarr/train/label/VT008647-20171222_63_D2_cs0.37_1.40_1.43.zarr
[09:56:51.726680] ### 3D-OV-CROP ###
[09:56:51.726712] Cropping (412, 685, 685, 1) images into (80, 128, 128, 1) with overlapping (axis order: ZYXC). . .
[09:56:51.726720] Minimum overlap selected: (0, 0, 0)
[09:56:51.726726] Padding: (0, 0, 0)
[09:56:51.726746] Real overlapping (%): (0.1625, 0.125, 0.125)
[09:56:51.726753] Real overlapping (pixels): (13.0, 16.0, 16.0)
[09:56:51.726759] (6, 6, 6) patches per (z,y,x) axis
[09:56:51.726771] List of volume IDs to be processed by each GPU: [[0, 1, 2, 3, 4, 5]]
[09:56:51.726779] Positions of each volume in Z axis: {0: [0, 80], 1: [67, 147], 2: [134, 214], 3: [201, 281], 4: [268, 348], 5: [335, 412]}
[09:56:51.726786] Rank 0: Total number of patches: 216 - (6, 6, 6) patches per (z,y,x) axis (per GPU)
[09:56:52.941686] Reading Zarr/H5 file: fisbe/biapy-channel-scale-zarr/train/label/VT008647-20171222_63_D2_cs1.39_0.28_0.32.zarr
[09:56:52.950153] ### 3D-OV-CROP ###
[09:56:52.950186] Cropping (412, 685, 685, 1) images into (80, 128, 128, 1) with overlapping (axis order: ZYXC). . .
[09:56:52.950194] Minimum overlap selected: (0, 0, 0)
[09:56:52.950200] Padding: (0, 0, 0)
[09:56:52.950220] Real overlapping (%): (0.1625, 0.125, 0.125)
[09:56:52.950227] Real overlapping (pixels): (13.0, 16.0, 16.0)
[09:56:52.950234] (6, 6, 6) patches per (z,y,x) axis
[09:56:52.950245] List of volume IDs to be processed by each GPU: [[0, 1, 2, 3, 4, 5]]
[09:56:52.950254] Positions of each volume in Z axis: {0: [0, 80], 1: [67, 147], 2: [134, 214], 3: [201, 281], 4: [268, 348], 5: [335, 412]}
[09:56:52.950261] Rank 0: Total number of patches: 216 - (6, 6, 6) patches per (z,y,x) axis (per GPU)
[09:56:54.292181] Reading Zarr/H5 file: fisbe/biapy-channel-scale-zarr/train/label/VT008647-20171222_63_D2_cs1.39_1.42_1.41.zarr
[09:56:54.305017] ### 3D-OV-CROP ###
[09:56:54.305050] Cropping (412, 685, 685, 1) images into (80, 128, 128, 1) with overlapping (axis order: ZYXC). . .
[09:56:54.305058] Minimum overlap selected: (0, 0, 0)
[09:56:54.305064] Padding: (0, 0, 0)
[09:56:54.305083] Real overlapping (%): (0.1625, 0.125, 0.125)
[09:56:54.305090] Real overlapping (pixels): (13.0, 16.0, 16.0)
[09:56:54.305097] (6, 6, 6) patches per (z,y,x) axis
[09:56:54.305109] List of volume IDs to be processed by each GPU: [[0, 1, 2, 3, 4, 5]]
[09:56:54.305118] Positions of each volume in Z axis: {0: [0, 80], 1: [67, 147], 2: [134, 214], 3: [201, 281], 4: [268, 348], 5: [335, 412]}
[09:56:54.305125] Rank 0: Total number of patches: 216 - (6, 6, 6) patches per (z,y,x) axis (per GPU)
[09:56:55.735922] Reading Zarr/H5 file: fisbe/biapy-channel-scale-zarr/train/label/VT008647-20171222_63_D2_cs1.39_1.45_0.29.zarr
[09:56:55.743686] ### 3D-OV-CROP ###
[09:56:55.743719] Cropping (412, 685, 685, 1) images into (80, 128, 128, 1) with overlapping (axis order: ZYXC). . .
[09:56:55.743727] Minimum overlap selected: (0, 0, 0)
[09:56:55.743733] Padding: (0, 0, 0)
[09:56:55.743752] Real overlapping (%): (0.1625, 0.125, 0.125)
[09:56:55.743760] Real overlapping (pixels): (13.0, 16.0, 16.0)
[09:56:55.743767] (6, 6, 6) patches per (z,y,x) axis
[09:56:55.743778] List of volume IDs to be processed by each GPU: [[0, 1, 2, 3, 4, 5]]
[09:56:55.743794] Positions of each volume in Z axis: {0: [0, 80], 1: [67, 147], 2: [134, 214], 3: [201, 281], 4: [268, 348], 5: [335, 412]}
[09:56:55.743801] Rank 0: Total number of patches: 216 - (6, 6, 6) patches per (z,y,x) axis (per GPU)
[09:56:56.935127] Reading Zarr/H5 file: fisbe/biapy-channel-scale-zarr/train/label/VT008647-20171222_63_E1_cs0.28_0.31_0.36.zarr
[09:56:56.942309] ### 3D-OV-CROP ###
[09:56:56.942341] Cropping (416, 685, 685, 1) images into (80, 128, 128, 1) with overlapping (axis order: ZYXC). . .
[09:56:56.942349] Minimum overlap selected: (0, 0, 0)
[09:56:56.942363] Padding: (0, 0, 0)
[09:56:56.942382] Real overlapping (%): (0.15, 0.125, 0.125)
[09:56:56.942389] Real overlapping (pixels): (12.0, 16.0, 16.0)
[09:56:56.942396] (6, 6, 6) patches per (z,y,x) axis
[09:56:56.942407] List of volume IDs to be processed by each GPU: [[0, 1, 2, 3, 4, 5]]
[09:56:56.942416] Positions of each volume in Z axis: {0: [0, 80], 1: [68, 148], 2: [136, 216], 3: [204, 284], 4: [272, 352], 5: [340, 416]}
[09:56:56.942424] Rank 0: Total number of patches: 216 - (6, 6, 6) patches per (z,y,x) axis (per GPU)
[09:56:58.287837] Reading Zarr/H5 file: fisbe/biapy-channel-scale-zarr/train/label/VT008647-20171222_63_E1_cs0.31_1.50_1.42.zarr
[09:56:58.294933] ### 3D-OV-CROP ###
[09:56:58.294965] Cropping (416, 685, 685, 1) images into (80, 128, 128, 1) with overlapping (axis order: ZYXC). . .
[09:56:58.294973] Minimum overlap selected: (0, 0, 0)
[09:56:58.294979] Padding: (0, 0, 0)
[09:56:58.294999] Real overlapping (%): (0.15, 0.125, 0.125)
[09:56:58.295007] Real overlapping (pixels): (12.0, 16.0, 16.0)
[09:56:58.295013] (6, 6, 6) patches per (z,y,x) axis
[09:56:58.295031] List of volume IDs to be processed by each GPU: [[0, 1, 2, 3, 4, 5]]
[09:56:58.295040] Positions of each volume in Z axis: {0: [0, 80], 1: [68, 148], 2: [136, 216], 3: [204, 284], 4: [272, 352], 5: [340, 416]}
[09:56:58.295047] Rank 0: Total number of patches: 216 - (6, 6, 6) patches per (z,y,x) axis (per GPU)
[09:56:59.614901] Reading Zarr/H5 file: fisbe/biapy-channel-scale-zarr/train/label/VT008647-20171222_63_E1_cs0.36_0.33_1.47.zarr
[09:56:59.622754] ### 3D-OV-CROP ###
[09:56:59.622787] Cropping (416, 685, 685, 1) images into (80, 128, 128, 1) with overlapping (axis order: ZYXC). . .
[09:56:59.622794] Minimum overlap selected: (0, 0, 0)
[09:56:59.622800] Padding: (0, 0, 0)
[09:56:59.622819] Real overlapping (%): (0.15, 0.125, 0.125)
[09:56:59.622827] Real overlapping (pixels): (12.0, 16.0, 16.0)
[09:56:59.622833] (6, 6, 6) patches per (z,y,x) axis
[09:56:59.622844] List of volume IDs to be processed by each GPU: [[0, 1, 2, 3, 4, 5]]
[09:56:59.622853] Positions of each volume in Z axis: {0: [0, 80], 1: [68, 148], 2: [136, 216], 3: [204, 284], 4: [272, 352], 5: [340, 416]}
[09:56:59.622860] Rank 0: Total number of patches: 216 - (6, 6, 6) patches per (z,y,x) axis (per GPU)
[09:57:00.993721] Reading Zarr/H5 file: fisbe/biapy-channel-scale-zarr/train/label/VT008647-20171222_63_E1_cs1.39_1.43_0.25.zarr
[09:57:01.002782] ### 3D-OV-CROP ###
[09:57:01.002814] Cropping (416, 685, 685, 1) images into (80, 128, 128, 1) with overlapping (axis order: ZYXC). . .
[09:57:01.002821] Minimum overlap selected: (0, 0, 0)
[09:57:01.002828] Padding: (0, 0, 0)
[09:57:01.002847] Real overlapping (%): (0.15, 0.125, 0.125)
[09:57:01.002854] Real overlapping (pixels): (12.0, 16.0, 16.0)
[09:57:01.002860] (6, 6, 6) patches per (z,y,x) axis
[09:57:01.002872] List of volume IDs to be processed by each GPU: [[0, 1, 2, 3, 4, 5]]
[09:57:01.002881] Positions of each volume in Z axis: {0: [0, 80], 1: [68, 148], 2: [136, 216], 3: [204, 284], 4: [272, 352], 5: [340, 416]}
[09:57:01.002888] Rank 0: Total number of patches: 216 - (6, 6, 6) patches per (z,y,x) axis (per GPU)
[09:57:02.403644] Reading Zarr/H5 file: fisbe/biapy-channel-scale-zarr/train/label/VT019303-20171013_65_B6_cs0.25_1.42_1.42.zarr
[09:57:02.411503] ### 3D-OV-CROP ###
[09:57:02.411535] Cropping (362, 685, 686, 1) images into (80, 128, 128, 1) with overlapping (axis order: ZYXC). . .
[09:57:02.411543] Minimum overlap selected: (0, 0, 0)
[09:57:02.411549] Padding: (0, 0, 0)
[09:57:02.411568] Real overlapping (%): (0.1125, 0.125, 0.125)
[09:57:02.411576] Real overlapping (pixels): (9.0, 16.0, 16.0)
[09:57:02.411582] (5, 6, 6) patches per (z,y,x) axis
[09:57:02.411593] List of volume IDs to be processed by each GPU: [[0, 1, 2, 3, 4]]
[09:57:02.411602] Positions of each volume in Z axis: {0: [0, 80], 1: [71, 151], 2: [142, 222], 3: [213, 293], 4: [284, 362]}
[09:57:02.411609] Rank 0: Total number of patches: 180 - (5, 6, 6) patches per (z,y,x) axis (per GPU)
[09:57:03.180313] Reading Zarr/H5 file: fisbe/biapy-channel-scale-zarr/train/label/VT019303-20171013_65_B6_cs0.26_0.31_1.44.zarr
[09:57:03.186435] ### 3D-OV-CROP ###
[09:57:03.186452] Cropping (362, 685, 686, 1) images into (80, 128, 128, 1) with overlapping (axis order: ZYXC). . .
[09:57:03.186459] Minimum overlap selected: (0, 0, 0)
[09:57:03.186465] Padding: (0, 0, 0)
[09:57:03.186482] Real overlapping (%): (0.1125, 0.125, 0.125)
[09:57:03.186489] Real overlapping (pixels): (9.0, 16.0, 16.0)
[09:57:03.186496] (5, 6, 6) patches per (z,y,x) axis
[09:57:03.186506] List of volume IDs to be processed by each GPU: [[0, 1, 2, 3, 4]]
[09:57:03.186515] Positions of each volume in Z axis: {0: [0, 80], 1: [71, 151], 2: [142, 222], 3: [213, 293], 4: [284, 362]}
[09:57:03.186522] Rank 0: Total number of patches: 180 - (5, 6, 6) patches per (z,y,x) axis (per GPU)
[09:57:04.037200] Reading Zarr/H5 file: fisbe/biapy-channel-scale-zarr/train/label/VT019303-20171013_65_B6_cs1.40_0.32_0.30.zarr
[09:57:04.045733] ### 3D-OV-CROP ###
[09:57:04.045765] Cropping (362, 685, 686, 1) images into (80, 128, 128, 1) with overlapping (axis order: ZYXC). . .
[09:57:04.045780] Minimum overlap selected: (0, 0, 0)
[09:57:04.045786] Padding: (0, 0, 0)
[09:57:04.045806] Real overlapping (%): (0.1125, 0.125, 0.125)
[09:57:04.045813] Real overlapping (pixels): (9.0, 16.0, 16.0)
[09:57:04.045820] (5, 6, 6) patches per (z,y,x) axis
[09:57:04.045831] List of volume IDs to be processed by each GPU: [[0, 1, 2, 3, 4]]
[09:57:04.045839] Positions of each volume in Z axis: {0: [0, 80], 1: [71, 151], 2: [142, 222], 3: [213, 293], 4: [284, 362]}
[09:57:04.045846] Rank 0: Total number of patches: 180 - (5, 6, 6) patches per (z,y,x) axis (per GPU)
[09:57:04.832662] Reading Zarr/H5 file: fisbe/biapy-channel-scale-zarr/train/label/VT019303-20171013_65_B6_cs1.47_0.34_1.39.zarr
[09:57:04.840111] ### 3D-OV-CROP ###
[09:57:04.840127] Cropping (362, 685, 686, 1) images into (80, 128, 128, 1) with overlapping (axis order: ZYXC). . .
[09:57:04.840134] Minimum overlap selected: (0, 0, 0)
[09:57:04.840140] Padding: (0, 0, 0)
[09:57:04.840156] Real overlapping (%): (0.1125, 0.125, 0.125)
[09:57:04.840164] Real overlapping (pixels): (9.0, 16.0, 16.0)
[09:57:04.840169] (5, 6, 6) patches per (z,y,x) axis
[09:57:04.840179] List of volume IDs to be processed by each GPU: [[0, 1, 2, 3, 4]]
[09:57:04.840189] Positions of each volume in Z axis: {0: [0, 80], 1: [71, 151], 2: [142, 222], 3: [213, 293], 4: [284, 362]}
[09:57:04.840195] Rank 0: Total number of patches: 180 - (5, 6, 6) patches per (z,y,x) axis (per GPU)
[09:57:05.661628] Reading Zarr/H5 file: fisbe/biapy-channel-scale-zarr/train/label/VT019307-20171013_65_F1_cs0.31_1.38_1.48.zarr
[09:57:05.668700] ### 3D-OV-CROP ###
[09:57:05.668733] Cropping (408, 685, 686, 1) images into (80, 128, 128, 1) with overlapping (axis order: ZYXC). . .
[09:57:05.668748] Minimum overlap selected: (0, 0, 0)
[09:57:05.668754] Padding: (0, 0, 0)
[09:57:05.668774] Real overlapping (%): (0.175, 0.125, 0.125)
[09:57:05.668782] Real overlapping (pixels): (14.0, 16.0, 16.0)
[09:57:05.668788] (6, 6, 6) patches per (z,y,x) axis
[09:57:05.668801] List of volume IDs to be processed by each GPU: [[0, 1, 2, 3, 4, 5]]
[09:57:05.668809] Positions of each volume in Z axis: {0: [0, 80], 1: [66, 146], 2: [132, 212], 3: [198, 278], 4: [264, 344], 5: [330, 408]}
[09:57:05.668816] Rank 0: Total number of patches: 216 - (6, 6, 6) patches per (z,y,x) axis (per GPU)
[09:57:07.005419] Reading Zarr/H5 file: fisbe/biapy-channel-scale-zarr/train/label/VT019307-20171013_65_F1_cs0.37_0.37_1.49.zarr
[09:57:07.012820] ### 3D-OV-CROP ###
[09:57:07.012853] Cropping (408, 685, 686, 1) images into (80, 128, 128, 1) with overlapping (axis order: ZYXC). . .
[09:57:07.012862] Minimum overlap selected: (0, 0, 0)
[09:57:07.012868] Padding: (0, 0, 0)
[09:57:07.012888] Real overlapping (%): (0.175, 0.125, 0.125)
[09:57:07.012896] Real overlapping (pixels): (14.0, 16.0, 16.0)
[09:57:07.012902] (6, 6, 6) patches per (z,y,x) axis
[09:57:07.012915] List of volume IDs to be processed by each GPU: [[0, 1, 2, 3, 4, 5]]
[09:57:07.012924] Positions of each volume in Z axis: {0: [0, 80], 1: [66, 146], 2: [132, 212], 3: [198, 278], 4: [264, 344], 5: [330, 408]}
[09:57:07.012931] Rank 0: Total number of patches: 216 - (6, 6, 6) patches per (z,y,x) axis (per GPU)
[09:57:08.542556] Reading Zarr/H5 file: fisbe/biapy-channel-scale-zarr/train/label/VT019307-20171013_65_F1_cs1.41_0.35_0.30.zarr
[09:57:08.551128] ### 3D-OV-CROP ###
[09:57:08.551160] Cropping (408, 685, 686, 1) images into (80, 128, 128, 1) with overlapping (axis order: ZYXC). . .
[09:57:08.551168] Minimum overlap selected: (0, 0, 0)
[09:57:08.551175] Padding: (0, 0, 0)
[09:57:08.551194] Real overlapping (%): (0.175, 0.125, 0.125)
[09:57:08.551202] Real overlapping (pixels): (14.0, 16.0, 16.0)
[09:57:08.551208] (6, 6, 6) patches per (z,y,x) axis
[09:57:08.551220] List of volume IDs to be processed by each GPU: [[0, 1, 2, 3, 4, 5]]
[09:57:08.551233] Positions of each volume in Z axis: {0: [0, 80], 1: [66, 146], 2: [132, 212], 3: [198, 278], 4: [264, 344], 5: [330, 408]}
[09:57:08.551240] Rank 0: Total number of patches: 216 - (6, 6, 6) patches per (z,y,x) axis (per GPU)
[09:57:10.277161] Reading Zarr/H5 file: fisbe/biapy-channel-scale-zarr/train/label/VT019307-20171013_65_F1_cs1.43_1.41_1.42.zarr
[09:57:10.289886] ### 3D-OV-CROP ###
[09:57:10.289919] Cropping (408, 685, 686, 1) images into (80, 128, 128, 1) with overlapping (axis order: ZYXC). . .
[09:57:10.289927] Minimum overlap selected: (0, 0, 0)
[09:57:10.289933] Padding: (0, 0, 0)
[09:57:10.289952] Real overlapping (%): (0.175, 0.125, 0.125)
[09:57:10.289960] Real overlapping (pixels): (14.0, 16.0, 16.0)
[09:57:10.289966] (6, 6, 6) patches per (z,y,x) axis
[09:57:10.289978] List of volume IDs to be processed by each GPU: [[0, 1, 2, 3, 4, 5]]
[09:57:10.289987] Positions of each volume in Z axis: {0: [0, 80], 1: [66, 146], 2: [132, 212], 3: [198, 278], 4: [264, 344], 5: [330, 408]}
[09:57:10.289994] Rank 0: Total number of patches: 216 - (6, 6, 6) patches per (z,y,x) axis (per GPU)
[09:57:11.930617] Reading Zarr/H5 file: fisbe/biapy-channel-scale-zarr/train/label/VT033051-20171128_61_E2_cs0.29_0.36_0.31.zarr
[09:57:11.943612] ### 3D-OV-CROP ###
[09:57:11.943644] Cropping (345, 683, 686, 1) images into (80, 128, 128, 1) with overlapping (axis order: ZYXC). . .
[09:57:11.943652] Minimum overlap selected: (0, 0, 0)
[09:57:11.943659] Padding: (0, 0, 0)
[09:57:11.943678] Real overlapping (%): (0.1625, 0.1328125, 0.125)
[09:57:11.943685] Real overlapping (pixels): (13.0, 17.0, 16.0)
[09:57:11.943691] (5, 6, 6) patches per (z,y,x) axis
[09:57:11.943702] List of volume IDs to be processed by each GPU: [[0, 1, 2, 3, 4]]
[09:57:11.943711] Positions of each volume in Z axis: {0: [0, 80], 1: [67, 147], 2: [134, 214], 3: [201, 281], 4: [268, 345]}
[09:57:11.943718] Rank 0: Total number of patches: 180 - (5, 6, 6) patches per (z,y,x) axis (per GPU)
[09:57:13.372827] Reading Zarr/H5 file: fisbe/biapy-channel-scale-zarr/train/label/VT033051-20171128_61_E2_cs0.30_0.31_1.49.zarr
[09:57:13.384683] ### 3D-OV-CROP ###
[09:57:13.384715] Cropping (345, 683, 686, 1) images into (80, 128, 128, 1) with overlapping (axis order: ZYXC). . .
[09:57:13.384723] Minimum overlap selected: (0, 0, 0)
[09:57:13.384730] Padding: (0, 0, 0)
[09:57:13.384748] Real overlapping (%): (0.1625, 0.1328125, 0.125)
[09:57:13.384756] Real overlapping (pixels): (13.0, 17.0, 16.0)
[09:57:13.384762] (5, 6, 6) patches per (z,y,x) axis
[09:57:13.384773] List of volume IDs to be processed by each GPU: [[0, 1, 2, 3, 4]]
[09:57:13.384781] Positions of each volume in Z axis: {0: [0, 80], 1: [67, 147], 2: [134, 214], 3: [201, 281], 4: [268, 345]}
[09:57:13.384794] Rank 0: Total number of patches: 180 - (5, 6, 6) patches per (z,y,x) axis (per GPU)
[09:57:14.462772] Reading Zarr/H5 file: fisbe/biapy-channel-scale-zarr/train/label/VT033051-20171128_61_E2_cs1.44_1.38_1.47.zarr
[09:57:14.474975] ### 3D-OV-CROP ###
[09:57:14.475008] Cropping (345, 683, 686, 1) images into (80, 128, 128, 1) with overlapping (axis order: ZYXC). . .
[09:57:14.475016] Minimum overlap selected: (0, 0, 0)
[09:57:14.475023] Padding: (0, 0, 0)
[09:57:14.475041] Real overlapping (%): (0.1625, 0.1328125, 0.125)
[09:57:14.475049] Real overlapping (pixels): (13.0, 17.0, 16.0)
[09:57:14.475055] (5, 6, 6) patches per (z,y,x) axis
[09:57:14.475067] List of volume IDs to be processed by each GPU: [[0, 1, 2, 3, 4]]
[09:57:14.475076] Positions of each volume in Z axis: {0: [0, 80], 1: [67, 147], 2: [134, 214], 3: [201, 281], 4: [268, 345]}
[09:57:14.475083] Rank 0: Total number of patches: 180 - (5, 6, 6) patches per (z,y,x) axis (per GPU)
[09:57:15.792322] Reading Zarr/H5 file: fisbe/biapy-channel-scale-zarr/train/label/VT033051-20171128_61_E2_cs1.46_1.41_0.30.zarr
[09:57:15.800235] ### 3D-OV-CROP ###
[09:57:15.800270] Cropping (345, 683, 686, 1) images into (80, 128, 128, 1) with overlapping (axis order: ZYXC). . .
[09:57:15.800279] Minimum overlap selected: (0, 0, 0)
[09:57:15.800285] Padding: (0, 0, 0)
[09:57:15.800304] Real overlapping (%): (0.1625, 0.1328125, 0.125)
[09:57:15.800313] Real overlapping (pixels): (13.0, 17.0, 16.0)
[09:57:15.800319] (5, 6, 6) patches per (z,y,x) axis
[09:57:15.800331] List of volume IDs to be processed by each GPU: [[0, 1, 2, 3, 4]]
[09:57:15.800345] Positions of each volume in Z axis: {0: [0, 80], 1: [67, 147], 2: [134, 214], 3: [201, 281], 4: [268, 345]}
[09:57:15.800352] Rank 0: Total number of patches: 180 - (5, 6, 6) patches per (z,y,x) axis (per GPU)
[09:57:16.943496] Reading Zarr/H5 file: fisbe/biapy-channel-scale-zarr/train/label/VT033051-20171128_61_E4_cs0.31_0.33_0.34.zarr
[09:57:16.951464] ### 3D-OV-CROP ###
[09:57:16.951498] Cropping (379, 683, 686, 1) images into (80, 128, 128, 1) with overlapping (axis order: ZYXC). . .
[09:57:16.951507] Minimum overlap selected: (0, 0, 0)
[09:57:16.951513] Padding: (0, 0, 0)
[09:57:16.951532] Real overlapping (%): (0.0625, 0.1328125, 0.125)
[09:57:16.951546] Real overlapping (pixels): (5.0, 17.0, 16.0)
[09:57:16.951553] (5, 6, 6) patches per (z,y,x) axis
[09:57:16.951564] List of volume IDs to be processed by each GPU: [[0, 1, 2, 3, 4]]
[09:57:16.951573] Positions of each volume in Z axis: {0: [0, 80], 1: [75, 155], 2: [150, 230], 3: [225, 305], 4: [300, 379]}
[09:57:16.951580] Rank 0: Total number of patches: 180 - (5, 6, 6) patches per (z,y,x) axis (per GPU)
[09:57:17.984162] Reading Zarr/H5 file: fisbe/biapy-channel-scale-zarr/train/label/VT033051-20171128_61_E4_cs1.38_1.50_0.30.zarr
[09:57:17.991691] ### 3D-OV-CROP ###
[09:57:17.991724] Cropping (379, 683, 686, 1) images into (80, 128, 128, 1) with overlapping (axis order: ZYXC). . .
[09:57:17.991732] Minimum overlap selected: (0, 0, 0)
[09:57:17.991739] Padding: (0, 0, 0)
[09:57:17.991758] Real overlapping (%): (0.0625, 0.1328125, 0.125)
[09:57:17.991766] Real overlapping (pixels): (5.0, 17.0, 16.0)
[09:57:17.991772] (5, 6, 6) patches per (z,y,x) axis
[09:57:17.991782] List of volume IDs to be processed by each GPU: [[0, 1, 2, 3, 4]]
[09:57:17.991792] Positions of each volume in Z axis: {0: [0, 80], 1: [75, 155], 2: [150, 230], 3: [225, 305], 4: [300, 379]}
[09:57:17.991799] Rank 0: Total number of patches: 180 - (5, 6, 6) patches per (z,y,x) axis (per GPU)
[09:57:18.847075] Reading Zarr/H5 file: fisbe/biapy-channel-scale-zarr/train/label/VT033051-20171128_61_E4_cs1.41_0.35_0.35.zarr
[09:57:18.854398] ### 3D-OV-CROP ###
[09:57:18.854429] Cropping (379, 683, 686, 1) images into (80, 128, 128, 1) with overlapping (axis order: ZYXC). . .
[09:57:18.854437] Minimum overlap selected: (0, 0, 0)
[09:57:18.854443] Padding: (0, 0, 0)
[09:57:18.854462] Real overlapping (%): (0.0625, 0.1328125, 0.125)
[09:57:18.854469] Real overlapping (pixels): (5.0, 17.0, 16.0)
[09:57:18.854476] (5, 6, 6) patches per (z,y,x) axis
[09:57:18.854489] List of volume IDs to be processed by each GPU: [[0, 1, 2, 3, 4]]
[09:57:18.854498] Positions of each volume in Z axis: {0: [0, 80], 1: [75, 155], 2: [150, 230], 3: [225, 305], 4: [300, 379]}
[09:57:18.854504] Rank 0: Total number of patches: 180 - (5, 6, 6) patches per (z,y,x) axis (per GPU)
[09:57:19.698152] Reading Zarr/H5 file: fisbe/biapy-channel-scale-zarr/train/label/VT033051-20171128_61_E4_cs1.41_1.40_1.38.zarr
[09:57:19.706304] ### 3D-OV-CROP ###
[09:57:19.706336] Cropping (379, 683, 686, 1) images into (80, 128, 128, 1) with overlapping (axis order: ZYXC). . .
[09:57:19.706344] Minimum overlap selected: (0, 0, 0)
[09:57:19.706350] Padding: (0, 0, 0)
[09:57:19.706375] Real overlapping (%): (0.0625, 0.1328125, 0.125)
[09:57:19.706383] Real overlapping (pixels): (5.0, 17.0, 16.0)
[09:57:19.706389] (5, 6, 6) patches per (z,y,x) axis
[09:57:19.706401] List of volume IDs to be processed by each GPU: [[0, 1, 2, 3, 4]]
[09:57:19.706409] Positions of each volume in Z axis: {0: [0, 80], 1: [75, 155], 2: [150, 230], 3: [225, 305], 4: [300, 379]}
[09:57:19.706416] Rank 0: Total number of patches: 180 - (5, 6, 6) patches per (z,y,x) axis (per GPU)
[09:57:20.586836] Reading Zarr/H5 file: fisbe/biapy-channel-scale-zarr/train/label/VT040433-20170919_63_D6_cs0.27_1.46_0.36.zarr
[09:57:20.594644] ### 3D-OV-CROP ###
[09:57:20.594677] Cropping (372, 683, 686, 1) images into (80, 128, 128, 1) with overlapping (axis order: ZYXC). . .
[09:57:20.594685] Minimum overlap selected: (0, 0, 0)
[09:57:20.594697] Padding: (0, 0, 0)
[09:57:20.594716] Real overlapping (%): (0.0875, 0.1328125, 0.125)
[09:57:20.594724] Real overlapping (pixels): (7.0, 17.0, 16.0)
[09:57:20.594730] (5, 6, 6) patches per (z,y,x) axis
[09:57:20.594741] List of volume IDs to be processed by each GPU: [[0, 1, 2, 3, 4]]
[09:57:20.594750] Positions of each volume in Z axis: {0: [0, 80], 1: [73, 153], 2: [146, 226], 3: [219, 299], 4: [292, 372]}
[09:57:20.594757] Rank 0: Total number of patches: 180 - (5, 6, 6) patches per (z,y,x) axis (per GPU)
[09:57:22.236790] Reading Zarr/H5 file: fisbe/biapy-channel-scale-zarr/train/label/VT040433-20170919_63_D6_cs1.39_0.31_0.29.zarr
[09:57:22.245736] ### 3D-OV-CROP ###
[09:57:22.245769] Cropping (372, 683, 686, 1) images into (80, 128, 128, 1) with overlapping (axis order: ZYXC). . .
[09:57:22.245777] Minimum overlap selected: (0, 0, 0)
[09:57:22.245783] Padding: (0, 0, 0)
[09:57:22.245801] Real overlapping (%): (0.0875, 0.1328125, 0.125)
[09:57:22.245809] Real overlapping (pixels): (7.0, 17.0, 16.0)
[09:57:22.245816] (5, 6, 6) patches per (z,y,x) axis
[09:57:22.245827] List of volume IDs to be processed by each GPU: [[0, 1, 2, 3, 4]]
[09:57:22.245835] Positions of each volume in Z axis: {0: [0, 80], 1: [73, 153], 2: [146, 226], 3: [219, 299], 4: [292, 372]}
[09:57:22.245843] Rank 0: Total number of patches: 180 - (5, 6, 6) patches per (z,y,x) axis (per GPU)
[09:57:23.816237] Reading Zarr/H5 file: fisbe/biapy-channel-scale-zarr/train/label/VT040433-20170919_63_D6_cs1.41_1.45_0.29.zarr
[09:57:23.822815] ### 3D-OV-CROP ###
[09:57:23.822849] Cropping (372, 683, 686, 1) images into (80, 128, 128, 1) with overlapping (axis order: ZYXC). . .
[09:57:23.822858] Minimum overlap selected: (0, 0, 0)
[09:57:23.822864] Padding: (0, 0, 0)
[09:57:23.822884] Real overlapping (%): (0.0875, 0.1328125, 0.125)
[09:57:23.822892] Real overlapping (pixels): (7.0, 17.0, 16.0)
[09:57:23.822904] (5, 6, 6) patches per (z,y,x) axis
[09:57:23.822915] List of volume IDs to be processed by each GPU: [[0, 1, 2, 3, 4]]
[09:57:23.822924] Positions of each volume in Z axis: {0: [0, 80], 1: [73, 153], 2: [146, 226], 3: [219, 299], 4: [292, 372]}
[09:57:23.822931] Rank 0: Total number of patches: 180 - (5, 6, 6) patches per (z,y,x) axis (per GPU)
[09:57:25.382153] Reading Zarr/H5 file: fisbe/biapy-channel-scale-zarr/train/label/VT040433-20170919_63_D6_cs1.47_1.44_1.41.zarr
[09:57:25.389305] ### 3D-OV-CROP ###
[09:57:25.389338] Cropping (372, 683, 686, 1) images into (80, 128, 128, 1) with overlapping (axis order: ZYXC). . .
[09:57:25.389346] Minimum overlap selected: (0, 0, 0)
[09:57:25.389353] Padding: (0, 0, 0)
[09:57:25.389380] Real overlapping (%): (0.0875, 0.1328125, 0.125)
[09:57:25.389388] Real overlapping (pixels): (7.0, 17.0, 16.0)
[09:57:25.389395] (5, 6, 6) patches per (z,y,x) axis
[09:57:25.389406] List of volume IDs to be processed by each GPU: [[0, 1, 2, 3, 4]]
[09:57:25.389415] Positions of each volume in Z axis: {0: [0, 80], 1: [73, 153], 2: [146, 226], 3: [219, 299], 4: [292, 372]}
[09:57:25.389422] Rank 0: Total number of patches: 180 - (5, 6, 6) patches per (z,y,x) axis (per GPU)
[09:57:27.084300] Reading Zarr/H5 file: fisbe/biapy-channel-scale-zarr/train/label/VT047848-20171020_66_I2_cs0.35_1.46_1.42.zarr
[09:57:27.090949] ### 3D-OV-CROP ###
[09:57:27.090984] Cropping (388, 889, 863, 1) images into (80, 128, 128, 1) with overlapping (axis order: ZYXC). . .
[09:57:27.090992] Minimum overlap selected: (0, 0, 0)
[09:57:27.090998] Padding: (0, 0, 0)
[09:57:27.091019] Real overlapping (%): (0.0375, 0.0078125, 0.0390625)
[09:57:27.091027] Real overlapping (pixels): (3.0, 1.0, 5.0)
[09:57:27.091033] (5, 7, 7) patches per (z,y,x) axis
[09:57:27.091045] List of volume IDs to be processed by each GPU: [[0, 1, 2, 3, 4]]
[09:57:27.091054] Positions of each volume in Z axis: {0: [0, 80], 1: [77, 157], 2: [154, 234], 3: [231, 311], 4: [308, 388]}
[09:57:27.091061] Rank 0: Total number of patches: 245 - (5, 7, 7) patches per (z,y,x) axis (per GPU)
[09:57:28.275880] Reading Zarr/H5 file: fisbe/biapy-channel-scale-zarr/train/label/VT047848-20171020_66_I2_cs1.38_0.33_0.36.zarr
[09:57:28.284698] ### 3D-OV-CROP ###
[09:57:28.284731] Cropping (388, 889, 863, 1) images into (80, 128, 128, 1) with overlapping (axis order: ZYXC). . .
[09:57:28.284739] Minimum overlap selected: (0, 0, 0)
[09:57:28.284745] Padding: (0, 0, 0)
[09:57:28.284764] Real overlapping (%): (0.0375, 0.0078125, 0.0390625)
[09:57:28.284772] Real overlapping (pixels): (3.0, 1.0, 5.0)
[09:57:28.284778] (5, 7, 7) patches per (z,y,x) axis
[09:57:28.284789] List of volume IDs to be processed by each GPU: [[0, 1, 2, 3, 4]]
[09:57:28.284797] Positions of each volume in Z axis: {0: [0, 80], 1: [77, 157], 2: [154, 234], 3: [231, 311], 4: [308, 388]}
[09:57:28.284804] Rank 0: Total number of patches: 245 - (5, 7, 7) patches per (z,y,x) axis (per GPU)
[09:57:29.530426] Reading Zarr/H5 file: fisbe/biapy-channel-scale-zarr/train/label/VT047848-20171020_66_I2_cs1.43_1.48_1.38.zarr
[09:57:29.538371] ### 3D-OV-CROP ###
[09:57:29.538404] Cropping (388, 889, 863, 1) images into (80, 128, 128, 1) with overlapping (axis order: ZYXC). . .
[09:57:29.538411] Minimum overlap selected: (0, 0, 0)
[09:57:29.538417] Padding: (0, 0, 0)
[09:57:29.538437] Real overlapping (%): (0.0375, 0.0078125, 0.0390625)
[09:57:29.538445] Real overlapping (pixels): (3.0, 1.0, 5.0)
[09:57:29.538452] (5, 7, 7) patches per (z,y,x) axis
[09:57:29.538462] List of volume IDs to be processed by each GPU: [[0, 1, 2, 3, 4]]
[09:57:29.538471] Positions of each volume in Z axis: {0: [0, 80], 1: [77, 157], 2: [154, 234], 3: [231, 311], 4: [308, 388]}
[09:57:29.538478] Rank 0: Total number of patches: 245 - (5, 7, 7) patches per (z,y,x) axis (per GPU)
[09:57:30.741771] Reading Zarr/H5 file: fisbe/biapy-channel-scale-zarr/train/label/VT047848-20171020_66_I2_cs1.48_0.29_1.48.zarr
[09:57:30.749570] ### 3D-OV-CROP ###
[09:57:30.749603] Cropping (388, 889, 863, 1) images into (80, 128, 128, 1) with overlapping (axis order: ZYXC). . .
[09:57:30.749612] Minimum overlap selected: (0, 0, 0)
[09:57:30.749618] Padding: (0, 0, 0)
[09:57:30.749638] Real overlapping (%): (0.0375, 0.0078125, 0.0390625)
[09:57:30.749645] Real overlapping (pixels): (3.0, 1.0, 5.0)
[09:57:30.749652] (5, 7, 7) patches per (z,y,x) axis
[09:57:30.749663] List of volume IDs to be processed by each GPU: [[0, 1, 2, 3, 4]]
[09:57:30.749672] Positions of each volume in Z axis: {0: [0, 80], 1: [77, 157], 2: [154, 234], 3: [231, 311], 4: [308, 388]}
[09:57:30.749679] Rank 0: Total number of patches: 245 - (5, 7, 7) patches per (z,y,x) axis (per GPU)
[09:57:31.997389] Reading Zarr/H5 file: fisbe/biapy-channel-scale-zarr/train/label/VT047848-20171020_66_I3_cs0.36_1.48_0.27.zarr
[09:57:32.006147] ### 3D-OV-CROP ###
[09:57:32.006181] Cropping (390, 1058, 907, 1) images into (80, 128, 128, 1) with overlapping (axis order: ZYXC). . .
[09:57:32.006189] Minimum overlap selected: (0, 0, 0)
[09:57:32.006195] Padding: (0, 0, 0)
[09:57:32.006213] Real overlapping (%): (0.025, 0.0859375, 0.125)
[09:57:32.006221] Real overlapping (pixels): (2.0, 11.0, 16.0)
[09:57:32.006227] (5, 8, 9) patches per (z,y,x) axis
[09:57:32.006238] List of volume IDs to be processed by each GPU: [[0, 1, 2, 3, 4]]
[09:57:32.006247] Positions of each volume in Z axis: {0: [0, 80], 1: [78, 158], 2: [156, 236], 3: [234, 314], 4: [312, 390]}
[09:57:32.006254] Rank 0: Total number of patches: 360 - (5, 8, 9) patches per (z,y,x) axis (per GPU)
[09:57:33.879638] Reading Zarr/H5 file: fisbe/biapy-channel-scale-zarr/train/label/VT047848-20171020_66_I3_cs1.40_0.32_0.31.zarr
[09:57:33.887719] ### 3D-OV-CROP ###
[09:57:33.887755] Cropping (390, 1058, 907, 1) images into (80, 128, 128, 1) with overlapping (axis order: ZYXC). . .
[09:57:33.887763] Minimum overlap selected: (0, 0, 0)
[09:57:33.887770] Padding: (0, 0, 0)
[09:57:33.887791] Real overlapping (%): (0.025, 0.0859375, 0.125)
[09:57:33.887799] Real overlapping (pixels): (2.0, 11.0, 16.0)
[09:57:33.887805] (5, 8, 9) patches per (z,y,x) axis
[09:57:33.887817] List of volume IDs to be processed by each GPU: [[0, 1, 2, 3, 4]]
[09:57:33.887827] Positions of each volume in Z axis: {0: [0, 80], 1: [78, 158], 2: [156, 236], 3: [234, 314], 4: [312, 390]}
[09:57:33.887841] Rank 0: Total number of patches: 360 - (5, 8, 9) patches per (z,y,x) axis (per GPU)
[09:57:35.748486] Reading Zarr/H5 file: fisbe/biapy-channel-scale-zarr/train/label/VT047848-20171020_66_I3_cs1.41_1.38_1.48.zarr
[09:57:35.755023] ### 3D-OV-CROP ###
[09:57:35.755056] Cropping (390, 1058, 907, 1) images into (80, 128, 128, 1) with overlapping (axis order: ZYXC). . .
[09:57:35.755064] Minimum overlap selected: (0, 0, 0)
[09:57:35.755070] Padding: (0, 0, 0)
[09:57:35.755089] Real overlapping (%): (0.025, 0.0859375, 0.125)
[09:57:35.755097] Real overlapping (pixels): (2.0, 11.0, 16.0)
[09:57:35.755104] (5, 8, 9) patches per (z,y,x) axis
[09:57:35.755115] List of volume IDs to be processed by each GPU: [[0, 1, 2, 3, 4]]
[09:57:35.755124] Positions of each volume in Z axis: {0: [0, 80], 1: [78, 158], 2: [156, 236], 3: [234, 314], 4: [312, 390]}
[09:57:35.755137] Rank 0: Total number of patches: 360 - (5, 8, 9) patches per (z,y,x) axis (per GPU)
[09:57:37.686456] Reading Zarr/H5 file: fisbe/biapy-channel-scale-zarr/train/label/VT047848-20171020_66_I3_cs1.47_1.46_0.29.zarr
[09:57:37.693243] ### 3D-OV-CROP ###
[09:57:37.693263] Cropping (390, 1058, 907, 1) images into (80, 128, 128, 1) with overlapping (axis order: ZYXC). . .
[09:57:37.693271] Minimum overlap selected: (0, 0, 0)
[09:57:37.693277] Padding: (0, 0, 0)
[09:57:37.693296] Real overlapping (%): (0.025, 0.0859375, 0.125)
[09:57:37.693304] Real overlapping (pixels): (2.0, 11.0, 16.0)
[09:57:37.693310] (5, 8, 9) patches per (z,y,x) axis
[09:57:37.693321] List of volume IDs to be processed by each GPU: [[0, 1, 2, 3, 4]]
[09:57:37.693331] Positions of each volume in Z axis: {0: [0, 80], 1: [78, 158], 2: [156, 236], 3: [234, 314], 4: [312, 390]}
[09:57:37.693338] Rank 0: Total number of patches: 360 - (5, 8, 9) patches per (z,y,x) axis (per GPU)
[09:57:39.634457] Reading Zarr/H5 file: fisbe/biapy-channel-scale-zarr/train/label/VT047848-20171020_66_I5_cs0.35_0.34_0.34.zarr
[09:57:39.642783] ### 3D-OV-CROP ###
[09:57:39.642818] Cropping (401, 982, 895, 1) images into (80, 128, 128, 1) with overlapping (axis order: ZYXC). . .
[09:57:39.642826] Minimum overlap selected: (0, 0, 0)
[09:57:39.642832] Padding: (0, 0, 0)
[09:57:39.642850] Real overlapping (%): (0.1875, 0.046875, 0.0)
[09:57:39.642858] Real overlapping (pixels): (15.0, 6.0, 0.0)
[09:57:39.642865] (6, 7, 8) patches per (z,y,x) axis
[09:57:39.642878] List of volume IDs to be processed by each GPU: [[0, 1, 2, 3, 4, 5]]
[09:57:39.642887] Positions of each volume in Z axis: {0: [0, 80], 1: [65, 145], 2: [130, 210], 3: [195, 275], 4: [260, 340], 5: [325, 401]}
[09:57:39.642894] Rank 0: Total number of patches: 336 - (6, 7, 8) patches per (z,y,x) axis (per GPU)
[09:57:41.922818] Reading Zarr/H5 file: fisbe/biapy-channel-scale-zarr/train/label/VT047848-20171020_66_I5_cs0.36_1.43_1.42.zarr
[09:57:41.931704] ### 3D-OV-CROP ###
[09:57:41.931739] Cropping (401, 982, 895, 1) images into (80, 128, 128, 1) with overlapping (axis order: ZYXC). . .
[09:57:41.931748] Minimum overlap selected: (0, 0, 0)
[09:57:41.931755] Padding: (0, 0, 0)
[09:57:41.931774] Real overlapping (%): (0.1875, 0.046875, 0.0)
[09:57:41.931782] Real overlapping (pixels): (15.0, 6.0, 0.0)
[09:57:41.931788] (6, 7, 8) patches per (z,y,x) axis
[09:57:41.931801] List of volume IDs to be processed by each GPU: [[0, 1, 2, 3, 4, 5]]
[09:57:41.931810] Positions of each volume in Z axis: {0: [0, 80], 1: [65, 145], 2: [130, 210], 3: [195, 275], 4: [260, 340], 5: [325, 401]}
[09:57:41.931817] Rank 0: Total number of patches: 336 - (6, 7, 8) patches per (z,y,x) axis (per GPU)
[09:57:44.118151] Reading Zarr/H5 file: fisbe/biapy-channel-scale-zarr/train/label/VT047848-20171020_66_I5_cs1.39_1.46_1.48.zarr
[09:57:44.125378] ### 3D-OV-CROP ###
[09:57:44.125410] Cropping (401, 982, 895, 1) images into (80, 128, 128, 1) with overlapping (axis order: ZYXC). . .
[09:57:44.125418] Minimum overlap selected: (0, 0, 0)
[09:57:44.125424] Padding: (0, 0, 0)
[09:57:44.125443] Real overlapping (%): (0.1875, 0.046875, 0.0)
[09:57:44.125457] Real overlapping (pixels): (15.0, 6.0, 0.0)
[09:57:44.125463] (6, 7, 8) patches per (z,y,x) axis
[09:57:44.125475] List of volume IDs to be processed by each GPU: [[0, 1, 2, 3, 4, 5]]
[09:57:44.125484] Positions of each volume in Z axis: {0: [0, 80], 1: [65, 145], 2: [130, 210], 3: [195, 275], 4: [260, 340], 5: [325, 401]}
[09:57:44.125491] Rank 0: Total number of patches: 336 - (6, 7, 8) patches per (z,y,x) axis (per GPU)
[09:57:46.612433] Reading Zarr/H5 file: fisbe/biapy-channel-scale-zarr/train/label/VT047848-20171020_66_I5_cs1.47_0.35_0.25.zarr
[09:57:46.619439] ### 3D-OV-CROP ###
[09:57:46.619471] Cropping (401, 982, 895, 1) images into (80, 128, 128, 1) with overlapping (axis order: ZYXC). . .
[09:57:46.619478] Minimum overlap selected: (0, 0, 0)
[09:57:46.619485] Padding: (0, 0, 0)
[09:57:46.619502] Real overlapping (%): (0.1875, 0.046875, 0.0)
[09:57:46.619509] Real overlapping (pixels): (15.0, 6.0, 0.0)
[09:57:46.619515] (6, 7, 8) patches per (z,y,x) axis
[09:57:46.619527] List of volume IDs to be processed by each GPU: [[0, 1, 2, 3, 4, 5]]
[09:57:46.619535] Positions of each volume in Z axis: {0: [0, 80], 1: [65, 145], 2: [130, 210], 3: [195, 275], 4: [260, 340], 5: [325, 401]}
[09:57:46.619541] Rank 0: Total number of patches: 336 - (6, 7, 8) patches per (z,y,x) axis (per GPU)
[09:57:48.867417] Reading Zarr/H5 file: fisbe/biapy-channel-scale-zarr/train/label/VT047848-20171020_66_J2_cs0.26_0.26_0.28.zarr
[09:57:48.875831] ### 3D-OV-CROP ###
[09:57:48.875863] Cropping (404, 934, 911, 1) images into (80, 128, 128, 1) with overlapping (axis order: ZYXC). . .
[09:57:48.875871] Minimum overlap selected: (0, 0, 0)
[09:57:48.875877] Padding: (0, 0, 0)
[09:57:48.875897] Real overlapping (%): (0.1875, 0.09375, 0.125)
[09:57:48.875904] Real overlapping (pixels): (15.0, 12.0, 16.0)
[09:57:48.875911] (6, 8, 8) patches per (z,y,x) axis
[09:57:48.875922] List of volume IDs to be processed by each GPU: [[0, 1, 2, 3, 4, 5]]
[09:57:48.875931] Positions of each volume in Z axis: {0: [0, 80], 1: [65, 145], 2: [130, 210], 3: [195, 275], 4: [260, 340], 5: [325, 404]}
[09:57:48.875938] Rank 0: Total number of patches: 384 - (6, 8, 8) patches per (z,y,x) axis (per GPU)
[09:57:51.259161] Reading Zarr/H5 file: fisbe/biapy-channel-scale-zarr/train/label/VT047848-20171020_66_J2_cs0.33_1.47_0.35.zarr
[09:57:51.265281] ### 3D-OV-CROP ###
[09:57:51.265314] Cropping (404, 934, 911, 1) images into (80, 128, 128, 1) with overlapping (axis order: ZYXC). . .
[09:57:51.265322] Minimum overlap selected: (0, 0, 0)
[09:57:51.265335] Padding: (0, 0, 0)
[09:57:51.265363] Real overlapping (%): (0.1875, 0.09375, 0.125)
[09:57:51.265371] Real overlapping (pixels): (15.0, 12.0, 16.0)
[09:57:51.265377] (6, 8, 8) patches per (z,y,x) axis
[09:57:51.265389] List of volume IDs to be processed by each GPU: [[0, 1, 2, 3, 4, 5]]
[09:57:51.265398] Positions of each volume in Z axis: {0: [0, 80], 1: [65, 145], 2: [130, 210], 3: [195, 275], 4: [260, 340], 5: [325, 404]}
[09:57:51.265405] Rank 0: Total number of patches: 384 - (6, 8, 8) patches per (z,y,x) axis (per GPU)
[09:57:53.679541] Reading Zarr/H5 file: fisbe/biapy-channel-scale-zarr/train/label/VT047848-20171020_66_J2_cs1.42_1.42_1.44.zarr
[09:57:53.687076] ### 3D-OV-CROP ###
[09:57:53.687111] Cropping (404, 934, 911, 1) images into (80, 128, 128, 1) with overlapping (axis order: ZYXC). . .
[09:57:53.687120] Minimum overlap selected: (0, 0, 0)
[09:57:53.687126] Padding: (0, 0, 0)
[09:57:53.687144] Real overlapping (%): (0.1875, 0.09375, 0.125)
[09:57:53.687152] Real overlapping (pixels): (15.0, 12.0, 16.0)
[09:57:53.687158] (6, 8, 8) patches per (z,y,x) axis
[09:57:53.687170] List of volume IDs to be processed by each GPU: [[0, 1, 2, 3, 4, 5]]
[09:57:53.687180] Positions of each volume in Z axis: {0: [0, 80], 1: [65, 145], 2: [130, 210], 3: [195, 275], 4: [260, 340], 5: [325, 404]}
[09:57:53.687186] Rank 0: Total number of patches: 384 - (6, 8, 8) patches per (z,y,x) axis (per GPU)
[09:57:55.985938] Reading Zarr/H5 file: fisbe/biapy-channel-scale-zarr/train/label/VT047848-20171020_66_J2_cs1.48_1.49_0.35.zarr
[09:57:55.993515] ### 3D-OV-CROP ###
[09:57:55.993549] Cropping (404, 934, 911, 1) images into (80, 128, 128, 1) with overlapping (axis order: ZYXC). . .
[09:57:55.993556] Minimum overlap selected: (0, 0, 0)
[09:57:55.993562] Padding: (0, 0, 0)
[09:57:55.993581] Real overlapping (%): (0.1875, 0.09375, 0.125)
[09:57:55.993589] Real overlapping (pixels): (15.0, 12.0, 16.0)
[09:57:55.993595] (6, 8, 8) patches per (z,y,x) axis
[09:57:55.993607] List of volume IDs to be processed by each GPU: [[0, 1, 2, 3, 4, 5]]
[09:57:55.993615] Positions of each volume in Z axis: {0: [0, 80], 1: [65, 145], 2: [130, 210], 3: [195, 275], 4: [260, 340], 5: [325, 404]}
[09:57:55.993627] Rank 0: Total number of patches: 384 - (6, 8, 8) patches per (z,y,x) axis (per GPU)
[09:57:58.341226] Reading Zarr/H5 file: fisbe/biapy-channel-scale-zarr/train/label/VT061467-20180911_62_E5_cs0.29_0.26_1.42.zarr
[09:57:58.351124] ### 3D-OV-CROP ###
[09:57:58.351155] Cropping (423, 687, 684, 1) images into (80, 128, 128, 1) with overlapping (axis order: ZYXC). . .
[09:57:58.351162] Minimum overlap selected: (0, 0, 0)
[09:57:58.351169] Padding: (0, 0, 0)
[09:57:58.351187] Real overlapping (%): (0.1375, 0.125, 0.125)
[09:57:58.351194] Real overlapping (pixels): (11.0, 16.0, 16.0)
[09:57:58.351201] (6, 6, 6) patches per (z,y,x) axis
[09:57:58.351214] List of volume IDs to be processed by each GPU: [[0, 1, 2, 3, 4, 5]]
[09:57:58.351222] Positions of each volume in Z axis: {0: [0, 80], 1: [69, 149], 2: [138, 218], 3: [207, 287], 4: [276, 356], 5: [345, 423]}
[09:57:58.351229] Rank 0: Total number of patches: 216 - (6, 6, 6) patches per (z,y,x) axis (per GPU)
[09:57:59.569148] Reading Zarr/H5 file: fisbe/biapy-channel-scale-zarr/train/label/VT061467-20180911_62_E5_cs0.32_0.32_0.37.zarr
[09:57:59.577011] ### 3D-OV-CROP ###
[09:57:59.577045] Cropping (423, 687, 684, 1) images into (80, 128, 128, 1) with overlapping (axis order: ZYXC). . .
[09:57:59.577053] Minimum overlap selected: (0, 0, 0)
[09:57:59.577059] Padding: (0, 0, 0)
[09:57:59.577080] Real overlapping (%): (0.1375, 0.125, 0.125)
[09:57:59.577087] Real overlapping (pixels): (11.0, 16.0, 16.0)
[09:57:59.577093] (6, 6, 6) patches per (z,y,x) axis
[09:57:59.577105] List of volume IDs to be processed by each GPU: [[0, 1, 2, 3, 4, 5]]
[09:57:59.577113] Positions of each volume in Z axis: {0: [0, 80], 1: [69, 149], 2: [138, 218], 3: [207, 287], 4: [276, 356], 5: [345, 423]}
[09:57:59.577120] Rank 0: Total number of patches: 216 - (6, 6, 6) patches per (z,y,x) axis (per GPU)
[09:58:00.862769] Reading Zarr/H5 file: fisbe/biapy-channel-scale-zarr/train/label/VT061467-20180911_62_E5_cs1.38_0.37_1.38.zarr
[09:58:00.872168] ### 3D-OV-CROP ###
[09:58:00.872202] Cropping (423, 687, 684, 1) images into (80, 128, 128, 1) with overlapping (axis order: ZYXC). . .
[09:58:00.872210] Minimum overlap selected: (0, 0, 0)
[09:58:00.872216] Padding: (0, 0, 0)
[09:58:00.872242] Real overlapping (%): (0.1375, 0.125, 0.125)
[09:58:00.872250] Real overlapping (pixels): (11.0, 16.0, 16.0)
[09:58:00.872257] (6, 6, 6) patches per (z,y,x) axis
[09:58:00.872269] List of volume IDs to be processed by each GPU: [[0, 1, 2, 3, 4, 5]]
[09:58:00.872277] Positions of each volume in Z axis: {0: [0, 80], 1: [69, 149], 2: [138, 218], 3: [207, 287], 4: [276, 356], 5: [345, 423]}
[09:58:00.872284] Rank 0: Total number of patches: 216 - (6, 6, 6) patches per (z,y,x) axis (per GPU)
[09:58:02.069891] Reading Zarr/H5 file: fisbe/biapy-channel-scale-zarr/train/label/VT061467-20180911_62_E5_cs1.49_0.26_0.31.zarr
[09:58:02.076789] ### 3D-OV-CROP ###
[09:58:02.076824] Cropping (423, 687, 684, 1) images into (80, 128, 128, 1) with overlapping (axis order: ZYXC). . .
[09:58:02.076832] Minimum overlap selected: (0, 0, 0)
[09:58:02.076839] Padding: (0, 0, 0)
[09:58:02.076860] Real overlapping (%): (0.1375, 0.125, 0.125)
[09:58:02.076867] Real overlapping (pixels): (11.0, 16.0, 16.0)
[09:58:02.076873] (6, 6, 6) patches per (z,y,x) axis
[09:58:02.076885] List of volume IDs to be processed by each GPU: [[0, 1, 2, 3, 4, 5]]
[09:58:02.076902] Positions of each volume in Z axis: {0: [0, 80], 1: [69, 149], 2: [138, 218], 3: [207, 287], 4: [276, 356], 5: [345, 423]}
[09:58:02.076909] Rank 0: Total number of patches: 216 - (6, 6, 6) patches per (z,y,x) axis (per GPU)
[09:58:03.162795] Creating Y_train channels . . .
[10:34:29.452021] DATA.TRAIN.GT_PATH changed from fisbe/biapy-channel-scale-zarr/train/label to fisbe/biapy-channel-scale-zarr/train/label_F.erosion-1.dilation-1_D.act-tanh
[10:34:29.452739] DATA.VAL.GT_PATH changed from fisbe/biapy-no-aug-zarr/val/label to fisbe/biapy-no-aug-zarr/val/label_F.erosion-1.dilation-1_D.act-tanh
[10:34:29.452760] DATA.TEST.GT_PATH changed from fisbe/biapy-no-aug-zarr/test/label to fisbe/biapy-no-aug-zarr/test/label_F.erosion-1.dilation-1_D.act-tanh
