Traceback (most recent call last):
  File "/scratch/wmz2007/neuroinfo_fruitfly/BiaPy/run_biapy-py.py", line 338, in <module>
    main()
  File "/scratch/wmz2007/neuroinfo_fruitfly/BiaPy/run_biapy-py.py", line 208, in main
    biapy = BiaPy(
            ^^^^^^
  File "/ext3/miniforge3/envs/BiaPy_env/lib/python3.11/site-packages/biapy/_biapy.py", line 285, in __init__
    cfg_manager._C.merge_from_other_cfg(temp_cfg)
  File "/ext3/miniforge3/envs/BiaPy_env/lib/python3.11/site-packages/yacs/config.py", line 217, in merge_from_other_cfg
    _merge_a_into_b(cfg_other, self, self, [])
  File "/ext3/miniforge3/envs/BiaPy_env/lib/python3.11/site-packages/yacs/config.py", line 478, in _merge_a_into_b
    _merge_a_into_b(v, b[k], root, key_list + [k])
  File "/ext3/miniforge3/envs/BiaPy_env/lib/python3.11/site-packages/yacs/config.py", line 478, in _merge_a_into_b
    _merge_a_into_b(v, b[k], root, key_list + [k])
  File "/ext3/miniforge3/envs/BiaPy_env/lib/python3.11/site-packages/yacs/config.py", line 474, in _merge_a_into_b
    v = _check_and_coerce_cfg_value_type(v, b[k], k, full_key)
        ^^^^^^^^^^^^^^^^^^^^^^^^^^^^^^^^^^^^^^^^^^^^^^^^^^^^^^
  File "/ext3/miniforge3/envs/BiaPy_env/lib/python3.11/site-packages/yacs/config.py", line 534, in _check_and_coerce_cfg_value_type
    raise ValueError(
ValueError: Type mismatch (<class 'list'> vs. <class 'yacs.config.CfgNode'>) with values ([{}] vs. P:
  dilation: 1
  erosion: 0
  type: skeleton) for config key: PROBLEM.INSTANCE_SEG.DATA_CHANNELS_EXTRA_OPTS
