SBATCH Run: biapy-channel-scale-zarr-seunet.yaml, mode: preprocessing, job-name: biapy-channel-scale-zarr-seunet, run-id: 0
SLURM_CPUS_PER_TASK=8
running BiaPy/run_biapy-py.py
Patched BiaPy create_instance_channels: fid_mask=None (Zarr volume-switch UnboundLocalError)
Mode overrides (preprocessing): leaving YAML flags as-is (TRAIN.ENABLE=True, TEST.ENABLE=True, MODEL.LOAD_CHECKPOINT=False)
CPU overrides: SYSTEM.NUM_CPUS=8, SYSTEM.NUM_WORKERS=8
Date     : 2026-08-18 17:13:28
Arguments: Namespace(config={'SYSTEM': {'NUM_CPUS': 8, 'NUM_WORKERS': -1}, 'PROBLEM': {'TYPE': 'INSTANCE_SEG', 'NDIM': '3D', 'INSTANCE_SEG': {'DATA_CHANNELS': ['F', 'Dc', 'Dn', 'P'], 'DATA_CHANNELS_EXTRA_OPTS': [{'P': {'type': 'skeleton', 'dilation': 2}}, {'Dc': {'type': 'skeleton', 'mask_values': False}}, {'Dn': {'mask_values': False, 'decline_power': 2}}], 'DATA_CHANNEL_WEIGHTS': '(1.0, 10.0, 10.0, 1.0)', 'WATERSHED': {'SEED_CHANNELS': ['P'], 'SEED_CHANNELS_THRESH': ['auto'], 'TOPOGRAPHIC_SURFACE_CHANNEL': 'F', 'GROWTH_MASK_CHANNELS': ['F'], 'GROWTH_MASK_CHANNELS_THRESH': ['auto'], 'DATA_CHECK_MW': True}}}, 'DATA': {'PATCH_SIZE': '(80, 128, 128, 3)', 'TRAIN': {'PATH': 'fisbe/biapy-channel-scale-zarr/train/raw', 'GT_PATH': 'fisbe/biapy-channel-scale-zarr/train/label', 'INPUT_IMG_AXES_ORDER': 'ZYXC', 'INPUT_MASK_AXES_ORDER': 'ZYXC', 'IN_MEMORY': False}, 'VAL': {'PATH': 'fisbe/biapy-no-aug/val/raw', 'GT_PATH': 'fisbe/biapy-no-aug/val/label', 'FROM_TRAIN': False, 'INPUT_IMG_AXES_ORDER': 'ZYXC', 'INPUT_MASK_AXES_ORDER': 'ZYXC', 'IN_MEMORY': False}, 'TEST': {'PATH': 'fisbe/biapy-no-aug/test/raw', 'GT_PATH': 'fisbe/biapy-no-aug/test/label', 'INPUT_IMG_AXES_ORDER': 'ZYXC', 'INPUT_MASK_AXES_ORDER': 'ZYXC', 'IN_MEMORY': False, 'LOAD_GT': True, 'PADDING': '(4,16,16)'}}, 'AUGMENTOR': {'ENABLE': False, 'RANDOM_ROT': False, 'VFLIP': False, 'HFLIP': False, 'ZFLIP': False}, 'PATHS': {'CHECKPOINT_FILE': 'metrics/biapy/biapy-channel-scale-seunet/checkpoints/biapy-channel-scale-seunet_1-checkpoint-best.pth'}, 'MODEL': {'ARCHITECTURE': 'seunet', 'FEATURE_MAPS': [16, 32, 64, 128, 256], 'Z_DOWN': [1, 1, 1, 1], 'LOAD_CHECKPOINT': False}, 'TRAIN': {'ENABLE': True, 'OPTIMIZER': 'ADAMW', 'LR': 0.0001, 'BATCH_SIZE': 45, 'EPOCHS': 60, 'PATIENCE': 10, 'LR_SCHEDULER': {'NAME': 'warmupcosine', 'MIN_LR': 1e-05, 'WARMUP_COSINE_DECAY_EPOCHS': 5}}, 'TEST': {'ENABLE': True, 'AUGMENTATION': False, 'FULL_IMG': False, 'POST_PROCESSING': {'INSTANCE_REFINEMENT': {'ENABLE': True, 'OPERATIONS': ['remove_small_objects'], 'VALUES': [1000]}}}}, result_dir='metrics/biapy', name='biapy-channel-scale-zarr-seunet', run_id='0', gpu='', world_size=1, local_rank=-1, dist_on_itp=False, dist_url='env://', dist_backend='nccl')
Job      : biapy-channel-scale-zarr-seunet_0
BiaPy    : 3.7.0
Python   : 3.11.15 | packaged by conda-forge | (main, Jun 11 2026, 03:34:02) [GCC 14.3.0]
PyTorch  : 2.12.1+cu130
The following changes were made in order to adapt the input configuration:
Not using distributed mode
[17:13:28.613075] **** Using 'cpu' for training
[17:13:28.704388] CPU budget(total)=8 | per_rank=8 | main_threads=4 | num_workers(per_rank)=3 | world_size=1
[17:13:28.727615] Configuration details:
[17:13:28.727632] AUGMENTOR:
  AFFINE_MODE: reflect
  AUG_NUM_SAMPLES: 10
  AUG_SAMPLES: True
  BRIGHTNESS: False
  BRIGHTNESS_FACTOR: (-0.1, 0.1)
  BRIGHTNESS_PROB: 0.5
  CBLUR_DOWN_RANGE: (2, 8)
  CBLUR_INSIDE: True
  CBLUR_SIZE: (0.2, 0.4)
  CHANNEL_SHUFFLE: False
  CHANNEL_SHUFFLE_PROB: 0.5
  CMIX_SIZE: (0.2, 0.4)
  CNOISE_NB_ITERATIONS: (1, 3)
  CNOISE_SCALE: (0.05, 0.1)
  CNOISE_SIZE: (0.2, 0.4)
  CONTRAST: False
  CONTRAST_FACTOR: (-0.1, 0.1)
  CONTRAST_PROB: 0.5
  COUT_APPLY_TO_MASK: False
  COUT_CVAL: 0.0
  COUT_NB_ITERATIONS: (1, 3)
  COUT_SIZE: (0.05, 0.3)
  CUTBLUR: False
  CUTBLUR_PROB: 0.5
  CUTMIX: False
  CUTMIX_PROB: 0.5
  CUTNOISE: False
  CUTNOISE_PROB: 0.5
  CUTOUT: False
  CUTOUT_PROB: 0.5
  DRAW_GRID: True
  DROPOUT: False
  DROPOUT_PROB: 0.5
  DROP_RANGE: (0, 0.2)
  ELASTIC: False
  ELASTIC_PROB: 0.5
  ENABLE: False
  E_ALPHA: (12, 16)
  E_MODE: constant
  E_SIGMA: 4
  GAMMA_CONTRAST: False
  GAMMA_CONTRAST_PROB: 0.5
  GAUSSIAN_NOISE: False
  GAUSSIAN_NOISE_MEAN: 0.0
  GAUSSIAN_NOISE_PROB: 0.5
  GAUSSIAN_NOISE_USE_INPUT_IMG_MEAN_AND_VAR: False
  GAUSSIAN_NOISE_VAR: 0.05
  GC_GAMMA: (1.25, 1.75)
  GRAYSCALE: False
  GRAYSCALE_PROB: 0.5
  GRIDMASK: False
  GRIDMASK_PROB: 0.5
  GRID_D_RANGE: (0.4, 1)
  GRID_INVERT: False
  GRID_RATIO: 0.6
  GRID_ROTATE: 1.0
  G_BLUR: False
  G_BLUR_PROB: 0.5
  G_SIGMA: (1.0, 2.0)
  HFLIP: False
  HFLIP_PROB: 0.5
  MB_KERNEL: (3, 7)
  MEDIAN_BLUR: False
  MEDIAN_BLUR_PROB: 0.5
  MISALIGNMENT: False
  MISALIGNMENT_PROB: 0.5
  MISSING_SECTIONS: False
  MISSING_SECTIONS_PROB: 0.5
  MISSP_CHANNEL_PB: 0.5
  MISSP_ITERATIONS: (10, 30)
  MOTB_K_RANGE: (8, 12)
  MOTION_BLUR: False
  MOTION_BLUR_PROB: 0.5
  MS_DISPLACEMENT: 16
  MS_ROTATE_RATIO: 0.5
  PEPPER: False
  PEPPER_AMOUNT: 0.05
  PEPPER_PROB: 0.5
  POISSON_NOISE: False
  POISSON_NOISE_PROB: 0.5
  RANDOM_ROT: False
  RANDOM_ROT_PROB: 0.5
  RANDOM_ROT_RANGE: (-180, 180)
  ROT90: False
  ROT90_PROB: 0.5
  SALT: False
  SALT_AMOUNT: 0.05
  SALT_AND_PEPPER: False
  SALT_AND_PEPPER_AMOUNT: 0.05
  SALT_AND_PEPPER_PROB: 0.5
  SALT_AND_PEPPER_PROP: 0.5
  SALT_PROB: 0.5
  SHEAR: False
  SHEAR_PROB: 0.5
  SHEAR_RANGE: (-20, 20)
  SHIFT: False
  SHIFT_PROB: 0.5
  SHIFT_RANGE: (0.1, 0.2)
  SHUFFLE_TRAIN_DATA_EACH_EPOCH: True
  SHUFFLE_VAL_DATA_EACH_EPOCH: False
  VFLIP: False
  VFLIP_PROB: 0.5
  ZFLIP: False
  ZFLIP_PROB: 0.5
  ZOOM: False
  ZOOM_IN_Z: False
  ZOOM_PROB: 0.5
  ZOOM_RANGE: (0.5, 1.5)
DATA:
  CHECK_GENERATORS: False
  FILTER_BY_IMAGE: False
  FORCE_RGB: False
  NORMALIZATION:
    PERC_CLIP:
      ENABLE: False
      LOWER_PERC: -1.0
      LOWER_VALUE: [-1.0]
      UPPER_PERC: -1.0
      UPPER_VALUE: [-1.0]
    TYPE: zero_mean_unit_variance
    ZERO_MEAN_UNIT_VAR:
      MEAN_VAL: [-1.0]
      STD_VAL: [-1.0]
  N_CLASSES: 2
  PATCH_SIZE: (80, 128, 128, 3)
  PREPROCESS:
    CANNY:
      ENABLE: False
      HIGH_THRESHOLD: None
      LOW_THRESHOLD: None
    CLAHE:
      CLIP_LIMIT: 0.01
      ENABLE: False
      KERNEL_SIZE: None
    GAUSSIAN_BLUR:
      CHANNEL_AXIS: None
      ENABLE: False
      MODE: nearest
      SIGMA: 1
    MATCH_HISTOGRAM:
      ENABLE: False
      REFERENCE_PATH: user_data/test/x
    MEDIAN_BLUR:
      ENABLE: False
      KERNEL_SIZE: (3, 3, 1)
    RESIZE:
      ANTI_ALIASING: False
      CLIP: True
      CVAL: 0.0
      ENABLE: False
      MODE: reflect
      ORDER: 1
      OUTPUT_SHAPE: (512, 512)
      PRESERVE_RANGE: True
    TEST: False
    TRAIN: False
    VAL: False
    ZOOM:
      ENABLE: False
      ZOOM_FACTOR: [1, 1, 1, 1, 1]
  REFLECT_TO_COMPLETE_SHAPE: True
  SAVE_FILTERED_IMAGES: False
  SAVE_FILTERED_IMAGES_NUM: 3
  TEST:
    BINARY_MASKS: fisbe/biapy-no-aug/test/raw/../bin_mask
    CHECK_DATA: True
    DETECTION_MASK_DIR: fisbe/biapy-no-aug/test/label_detection_masks_2
    FILTER_SAMPLES:
      ENABLE: False
      NORM_BEFORE: False
      PROPS: []
      SIGNS: []
      VALUES: []
    GT_PATH: fisbe/biapy-no-aug/test/label
    INPUT_IMG_AXES_ORDER: ZYXC
    INPUT_MASK_AXES_ORDER: ZYXC
    INPUT_ZARR_MULTIPLE_DATA: False
    INPUT_ZARR_MULTIPLE_DATA_GT_PATH: 
    INPUT_ZARR_MULTIPLE_DATA_ID_PATH: annotations.ids
    INPUT_ZARR_MULTIPLE_DATA_LOCATIONS_PATH: annotations.locations
    INPUT_ZARR_MULTIPLE_DATA_PARTNERS_PATH: annotations.presynaptic_site.partners
    INPUT_ZARR_MULTIPLE_DATA_RAW_PATH: 
    INPUT_ZARR_MULTIPLE_DATA_RESOLUTION_PATH: volumes.raw
    INSTANCE_CHANNELS_MASK_DIR: fisbe/biapy-no-aug/test/label_F.erosion-0.dilation-0_Dc.type-centroid.norm-True.mask_values-True_Dn.closing_size-3.norm-True.mask_values-True.decline_power-3_P.type-skeleton.dilation-2.erosion-0
    IN_MEMORY: False
    LOAD_GT: True
    MEDIAN_PADDING: False
    OVERLAP: (0, 0, 0)
    PADDING: (4, 16, 16)
    PATH: fisbe/biapy-no-aug/test/raw
    RESOLUTION: (1, 1, 1)
    SSL_SOURCE_DIR: fisbe/biapy-no-aug/test/raw_ssl_source
    USE_VAL_AS_TEST: False
  TRAIN:
    CHECK_DATA: True
    DETECTION_MASK_DIR: fisbe/biapy-channel-scale-zarr/train/label_detection_masks_2
    EXTRACT_RANDOM_PATCH: False
    FILTER_SAMPLES:
      ENABLE: False
      NORM_BEFORE: False
      PROPS: []
      SIGNS: []
      VALUES: []
    GT_PATH: fisbe/biapy-channel-scale-zarr/train/label
    INPUT_IMG_AXES_ORDER: ZYXC
    INPUT_MASK_AXES_ORDER: ZYXC
    INPUT_ZARR_MULTIPLE_DATA: False
    INPUT_ZARR_MULTIPLE_DATA_GT_PATH: 
    INPUT_ZARR_MULTIPLE_DATA_ID_PATH: annotations.ids
    INPUT_ZARR_MULTIPLE_DATA_LOCATIONS_PATH: annotations.locations
    INPUT_ZARR_MULTIPLE_DATA_PARTNERS_PATH: annotations.presynaptic_site.partners
    INPUT_ZARR_MULTIPLE_DATA_RAW_PATH: 
    INPUT_ZARR_MULTIPLE_DATA_RESOLUTION_PATH: volumes.raw
    INSTANCE_CHANNELS_MASK_DIR: fisbe/biapy-channel-scale-zarr/train/label_F.erosion-0.dilation-0_Dc.type-centroid.norm-True.mask_values-True_Dn.closing_size-3.norm-True.mask_values-True.decline_power-3_P.type-skeleton.dilation-2.erosion-0
    IN_MEMORY: False
    OVERLAP: (0, 0, 0)
    PADDING: (0, 0, 0)
    PATH: fisbe/biapy-channel-scale-zarr/train/raw
    PROBABILITY_MAP: False
    REPLICATE: 0
    RESOLUTION: (1, 1, 1)
    SSL_SOURCE_DIR: fisbe/biapy-channel-scale-zarr/train/raw_ssl_source
    W_BACKGROUND: 0.06
    W_FOREGROUND: 0.94
  VAL:
    CROSS_VAL: False
    CROSS_VAL_FOLD: 1
    CROSS_VAL_NFOLD: 5
    DETECTION_MASK_DIR: fisbe/biapy-no-aug/val/label_detection_masks_2
    DIST_EVAL: True
    FILTER_SAMPLES:
      ENABLE: False
      NORM_BEFORE: False
      PROPS: []
      SIGNS: []
      VALUES: []
    FROM_TRAIN: False
    GT_PATH: fisbe/biapy-no-aug/val/label
    INPUT_IMG_AXES_ORDER: ZYXC
    INPUT_MASK_AXES_ORDER: ZYXC
    INPUT_ZARR_MULTIPLE_DATA: False
    INPUT_ZARR_MULTIPLE_DATA_GT_PATH: 
    INPUT_ZARR_MULTIPLE_DATA_ID_PATH: annotations.ids
    INPUT_ZARR_MULTIPLE_DATA_LOCATIONS_PATH: annotations.locations
    INPUT_ZARR_MULTIPLE_DATA_PARTNERS_PATH: annotations.presynaptic_site.partners
    INPUT_ZARR_MULTIPLE_DATA_RAW_PATH: 
    INPUT_ZARR_MULTIPLE_DATA_RESOLUTION_PATH: volumes.raw
    INSTANCE_CHANNELS_MASK_DIR: fisbe/biapy-no-aug/val/label_F.erosion-0.dilation-0_Dc.type-centroid.norm-True.mask_values-True_Dn.closing_size-3.norm-True.mask_values-True.decline_power-3_P.type-skeleton.dilation-2.erosion-0
    IN_MEMORY: False
    OVERLAP: (0, 0, 0)
    PADDING: (0, 0, 0)
    PATH: fisbe/biapy-no-aug/val/raw
    RANDOM: True
    RESOLUTION: (1, 1, 1)
    SPLIT_TRAIN: 0.1
    SSL_SOURCE_DIR: fisbe/biapy-no-aug/val/raw_ssl_source
LOG:
  CHART_CREATION_FREQ: 5
  LOG_DIR: metrics/biapy/biapy-channel-scale-zarr-seunet/logs
  LOG_FILE_PREFIX: biapy-channel-scale-zarr-seunet_0
  TENSORBOARD_LOG_DIR: metrics/biapy/biapy-channel-scale-zarr-seunet/results/biapy-channel-scale-zarr-seunet_0/tensorboard
LOSS:
  CLASS_REBALANCE: none
  CLASS_WEIGHTS: []
  CONTRAST:
    ENABLE: False
    MEMORY_SIZE: 5000
    PIXEL_UPD_FREQ: 10
    PROJ_DIM: 256
  CYCLEGAN:
    ALPHA_PERCEPTUAL: 0.0
    DELTA_MSE: 0.0
    GAMMA_SSIM: 1.0
    LAMBDA_GAN: 1.0
    LAMBDA_RECON: 10.0
  IGNORE_INDEX: -1
  TYPE: 
  WEIGHTS: [1.0, 1.0]
MODEL:
  ACTIVATION: elu
  ARCHITECTURE: seunet
  BMZ:
    EXPORT:
      AUTHORS: []
      CITE: []
      DATASET_INFO: [{}]
      DESCRIPTION: 
      DOCUMENTATION: 
      ENABLE: False
      LICENSE: CC-BY-4.0
      MODEL_NAME: 
      MODEL_VERSION: 0.1.0
      REUSE_BMZ_CONFIG: False
      TAGS: []
    SOURCE_MODEL_ID: 
  CONVNEXT_LAYER_SCALE: 1e-06
  CONVNEXT_SD_PROB: 0.1
  CONVNEXT_STEM_K_SIZE: 2
  CONV_BLOCK_ORDER: conv_norm_act
  CONV_LAYERS: [2, 2, 2, 2, 2]
  DROPOUT_VALUES: [0.0, 0.0, 0.0, 0.0, 0.0]
  FEATURE_MAPS: [16, 32, 64, 128, 256]
  FREEZE_LAYERS_MATCHING: []
  HRNET:
    BLOCK_TYPE: BASIC
    HEAD_TYPE: FCN
    NUM_BLOCKS: [[4, 4], [4, 4, 4], [4, 4, 4, 4]]
    NUM_BRANCHES: [2, 3, 4]
    NUM_CHANNELS: [[18, 36], [18, 36, 72], [18, 36, 72, 144]]
    NUM_MODULES: [1, 4, 3]
    NUM_STAGES: 3
    VARIANT: W48
    YX_DOWN: [0, 0, 0]
    Z_DOWN: [0, 0, 0]
  ISOTROPY: [True, True, True, True, True]
  ITEMS_TO_LOAD_FROM_CHECKPOINT: ['weights', 'norm', 'model_arch']
  KERNEL_SIZE: 3
  LARGER_IO: False
  LOAD_CHECKPOINT: False
  LOAD_CHECKPOINT_EPOCH: best_on_val
  MAE_DEC_HIDDEN_SIZE: 512
  MAE_DEC_MLP_DIMS: 2048
  MAE_DEC_NUM_HEADS: 16
  MAE_DEC_NUM_LAYERS: 8
  MAE_MASK_RATIO: 0.5
  MAE_MASK_TYPE: grid
  NAFNET:
    ARCHITECTURE_D: patchgan
    DEC_BLK_NUMS: [2, 2, 2, 2]
    DW_EXPAND: 2
    ENC_BLK_NUMS: [2, 2, 4, 8]
    FFN_EXPAND: 2
    MIDDLE_BLK_NUM: 12
    PATCHGAN:
      BASE_FILTERS: 64
    WIDTH: 16
  NORMALIZATION: in
  OUT_CHECKPOINT_FORMAT: pth
  RCAN_CONV_FILTERS: 16
  RCAN_RCAB_BLOCK_NUM: 20
  RCAN_REDUCTION_RATIO: 16
  RCAN_RG_BLOCK_NUM: 10
  RCAN_UPSCALING_LAYER: True
  SAVE_CKPT_FREQ: -1
  SKIP_UNMATCHED_LAYERS: False
  SOURCE: biapy
  STUNET:
    PRETRAINED: False
    VARIANT: base
  TORCHVISION_MODEL_NAME: 
  UNETR_VIT_HIDD_MULT: -1
  UNETR_VIT_MODEL: custom
  UNETR_VIT_NUM_FILTERS: 16
  UNET_SR_UPSAMPLE_POSITION: pre
  UPSAMPLE_LAYER: convtranspose
  VIT_EMBED_DIM: 768
  VIT_MLP_RATIO: 4.0
  VIT_MODEL: custom
  VIT_NORM_EPS: 1e-06
  VIT_NUM_HEADS: 12
  VIT_NUM_LAYERS: 12
  VIT_PRETRAINED_WEIGHTS: 
  VIT_TOKEN_SIZE: 16
  YX_DOWN: [2, 2, 2, 2]
  Z_DOWN: [1, 1, 1, 1]
PATHS:
  BMZ_EXPORT_PATH: metrics/biapy/biapy-channel-scale-zarr-seunet/results/biapy-channel-scale-zarr-seunet_0/BMZ_files
  CHARTS: metrics/biapy/biapy-channel-scale-zarr-seunet/results/biapy-channel-scale-zarr-seunet_0/charts
  CHECKPOINT: metrics/biapy/biapy-channel-scale-zarr-seunet/checkpoints
  CHECKPOINT_FILE: metrics/biapy/biapy-channel-scale-seunet/checkpoints/biapy-channel-scale-seunet_1-checkpoint-best.pth
  DA_SAMPLES: metrics/biapy/biapy-channel-scale-zarr-seunet/results/biapy-channel-scale-zarr-seunet_0/aug
  FIL_SAMPLES_DIR: metrics/biapy/biapy-channel-scale-zarr-seunet/results/biapy-channel-scale-zarr-seunet_0/filtering_information
  GEN_CHECKS: metrics/biapy/biapy-channel-scale-zarr-seunet/results/biapy-channel-scale-zarr-seunet_0/gen_check
  GEN_MASK_CHECKS: metrics/biapy/biapy-channel-scale-zarr-seunet/results/biapy-channel-scale-zarr-seunet_0/gen_mask_check
  MAE_OUT_DIR: metrics/biapy/biapy-channel-scale-zarr-seunet/results/biapy-channel-scale-zarr-seunet_0/MAE_checks
  PROB_MAP_DIR: metrics/biapy/biapy-channel-scale-zarr-seunet/prob_map
  PROB_MAP_FILENAME: prob_map.npy
  PROFILER: metrics/biapy/biapy-channel-scale-zarr-seunet/results/biapy-channel-scale-zarr-seunet_0/profiler
  RESULT_DIR:
    AS_3D_STACK: metrics/biapy/biapy-channel-scale-zarr-seunet/results/biapy-channel-scale-zarr-seunet_0/as_3d_stack
    AS_3D_STACK_BIN: metrics/biapy/biapy-channel-scale-zarr-seunet/results/biapy-channel-scale-zarr-seunet_0/as_3d_stack_binarized
    AS_3D_STACK_POST_PROCESSING: metrics/biapy/biapy-channel-scale-zarr-seunet/results/biapy-channel-scale-zarr-seunet_0/as_3d_stack_post_processing
    DET_ASSOC_POINTS: metrics/biapy/biapy-channel-scale-zarr-seunet/results/biapy-channel-scale-zarr-seunet_0/point_associations
    DET_LOCAL_MAX_COORDS_CHECK: metrics/biapy/biapy-channel-scale-zarr-seunet/results/biapy-channel-scale-zarr-seunet_0/per_image_local_max_check
    DET_LOCAL_MAX_COORDS_CHECK_POST_PROCESSING: metrics/biapy/biapy-channel-scale-zarr-seunet/results/biapy-channel-scale-zarr-seunet_0/per_image_local_max_check_post_processing
    FULL_IMAGE: metrics/biapy/biapy-channel-scale-zarr-seunet/results/biapy-channel-scale-zarr-seunet_0/full_image
    FULL_IMAGE_BIN: metrics/biapy/biapy-channel-scale-zarr-seunet/results/biapy-channel-scale-zarr-seunet_0/full_image_binarized
    FULL_IMAGE_INSTANCES: metrics/biapy/biapy-channel-scale-zarr-seunet/results/biapy-channel-scale-zarr-seunet_0/full_image_instances
    FULL_IMAGE_POST_PROCESSING: metrics/biapy/biapy-channel-scale-zarr-seunet/results/biapy-channel-scale-zarr-seunet_0/full_image_post_processing
    INST_ASSOC_POINTS: metrics/biapy/biapy-channel-scale-zarr-seunet/results/biapy-channel-scale-zarr-seunet_0/instance_associations
    PATH: metrics/biapy/biapy-channel-scale-zarr-seunet/results/biapy-channel-scale-zarr-seunet_0
    PER_IMAGE: metrics/biapy/biapy-channel-scale-zarr-seunet/results/biapy-channel-scale-zarr-seunet_0/per_image
    PER_IMAGE_BIN: metrics/biapy/biapy-channel-scale-zarr-seunet/results/biapy-channel-scale-zarr-seunet_0/per_image_binarized
    PER_IMAGE_INSTANCES: metrics/biapy/biapy-channel-scale-zarr-seunet/results/biapy-channel-scale-zarr-seunet_0/per_image_instances
    PER_IMAGE_POST_PROCESSING: metrics/biapy/biapy-channel-scale-zarr-seunet/results/biapy-channel-scale-zarr-seunet_0/per_image_post_processing
  TEST_FULL_GT_H5: fisbe/biapy-no-aug/test/label/h5
  TEST_INSTANCE_CHANNELS_CHECK: metrics/biapy/biapy-channel-scale-zarr-seunet/results/biapy-channel-scale-zarr-seunet_0/test_FDcDnP_instance_channels
  TRAIN_INSTANCE_CHANNELS_CHECK: metrics/biapy/biapy-channel-scale-zarr-seunet/results/biapy-channel-scale-zarr-seunet_0/train_FDcDnP_instance_channels
  VAL_INSTANCE_CHANNELS_CHECK: metrics/biapy/biapy-channel-scale-zarr-seunet/results/biapy-channel-scale-zarr-seunet_0/val_FDcDnP_instance_channels
  WATERSHED_DIR: metrics/biapy/biapy-channel-scale-zarr-seunet/results/biapy-channel-scale-zarr-seunet_0/watershed
PROBLEM:
  DENOISING:
    LOAD_GT_DATA: False
    N2V_MANIPULATOR: uniform_withCP
    N2V_NEIGHBORHOOD_RADIUS: 5
    N2V_PERC_PIX: 0.198
    N2V_STRUCTMASK: False
  DETECTION:
    CENTRAL_POINT_DILATION: [2]
    CHECK_POINTS_CREATED: True
    CLASS_REBALANCE_WITHIN_CHANNELS: True
    DATA_CHANNEL_WEIGHTS: (1, 1)
    DATA_CHECK_MW: False
    SEPARATED_DECODERS_DIVIDE_FEATURE_MAPS: False
    SEPARATED_DECODERS_PER_HEAD: False
  IMAGE_TO_IMAGE:
    CHANNELS_PER_HEAD_INFO: []
    MULTIPLE_RAW_ONE_TARGET_LOADER: False
    OUTPUT_CHANNELS: 1
    OUTPUT_CHANNEL_ACT: []
    SEPARATED_DECODERS_DIVIDE_FEATURE_MAPS: False
    SEPARATED_DECODERS_PER_HEAD: False
  INSTANCE_SEG:
    BORDER_EXTRA_WEIGHTS: 
    CELLPOSE:
      DIAMETER: 0.0
      DIAM_MEAN: 30.0
      FG_THRESH: 0.5
      FLOW_THRESHOLD: 0.4
      N_STEPS: 200
      SCALE_RANGE: 0.5
      TEST_DOUBLE_INFERENCE: True
    CHANNELS_PER_HEAD_INFO: []
    CLASS_REBALANCE_WITHIN_CHANNELS: True
    DATA_CHANNELS: ['F', 'Dc', 'Dn', 'P']
    DATA_CHANNELS_EXTRA_OPTS: [{'P': {'type': 'skeleton', 'dilation': 2, 'erosion': 0}, 'F': {'erosion': 0, 'dilation': 0}, 'Dc': {'type': 'centroid', 'norm': True, 'mask_values': True}, 'Dn': {'closing_size': 3, 'norm': True, 'mask_values': True, 'decline_power': 3}}]
    DATA_CHANNELS_LOSSES: ['bce', 'l1', 'l1', 'bce']
    DATA_CHANNEL_WEIGHTS: (1.0, 10.0, 10.0, 1.0)
    EMBEDSEG:
      FG_THRESH: 0.5
      GRID_SIZE: -1
      MIN_MASK_SUM: 0
      MIN_UNCLUSTERED_SUM: 0
      SEED_THRESH: 0.9
    INSTANCE_CREATION_PROCESS: watershed
    OMNIPOSE:
      FLOW_THRESHOLD: 0.4
      MASK_THRESHOLD: 0.0
      NITER: 0
    SEPARATED_DECODERS_DIVIDE_FEATURE_MAPS: False
    SEPARATED_DECODERS_PER_HEAD: False
    STARDIST:
      GRID: []
      NMS_IOU_THRESH: 0.3
      PROB_THRESH: 0.4
    SYNAPSES:
      BLOB_LOG_MAX_SIGMA: 10
      BLOB_LOG_MIN_SIGMA: 5
      BLOB_LOG_NUM_SIGMA: 2
      EXCLUDE_BORDER: False
      MIN_TH_TO_BE_PEAK: 0.2
      PEAK_LOCAL_MAX_MIN_DISTANCE: 1
      POINT_CREATION_FUNCTION: peak_local_max
      REMOVE_CLOSE_POINTS_RADIUS_BY_MASK: False
      REMOVE_CLOSE_POST_POINTS_RADIUS: 0
      REMOVE_CLOSE_PRE_POINTS_RADIUS: 0
      TH_TYPE: auto
    TYPE: regular
    WATERSHED:
      BY_2D_SLICES: False
      DATA_CHECK_MW: True
      DATA_REMOVE_BEFORE_MW: False
      DATA_REMOVE_SMALL_OBJ_BEFORE: 10
      ERODE_AND_DILATE_GROWTH_MASK: False
      FORE_DILATION_RADIUS: 5
      FORE_EROSION_RADIUS: 5
      GROWTH_MASK_CHANNELS: ['F']
      GROWTH_MASK_CHANNELS_THRESH: ['auto']
      SEED_CHANNELS: ['P']
      SEED_CHANNELS_THRESH: ['auto']
      SEED_MORPH_RADIUS: []
      SEED_MORPH_SEQUENCE: []
      TOPOGRAPHIC_SURFACE_CHANNEL: F
  NDIM: 3D
  PRINT_OLD_KEY_CHANGES: True
  SELF_SUPERVISED:
    NOISE: 0.2
    PRETEXT_TASK: crappify
    RESIZING_FACTOR: 4
  SEMANTIC_SEG:
    IGNORE_CLASS_ID: 0
  SUPER_RESOLUTION:
    UPSCALING: (1, 1, 1)
  TYPE: INSTANCE_SEG
SYSTEM:
  DEVICE: cpu
  NUM_CPUS: 8
  NUM_GPUS: 0
  NUM_WORKERS: -1
  PIN_MEM: True
  SEED: 0
TEST:
  ANALIZE_2D_IMGS_AS_3D_STACK: False
  AUGMENTATION: False
  AUGMENTATION_GROUP: auto
  AUGMENTATION_MODE: mean
  BY_CHUNKS:
    ENABLE: False
    FLUSH_EACH: 100
    PHASES: ['prediction', 'instance_creation', 'instance_merging']
    SAVE_OUT_TIF: False
    WORKFLOW_PROCESS:
      ENABLE: True
      INSTANCE_SEG_HALO: -1
      INSTANCE_SEG_MERGE_IOU_TH: 0.3
      TYPE: chunk_by_chunk
    Z_END: -1
    Z_START: -1
  DET_BLOB_LOG_MAX_SIGMA: 10
  DET_BLOB_LOG_MIN_SIGMA: 5
  DET_BLOB_LOG_NUM_SIGMA: 2
  DET_EXCLUDE_BORDER: False
  DET_IGNORE_POINTS_OUTSIDE_BOX: []
  DET_MIN_TH_TO_BE_PEAK: 0.2
  DET_PEAK_LOCAL_MAX_MIN_DISTANCE: 1
  DET_POINT_CREATION_FUNCTION: peak_local_max
  DET_TH_TYPE: manual
  DET_TOLERANCE: 10
  ENABLE: True
  FULL_IMG: False
  MATCHING_STATS: True
  MATCHING_STATS_BY_IMAGE: True
  MATCHING_STATS_THS: [0.3, 0.5, 0.75]
  MATCHING_STATS_THS_COLORED_IMG: []
  METRICS: ['iou']
  METRICS_IN_CPU: False
  POST_PROCESSING:
    APPLY_MASK: False
    DET_WATERSHED: False
    DET_WATERSHED_DONUTS_CLASSES: [-1]
    DET_WATERSHED_DONUTS_NUCLEUS_DIAMETER: 30
    DET_WATERSHED_DONUTS_PATCH: [13, 120, 120]
    DET_WATERSHED_FIRST_DILATION: [-1, -1]
    INSTANCE_REFINEMENT:
      ENABLE: True
      OPERATIONS: ['remove_small_objects']
      VALUES: [1000]
    MEASURE_PROPERTIES:
      ENABLE: False
      EXTRA_PROPS: []
      REMOVE_BY_PROPERTIES:
        ENABLE: False
        PROPS: []
        SIGNS: []
        VALUES: []
    MEDIAN_FILTER: False
    MEDIAN_FILTER_AXIS: []
    MEDIAN_FILTER_SIZE: []
    REMOVE_CLOSE_POINTS: False
    REMOVE_CLOSE_POINTS_RADIUS: 0
    REPARE_LARGE_BLOBS_SIZE: -1
    VORONOI_ON_MASK: False
    VORONOI_TH: 0.0
  REDUCE_MEMORY: False
  REUSE_PREDICTIONS: False
  SAVE_MODEL_RAW_OUTPUT: True
  VERBOSE: True
TRAIN:
  BATCH_SIZE: 45
  CHECKPOINT_MONITOR: val_loss
  ENABLE: True
  EPOCHS: 60
  GRADIENT_CLIP_NORM: 0.0
  LR: [0.0001]
  LR_SCHEDULER:
    MIN_LR: [1e-05]
    NAME: warmupcosine
    REDUCEONPLATEAU_FACTOR: 0.5
    REDUCEONPLATEAU_PATIENCE: -1
    WARMUP_COSINE_DECAY_EPOCHS: 5
  METRICS: ['iou']
  OPTIMIZER: ['ADAMW']
  OPT_BETAS: [[0.9, 0.999]]
  PATIENCE: 10
  VERBOSE: False
  W_DECAY: 0.02
[17:13:28.881899] *~~~~~~~~~~~~~~~~~~~~~~~~~~~~~~~~~~~~~~~~~~~~~~~~~~*
[17:13:28.881931] Initializing Instance_Segmentation_Workflow
[17:13:28.881940] *~~~~~~~~~~~~~~~~~~~~~~~~~~~~~~~~~~~~~~~~~~~~~~~~~~*

[17:13:28.982472] Creating normalization module . . .
[17:13:28.982514] Normalization module created with the following configuration:
[17:13:28.982523]   type: zero_mean_unit_variance
[17:13:28.982531]   target_type: mask
[17:13:28.982537]   out_dtype: float32
[17:13:28.982545]   norm_target: False
[17:13:28.982552]   percentile_clip: False
[17:13:28.982560]   per_lower_bound: -1.0
[17:13:28.982566]   per_upper_bound: -1.0
[17:13:28.982582]   lower_bound_val: [-1.0]
[17:13:28.982588]   upper_bound_val: [-1.0]
[17:13:28.982594]   mean: [-1.0]
[17:13:28.982600]   std: [-1.0]
[17:13:28.982623] ###########################
[17:13:28.982630] #  PREPARE INSTANCE DATA  #
[17:13:28.982636] ###########################
[17:13:28.982661] You select to create ['F', 'Dc', 'Dn', 'P'] channels from given instance labels and no file is detected in fisbe/biapy-channel-scale-zarr/train/label_F.erosion-0.dilation-0_Dc.type-centroid.norm-True.mask_values-True_Dn.closing_size-3.norm-True.mask_values-True.decline_power-3_P.type-skeleton.dilation-2.erosion-0 . So let's prepare the data. This process will be done just once!
[17:13:28.984179] Working with Zarr files . . .
[17:13:28.984234] Reading Zarr/H5 file: fisbe/biapy-channel-scale-zarr/train/label/R38F04-20181005_63_G3_cs0.26_1.39_1.50.zarr
[17:13:28.989367] ### 3D-OV-CROP ###
[17:13:28.989387] Cropping (431, 687, 684, 1) images into (80, 128, 128, 1) with overlapping (axis order: ZYXC). . .
[17:13:28.989395] Minimum overlap selected: (0, 0, 0)
[17:13:28.989403] Padding: (0, 0, 0)
[17:13:28.989426] Real overlapping (%): (0.1125, 0.125, 0.125)
[17:13:28.989435] Real overlapping (pixels): (9.0, 16.0, 16.0)
[17:13:28.989441] (6, 6, 6) patches per (z,y,x) axis
[17:13:28.989464] List of volume IDs to be processed by each GPU: [[0, 1, 2, 3, 4, 5]]
[17:13:28.989476] Positions of each volume in Z axis: {0: [0, 80], 1: [71, 151], 2: [142, 222], 3: [213, 293], 4: [284, 364], 5: [355, 431]}
[17:13:28.989487] Rank 0: Total number of patches: 216 - (6, 6, 6) patches per (z,y,x) axis (per GPU)
[17:13:29.927275] Reading Zarr/H5 file: fisbe/biapy-channel-scale-zarr/train/label/R38F04-20181005_63_G3_cs0.31_0.33_0.32.zarr
[17:13:29.934601] ### 3D-OV-CROP ###
[17:13:29.934618] Cropping (431, 687, 684, 1) images into (80, 128, 128, 1) with overlapping (axis order: ZYXC). . .
[17:13:29.934626] Minimum overlap selected: (0, 0, 0)
[17:13:29.934633] Padding: (0, 0, 0)
[17:13:29.934652] Real overlapping (%): (0.1125, 0.125, 0.125)
[17:13:29.934661] Real overlapping (pixels): (9.0, 16.0, 16.0)
[17:13:29.934668] (6, 6, 6) patches per (z,y,x) axis
[17:13:29.934681] List of volume IDs to be processed by each GPU: [[0, 1, 2, 3, 4, 5]]
[17:13:29.934691] Positions of each volume in Z axis: {0: [0, 80], 1: [71, 151], 2: [142, 222], 3: [213, 293], 4: [284, 364], 5: [355, 431]}
[17:13:29.934698] Rank 0: Total number of patches: 216 - (6, 6, 6) patches per (z,y,x) axis (per GPU)
[17:13:30.875964] Reading Zarr/H5 file: fisbe/biapy-channel-scale-zarr/train/label/R38F04-20181005_63_G3_cs1.39_1.47_0.27.zarr
[17:13:30.880593] ### 3D-OV-CROP ###
[17:13:30.880611] Cropping (431, 687, 684, 1) images into (80, 128, 128, 1) with overlapping (axis order: ZYXC). . .
[17:13:30.880619] Minimum overlap selected: (0, 0, 0)
[17:13:30.880627] Padding: (0, 0, 0)
[17:13:30.880646] Real overlapping (%): (0.1125, 0.125, 0.125)
[17:13:30.880654] Real overlapping (pixels): (9.0, 16.0, 16.0)
[17:13:30.880661] (6, 6, 6) patches per (z,y,x) axis
[17:13:30.880674] List of volume IDs to be processed by each GPU: [[0, 1, 2, 3, 4, 5]]
[17:13:30.880685] Positions of each volume in Z axis: {0: [0, 80], 1: [71, 151], 2: [142, 222], 3: [213, 293], 4: [284, 364], 5: [355, 431]}
[17:13:30.880693] Rank 0: Total number of patches: 216 - (6, 6, 6) patches per (z,y,x) axis (per GPU)
[17:13:31.893375] Reading Zarr/H5 file: fisbe/biapy-channel-scale-zarr/train/label/R38F04-20181005_63_G3_cs1.47_0.34_0.31.zarr
[17:13:31.897509] ### 3D-OV-CROP ###
[17:13:31.897527] Cropping (431, 687, 684, 1) images into (80, 128, 128, 1) with overlapping (axis order: ZYXC). . .
[17:13:31.897535] Minimum overlap selected: (0, 0, 0)
[17:13:31.897542] Padding: (0, 0, 0)
[17:13:31.897561] Real overlapping (%): (0.1125, 0.125, 0.125)
[17:13:31.897570] Real overlapping (pixels): (9.0, 16.0, 16.0)
[17:13:31.897577] (6, 6, 6) patches per (z,y,x) axis
[17:13:31.897589] List of volume IDs to be processed by each GPU: [[0, 1, 2, 3, 4, 5]]
[17:13:31.897598] Positions of each volume in Z axis: {0: [0, 80], 1: [71, 151], 2: [142, 222], 3: [213, 293], 4: [284, 364], 5: [355, 431]}
[17:13:31.897606] Rank 0: Total number of patches: 216 - (6, 6, 6) patches per (z,y,x) axis (per GPU)
[17:13:32.999320] Reading Zarr/H5 file: fisbe/biapy-channel-scale-zarr/train/label/R38F04-20181005_63_G5_cs0.31_1.43_0.35.zarr
[17:13:33.003744] ### 3D-OV-CROP ###
[17:13:33.003761] Cropping (421, 687, 684, 1) images into (80, 128, 128, 1) with overlapping (axis order: ZYXC). . .
[17:13:33.003769] Minimum overlap selected: (0, 0, 0)
[17:13:33.003776] Padding: (0, 0, 0)
[17:13:33.003795] Real overlapping (%): (0.1375, 0.125, 0.125)
[17:13:33.003803] Real overlapping (pixels): (11.0, 16.0, 16.0)
[17:13:33.003810] (6, 6, 6) patches per (z,y,x) axis
[17:13:33.003823] List of volume IDs to be processed by each GPU: [[0, 1, 2, 3, 4, 5]]
[17:13:33.003833] Positions of each volume in Z axis: {0: [0, 80], 1: [69, 149], 2: [138, 218], 3: [207, 287], 4: [276, 356], 5: [345, 421]}
[17:13:33.003841] Rank 0: Total number of patches: 216 - (6, 6, 6) patches per (z,y,x) axis (per GPU)
[17:13:33.902490] Reading Zarr/H5 file: fisbe/biapy-channel-scale-zarr/train/label/R38F04-20181005_63_G5_cs1.41_1.45_0.34.zarr
[17:13:33.905876] ### 3D-OV-CROP ###
[17:13:33.905895] Cropping (421, 687, 684, 1) images into (80, 128, 128, 1) with overlapping (axis order: ZYXC). . .
[17:13:33.905904] Minimum overlap selected: (0, 0, 0)
[17:13:33.905912] Padding: (0, 0, 0)
[17:13:33.905932] Real overlapping (%): (0.1375, 0.125, 0.125)
[17:13:33.905941] Real overlapping (pixels): (11.0, 16.0, 16.0)
[17:13:33.905957] (6, 6, 6) patches per (z,y,x) axis
[17:13:33.905970] List of volume IDs to be processed by each GPU: [[0, 1, 2, 3, 4, 5]]
[17:13:33.905980] Positions of each volume in Z axis: {0: [0, 80], 1: [69, 149], 2: [138, 218], 3: [207, 287], 4: [276, 356], 5: [345, 421]}
[17:13:33.905989] Rank 0: Total number of patches: 216 - (6, 6, 6) patches per (z,y,x) axis (per GPU)
[17:13:34.842383] Reading Zarr/H5 file: fisbe/biapy-channel-scale-zarr/train/label/R38F04-20181005_63_G5_cs1.43_0.36_1.50.zarr
[17:13:34.846018] ### 3D-OV-CROP ###
[17:13:34.846037] Cropping (421, 687, 684, 1) images into (80, 128, 128, 1) with overlapping (axis order: ZYXC). . .
[17:13:34.846046] Minimum overlap selected: (0, 0, 0)
[17:13:34.846058] Padding: (0, 0, 0)
[17:13:34.846079] Real overlapping (%): (0.1375, 0.125, 0.125)
[17:13:34.846088] Real overlapping (pixels): (11.0, 16.0, 16.0)
[17:13:34.846096] (6, 6, 6) patches per (z,y,x) axis
[17:13:34.846110] List of volume IDs to be processed by each GPU: [[0, 1, 2, 3, 4, 5]]
[17:13:34.846120] Positions of each volume in Z axis: {0: [0, 80], 1: [69, 149], 2: [138, 218], 3: [207, 287], 4: [276, 356], 5: [345, 421]}
[17:13:34.846129] Rank 0: Total number of patches: 216 - (6, 6, 6) patches per (z,y,x) axis (per GPU)
[17:13:35.810090] Reading Zarr/H5 file: fisbe/biapy-channel-scale-zarr/train/label/R38F04-20181005_63_G5_cs1.48_0.26_0.36.zarr
[17:13:35.813980] ### 3D-OV-CROP ###
[17:13:35.814000] Cropping (421, 687, 684, 1) images into (80, 128, 128, 1) with overlapping (axis order: ZYXC). . .
[17:13:35.814009] Minimum overlap selected: (0, 0, 0)
[17:13:35.814017] Padding: (0, 0, 0)
[17:13:35.814038] Real overlapping (%): (0.1375, 0.125, 0.125)
[17:13:35.814047] Real overlapping (pixels): (11.0, 16.0, 16.0)
[17:13:35.814059] (6, 6, 6) patches per (z,y,x) axis
[17:13:35.814073] List of volume IDs to be processed by each GPU: [[0, 1, 2, 3, 4, 5]]
[17:13:35.814084] Positions of each volume in Z axis: {0: [0, 80], 1: [69, 149], 2: [138, 218], 3: [207, 287], 4: [276, 356], 5: [345, 421]}
[17:13:35.814092] Rank 0: Total number of patches: 216 - (6, 6, 6) patches per (z,y,x) axis (per GPU)
[17:13:36.729256] Reading Zarr/H5 file: fisbe/biapy-channel-scale-zarr/train/label/R38F04-20181005_63_H1_cs0.31_1.43_0.29.zarr
[17:13:36.736790] ### 3D-OV-CROP ###
[17:13:36.736809] Cropping (399, 687, 684, 1) images into (80, 128, 128, 1) with overlapping (axis order: ZYXC). . .
[17:13:36.736818] Minimum overlap selected: (0, 0, 0)
[17:13:36.736827] Padding: (0, 0, 0)
[17:13:36.736847] Real overlapping (%): (0.0, 0.125, 0.125)
[17:13:36.736857] Real overlapping (pixels): (0.0, 16.0, 16.0)
[17:13:36.736865] (5, 6, 6) patches per (z,y,x) axis
[17:13:36.736879] List of volume IDs to be processed by each GPU: [[0, 1, 2, 3, 4]]
[17:13:36.736890] Positions of each volume in Z axis: {0: [0, 80], 1: [80, 160], 2: [160, 240], 3: [240, 320], 4: [320, 399]}
[17:13:36.736899] Rank 0: Total number of patches: 180 - (5, 6, 6) patches per (z,y,x) axis (per GPU)
[17:13:37.835711] Reading Zarr/H5 file: fisbe/biapy-channel-scale-zarr/train/label/R38F04-20181005_63_H1_cs1.44_0.27_0.26.zarr
[17:13:37.840009] ### 3D-OV-CROP ###
[17:13:37.840028] Cropping (399, 687, 684, 1) images into (80, 128, 128, 1) with overlapping (axis order: ZYXC). . .
[17:13:37.840037] Minimum overlap selected: (0, 0, 0)
[17:13:37.840045] Padding: (0, 0, 0)
[17:13:37.840069] Real overlapping (%): (0.0, 0.125, 0.125)
[17:13:37.840078] Real overlapping (pixels): (0.0, 16.0, 16.0)
[17:13:37.840087] (5, 6, 6) patches per (z,y,x) axis
[17:13:37.840100] List of volume IDs to be processed by each GPU: [[0, 1, 2, 3, 4]]
[17:13:37.840111] Positions of each volume in Z axis: {0: [0, 80], 1: [80, 160], 2: [160, 240], 3: [240, 320], 4: [320, 399]}
[17:13:37.840121] Rank 0: Total number of patches: 180 - (5, 6, 6) patches per (z,y,x) axis (per GPU)
[17:13:39.015175] Reading Zarr/H5 file: fisbe/biapy-channel-scale-zarr/train/label/R38F04-20181005_63_H1_cs1.44_1.49_0.35.zarr
[17:13:39.019092] ### 3D-OV-CROP ###
[17:13:39.019113] Cropping (399, 687, 684, 1) images into (80, 128, 128, 1) with overlapping (axis order: ZYXC). . .
[17:13:39.019127] Minimum overlap selected: (0, 0, 0)
[17:13:39.019135] Padding: (0, 0, 0)
[17:13:39.019157] Real overlapping (%): (0.0, 0.125, 0.125)
[17:13:39.019166] Real overlapping (pixels): (0.0, 16.0, 16.0)
[17:13:39.019174] (5, 6, 6) patches per (z,y,x) axis
[17:13:39.019189] List of volume IDs to be processed by each GPU: [[0, 1, 2, 3, 4]]
[17:13:39.019200] Positions of each volume in Z axis: {0: [0, 80], 1: [80, 160], 2: [160, 240], 3: [240, 320], 4: [320, 399]}
[17:13:39.019209] Rank 0: Total number of patches: 180 - (5, 6, 6) patches per (z,y,x) axis (per GPU)
[17:13:40.232489] Reading Zarr/H5 file: fisbe/biapy-channel-scale-zarr/train/label/R38F04-20181005_63_H1_cs1.49_0.30_1.49.zarr
[17:13:40.238901] ### 3D-OV-CROP ###
[17:13:40.238922] Cropping (399, 687, 684, 1) images into (80, 128, 128, 1) with overlapping (axis order: ZYXC). . .
[17:13:40.238931] Minimum overlap selected: (0, 0, 0)
[17:13:40.238939] Padding: (0, 0, 0)
[17:13:40.238959] Real overlapping (%): (0.0, 0.125, 0.125)
[17:13:40.238968] Real overlapping (pixels): (0.0, 16.0, 16.0)
[17:13:40.238976] (5, 6, 6) patches per (z,y,x) axis
[17:13:40.238990] List of volume IDs to be processed by each GPU: [[0, 1, 2, 3, 4]]
[17:13:40.239002] Positions of each volume in Z axis: {0: [0, 80], 1: [80, 160], 2: [160, 240], 3: [240, 320], 4: [320, 399]}
[17:13:40.239012] Rank 0: Total number of patches: 180 - (5, 6, 6) patches per (z,y,x) axis (per GPU)
[17:13:41.607217] Reading Zarr/H5 file: fisbe/biapy-channel-scale-zarr/train/label/R53A10-20181019_64_A4_cs0.28_1.49_1.48.zarr
[17:13:41.612166] ### 3D-OV-CROP ###
[17:13:41.612184] Cropping (410, 683, 686, 1) images into (80, 128, 128, 1) with overlapping (axis order: ZYXC). . .
[17:13:41.612193] Minimum overlap selected: (0, 0, 0)
[17:13:41.612201] Padding: (0, 0, 0)
[17:13:41.612222] Real overlapping (%): (0.175, 0.1328125, 0.125)
[17:13:41.612231] Real overlapping (pixels): (14.0, 17.0, 16.0)
[17:13:41.612240] (6, 6, 6) patches per (z,y,x) axis
[17:13:41.612254] List of volume IDs to be processed by each GPU: [[0, 1, 2, 3, 4, 5]]
[17:13:41.612266] Positions of each volume in Z axis: {0: [0, 80], 1: [66, 146], 2: [132, 212], 3: [198, 278], 4: [264, 344], 5: [330, 410]}
[17:13:41.612275] Rank 0: Total number of patches: 216 - (6, 6, 6) patches per (z,y,x) axis (per GPU)
[17:13:42.411920] Reading Zarr/H5 file: fisbe/biapy-channel-scale-zarr/train/label/R53A10-20181019_64_A4_cs0.30_1.40_0.34.zarr
[17:13:42.420584] ### 3D-OV-CROP ###
[17:13:42.420603] Cropping (410, 683, 686, 1) images into (80, 128, 128, 1) with overlapping (axis order: ZYXC). . .
[17:13:42.420611] Minimum overlap selected: (0, 0, 0)
[17:13:42.420619] Padding: (0, 0, 0)
[17:13:42.420639] Real overlapping (%): (0.175, 0.1328125, 0.125)
[17:13:42.420648] Real overlapping (pixels): (14.0, 17.0, 16.0)
[17:13:42.420656] (6, 6, 6) patches per (z,y,x) axis
[17:13:42.420670] List of volume IDs to be processed by each GPU: [[0, 1, 2, 3, 4, 5]]
[17:13:42.420681] Positions of each volume in Z axis: {0: [0, 80], 1: [66, 146], 2: [132, 212], 3: [198, 278], 4: [264, 344], 5: [330, 410]}
[17:13:42.420690] Rank 0: Total number of patches: 216 - (6, 6, 6) patches per (z,y,x) axis (per GPU)
[17:13:43.273391] Reading Zarr/H5 file: fisbe/biapy-channel-scale-zarr/train/label/R53A10-20181019_64_A4_cs1.41_0.28_1.43.zarr
[17:13:43.281597] ### 3D-OV-CROP ###
[17:13:43.281616] Cropping (410, 683, 686, 1) images into (80, 128, 128, 1) with overlapping (axis order: ZYXC). . .
[17:13:43.281625] Minimum overlap selected: (0, 0, 0)
[17:13:43.281634] Padding: (0, 0, 0)
[17:13:43.281654] Real overlapping (%): (0.175, 0.1328125, 0.125)
[17:13:43.281663] Real overlapping (pixels): (14.0, 17.0, 16.0)
[17:13:43.281671] (6, 6, 6) patches per (z,y,x) axis
[17:13:43.281685] List of volume IDs to be processed by each GPU: [[0, 1, 2, 3, 4, 5]]
[17:13:43.281696] Positions of each volume in Z axis: {0: [0, 80], 1: [66, 146], 2: [132, 212], 3: [198, 278], 4: [264, 344], 5: [330, 410]}
[17:13:43.281705] Rank 0: Total number of patches: 216 - (6, 6, 6) patches per (z,y,x) axis (per GPU)
[17:13:44.102688] Reading Zarr/H5 file: fisbe/biapy-channel-scale-zarr/train/label/R53A10-20181019_64_A4_cs1.41_1.40_0.32.zarr
[17:13:44.118236] ### 3D-OV-CROP ###
[17:13:44.118255] Cropping (410, 683, 686, 1) images into (80, 128, 128, 1) with overlapping (axis order: ZYXC). . .
[17:13:44.118265] Minimum overlap selected: (0, 0, 0)
[17:13:44.118274] Padding: (0, 0, 0)
[17:13:44.118295] Real overlapping (%): (0.175, 0.1328125, 0.125)
[17:13:44.118305] Real overlapping (pixels): (14.0, 17.0, 16.0)
[17:13:44.118313] (6, 6, 6) patches per (z,y,x) axis
[17:13:44.118327] List of volume IDs to be processed by each GPU: [[0, 1, 2, 3, 4, 5]]
[17:13:44.118338] Positions of each volume in Z axis: {0: [0, 80], 1: [66, 146], 2: [132, 212], 3: [198, 278], 4: [264, 344], 5: [330, 410]}
[17:13:44.118347] Rank 0: Total number of patches: 216 - (6, 6, 6) patches per (z,y,x) axis (per GPU)
[17:13:44.899449] Reading Zarr/H5 file: fisbe/biapy-channel-scale-zarr/train/label/R75E01-20181030_64_D1_cs0.36_0.36_0.35.zarr
[17:13:44.906525] ### 3D-OV-CROP ###
[17:13:44.906546] Cropping (401, 685, 685, 1) images into (80, 128, 128, 1) with overlapping (axis order: ZYXC). . .
[17:13:44.906555] Minimum overlap selected: (0, 0, 0)
[17:13:44.906565] Padding: (0, 0, 0)
[17:13:44.906586] Real overlapping (%): (0.1875, 0.125, 0.125)
[17:13:44.906601] Real overlapping (pixels): (15.0, 16.0, 16.0)
[17:13:44.906609] (6, 6, 6) patches per (z,y,x) axis
[17:13:44.906625] List of volume IDs to be processed by each GPU: [[0, 1, 2, 3, 4, 5]]
[17:13:44.906637] Positions of each volume in Z axis: {0: [0, 80], 1: [65, 145], 2: [130, 210], 3: [195, 275], 4: [260, 340], 5: [325, 401]}
[17:13:44.906646] Rank 0: Total number of patches: 216 - (6, 6, 6) patches per (z,y,x) axis (per GPU)
[17:13:45.743610] Reading Zarr/H5 file: fisbe/biapy-channel-scale-zarr/train/label/R75E01-20181030_64_D1_cs0.36_1.43_1.48.zarr
[17:13:45.750262] ### 3D-OV-CROP ###
[17:13:45.750282] Cropping (401, 685, 685, 1) images into (80, 128, 128, 1) with overlapping (axis order: ZYXC). . .
[17:13:45.750291] Minimum overlap selected: (0, 0, 0)
[17:13:45.750299] Padding: (0, 0, 0)
[17:13:45.750319] Real overlapping (%): (0.1875, 0.125, 0.125)
[17:13:45.750333] Real overlapping (pixels): (15.0, 16.0, 16.0)
[17:13:45.750341] (6, 6, 6) patches per (z,y,x) axis
[17:13:45.750354] List of volume IDs to be processed by each GPU: [[0, 1, 2, 3, 4, 5]]
[17:13:45.750365] Positions of each volume in Z axis: {0: [0, 80], 1: [65, 145], 2: [130, 210], 3: [195, 275], 4: [260, 340], 5: [325, 401]}
[17:13:45.750375] Rank 0: Total number of patches: 216 - (6, 6, 6) patches per (z,y,x) axis (per GPU)
[17:13:46.535854] Reading Zarr/H5 file: fisbe/biapy-channel-scale-zarr/train/label/R75E01-20181030_64_D1_cs1.44_0.37_1.48.zarr
[17:13:46.541632] ### 3D-OV-CROP ###
[17:13:46.541650] Cropping (401, 685, 685, 1) images into (80, 128, 128, 1) with overlapping (axis order: ZYXC). . .
[17:13:46.541659] Minimum overlap selected: (0, 0, 0)
[17:13:46.541667] Padding: (0, 0, 0)
[17:13:46.541688] Real overlapping (%): (0.1875, 0.125, 0.125)
[17:13:46.541697] Real overlapping (pixels): (15.0, 16.0, 16.0)
[17:13:46.541705] (6, 6, 6) patches per (z,y,x) axis
[17:13:46.541720] List of volume IDs to be processed by each GPU: [[0, 1, 2, 3, 4, 5]]
[17:13:46.541731] Positions of each volume in Z axis: {0: [0, 80], 1: [65, 145], 2: [130, 210], 3: [195, 275], 4: [260, 340], 5: [325, 401]}
[17:13:46.541740] Rank 0: Total number of patches: 216 - (6, 6, 6) patches per (z,y,x) axis (per GPU)
[17:13:47.281262] Reading Zarr/H5 file: fisbe/biapy-channel-scale-zarr/train/label/R75E01-20181030_64_D1_cs1.45_1.50_0.30.zarr
[17:13:47.286905] ### 3D-OV-CROP ###
[17:13:47.286923] Cropping (401, 685, 685, 1) images into (80, 128, 128, 1) with overlapping (axis order: ZYXC). . .
[17:13:47.286932] Minimum overlap selected: (0, 0, 0)
[17:13:47.286940] Padding: (0, 0, 0)
[17:13:47.286960] Real overlapping (%): (0.1875, 0.125, 0.125)
[17:13:47.286970] Real overlapping (pixels): (15.0, 16.0, 16.0)
[17:13:47.286986] (6, 6, 6) patches per (z,y,x) axis
[17:13:47.287000] List of volume IDs to be processed by each GPU: [[0, 1, 2, 3, 4, 5]]
[17:13:47.287013] Positions of each volume in Z axis: {0: [0, 80], 1: [65, 145], 2: [130, 210], 3: [195, 275], 4: [260, 340], 5: [325, 401]}
[17:13:47.287024] Rank 0: Total number of patches: 216 - (6, 6, 6) patches per (z,y,x) axis (per GPU)
[17:13:48.036712] Reading Zarr/H5 file: fisbe/biapy-channel-scale-zarr/train/label/VT008647-20171222_63_D1_cs0.35_0.37_0.26.zarr
[17:13:48.043266] ### 3D-OV-CROP ###
[17:13:48.043286] Cropping (417, 685, 685, 1) images into (80, 128, 128, 1) with overlapping (axis order: ZYXC). . .
[17:13:48.043295] Minimum overlap selected: (0, 0, 0)
[17:13:48.043303] Padding: (0, 0, 0)
[17:13:48.043326] Real overlapping (%): (0.15, 0.125, 0.125)
[17:13:48.043335] Real overlapping (pixels): (12.0, 16.0, 16.0)
[17:13:48.043343] (6, 6, 6) patches per (z,y,x) axis
[17:13:48.043359] List of volume IDs to be processed by each GPU: [[0, 1, 2, 3, 4, 5]]
[17:13:48.043370] Positions of each volume in Z axis: {0: [0, 80], 1: [68, 148], 2: [136, 216], 3: [204, 284], 4: [272, 352], 5: [340, 417]}
[17:13:48.043379] Rank 0: Total number of patches: 216 - (6, 6, 6) patches per (z,y,x) axis (per GPU)
[17:13:49.621808] Reading Zarr/H5 file: fisbe/biapy-channel-scale-zarr/train/label/VT008647-20171222_63_D1_cs0.36_1.49_0.25.zarr
[17:13:49.628744] ### 3D-OV-CROP ###
[17:13:49.628764] Cropping (417, 685, 685, 1) images into (80, 128, 128, 1) with overlapping (axis order: ZYXC). . .
[17:13:49.628773] Minimum overlap selected: (0, 0, 0)
[17:13:49.628781] Padding: (0, 0, 0)
[17:13:49.628801] Real overlapping (%): (0.15, 0.125, 0.125)
[17:13:49.628811] Real overlapping (pixels): (12.0, 16.0, 16.0)
[17:13:49.628818] (6, 6, 6) patches per (z,y,x) axis
[17:13:49.628832] List of volume IDs to be processed by each GPU: [[0, 1, 2, 3, 4, 5]]
[17:13:49.628843] Positions of each volume in Z axis: {0: [0, 80], 1: [68, 148], 2: [136, 216], 3: [204, 284], 4: [272, 352], 5: [340, 417]}
[17:13:49.628852] Rank 0: Total number of patches: 216 - (6, 6, 6) patches per (z,y,x) axis (per GPU)
[17:13:51.168837] Reading Zarr/H5 file: fisbe/biapy-channel-scale-zarr/train/label/VT008647-20171222_63_D1_cs0.37_0.36_1.49.zarr
[17:13:51.177561] ### 3D-OV-CROP ###
[17:13:51.177583] Cropping (417, 685, 685, 1) images into (80, 128, 128, 1) with overlapping (axis order: ZYXC). . .
[17:13:51.177592] Minimum overlap selected: (0, 0, 0)
[17:13:51.177609] Padding: (0, 0, 0)
[17:13:51.177630] Real overlapping (%): (0.15, 0.125, 0.125)
[17:13:51.177639] Real overlapping (pixels): (12.0, 16.0, 16.0)
[17:13:51.177647] (6, 6, 6) patches per (z,y,x) axis
[17:13:51.177660] List of volume IDs to be processed by each GPU: [[0, 1, 2, 3, 4, 5]]
[17:13:51.177671] Positions of each volume in Z axis: {0: [0, 80], 1: [68, 148], 2: [136, 216], 3: [204, 284], 4: [272, 352], 5: [340, 417]}
[17:13:51.177681] Rank 0: Total number of patches: 216 - (6, 6, 6) patches per (z,y,x) axis (per GPU)
[17:13:52.507232] Reading Zarr/H5 file: fisbe/biapy-channel-scale-zarr/train/label/VT008647-20171222_63_D1_cs1.46_1.45_1.39.zarr
[17:13:52.513287] ### 3D-OV-CROP ###
[17:13:52.513306] Cropping (417, 685, 685, 1) images into (80, 128, 128, 1) with overlapping (axis order: ZYXC). . .
[17:13:52.513316] Minimum overlap selected: (0, 0, 0)
[17:13:52.513323] Padding: (0, 0, 0)
[17:13:52.513344] Real overlapping (%): (0.15, 0.125, 0.125)
[17:13:52.513353] Real overlapping (pixels): (12.0, 16.0, 16.0)
[17:13:52.513361] (6, 6, 6) patches per (z,y,x) axis
[17:13:52.513375] List of volume IDs to be processed by each GPU: [[0, 1, 2, 3, 4, 5]]
[17:13:52.513386] Positions of each volume in Z axis: {0: [0, 80], 1: [68, 148], 2: [136, 216], 3: [204, 284], 4: [272, 352], 5: [340, 417]}
[17:13:52.513395] Rank 0: Total number of patches: 216 - (6, 6, 6) patches per (z,y,x) axis (per GPU)
[17:13:53.873990] Reading Zarr/H5 file: fisbe/biapy-channel-scale-zarr/train/label/VT008647-20171222_63_D2_cs0.37_1.40_1.43.zarr
[17:13:53.885673] ### 3D-OV-CROP ###
[17:13:53.885692] Cropping (412, 685, 685, 1) images into (80, 128, 128, 1) with overlapping (axis order: ZYXC). . .
[17:13:53.885707] Minimum overlap selected: (0, 0, 0)
[17:13:53.885715] Padding: (0, 0, 0)
[17:13:53.885735] Real overlapping (%): (0.1625, 0.125, 0.125)
[17:13:53.885745] Real overlapping (pixels): (13.0, 16.0, 16.0)
[17:13:53.885753] (6, 6, 6) patches per (z,y,x) axis
[17:13:53.885767] List of volume IDs to be processed by each GPU: [[0, 1, 2, 3, 4, 5]]
[17:13:53.885778] Positions of each volume in Z axis: {0: [0, 80], 1: [67, 147], 2: [134, 214], 3: [201, 281], 4: [268, 348], 5: [335, 412]}
[17:13:53.885787] Rank 0: Total number of patches: 216 - (6, 6, 6) patches per (z,y,x) axis (per GPU)
[17:13:55.082742] Reading Zarr/H5 file: fisbe/biapy-channel-scale-zarr/train/label/VT008647-20171222_63_D2_cs1.39_0.28_0.32.zarr
[17:13:55.088692] ### 3D-OV-CROP ###
[17:13:55.088711] Cropping (412, 685, 685, 1) images into (80, 128, 128, 1) with overlapping (axis order: ZYXC). . .
[17:13:55.088720] Minimum overlap selected: (0, 0, 0)
[17:13:55.088728] Padding: (0, 0, 0)
[17:13:55.088748] Real overlapping (%): (0.1625, 0.125, 0.125)
[17:13:55.088758] Real overlapping (pixels): (13.0, 16.0, 16.0)
[17:13:55.088766] (6, 6, 6) patches per (z,y,x) axis
[17:13:55.088779] List of volume IDs to be processed by each GPU: [[0, 1, 2, 3, 4, 5]]
[17:13:55.088790] Positions of each volume in Z axis: {0: [0, 80], 1: [67, 147], 2: [134, 214], 3: [201, 281], 4: [268, 348], 5: [335, 412]}
[17:13:55.088799] Rank 0: Total number of patches: 216 - (6, 6, 6) patches per (z,y,x) axis (per GPU)
[17:13:56.322981] Reading Zarr/H5 file: fisbe/biapy-channel-scale-zarr/train/label/VT008647-20171222_63_D2_cs1.39_1.42_1.41.zarr
[17:13:56.330327] ### 3D-OV-CROP ###
[17:13:56.330346] Cropping (412, 685, 685, 1) images into (80, 128, 128, 1) with overlapping (axis order: ZYXC). . .
[17:13:56.330356] Minimum overlap selected: (0, 0, 0)
[17:13:56.330364] Padding: (0, 0, 0)
[17:13:56.330384] Real overlapping (%): (0.1625, 0.125, 0.125)
[17:13:56.330394] Real overlapping (pixels): (13.0, 16.0, 16.0)
[17:13:56.330402] (6, 6, 6) patches per (z,y,x) axis
[17:13:56.330417] List of volume IDs to be processed by each GPU: [[0, 1, 2, 3, 4, 5]]
[17:13:56.330428] Positions of each volume in Z axis: {0: [0, 80], 1: [67, 147], 2: [134, 214], 3: [201, 281], 4: [268, 348], 5: [335, 412]}
[17:13:56.330438] Rank 0: Total number of patches: 216 - (6, 6, 6) patches per (z,y,x) axis (per GPU)
[17:13:57.727872] Reading Zarr/H5 file: fisbe/biapy-channel-scale-zarr/train/label/VT008647-20171222_63_D2_cs1.39_1.45_0.29.zarr
[17:13:57.733667] ### 3D-OV-CROP ###
[17:13:57.733689] Cropping (412, 685, 685, 1) images into (80, 128, 128, 1) with overlapping (axis order: ZYXC). . .
[17:13:57.733698] Minimum overlap selected: (0, 0, 0)
[17:13:57.733706] Padding: (0, 0, 0)
[17:13:57.733727] Real overlapping (%): (0.1625, 0.125, 0.125)
[17:13:57.733736] Real overlapping (pixels): (13.0, 16.0, 16.0)
[17:13:57.733744] (6, 6, 6) patches per (z,y,x) axis
[17:13:57.733758] List of volume IDs to be processed by each GPU: [[0, 1, 2, 3, 4, 5]]
[17:13:57.733769] Positions of each volume in Z axis: {0: [0, 80], 1: [67, 147], 2: [134, 214], 3: [201, 281], 4: [268, 348], 5: [335, 412]}
[17:13:57.733778] Rank 0: Total number of patches: 216 - (6, 6, 6) patches per (z,y,x) axis (per GPU)
[17:13:58.939701] Reading Zarr/H5 file: fisbe/biapy-channel-scale-zarr/train/label/VT008647-20171222_63_E1_cs0.28_0.31_0.36.zarr
[17:13:58.947370] ### 3D-OV-CROP ###
[17:13:58.947389] Cropping (416, 685, 685, 1) images into (80, 128, 128, 1) with overlapping (axis order: ZYXC). . .
[17:13:58.947398] Minimum overlap selected: (0, 0, 0)
[17:13:58.947406] Padding: (0, 0, 0)
[17:13:58.947427] Real overlapping (%): (0.15, 0.125, 0.125)
[17:13:58.947438] Real overlapping (pixels): (12.0, 16.0, 16.0)
[17:13:58.947446] (6, 6, 6) patches per (z,y,x) axis
[17:13:58.947461] List of volume IDs to be processed by each GPU: [[0, 1, 2, 3, 4, 5]]
[17:13:58.947473] Positions of each volume in Z axis: {0: [0, 80], 1: [68, 148], 2: [136, 216], 3: [204, 284], 4: [272, 352], 5: [340, 416]}
[17:13:58.947490] Rank 0: Total number of patches: 216 - (6, 6, 6) patches per (z,y,x) axis (per GPU)
[17:14:00.266228] Reading Zarr/H5 file: fisbe/biapy-channel-scale-zarr/train/label/VT008647-20171222_63_E1_cs0.31_1.50_1.42.zarr
[17:14:00.279793] ### 3D-OV-CROP ###
[17:14:00.279812] Cropping (416, 685, 685, 1) images into (80, 128, 128, 1) with overlapping (axis order: ZYXC). . .
[17:14:00.279821] Minimum overlap selected: (0, 0, 0)
[17:14:00.279829] Padding: (0, 0, 0)
[17:14:00.279850] Real overlapping (%): (0.15, 0.125, 0.125)
[17:14:00.279860] Real overlapping (pixels): (12.0, 16.0, 16.0)
[17:14:00.279868] (6, 6, 6) patches per (z,y,x) axis
[17:14:00.279882] List of volume IDs to be processed by each GPU: [[0, 1, 2, 3, 4, 5]]
[17:14:00.279894] Positions of each volume in Z axis: {0: [0, 80], 1: [68, 148], 2: [136, 216], 3: [204, 284], 4: [272, 352], 5: [340, 416]}
[17:14:00.279903] Rank 0: Total number of patches: 216 - (6, 6, 6) patches per (z,y,x) axis (per GPU)
[17:14:01.672557] Reading Zarr/H5 file: fisbe/biapy-channel-scale-zarr/train/label/VT008647-20171222_63_E1_cs0.36_0.33_1.47.zarr
[17:14:01.679820] ### 3D-OV-CROP ###
[17:14:01.679838] Cropping (416, 685, 685, 1) images into (80, 128, 128, 1) with overlapping (axis order: ZYXC). . .
[17:14:01.679847] Minimum overlap selected: (0, 0, 0)
[17:14:01.679855] Padding: (0, 0, 0)
[17:14:01.679875] Real overlapping (%): (0.15, 0.125, 0.125)
[17:14:01.679885] Real overlapping (pixels): (12.0, 16.0, 16.0)
[17:14:01.679893] (6, 6, 6) patches per (z,y,x) axis
[17:14:01.679906] List of volume IDs to be processed by each GPU: [[0, 1, 2, 3, 4, 5]]
[17:14:01.679918] Positions of each volume in Z axis: {0: [0, 80], 1: [68, 148], 2: [136, 216], 3: [204, 284], 4: [272, 352], 5: [340, 416]}
[17:14:01.679928] Rank 0: Total number of patches: 216 - (6, 6, 6) patches per (z,y,x) axis (per GPU)
[17:14:02.970801] Reading Zarr/H5 file: fisbe/biapy-channel-scale-zarr/train/label/VT008647-20171222_63_E1_cs1.39_1.43_0.25.zarr
[17:14:02.975978] ### 3D-OV-CROP ###
[17:14:02.975999] Cropping (416, 685, 685, 1) images into (80, 128, 128, 1) with overlapping (axis order: ZYXC). . .
[17:14:02.976007] Minimum overlap selected: (0, 0, 0)
[17:14:02.976015] Padding: (0, 0, 0)
[17:14:02.976037] Real overlapping (%): (0.15, 0.125, 0.125)
[17:14:02.976045] Real overlapping (pixels): (12.0, 16.0, 16.0)
[17:14:02.976058] (6, 6, 6) patches per (z,y,x) axis
[17:14:02.976072] List of volume IDs to be processed by each GPU: [[0, 1, 2, 3, 4, 5]]
[17:14:02.976083] Positions of each volume in Z axis: {0: [0, 80], 1: [68, 148], 2: [136, 216], 3: [204, 284], 4: [272, 352], 5: [340, 416]}
[17:14:02.976092] Rank 0: Total number of patches: 216 - (6, 6, 6) patches per (z,y,x) axis (per GPU)
[17:14:04.241008] Reading Zarr/H5 file: fisbe/biapy-channel-scale-zarr/train/label/VT019303-20171013_65_B6_cs0.25_1.42_1.42.zarr
[17:14:04.246676] ### 3D-OV-CROP ###
[17:14:04.246694] Cropping (362, 685, 686, 1) images into (80, 128, 128, 1) with overlapping (axis order: ZYXC). . .
[17:14:04.246702] Minimum overlap selected: (0, 0, 0)
[17:14:04.246709] Padding: (0, 0, 0)
[17:14:04.246727] Real overlapping (%): (0.1125, 0.125, 0.125)
[17:14:04.246735] Real overlapping (pixels): (9.0, 16.0, 16.0)
[17:14:04.246742] (5, 6, 6) patches per (z,y,x) axis
[17:14:04.246754] List of volume IDs to be processed by each GPU: [[0, 1, 2, 3, 4]]
[17:14:04.246765] Positions of each volume in Z axis: {0: [0, 80], 1: [71, 151], 2: [142, 222], 3: [213, 293], 4: [284, 362]}
[17:14:04.246773] Rank 0: Total number of patches: 180 - (5, 6, 6) patches per (z,y,x) axis (per GPU)
[17:14:04.934514] Reading Zarr/H5 file: fisbe/biapy-channel-scale-zarr/train/label/VT019303-20171013_65_B6_cs0.26_0.31_1.44.zarr
[17:14:04.942320] ### 3D-OV-CROP ###
[17:14:04.942339] Cropping (362, 685, 686, 1) images into (80, 128, 128, 1) with overlapping (axis order: ZYXC). . .
[17:14:04.942347] Minimum overlap selected: (0, 0, 0)
[17:14:04.942353] Padding: (0, 0, 0)
[17:14:04.942371] Real overlapping (%): (0.1125, 0.125, 0.125)
[17:14:04.942380] Real overlapping (pixels): (9.0, 16.0, 16.0)
[17:14:04.942391] (5, 6, 6) patches per (z,y,x) axis
[17:14:04.942402] List of volume IDs to be processed by each GPU: [[0, 1, 2, 3, 4]]
[17:14:04.942412] Positions of each volume in Z axis: {0: [0, 80], 1: [71, 151], 2: [142, 222], 3: [213, 293], 4: [284, 362]}
[17:14:04.942422] Rank 0: Total number of patches: 180 - (5, 6, 6) patches per (z,y,x) axis (per GPU)
[17:14:05.690538] Reading Zarr/H5 file: fisbe/biapy-channel-scale-zarr/train/label/VT019303-20171013_65_B6_cs1.40_0.32_0.30.zarr
[17:14:05.698188] ### 3D-OV-CROP ###
[17:14:05.698204] Cropping (362, 685, 686, 1) images into (80, 128, 128, 1) with overlapping (axis order: ZYXC). . .
[17:14:05.698212] Minimum overlap selected: (0, 0, 0)
[17:14:05.698219] Padding: (0, 0, 0)
[17:14:05.698236] Real overlapping (%): (0.1125, 0.125, 0.125)
[17:14:05.698245] Real overlapping (pixels): (9.0, 16.0, 16.0)
[17:14:05.698252] (5, 6, 6) patches per (z,y,x) axis
[17:14:05.698263] List of volume IDs to be processed by each GPU: [[0, 1, 2, 3, 4]]
[17:14:05.698273] Positions of each volume in Z axis: {0: [0, 80], 1: [71, 151], 2: [142, 222], 3: [213, 293], 4: [284, 362]}
[17:14:05.698281] Rank 0: Total number of patches: 180 - (5, 6, 6) patches per (z,y,x) axis (per GPU)
[17:14:06.383490] Reading Zarr/H5 file: fisbe/biapy-channel-scale-zarr/train/label/VT019303-20171013_65_B6_cs1.47_0.34_1.39.zarr
[17:14:06.388400] ### 3D-OV-CROP ###
[17:14:06.388418] Cropping (362, 685, 686, 1) images into (80, 128, 128, 1) with overlapping (axis order: ZYXC). . .
[17:14:06.388426] Minimum overlap selected: (0, 0, 0)
[17:14:06.388434] Padding: (0, 0, 0)
[17:14:06.388453] Real overlapping (%): (0.1125, 0.125, 0.125)
[17:14:06.388461] Real overlapping (pixels): (9.0, 16.0, 16.0)
[17:14:06.388468] (5, 6, 6) patches per (z,y,x) axis
[17:14:06.388479] List of volume IDs to be processed by each GPU: [[0, 1, 2, 3, 4]]
[17:14:06.388489] Positions of each volume in Z axis: {0: [0, 80], 1: [71, 151], 2: [142, 222], 3: [213, 293], 4: [284, 362]}
[17:14:06.388496] Rank 0: Total number of patches: 180 - (5, 6, 6) patches per (z,y,x) axis (per GPU)
[17:14:07.082900] Reading Zarr/H5 file: fisbe/biapy-channel-scale-zarr/train/label/VT019307-20171013_65_F1_cs0.31_1.38_1.48.zarr
[17:14:07.088790] ### 3D-OV-CROP ###
[17:14:07.088809] Cropping (408, 685, 686, 1) images into (80, 128, 128, 1) with overlapping (axis order: ZYXC). . .
[17:14:07.088818] Minimum overlap selected: (0, 0, 0)
[17:14:07.088826] Padding: (0, 0, 0)
[17:14:07.088848] Real overlapping (%): (0.175, 0.125, 0.125)
[17:14:07.088858] Real overlapping (pixels): (14.0, 16.0, 16.0)
[17:14:07.088865] (6, 6, 6) patches per (z,y,x) axis
[17:14:07.088880] List of volume IDs to be processed by each GPU: [[0, 1, 2, 3, 4, 5]]
[17:14:07.088891] Positions of each volume in Z axis: {0: [0, 80], 1: [66, 146], 2: [132, 212], 3: [198, 278], 4: [264, 344], 5: [330, 408]}
[17:14:07.088900] Rank 0: Total number of patches: 216 - (6, 6, 6) patches per (z,y,x) axis (per GPU)
[17:14:08.385295] Reading Zarr/H5 file: fisbe/biapy-channel-scale-zarr/train/label/VT019307-20171013_65_F1_cs0.37_0.37_1.49.zarr
[17:14:08.393399] ### 3D-OV-CROP ###
[17:14:08.393418] Cropping (408, 685, 686, 1) images into (80, 128, 128, 1) with overlapping (axis order: ZYXC). . .
[17:14:08.393427] Minimum overlap selected: (0, 0, 0)
[17:14:08.393435] Padding: (0, 0, 0)
[17:14:08.393456] Real overlapping (%): (0.175, 0.125, 0.125)
[17:14:08.393465] Real overlapping (pixels): (14.0, 16.0, 16.0)
[17:14:08.393473] (6, 6, 6) patches per (z,y,x) axis
[17:14:08.393488] List of volume IDs to be processed by each GPU: [[0, 1, 2, 3, 4, 5]]
[17:14:08.393499] Positions of each volume in Z axis: {0: [0, 80], 1: [66, 146], 2: [132, 212], 3: [198, 278], 4: [264, 344], 5: [330, 408]}
[17:14:08.393507] Rank 0: Total number of patches: 216 - (6, 6, 6) patches per (z,y,x) axis (per GPU)
[17:14:09.602758] Reading Zarr/H5 file: fisbe/biapy-channel-scale-zarr/train/label/VT019307-20171013_65_F1_cs1.41_0.35_0.30.zarr
[17:14:09.609497] ### 3D-OV-CROP ###
[17:14:09.609516] Cropping (408, 685, 686, 1) images into (80, 128, 128, 1) with overlapping (axis order: ZYXC). . .
[17:14:09.609531] Minimum overlap selected: (0, 0, 0)
[17:14:09.609539] Padding: (0, 0, 0)
[17:14:09.609560] Real overlapping (%): (0.175, 0.125, 0.125)
[17:14:09.609569] Real overlapping (pixels): (14.0, 16.0, 16.0)
[17:14:09.609577] (6, 6, 6) patches per (z,y,x) axis
[17:14:09.609592] List of volume IDs to be processed by each GPU: [[0, 1, 2, 3, 4, 5]]
[17:14:09.609607] Positions of each volume in Z axis: {0: [0, 80], 1: [66, 146], 2: [132, 212], 3: [198, 278], 4: [264, 344], 5: [330, 408]}
[17:14:09.609616] Rank 0: Total number of patches: 216 - (6, 6, 6) patches per (z,y,x) axis (per GPU)
[17:14:10.779258] Reading Zarr/H5 file: fisbe/biapy-channel-scale-zarr/train/label/VT019307-20171013_65_F1_cs1.43_1.41_1.42.zarr
[17:14:10.785968] ### 3D-OV-CROP ###
[17:14:10.785987] Cropping (408, 685, 686, 1) images into (80, 128, 128, 1) with overlapping (axis order: ZYXC). . .
[17:14:10.785996] Minimum overlap selected: (0, 0, 0)
[17:14:10.786003] Padding: (0, 0, 0)
[17:14:10.786024] Real overlapping (%): (0.175, 0.125, 0.125)
[17:14:10.786033] Real overlapping (pixels): (14.0, 16.0, 16.0)
[17:14:10.786041] (6, 6, 6) patches per (z,y,x) axis
[17:14:10.786061] List of volume IDs to be processed by each GPU: [[0, 1, 2, 3, 4, 5]]
[17:14:10.786073] Positions of each volume in Z axis: {0: [0, 80], 1: [66, 146], 2: [132, 212], 3: [198, 278], 4: [264, 344], 5: [330, 408]}
[17:14:10.786083] Rank 0: Total number of patches: 216 - (6, 6, 6) patches per (z,y,x) axis (per GPU)
[17:14:11.945430] Reading Zarr/H5 file: fisbe/biapy-channel-scale-zarr/train/label/VT033051-20171128_61_E2_cs0.29_0.36_0.31.zarr
[17:14:11.950577] ### 3D-OV-CROP ###
[17:14:11.950596] Cropping (345, 683, 686, 1) images into (80, 128, 128, 1) with overlapping (axis order: ZYXC). . .
[17:14:11.950605] Minimum overlap selected: (0, 0, 0)
[17:14:11.950613] Padding: (0, 0, 0)
[17:14:11.950633] Real overlapping (%): (0.1625, 0.1328125, 0.125)
[17:14:11.950644] Real overlapping (pixels): (13.0, 17.0, 16.0)
[17:14:11.950652] (5, 6, 6) patches per (z,y,x) axis
[17:14:11.950666] List of volume IDs to be processed by each GPU: [[0, 1, 2, 3, 4]]
[17:14:11.950678] Positions of each volume in Z axis: {0: [0, 80], 1: [67, 147], 2: [134, 214], 3: [201, 281], 4: [268, 345]}
[17:14:11.950687] Rank 0: Total number of patches: 180 - (5, 6, 6) patches per (z,y,x) axis (per GPU)
[17:14:12.902563] Reading Zarr/H5 file: fisbe/biapy-channel-scale-zarr/train/label/VT033051-20171128_61_E2_cs0.30_0.31_1.49.zarr
[17:14:12.910101] ### 3D-OV-CROP ###
[17:14:12.910120] Cropping (345, 683, 686, 1) images into (80, 128, 128, 1) with overlapping (axis order: ZYXC). . .
[17:14:12.910130] Minimum overlap selected: (0, 0, 0)
[17:14:12.910138] Padding: (0, 0, 0)
[17:14:12.910157] Real overlapping (%): (0.1625, 0.1328125, 0.125)
[17:14:12.910167] Real overlapping (pixels): (13.0, 17.0, 16.0)
[17:14:12.910175] (5, 6, 6) patches per (z,y,x) axis
[17:14:12.910188] List of volume IDs to be processed by each GPU: [[0, 1, 2, 3, 4]]
[17:14:12.910199] Positions of each volume in Z axis: {0: [0, 80], 1: [67, 147], 2: [134, 214], 3: [201, 281], 4: [268, 345]}
[17:14:12.910208] Rank 0: Total number of patches: 180 - (5, 6, 6) patches per (z,y,x) axis (per GPU)
[17:14:13.805120] Reading Zarr/H5 file: fisbe/biapy-channel-scale-zarr/train/label/VT033051-20171128_61_E2_cs1.44_1.38_1.47.zarr
[17:14:13.811982] ### 3D-OV-CROP ###
[17:14:13.812001] Cropping (345, 683, 686, 1) images into (80, 128, 128, 1) with overlapping (axis order: ZYXC). . .
[17:14:13.812011] Minimum overlap selected: (0, 0, 0)
[17:14:13.812019] Padding: (0, 0, 0)
[17:14:13.812041] Real overlapping (%): (0.1625, 0.1328125, 0.125)
[17:14:13.812058] Real overlapping (pixels): (13.0, 17.0, 16.0)
[17:14:13.812067] (5, 6, 6) patches per (z,y,x) axis
[17:14:13.812080] List of volume IDs to be processed by each GPU: [[0, 1, 2, 3, 4]]
[17:14:13.812091] Positions of each volume in Z axis: {0: [0, 80], 1: [67, 147], 2: [134, 214], 3: [201, 281], 4: [268, 345]}
[17:14:13.812106] Rank 0: Total number of patches: 180 - (5, 6, 6) patches per (z,y,x) axis (per GPU)
[17:14:14.771187] Reading Zarr/H5 file: fisbe/biapy-channel-scale-zarr/train/label/VT033051-20171128_61_E2_cs1.46_1.41_0.30.zarr
[17:14:14.780685] ### 3D-OV-CROP ###
[17:14:14.780704] Cropping (345, 683, 686, 1) images into (80, 128, 128, 1) with overlapping (axis order: ZYXC). . .
[17:14:14.780713] Minimum overlap selected: (0, 0, 0)
[17:14:14.780721] Padding: (0, 0, 0)
[17:14:14.780741] Real overlapping (%): (0.1625, 0.1328125, 0.125)
[17:14:14.780751] Real overlapping (pixels): (13.0, 17.0, 16.0)
[17:14:14.780759] (5, 6, 6) patches per (z,y,x) axis
[17:14:14.780773] List of volume IDs to be processed by each GPU: [[0, 1, 2, 3, 4]]
[17:14:14.780784] Positions of each volume in Z axis: {0: [0, 80], 1: [67, 147], 2: [134, 214], 3: [201, 281], 4: [268, 345]}
[17:14:14.780793] Rank 0: Total number of patches: 180 - (5, 6, 6) patches per (z,y,x) axis (per GPU)
[17:14:15.681877] Reading Zarr/H5 file: fisbe/biapy-channel-scale-zarr/train/label/VT033051-20171128_61_E4_cs0.31_0.33_0.34.zarr
[17:14:15.687887] ### 3D-OV-CROP ###
[17:14:15.687909] Cropping (379, 683, 686, 1) images into (80, 128, 128, 1) with overlapping (axis order: ZYXC). . .
[17:14:15.687919] Minimum overlap selected: (0, 0, 0)
[17:14:15.687927] Padding: (0, 0, 0)
[17:14:15.687949] Real overlapping (%): (0.0625, 0.1328125, 0.125)
[17:14:15.687958] Real overlapping (pixels): (5.0, 17.0, 16.0)
[17:14:15.687966] (5, 6, 6) patches per (z,y,x) axis
[17:14:15.687980] List of volume IDs to be processed by each GPU: [[0, 1, 2, 3, 4]]
[17:14:15.687991] Positions of each volume in Z axis: {0: [0, 80], 1: [75, 155], 2: [150, 230], 3: [225, 305], 4: [300, 379]}
[17:14:15.687999] Rank 0: Total number of patches: 180 - (5, 6, 6) patches per (z,y,x) axis (per GPU)
[17:14:16.455719] Reading Zarr/H5 file: fisbe/biapy-channel-scale-zarr/train/label/VT033051-20171128_61_E4_cs1.38_1.50_0.30.zarr
[17:14:16.461835] ### 3D-OV-CROP ###
[17:14:16.461855] Cropping (379, 683, 686, 1) images into (80, 128, 128, 1) with overlapping (axis order: ZYXC). . .
[17:14:16.461864] Minimum overlap selected: (0, 0, 0)
[17:14:16.461872] Padding: (0, 0, 0)
[17:14:16.461892] Real overlapping (%): (0.0625, 0.1328125, 0.125)
[17:14:16.461902] Real overlapping (pixels): (5.0, 17.0, 16.0)
[17:14:16.461910] (5, 6, 6) patches per (z,y,x) axis
[17:14:16.461923] List of volume IDs to be processed by each GPU: [[0, 1, 2, 3, 4]]
[17:14:16.461934] Positions of each volume in Z axis: {0: [0, 80], 1: [75, 155], 2: [150, 230], 3: [225, 305], 4: [300, 379]}
[17:14:16.461943] Rank 0: Total number of patches: 180 - (5, 6, 6) patches per (z,y,x) axis (per GPU)
[17:14:17.166481] Reading Zarr/H5 file: fisbe/biapy-channel-scale-zarr/train/label/VT033051-20171128_61_E4_cs1.41_0.35_0.35.zarr
[17:14:17.172364] ### 3D-OV-CROP ###
[17:14:17.172383] Cropping (379, 683, 686, 1) images into (80, 128, 128, 1) with overlapping (axis order: ZYXC). . .
[17:14:17.172392] Minimum overlap selected: (0, 0, 0)
[17:14:17.172401] Padding: (0, 0, 0)
[17:14:17.172422] Real overlapping (%): (0.0625, 0.1328125, 0.125)
[17:14:17.172432] Real overlapping (pixels): (5.0, 17.0, 16.0)
[17:14:17.172439] (5, 6, 6) patches per (z,y,x) axis
[17:14:17.172453] List of volume IDs to be processed by each GPU: [[0, 1, 2, 3, 4]]
[17:14:17.172463] Positions of each volume in Z axis: {0: [0, 80], 1: [75, 155], 2: [150, 230], 3: [225, 305], 4: [300, 379]}
[17:14:17.172472] Rank 0: Total number of patches: 180 - (5, 6, 6) patches per (z,y,x) axis (per GPU)
[17:14:17.881392] Reading Zarr/H5 file: fisbe/biapy-channel-scale-zarr/train/label/VT033051-20171128_61_E4_cs1.41_1.40_1.38.zarr
[17:14:17.889325] ### 3D-OV-CROP ###
[17:14:17.889343] Cropping (379, 683, 686, 1) images into (80, 128, 128, 1) with overlapping (axis order: ZYXC). . .
[17:14:17.889353] Minimum overlap selected: (0, 0, 0)
[17:14:17.889360] Padding: (0, 0, 0)
[17:14:17.889380] Real overlapping (%): (0.0625, 0.1328125, 0.125)
[17:14:17.889391] Real overlapping (pixels): (5.0, 17.0, 16.0)
[17:14:17.889399] (5, 6, 6) patches per (z,y,x) axis
[17:14:17.889421] List of volume IDs to be processed by each GPU: [[0, 1, 2, 3, 4]]
[17:14:17.889433] Positions of each volume in Z axis: {0: [0, 80], 1: [75, 155], 2: [150, 230], 3: [225, 305], 4: [300, 379]}
[17:14:17.889441] Rank 0: Total number of patches: 180 - (5, 6, 6) patches per (z,y,x) axis (per GPU)
[17:14:18.609357] Reading Zarr/H5 file: fisbe/biapy-channel-scale-zarr/train/label/VT040433-20170919_63_D6_cs0.27_1.46_0.36.zarr
[17:14:18.614722] ### 3D-OV-CROP ###
[17:14:18.614741] Cropping (372, 683, 686, 1) images into (80, 128, 128, 1) with overlapping (axis order: ZYXC). . .
[17:14:18.614750] Minimum overlap selected: (0, 0, 0)
[17:14:18.614759] Padding: (0, 0, 0)
[17:14:18.614781] Real overlapping (%): (0.0875, 0.1328125, 0.125)
[17:14:18.614791] Real overlapping (pixels): (7.0, 17.0, 16.0)
[17:14:18.614800] (5, 6, 6) patches per (z,y,x) axis
[17:14:18.614814] List of volume IDs to be processed by each GPU: [[0, 1, 2, 3, 4]]
[17:14:18.614826] Positions of each volume in Z axis: {0: [0, 80], 1: [73, 153], 2: [146, 226], 3: [219, 299], 4: [292, 372]}
[17:14:18.614835] Rank 0: Total number of patches: 180 - (5, 6, 6) patches per (z,y,x) axis (per GPU)
[17:14:19.917667] Reading Zarr/H5 file: fisbe/biapy-channel-scale-zarr/train/label/VT040433-20170919_63_D6_cs1.39_0.31_0.29.zarr
[17:14:19.923644] ### 3D-OV-CROP ###
[17:14:19.923663] Cropping (372, 683, 686, 1) images into (80, 128, 128, 1) with overlapping (axis order: ZYXC). . .
[17:14:19.923672] Minimum overlap selected: (0, 0, 0)
[17:14:19.923680] Padding: (0, 0, 0)
[17:14:19.923700] Real overlapping (%): (0.0875, 0.1328125, 0.125)
[17:14:19.923717] Real overlapping (pixels): (7.0, 17.0, 16.0)
[17:14:19.923725] (5, 6, 6) patches per (z,y,x) axis
[17:14:19.923738] List of volume IDs to be processed by each GPU: [[0, 1, 2, 3, 4]]
[17:14:19.923749] Positions of each volume in Z axis: {0: [0, 80], 1: [73, 153], 2: [146, 226], 3: [219, 299], 4: [292, 372]}
[17:14:19.923759] Rank 0: Total number of patches: 180 - (5, 6, 6) patches per (z,y,x) axis (per GPU)
[17:14:21.333936] Reading Zarr/H5 file: fisbe/biapy-channel-scale-zarr/train/label/VT040433-20170919_63_D6_cs1.41_1.45_0.29.zarr
[17:14:21.341576] ### 3D-OV-CROP ###
[17:14:21.341596] Cropping (372, 683, 686, 1) images into (80, 128, 128, 1) with overlapping (axis order: ZYXC). . .
[17:14:21.341605] Minimum overlap selected: (0, 0, 0)
[17:14:21.341613] Padding: (0, 0, 0)
[17:14:21.341632] Real overlapping (%): (0.0875, 0.1328125, 0.125)
[17:14:21.341641] Real overlapping (pixels): (7.0, 17.0, 16.0)
[17:14:21.341649] (5, 6, 6) patches per (z,y,x) axis
[17:14:21.341663] List of volume IDs to be processed by each GPU: [[0, 1, 2, 3, 4]]
[17:14:21.341673] Positions of each volume in Z axis: {0: [0, 80], 1: [73, 153], 2: [146, 226], 3: [219, 299], 4: [292, 372]}
[17:14:21.341682] Rank 0: Total number of patches: 180 - (5, 6, 6) patches per (z,y,x) axis (per GPU)
[17:14:22.708979] Reading Zarr/H5 file: fisbe/biapy-channel-scale-zarr/train/label/VT040433-20170919_63_D6_cs1.47_1.44_1.41.zarr
[17:14:22.716439] ### 3D-OV-CROP ###
[17:14:22.716458] Cropping (372, 683, 686, 1) images into (80, 128, 128, 1) with overlapping (axis order: ZYXC). . .
[17:14:22.716466] Minimum overlap selected: (0, 0, 0)
[17:14:22.716474] Padding: (0, 0, 0)
[17:14:22.716493] Real overlapping (%): (0.0875, 0.1328125, 0.125)
[17:14:22.716503] Real overlapping (pixels): (7.0, 17.0, 16.0)
[17:14:22.716510] (5, 6, 6) patches per (z,y,x) axis
[17:14:22.716523] List of volume IDs to be processed by each GPU: [[0, 1, 2, 3, 4]]
[17:14:22.716534] Positions of each volume in Z axis: {0: [0, 80], 1: [73, 153], 2: [146, 226], 3: [219, 299], 4: [292, 372]}
[17:14:22.716544] Rank 0: Total number of patches: 180 - (5, 6, 6) patches per (z,y,x) axis (per GPU)
[17:14:24.382234] Reading Zarr/H5 file: fisbe/biapy-channel-scale-zarr/train/label/VT047848-20171020_66_I2_cs0.35_1.46_1.42.zarr
[17:14:24.387982] ### 3D-OV-CROP ###
[17:14:24.388002] Cropping (388, 889, 863, 1) images into (80, 128, 128, 1) with overlapping (axis order: ZYXC). . .
[17:14:24.388022] Minimum overlap selected: (0, 0, 0)
[17:14:24.388030] Padding: (0, 0, 0)
[17:14:24.388057] Real overlapping (%): (0.0375, 0.0078125, 0.0390625)
[17:14:24.388067] Real overlapping (pixels): (3.0, 1.0, 5.0)
[17:14:24.388074] (5, 7, 7) patches per (z,y,x) axis
[17:14:24.388088] List of volume IDs to be processed by each GPU: [[0, 1, 2, 3, 4]]
[17:14:24.388099] Positions of each volume in Z axis: {0: [0, 80], 1: [77, 157], 2: [154, 234], 3: [231, 311], 4: [308, 388]}
[17:14:24.388108] Rank 0: Total number of patches: 245 - (5, 7, 7) patches per (z,y,x) axis (per GPU)
[17:14:25.566045] Reading Zarr/H5 file: fisbe/biapy-channel-scale-zarr/train/label/VT047848-20171020_66_I2_cs1.38_0.33_0.36.zarr
[17:14:25.571346] ### 3D-OV-CROP ###
[17:14:25.571365] Cropping (388, 889, 863, 1) images into (80, 128, 128, 1) with overlapping (axis order: ZYXC). . .
[17:14:25.571374] Minimum overlap selected: (0, 0, 0)
[17:14:25.571382] Padding: (0, 0, 0)
[17:14:25.571402] Real overlapping (%): (0.0375, 0.0078125, 0.0390625)
[17:14:25.571411] Real overlapping (pixels): (3.0, 1.0, 5.0)
[17:14:25.571420] (5, 7, 7) patches per (z,y,x) axis
[17:14:25.571433] List of volume IDs to be processed by each GPU: [[0, 1, 2, 3, 4]]
[17:14:25.571445] Positions of each volume in Z axis: {0: [0, 80], 1: [77, 157], 2: [154, 234], 3: [231, 311], 4: [308, 388]}
[17:14:25.571454] Rank 0: Total number of patches: 245 - (5, 7, 7) patches per (z,y,x) axis (per GPU)
[17:14:26.680483] Reading Zarr/H5 file: fisbe/biapy-channel-scale-zarr/train/label/VT047848-20171020_66_I2_cs1.43_1.48_1.38.zarr
[17:14:26.687747] ### 3D-OV-CROP ###
[17:14:26.687767] Cropping (388, 889, 863, 1) images into (80, 128, 128, 1) with overlapping (axis order: ZYXC). . .
[17:14:26.687776] Minimum overlap selected: (0, 0, 0)
[17:14:26.687784] Padding: (0, 0, 0)
[17:14:26.687805] Real overlapping (%): (0.0375, 0.0078125, 0.0390625)
[17:14:26.687815] Real overlapping (pixels): (3.0, 1.0, 5.0)
[17:14:26.687823] (5, 7, 7) patches per (z,y,x) axis
[17:14:26.687837] List of volume IDs to be processed by each GPU: [[0, 1, 2, 3, 4]]
[17:14:26.687848] Positions of each volume in Z axis: {0: [0, 80], 1: [77, 157], 2: [154, 234], 3: [231, 311], 4: [308, 388]}
[17:14:26.687857] Rank 0: Total number of patches: 245 - (5, 7, 7) patches per (z,y,x) axis (per GPU)
[17:14:27.964499] Reading Zarr/H5 file: fisbe/biapy-channel-scale-zarr/train/label/VT047848-20171020_66_I2_cs1.48_0.29_1.48.zarr
[17:14:27.971970] ### 3D-OV-CROP ###
[17:14:27.971989] Cropping (388, 889, 863, 1) images into (80, 128, 128, 1) with overlapping (axis order: ZYXC). . .
[17:14:27.971998] Minimum overlap selected: (0, 0, 0)
[17:14:27.972005] Padding: (0, 0, 0)
[17:14:27.972025] Real overlapping (%): (0.0375, 0.0078125, 0.0390625)
[17:14:27.972034] Real overlapping (pixels): (3.0, 1.0, 5.0)
[17:14:27.972042] (5, 7, 7) patches per (z,y,x) axis
[17:14:27.972060] List of volume IDs to be processed by each GPU: [[0, 1, 2, 3, 4]]
[17:14:27.972071] Positions of each volume in Z axis: {0: [0, 80], 1: [77, 157], 2: [154, 234], 3: [231, 311], 4: [308, 388]}
[17:14:27.972080] Rank 0: Total number of patches: 245 - (5, 7, 7) patches per (z,y,x) axis (per GPU)
[17:14:29.130790] Reading Zarr/H5 file: fisbe/biapy-channel-scale-zarr/train/label/VT047848-20171020_66_I3_cs0.36_1.48_0.27.zarr
[17:14:29.137017] ### 3D-OV-CROP ###
[17:14:29.137036] Cropping (390, 1058, 907, 1) images into (80, 128, 128, 1) with overlapping (axis order: ZYXC). . .
[17:14:29.137046] Minimum overlap selected: (0, 0, 0)
[17:14:29.137059] Padding: (0, 0, 0)
[17:14:29.137080] Real overlapping (%): (0.025, 0.0859375, 0.125)
[17:14:29.137090] Real overlapping (pixels): (2.0, 11.0, 16.0)
[17:14:29.137099] (5, 8, 9) patches per (z,y,x) axis
[17:14:29.137112] List of volume IDs to be processed by each GPU: [[0, 1, 2, 3, 4]]
[17:14:29.137122] Positions of each volume in Z axis: {0: [0, 80], 1: [78, 158], 2: [156, 236], 3: [234, 314], 4: [312, 390]}
[17:14:29.137131] Rank 0: Total number of patches: 360 - (5, 8, 9) patches per (z,y,x) axis (per GPU)
[17:14:31.396865] Reading Zarr/H5 file: fisbe/biapy-channel-scale-zarr/train/label/VT047848-20171020_66_I3_cs1.40_0.32_0.31.zarr
[17:14:31.420843] ### 3D-OV-CROP ###
[17:14:31.420861] Cropping (390, 1058, 907, 1) images into (80, 128, 128, 1) with overlapping (axis order: ZYXC). . .
[17:14:31.420870] Minimum overlap selected: (0, 0, 0)
[17:14:31.420878] Padding: (0, 0, 0)
[17:14:31.420898] Real overlapping (%): (0.025, 0.0859375, 0.125)
[17:14:31.420908] Real overlapping (pixels): (2.0, 11.0, 16.0)
[17:14:31.420915] (5, 8, 9) patches per (z,y,x) axis
[17:14:31.420930] List of volume IDs to be processed by each GPU: [[0, 1, 2, 3, 4]]
[17:14:31.420941] Positions of each volume in Z axis: {0: [0, 80], 1: [78, 158], 2: [156, 236], 3: [234, 314], 4: [312, 390]}
[17:14:31.420951] Rank 0: Total number of patches: 360 - (5, 8, 9) patches per (z,y,x) axis (per GPU)
[17:14:33.403376] Reading Zarr/H5 file: fisbe/biapy-channel-scale-zarr/train/label/VT047848-20171020_66_I3_cs1.41_1.38_1.48.zarr
[17:14:33.410543] ### 3D-OV-CROP ###
[17:14:33.410567] Cropping (390, 1058, 907, 1) images into (80, 128, 128, 1) with overlapping (axis order: ZYXC). . .
[17:14:33.410576] Minimum overlap selected: (0, 0, 0)
[17:14:33.410583] Padding: (0, 0, 0)
[17:14:33.410606] Real overlapping (%): (0.025, 0.0859375, 0.125)
[17:14:33.410616] Real overlapping (pixels): (2.0, 11.0, 16.0)
[17:14:33.410623] (5, 8, 9) patches per (z,y,x) axis
[17:14:33.410638] List of volume IDs to be processed by each GPU: [[0, 1, 2, 3, 4]]
[17:14:33.410649] Positions of each volume in Z axis: {0: [0, 80], 1: [78, 158], 2: [156, 236], 3: [234, 314], 4: [312, 390]}
[17:14:33.410658] Rank 0: Total number of patches: 360 - (5, 8, 9) patches per (z,y,x) axis (per GPU)
[17:14:35.319469] Reading Zarr/H5 file: fisbe/biapy-channel-scale-zarr/train/label/VT047848-20171020_66_I3_cs1.47_1.46_0.29.zarr
[17:14:35.327229] ### 3D-OV-CROP ###
[17:14:35.327246] Cropping (390, 1058, 907, 1) images into (80, 128, 128, 1) with overlapping (axis order: ZYXC). . .
[17:14:35.327255] Minimum overlap selected: (0, 0, 0)
[17:14:35.327262] Padding: (0, 0, 0)
[17:14:35.327282] Real overlapping (%): (0.025, 0.0859375, 0.125)
[17:14:35.327290] Real overlapping (pixels): (2.0, 11.0, 16.0)
[17:14:35.327298] (5, 8, 9) patches per (z,y,x) axis
[17:14:35.327310] List of volume IDs to be processed by each GPU: [[0, 1, 2, 3, 4]]
[17:14:35.327321] Positions of each volume in Z axis: {0: [0, 80], 1: [78, 158], 2: [156, 236], 3: [234, 314], 4: [312, 390]}
[17:14:35.327330] Rank 0: Total number of patches: 360 - (5, 8, 9) patches per (z,y,x) axis (per GPU)
[17:14:37.129600] Reading Zarr/H5 file: fisbe/biapy-channel-scale-zarr/train/label/VT047848-20171020_66_I5_cs0.35_0.34_0.34.zarr
[17:14:37.147380] ### 3D-OV-CROP ###
[17:14:37.147400] Cropping (401, 982, 895, 1) images into (80, 128, 128, 1) with overlapping (axis order: ZYXC). . .
[17:14:37.147408] Minimum overlap selected: (0, 0, 0)
[17:14:37.147417] Padding: (0, 0, 0)
[17:14:37.147438] Real overlapping (%): (0.1875, 0.046875, 0.0)
[17:14:37.147448] Real overlapping (pixels): (15.0, 6.0, 0.0)
[17:14:37.147456] (6, 7, 8) patches per (z,y,x) axis
[17:14:37.147470] List of volume IDs to be processed by each GPU: [[0, 1, 2, 3, 4, 5]]
[17:14:37.147480] Positions of each volume in Z axis: {0: [0, 80], 1: [65, 145], 2: [130, 210], 3: [195, 275], 4: [260, 340], 5: [325, 401]}
[17:14:37.147489] Rank 0: Total number of patches: 336 - (6, 7, 8) patches per (z,y,x) axis (per GPU)
[17:14:39.244141] Reading Zarr/H5 file: fisbe/biapy-channel-scale-zarr/train/label/VT047848-20171020_66_I5_cs0.36_1.43_1.42.zarr
[17:14:39.249342] ### 3D-OV-CROP ###
[17:14:39.249358] Cropping (401, 982, 895, 1) images into (80, 128, 128, 1) with overlapping (axis order: ZYXC). . .
[17:14:39.249366] Minimum overlap selected: (0, 0, 0)
[17:14:39.249373] Padding: (0, 0, 0)
[17:14:39.249392] Real overlapping (%): (0.1875, 0.046875, 0.0)
[17:14:39.249400] Real overlapping (pixels): (15.0, 6.0, 0.0)
[17:14:39.249407] (6, 7, 8) patches per (z,y,x) axis
[17:14:39.249420] List of volume IDs to be processed by each GPU: [[0, 1, 2, 3, 4, 5]]
[17:14:39.249434] Positions of each volume in Z axis: {0: [0, 80], 1: [65, 145], 2: [130, 210], 3: [195, 275], 4: [260, 340], 5: [325, 401]}
[17:14:39.249443] Rank 0: Total number of patches: 336 - (6, 7, 8) patches per (z,y,x) axis (per GPU)
[17:14:41.640336] Reading Zarr/H5 file: fisbe/biapy-channel-scale-zarr/train/label/VT047848-20171020_66_I5_cs1.39_1.46_1.48.zarr
[17:14:41.646326] ### 3D-OV-CROP ###
[17:14:41.646346] Cropping (401, 982, 895, 1) images into (80, 128, 128, 1) with overlapping (axis order: ZYXC). . .
[17:14:41.646356] Minimum overlap selected: (0, 0, 0)
[17:14:41.646364] Padding: (0, 0, 0)
[17:14:41.646383] Real overlapping (%): (0.1875, 0.046875, 0.0)
[17:14:41.646393] Real overlapping (pixels): (15.0, 6.0, 0.0)
[17:14:41.646401] (6, 7, 8) patches per (z,y,x) axis
[17:14:41.646421] List of volume IDs to be processed by each GPU: [[0, 1, 2, 3, 4, 5]]
[17:14:41.646432] Positions of each volume in Z axis: {0: [0, 80], 1: [65, 145], 2: [130, 210], 3: [195, 275], 4: [260, 340], 5: [325, 401]}
[17:14:41.646440] Rank 0: Total number of patches: 336 - (6, 7, 8) patches per (z,y,x) axis (per GPU)
[17:14:43.716141] Reading Zarr/H5 file: fisbe/biapy-channel-scale-zarr/train/label/VT047848-20171020_66_I5_cs1.47_0.35_0.25.zarr
[17:14:43.725532] ### 3D-OV-CROP ###
[17:14:43.725550] Cropping (401, 982, 895, 1) images into (80, 128, 128, 1) with overlapping (axis order: ZYXC). . .
[17:14:43.725559] Minimum overlap selected: (0, 0, 0)
[17:14:43.725567] Padding: (0, 0, 0)
[17:14:43.725588] Real overlapping (%): (0.1875, 0.046875, 0.0)
[17:14:43.725598] Real overlapping (pixels): (15.0, 6.0, 0.0)
[17:14:43.725606] (6, 7, 8) patches per (z,y,x) axis
[17:14:43.725620] List of volume IDs to be processed by each GPU: [[0, 1, 2, 3, 4, 5]]
[17:14:43.725632] Positions of each volume in Z axis: {0: [0, 80], 1: [65, 145], 2: [130, 210], 3: [195, 275], 4: [260, 340], 5: [325, 401]}
[17:14:43.725640] Rank 0: Total number of patches: 336 - (6, 7, 8) patches per (z,y,x) axis (per GPU)
[17:14:46.195288] Reading Zarr/H5 file: fisbe/biapy-channel-scale-zarr/train/label/VT047848-20171020_66_J2_cs0.26_0.26_0.28.zarr
[17:14:46.201382] ### 3D-OV-CROP ###
[17:14:46.201401] Cropping (404, 934, 911, 1) images into (80, 128, 128, 1) with overlapping (axis order: ZYXC). . .
[17:14:46.201411] Minimum overlap selected: (0, 0, 0)
[17:14:46.201419] Padding: (0, 0, 0)
[17:14:46.201440] Real overlapping (%): (0.1875, 0.09375, 0.125)
[17:14:46.201449] Real overlapping (pixels): (15.0, 12.0, 16.0)
[17:14:46.201457] (6, 8, 8) patches per (z,y,x) axis
[17:14:46.201471] List of volume IDs to be processed by each GPU: [[0, 1, 2, 3, 4, 5]]
[17:14:46.201482] Positions of each volume in Z axis: {0: [0, 80], 1: [65, 145], 2: [130, 210], 3: [195, 275], 4: [260, 340], 5: [325, 404]}
[17:14:46.201491] Rank 0: Total number of patches: 384 - (6, 8, 8) patches per (z,y,x) axis (per GPU)
[17:14:48.443722] Reading Zarr/H5 file: fisbe/biapy-channel-scale-zarr/train/label/VT047848-20171020_66_J2_cs0.33_1.47_0.35.zarr
[17:14:48.448897] ### 3D-OV-CROP ###
[17:14:48.448918] Cropping (404, 934, 911, 1) images into (80, 128, 128, 1) with overlapping (axis order: ZYXC). . .
[17:14:48.448928] Minimum overlap selected: (0, 0, 0)
[17:14:48.448936] Padding: (0, 0, 0)
[17:14:48.448957] Real overlapping (%): (0.1875, 0.09375, 0.125)
[17:14:48.448967] Real overlapping (pixels): (15.0, 12.0, 16.0)
[17:14:48.448974] (6, 8, 8) patches per (z,y,x) axis
[17:14:48.448988] List of volume IDs to be processed by each GPU: [[0, 1, 2, 3, 4, 5]]
[17:14:48.448999] Positions of each volume in Z axis: {0: [0, 80], 1: [65, 145], 2: [130, 210], 3: [195, 275], 4: [260, 340], 5: [325, 404]}
[17:14:48.449008] Rank 0: Total number of patches: 384 - (6, 8, 8) patches per (z,y,x) axis (per GPU)
[17:14:50.922343] Reading Zarr/H5 file: fisbe/biapy-channel-scale-zarr/train/label/VT047848-20171020_66_J2_cs1.42_1.42_1.44.zarr
[17:14:50.928072] ### 3D-OV-CROP ###
[17:14:50.928093] Cropping (404, 934, 911, 1) images into (80, 128, 128, 1) with overlapping (axis order: ZYXC). . .
[17:14:50.928102] Minimum overlap selected: (0, 0, 0)
[17:14:50.928116] Padding: (0, 0, 0)
[17:14:50.928137] Real overlapping (%): (0.1875, 0.09375, 0.125)
[17:14:50.928146] Real overlapping (pixels): (15.0, 12.0, 16.0)
[17:14:50.928153] (6, 8, 8) patches per (z,y,x) axis
[17:14:50.928167] List of volume IDs to be processed by each GPU: [[0, 1, 2, 3, 4, 5]]
[17:14:50.928178] Positions of each volume in Z axis: {0: [0, 80], 1: [65, 145], 2: [130, 210], 3: [195, 275], 4: [260, 340], 5: [325, 404]}
[17:14:50.928186] Rank 0: Total number of patches: 384 - (6, 8, 8) patches per (z,y,x) axis (per GPU)
[17:14:53.354294] Reading Zarr/H5 file: fisbe/biapy-channel-scale-zarr/train/label/VT047848-20171020_66_J2_cs1.48_1.49_0.35.zarr
[17:14:53.359955] ### 3D-OV-CROP ###
[17:14:53.359975] Cropping (404, 934, 911, 1) images into (80, 128, 128, 1) with overlapping (axis order: ZYXC). . .
[17:14:53.359985] Minimum overlap selected: (0, 0, 0)
[17:14:53.359994] Padding: (0, 0, 0)
[17:14:53.360014] Real overlapping (%): (0.1875, 0.09375, 0.125)
[17:14:53.360024] Real overlapping (pixels): (15.0, 12.0, 16.0)
[17:14:53.360031] (6, 8, 8) patches per (z,y,x) axis
[17:14:53.360045] List of volume IDs to be processed by each GPU: [[0, 1, 2, 3, 4, 5]]
[17:14:53.360061] Positions of each volume in Z axis: {0: [0, 80], 1: [65, 145], 2: [130, 210], 3: [195, 275], 4: [260, 340], 5: [325, 404]}
[17:14:53.360070] Rank 0: Total number of patches: 384 - (6, 8, 8) patches per (z,y,x) axis (per GPU)
[17:14:55.742476] Reading Zarr/H5 file: fisbe/biapy-channel-scale-zarr/train/label/VT061467-20180911_62_E5_cs0.29_0.26_1.42.zarr
[17:14:55.750530] ### 3D-OV-CROP ###
[17:14:55.750549] Cropping (423, 687, 684, 1) images into (80, 128, 128, 1) with overlapping (axis order: ZYXC). . .
[17:14:55.750558] Minimum overlap selected: (0, 0, 0)
[17:14:55.750566] Padding: (0, 0, 0)
[17:14:55.750586] Real overlapping (%): (0.1375, 0.125, 0.125)
[17:14:55.750595] Real overlapping (pixels): (11.0, 16.0, 16.0)
[17:14:55.750602] (6, 6, 6) patches per (z,y,x) axis
[17:14:55.750615] List of volume IDs to be processed by each GPU: [[0, 1, 2, 3, 4, 5]]
[17:14:55.750625] Positions of each volume in Z axis: {0: [0, 80], 1: [69, 149], 2: [138, 218], 3: [207, 287], 4: [276, 356], 5: [345, 423]}
[17:14:55.750634] Rank 0: Total number of patches: 216 - (6, 6, 6) patches per (z,y,x) axis (per GPU)
[17:14:56.745247] Reading Zarr/H5 file: fisbe/biapy-channel-scale-zarr/train/label/VT061467-20180911_62_E5_cs0.32_0.32_0.37.zarr
[17:14:56.750794] ### 3D-OV-CROP ###
[17:14:56.750813] Cropping (423, 687, 684, 1) images into (80, 128, 128, 1) with overlapping (axis order: ZYXC). . .
[17:14:56.750823] Minimum overlap selected: (0, 0, 0)
[17:14:56.750830] Padding: (0, 0, 0)
[17:14:56.750851] Real overlapping (%): (0.1375, 0.125, 0.125)
[17:14:56.750861] Real overlapping (pixels): (11.0, 16.0, 16.0)
[17:14:56.750869] (6, 6, 6) patches per (z,y,x) axis
[17:14:56.750888] List of volume IDs to be processed by each GPU: [[0, 1, 2, 3, 4, 5]]
[17:14:56.750900] Positions of each volume in Z axis: {0: [0, 80], 1: [69, 149], 2: [138, 218], 3: [207, 287], 4: [276, 356], 5: [345, 423]}
[17:14:56.750909] Rank 0: Total number of patches: 216 - (6, 6, 6) patches per (z,y,x) axis (per GPU)
[17:14:57.778282] Reading Zarr/H5 file: fisbe/biapy-channel-scale-zarr/train/label/VT061467-20180911_62_E5_cs1.38_0.37_1.38.zarr
[17:14:57.783964] ### 3D-OV-CROP ###
[17:14:57.783984] Cropping (423, 687, 684, 1) images into (80, 128, 128, 1) with overlapping (axis order: ZYXC). . .
[17:14:57.783994] Minimum overlap selected: (0, 0, 0)
[17:14:57.784002] Padding: (0, 0, 0)
[17:14:57.784023] Real overlapping (%): (0.1375, 0.125, 0.125)
[17:14:57.784033] Real overlapping (pixels): (11.0, 16.0, 16.0)
[17:14:57.784041] (6, 6, 6) patches per (z,y,x) axis
[17:14:57.784058] List of volume IDs to be processed by each GPU: [[0, 1, 2, 3, 4, 5]]
[17:14:57.784069] Positions of each volume in Z axis: {0: [0, 80], 1: [69, 149], 2: [138, 218], 3: [207, 287], 4: [276, 356], 5: [345, 423]}
[17:14:57.784079] Rank 0: Total number of patches: 216 - (6, 6, 6) patches per (z,y,x) axis (per GPU)
[17:14:58.959367] Reading Zarr/H5 file: fisbe/biapy-channel-scale-zarr/train/label/VT061467-20180911_62_E5_cs1.49_0.26_0.31.zarr
[17:14:58.966487] ### 3D-OV-CROP ###
[17:14:58.966509] Cropping (423, 687, 684, 1) images into (80, 128, 128, 1) with overlapping (axis order: ZYXC). . .
[17:14:58.966518] Minimum overlap selected: (0, 0, 0)
[17:14:58.966526] Padding: (0, 0, 0)
[17:14:58.966549] Real overlapping (%): (0.1375, 0.125, 0.125)
[17:14:58.966559] Real overlapping (pixels): (11.0, 16.0, 16.0)
[17:14:58.966567] (6, 6, 6) patches per (z,y,x) axis
[17:14:58.966581] List of volume IDs to be processed by each GPU: [[0, 1, 2, 3, 4, 5]]
[17:14:58.966593] Positions of each volume in Z axis: {0: [0, 80], 1: [69, 149], 2: [138, 218], 3: [207, 287], 4: [276, 356], 5: [345, 423]}
[17:14:58.966602] Rank 0: Total number of patches: 216 - (6, 6, 6) patches per (z,y,x) axis (per GPU)
[17:15:00.193182] Creating Y_train channels . . .
[17:55:33.454026] You select to create ['F', 'Dc', 'Dn', 'P'] channels from given instance labels and no file is detected in fisbe/biapy-no-aug/val/label_F.erosion-0.dilation-0_Dc.type-centroid.norm-True.mask_values-True_Dn.closing_size-3.norm-True.mask_values-True.decline_power-3_P.type-skeleton.dilation-2.erosion-0 . So let's prepare the data. This process will be done just once!
[17:55:33.457047] Creating Y_val channels . . .
[17:58:06.045853] You select to create ['F', 'Dc', 'Dn', 'P'] channels from given instance labels and no file is detected in fisbe/biapy-no-aug/test/label_F.erosion-0.dilation-0_Dc.type-centroid.norm-True.mask_values-True_Dn.closing_size-3.norm-True.mask_values-True.decline_power-3_P.type-skeleton.dilation-2.erosion-0 . So let's prepare the data. This process will be done just once!
[17:58:06.048218] Creating Y_test channels . . .
[18:01:34.062149] DATA.TRAIN.GT_PATH changed from fisbe/biapy-channel-scale-zarr/train/label to fisbe/biapy-channel-scale-zarr/train/label_F.erosion-0.dilation-0_Dc.type-centroid.norm-True.mask_values-True_Dn.closing_size-3.norm-True.mask_values-True.decline_power-3_P.type-skeleton.dilation-2.erosion-0
[18:01:34.062586] DATA.VAL.GT_PATH changed from fisbe/biapy-no-aug/val/label to fisbe/biapy-no-aug/val/label_F.erosion-0.dilation-0_Dc.type-centroid.norm-True.mask_values-True_Dn.closing_size-3.norm-True.mask_values-True.decline_power-3_P.type-skeleton.dilation-2.erosion-0
[18:01:34.062603] DATA.TEST.GT_PATH changed from fisbe/biapy-no-aug/test/label to fisbe/biapy-no-aug/test/label_F.erosion-0.dilation-0_Dc.type-centroid.norm-True.mask_values-True_Dn.closing_size-3.norm-True.mask_values-True.decline_power-3_P.type-skeleton.dilation-2.erosion-0
