SBATCH Run: biapy-channel-scale-zarr-unetr.yaml, mode: preprocessing, job-name: biapy-channel-scale-zarr-unetr, run-id: 0
SLURM_CPUS_PER_TASK=8
running BiaPy/run_biapy-py.py
Patched BiaPy create_instance_channels: fid_mask=None (Zarr volume-switch UnboundLocalError)
Mode overrides (preprocessing): leaving YAML flags as-is (TRAIN.ENABLE=True, TEST.ENABLE=True, MODEL.LOAD_CHECKPOINT=False)
CPU overrides: SYSTEM.NUM_CPUS=8, SYSTEM.NUM_WORKERS=8
Date     : 2026-08-18 21:50:29
Arguments: Namespace(config={'SYSTEM': {'NUM_CPUS': 8, 'NUM_WORKERS': -1}, 'PROBLEM': {'TYPE': 'INSTANCE_SEG', 'NDIM': '3D', 'INSTANCE_SEG': {'DATA_CHANNELS': ['F', 'Dc', 'Dn', 'P'], 'DATA_CHANNELS_EXTRA_OPTS': [{'P': {'type': 'skeleton', 'dilation': 2}, 'Dc': {'type': 'skeleton', 'mask_values': False}, 'Dn': {'mask_values': False, 'decline_power': 2}}], 'DATA_CHANNEL_WEIGHTS': '(1.0, 5.0, 5.0, 1.0)', 'WATERSHED': {'SEED_CHANNELS': ['P'], 'SEED_CHANNELS_THRESH': ['auto'], 'TOPOGRAPHIC_SURFACE_CHANNEL': 'F', 'GROWTH_MASK_CHANNELS': ['F'], 'GROWTH_MASK_CHANNELS_THRESH': ['auto'], 'DATA_CHECK_MW': True}}}, 'DATA': {'PATCH_SIZE': '(160, 160, 160, 3)', 'TRAIN': {'PATH': 'fisbe/biapy-channel-scale-zarr/train/raw', 'GT_PATH': 'fisbe/biapy-channel-scale-zarr/train/label', 'INPUT_IMG_AXES_ORDER': 'ZYXC', 'INPUT_MASK_AXES_ORDER': 'ZYXC', 'IN_MEMORY': False}, 'VAL': {'PATH': 'fisbe/biapy-no-aug-zarr/val/raw', 'GT_PATH': 'fisbe/biapy-no-aug-zarr/val/label', 'FROM_TRAIN': False, 'INPUT_IMG_AXES_ORDER': 'ZYXC', 'INPUT_MASK_AXES_ORDER': 'ZYXC', 'IN_MEMORY': False}, 'TEST': {'PATH': 'fisbe/biapy-no-aug-zarr/test/raw', 'GT_PATH': 'fisbe/biapy-no-aug-zarr/test/label', 'INPUT_IMG_AXES_ORDER': 'ZYXC', 'INPUT_MASK_AXES_ORDER': 'ZYXC', 'IN_MEMORY': False, 'LOAD_GT': True, 'PADDING': '(4,16,16)'}}, 'AUGMENTOR': {'ENABLE': False, 'RANDOM_ROT': False, 'VFLIP': False, 'HFLIP': False, 'ZFLIP': False}, 'MODEL': {'ARCHITECTURE': 'unetr', 'LOAD_CHECKPOINT': False}, 'TRAIN': {'ENABLE': True, 'OPTIMIZER': 'ADAMW', 'LR': 0.001, 'BATCH_SIZE': 2, 'EPOCHS': 60, 'PATIENCE': 10, 'LR_SCHEDULER': {'NAME': 'onecycle'}}, 'TEST': {'ENABLE': True, 'AUGMENTATION': False, 'FULL_IMG': False, 'POST_PROCESSING': {'INSTANCE_REFINEMENT': {'ENABLE': True, 'OPERATIONS': ['remove_small_objects'], 'VALUES': [1000]}}}}, result_dir='metrics/biapy', name='biapy-channel-scale-zarr-unetr', run_id='0', gpu='', world_size=1, local_rank=-1, dist_on_itp=False, dist_url='env://', dist_backend='nccl')
Job      : biapy-channel-scale-zarr-unetr_0
BiaPy    : 3.7.0
Python   : 3.11.15 | packaged by conda-forge | (main, Jun 11 2026, 03:34:02) [GCC 14.3.0]
PyTorch  : 2.12.1+cu130
The following changes were made in order to adapt the input configuration:
Not using distributed mode
[21:50:29.652420] **** Using 'cpu' for training
[21:50:29.739453] CPU budget(total)=8 | per_rank=8 | main_threads=4 | num_workers(per_rank)=3 | world_size=1
[21:50:29.767721] Configuration details:
[21:50:29.767740] AUGMENTOR:
  AFFINE_MODE: reflect
  AUG_NUM_SAMPLES: 10
  AUG_SAMPLES: True
  BRIGHTNESS: False
  BRIGHTNESS_FACTOR: (-0.1, 0.1)
  BRIGHTNESS_PROB: 0.5
  CBLUR_DOWN_RANGE: (2, 8)
  CBLUR_INSIDE: True
  CBLUR_SIZE: (0.2, 0.4)
  CHANNEL_SHUFFLE: False
  CHANNEL_SHUFFLE_PROB: 0.5
  CMIX_SIZE: (0.2, 0.4)
  CNOISE_NB_ITERATIONS: (1, 3)
  CNOISE_SCALE: (0.05, 0.1)
  CNOISE_SIZE: (0.2, 0.4)
  CONTRAST: False
  CONTRAST_FACTOR: (-0.1, 0.1)
  CONTRAST_PROB: 0.5
  COUT_APPLY_TO_MASK: False
  COUT_CVAL: 0.0
  COUT_NB_ITERATIONS: (1, 3)
  COUT_SIZE: (0.05, 0.3)
  CUTBLUR: False
  CUTBLUR_PROB: 0.5
  CUTMIX: False
  CUTMIX_PROB: 0.5
  CUTNOISE: False
  CUTNOISE_PROB: 0.5
  CUTOUT: False
  CUTOUT_PROB: 0.5
  DRAW_GRID: True
  DROPOUT: False
  DROPOUT_PROB: 0.5
  DROP_RANGE: (0, 0.2)
  ELASTIC: False
  ELASTIC_PROB: 0.5
  ENABLE: False
  E_ALPHA: (12, 16)
  E_MODE: constant
  E_SIGMA: 4
  GAMMA_CONTRAST: False
  GAMMA_CONTRAST_PROB: 0.5
  GAUSSIAN_NOISE: False
  GAUSSIAN_NOISE_MEAN: 0.0
  GAUSSIAN_NOISE_PROB: 0.5
  GAUSSIAN_NOISE_USE_INPUT_IMG_MEAN_AND_VAR: False
  GAUSSIAN_NOISE_VAR: 0.05
  GC_GAMMA: (1.25, 1.75)
  GRAYSCALE: False
  GRAYSCALE_PROB: 0.5
  GRIDMASK: False
  GRIDMASK_PROB: 0.5
  GRID_D_RANGE: (0.4, 1)
  GRID_INVERT: False
  GRID_RATIO: 0.6
  GRID_ROTATE: 1.0
  G_BLUR: False
  G_BLUR_PROB: 0.5
  G_SIGMA: (1.0, 2.0)
  HFLIP: False
  HFLIP_PROB: 0.5
  MB_KERNEL: (3, 7)
  MEDIAN_BLUR: False
  MEDIAN_BLUR_PROB: 0.5
  MISALIGNMENT: False
  MISALIGNMENT_PROB: 0.5
  MISSING_SECTIONS: False
  MISSING_SECTIONS_PROB: 0.5
  MISSP_CHANNEL_PB: 0.5
  MISSP_ITERATIONS: (10, 30)
  MOTB_K_RANGE: (8, 12)
  MOTION_BLUR: False
  MOTION_BLUR_PROB: 0.5
  MS_DISPLACEMENT: 16
  MS_ROTATE_RATIO: 0.5
  PEPPER: False
  PEPPER_AMOUNT: 0.05
  PEPPER_PROB: 0.5
  POISSON_NOISE: False
  POISSON_NOISE_PROB: 0.5
  RANDOM_ROT: False
  RANDOM_ROT_PROB: 0.5
  RANDOM_ROT_RANGE: (-180, 180)
  ROT90: False
  ROT90_PROB: 0.5
  SALT: False
  SALT_AMOUNT: 0.05
  SALT_AND_PEPPER: False
  SALT_AND_PEPPER_AMOUNT: 0.05
  SALT_AND_PEPPER_PROB: 0.5
  SALT_AND_PEPPER_PROP: 0.5
  SALT_PROB: 0.5
  SHEAR: False
  SHEAR_PROB: 0.5
  SHEAR_RANGE: (-20, 20)
  SHIFT: False
  SHIFT_PROB: 0.5
  SHIFT_RANGE: (0.1, 0.2)
  SHUFFLE_TRAIN_DATA_EACH_EPOCH: True
  SHUFFLE_VAL_DATA_EACH_EPOCH: False
  VFLIP: False
  VFLIP_PROB: 0.5
  ZFLIP: False
  ZFLIP_PROB: 0.5
  ZOOM: False
  ZOOM_IN_Z: False
  ZOOM_PROB: 0.5
  ZOOM_RANGE: (0.5, 1.5)
DATA:
  CHECK_GENERATORS: False
  FILTER_BY_IMAGE: False
  FORCE_RGB: False
  NORMALIZATION:
    PERC_CLIP:
      ENABLE: False
      LOWER_PERC: -1.0
      LOWER_VALUE: [-1.0]
      UPPER_PERC: -1.0
      UPPER_VALUE: [-1.0]
    TYPE: zero_mean_unit_variance
    ZERO_MEAN_UNIT_VAR:
      MEAN_VAL: [-1.0]
      STD_VAL: [-1.0]
  N_CLASSES: 2
  PATCH_SIZE: (160, 160, 160, 3)
  PREPROCESS:
    CANNY:
      ENABLE: False
      HIGH_THRESHOLD: None
      LOW_THRESHOLD: None
    CLAHE:
      CLIP_LIMIT: 0.01
      ENABLE: False
      KERNEL_SIZE: None
    GAUSSIAN_BLUR:
      CHANNEL_AXIS: None
      ENABLE: False
      MODE: nearest
      SIGMA: 1
    MATCH_HISTOGRAM:
      ENABLE: False
      REFERENCE_PATH: user_data/test/x
    MEDIAN_BLUR:
      ENABLE: False
      KERNEL_SIZE: (3, 3, 1)
    RESIZE:
      ANTI_ALIASING: False
      CLIP: True
      CVAL: 0.0
      ENABLE: False
      MODE: reflect
      ORDER: 1
      OUTPUT_SHAPE: (512, 512)
      PRESERVE_RANGE: True
    TEST: False
    TRAIN: False
    VAL: False
    ZOOM:
      ENABLE: False
      ZOOM_FACTOR: [1, 1, 1, 1, 1]
  REFLECT_TO_COMPLETE_SHAPE: True
  SAVE_FILTERED_IMAGES: False
  SAVE_FILTERED_IMAGES_NUM: 3
  TEST:
    BINARY_MASKS: fisbe/biapy-no-aug-zarr/test/raw/../bin_mask
    CHECK_DATA: True
    DETECTION_MASK_DIR: fisbe/biapy-no-aug-zarr/test/label_detection_masks_2
    FILTER_SAMPLES:
      ENABLE: False
      NORM_BEFORE: False
      PROPS: []
      SIGNS: []
      VALUES: []
    GT_PATH: fisbe/biapy-no-aug-zarr/test/label
    INPUT_IMG_AXES_ORDER: ZYXC
    INPUT_MASK_AXES_ORDER: ZYXC
    INPUT_ZARR_MULTIPLE_DATA: False
    INPUT_ZARR_MULTIPLE_DATA_GT_PATH: 
    INPUT_ZARR_MULTIPLE_DATA_ID_PATH: annotations.ids
    INPUT_ZARR_MULTIPLE_DATA_LOCATIONS_PATH: annotations.locations
    INPUT_ZARR_MULTIPLE_DATA_PARTNERS_PATH: annotations.presynaptic_site.partners
    INPUT_ZARR_MULTIPLE_DATA_RAW_PATH: 
    INPUT_ZARR_MULTIPLE_DATA_RESOLUTION_PATH: volumes.raw
    INSTANCE_CHANNELS_MASK_DIR: fisbe/biapy-no-aug-zarr/test/label_F.erosion-0.dilation-0_Dc.type-skeleton.norm-True.mask_values-False_Dn.closing_size-3.norm-True.mask_values-False.decline_power-2_P.type-skeleton.dilation-2.erosion-0
    IN_MEMORY: False
    LOAD_GT: True
    MEDIAN_PADDING: False
    OVERLAP: (0, 0, 0)
    PADDING: (4, 16, 16)
    PATH: fisbe/biapy-no-aug-zarr/test/raw
    RESOLUTION: (1, 1, 1)
    SSL_SOURCE_DIR: fisbe/biapy-no-aug-zarr/test/raw_ssl_source
    USE_VAL_AS_TEST: False
  TRAIN:
    CHECK_DATA: True
    DETECTION_MASK_DIR: fisbe/biapy-channel-scale-zarr/train/label_detection_masks_2
    EXTRACT_RANDOM_PATCH: False
    FILTER_SAMPLES:
      ENABLE: False
      NORM_BEFORE: False
      PROPS: []
      SIGNS: []
      VALUES: []
    GT_PATH: fisbe/biapy-channel-scale-zarr/train/label
    INPUT_IMG_AXES_ORDER: ZYXC
    INPUT_MASK_AXES_ORDER: ZYXC
    INPUT_ZARR_MULTIPLE_DATA: False
    INPUT_ZARR_MULTIPLE_DATA_GT_PATH: 
    INPUT_ZARR_MULTIPLE_DATA_ID_PATH: annotations.ids
    INPUT_ZARR_MULTIPLE_DATA_LOCATIONS_PATH: annotations.locations
    INPUT_ZARR_MULTIPLE_DATA_PARTNERS_PATH: annotations.presynaptic_site.partners
    INPUT_ZARR_MULTIPLE_DATA_RAW_PATH: 
    INPUT_ZARR_MULTIPLE_DATA_RESOLUTION_PATH: volumes.raw
    INSTANCE_CHANNELS_MASK_DIR: fisbe/biapy-channel-scale-zarr/train/label_F.erosion-0.dilation-0_Dc.type-skeleton.norm-True.mask_values-False_Dn.closing_size-3.norm-True.mask_values-False.decline_power-2_P.type-skeleton.dilation-2.erosion-0
    IN_MEMORY: False
    OVERLAP: (0, 0, 0)
    PADDING: (0, 0, 0)
    PATH: fisbe/biapy-channel-scale-zarr/train/raw
    PROBABILITY_MAP: False
    REPLICATE: 0
    RESOLUTION: (1, 1, 1)
    SSL_SOURCE_DIR: fisbe/biapy-channel-scale-zarr/train/raw_ssl_source
    W_BACKGROUND: 0.06
    W_FOREGROUND: 0.94
  VAL:
    CROSS_VAL: False
    CROSS_VAL_FOLD: 1
    CROSS_VAL_NFOLD: 5
    DETECTION_MASK_DIR: fisbe/biapy-no-aug-zarr/val/label_detection_masks_2
    DIST_EVAL: True
    FILTER_SAMPLES:
      ENABLE: False
      NORM_BEFORE: False
      PROPS: []
      SIGNS: []
      VALUES: []
    FROM_TRAIN: False
    GT_PATH: fisbe/biapy-no-aug-zarr/val/label
    INPUT_IMG_AXES_ORDER: ZYXC
    INPUT_MASK_AXES_ORDER: ZYXC
    INPUT_ZARR_MULTIPLE_DATA: False
    INPUT_ZARR_MULTIPLE_DATA_GT_PATH: 
    INPUT_ZARR_MULTIPLE_DATA_ID_PATH: annotations.ids
    INPUT_ZARR_MULTIPLE_DATA_LOCATIONS_PATH: annotations.locations
    INPUT_ZARR_MULTIPLE_DATA_PARTNERS_PATH: annotations.presynaptic_site.partners
    INPUT_ZARR_MULTIPLE_DATA_RAW_PATH: 
    INPUT_ZARR_MULTIPLE_DATA_RESOLUTION_PATH: volumes.raw
    INSTANCE_CHANNELS_MASK_DIR: fisbe/biapy-no-aug-zarr/val/label_F.erosion-0.dilation-0_Dc.type-skeleton.norm-True.mask_values-False_Dn.closing_size-3.norm-True.mask_values-False.decline_power-2_P.type-skeleton.dilation-2.erosion-0
    IN_MEMORY: False
    OVERLAP: (0, 0, 0)
    PADDING: (0, 0, 0)
    PATH: fisbe/biapy-no-aug-zarr/val/raw
    RANDOM: True
    RESOLUTION: (1, 1, 1)
    SPLIT_TRAIN: 0.1
    SSL_SOURCE_DIR: fisbe/biapy-no-aug-zarr/val/raw_ssl_source
LOG:
  CHART_CREATION_FREQ: 5
  LOG_DIR: metrics/biapy/biapy-channel-scale-zarr-unetr/logs
  LOG_FILE_PREFIX: biapy-channel-scale-zarr-unetr_0
  TENSORBOARD_LOG_DIR: metrics/biapy/biapy-channel-scale-zarr-unetr/results/biapy-channel-scale-zarr-unetr_0/tensorboard
LOSS:
  CLASS_REBALANCE: none
  CLASS_WEIGHTS: []
  CONTRAST:
    ENABLE: False
    MEMORY_SIZE: 5000
    PIXEL_UPD_FREQ: 10
    PROJ_DIM: 256
  CYCLEGAN:
    ALPHA_PERCEPTUAL: 0.0
    DELTA_MSE: 0.0
    GAMMA_SSIM: 1.0
    LAMBDA_GAN: 1.0
    LAMBDA_RECON: 10.0
  IGNORE_INDEX: -1
  TYPE: 
  WEIGHTS: [1.0, 1.0]
MODEL:
  ACTIVATION: elu
  ARCHITECTURE: unetr
  BMZ:
    EXPORT:
      AUTHORS: []
      CITE: []
      DATASET_INFO: [{}]
      DESCRIPTION: 
      DOCUMENTATION: 
      ENABLE: False
      LICENSE: CC-BY-4.0
      MODEL_NAME: 
      MODEL_VERSION: 0.1.0
      REUSE_BMZ_CONFIG: False
      TAGS: []
    SOURCE_MODEL_ID: 
  CONVNEXT_LAYER_SCALE: 1e-06
  CONVNEXT_SD_PROB: 0.1
  CONVNEXT_STEM_K_SIZE: 2
  CONV_BLOCK_ORDER: conv_norm_act
  CONV_LAYERS: [2, 2, 2, 2, 2]
  DROPOUT_VALUES: [0.0]
  FEATURE_MAPS: [16, 32, 64, 128, 256]
  FREEZE_LAYERS_MATCHING: []
  HRNET:
    BLOCK_TYPE: BASIC
    HEAD_TYPE: FCN
    NUM_BLOCKS: [[4, 4], [4, 4, 4], [4, 4, 4, 4]]
    NUM_BRANCHES: [2, 3, 4]
    NUM_CHANNELS: [[18, 36], [18, 36, 72], [18, 36, 72, 144]]
    NUM_MODULES: [1, 4, 3]
    NUM_STAGES: 3
    VARIANT: W48
    YX_DOWN: [0, 0, 0]
    Z_DOWN: [0, 0, 0]
  ISOTROPY: [True, True, True, True, True]
  ITEMS_TO_LOAD_FROM_CHECKPOINT: ['weights', 'norm', 'model_arch']
  KERNEL_SIZE: 3
  LARGER_IO: False
  LOAD_CHECKPOINT: False
  LOAD_CHECKPOINT_EPOCH: best_on_val
  MAE_DEC_HIDDEN_SIZE: 512
  MAE_DEC_MLP_DIMS: 2048
  MAE_DEC_NUM_HEADS: 16
  MAE_DEC_NUM_LAYERS: 8
  MAE_MASK_RATIO: 0.5
  MAE_MASK_TYPE: grid
  NAFNET:
    ARCHITECTURE_D: patchgan
    DEC_BLK_NUMS: [2, 2, 2, 2]
    DW_EXPAND: 2
    ENC_BLK_NUMS: [2, 2, 4, 8]
    FFN_EXPAND: 2
    MIDDLE_BLK_NUM: 12
    PATCHGAN:
      BASE_FILTERS: 64
    WIDTH: 16
  NORMALIZATION: in
  OUT_CHECKPOINT_FORMAT: pth
  RCAN_CONV_FILTERS: 16
  RCAN_RCAB_BLOCK_NUM: 20
  RCAN_REDUCTION_RATIO: 16
  RCAN_RG_BLOCK_NUM: 10
  RCAN_UPSCALING_LAYER: True
  SAVE_CKPT_FREQ: -1
  SKIP_UNMATCHED_LAYERS: False
  SOURCE: biapy
  STUNET:
    PRETRAINED: False
    VARIANT: base
  TORCHVISION_MODEL_NAME: 
  UNETR_VIT_HIDD_MULT: -1
  UNETR_VIT_MODEL: custom
  UNETR_VIT_NUM_FILTERS: 16
  UNET_SR_UPSAMPLE_POSITION: pre
  UPSAMPLE_LAYER: convtranspose
  VIT_EMBED_DIM: 768
  VIT_MLP_RATIO: 4.0
  VIT_MODEL: custom
  VIT_NORM_EPS: 1e-06
  VIT_NUM_HEADS: 12
  VIT_NUM_LAYERS: 12
  VIT_PRETRAINED_WEIGHTS: 
  VIT_TOKEN_SIZE: 16
  YX_DOWN: [2, 2, 2, 2]
  Z_DOWN: [2, 2, 2, 2]
PATHS:
  BMZ_EXPORT_PATH: metrics/biapy/biapy-channel-scale-zarr-unetr/results/biapy-channel-scale-zarr-unetr_0/BMZ_files
  CHARTS: metrics/biapy/biapy-channel-scale-zarr-unetr/results/biapy-channel-scale-zarr-unetr_0/charts
  CHECKPOINT: metrics/biapy/biapy-channel-scale-zarr-unetr/checkpoints
  CHECKPOINT_FILE: 
  DA_SAMPLES: metrics/biapy/biapy-channel-scale-zarr-unetr/results/biapy-channel-scale-zarr-unetr_0/aug
  FIL_SAMPLES_DIR: metrics/biapy/biapy-channel-scale-zarr-unetr/results/biapy-channel-scale-zarr-unetr_0/filtering_information
  GEN_CHECKS: metrics/biapy/biapy-channel-scale-zarr-unetr/results/biapy-channel-scale-zarr-unetr_0/gen_check
  GEN_MASK_CHECKS: metrics/biapy/biapy-channel-scale-zarr-unetr/results/biapy-channel-scale-zarr-unetr_0/gen_mask_check
  MAE_OUT_DIR: metrics/biapy/biapy-channel-scale-zarr-unetr/results/biapy-channel-scale-zarr-unetr_0/MAE_checks
  PROB_MAP_DIR: metrics/biapy/biapy-channel-scale-zarr-unetr/prob_map
  PROB_MAP_FILENAME: prob_map.npy
  PROFILER: metrics/biapy/biapy-channel-scale-zarr-unetr/results/biapy-channel-scale-zarr-unetr_0/profiler
  RESULT_DIR:
    AS_3D_STACK: metrics/biapy/biapy-channel-scale-zarr-unetr/results/biapy-channel-scale-zarr-unetr_0/as_3d_stack
    AS_3D_STACK_BIN: metrics/biapy/biapy-channel-scale-zarr-unetr/results/biapy-channel-scale-zarr-unetr_0/as_3d_stack_binarized
    AS_3D_STACK_POST_PROCESSING: metrics/biapy/biapy-channel-scale-zarr-unetr/results/biapy-channel-scale-zarr-unetr_0/as_3d_stack_post_processing
    DET_ASSOC_POINTS: metrics/biapy/biapy-channel-scale-zarr-unetr/results/biapy-channel-scale-zarr-unetr_0/point_associations
    DET_LOCAL_MAX_COORDS_CHECK: metrics/biapy/biapy-channel-scale-zarr-unetr/results/biapy-channel-scale-zarr-unetr_0/per_image_local_max_check
    DET_LOCAL_MAX_COORDS_CHECK_POST_PROCESSING: metrics/biapy/biapy-channel-scale-zarr-unetr/results/biapy-channel-scale-zarr-unetr_0/per_image_local_max_check_post_processing
    FULL_IMAGE: metrics/biapy/biapy-channel-scale-zarr-unetr/results/biapy-channel-scale-zarr-unetr_0/full_image
    FULL_IMAGE_BIN: metrics/biapy/biapy-channel-scale-zarr-unetr/results/biapy-channel-scale-zarr-unetr_0/full_image_binarized
    FULL_IMAGE_INSTANCES: metrics/biapy/biapy-channel-scale-zarr-unetr/results/biapy-channel-scale-zarr-unetr_0/full_image_instances
    FULL_IMAGE_POST_PROCESSING: metrics/biapy/biapy-channel-scale-zarr-unetr/results/biapy-channel-scale-zarr-unetr_0/full_image_post_processing
    INST_ASSOC_POINTS: metrics/biapy/biapy-channel-scale-zarr-unetr/results/biapy-channel-scale-zarr-unetr_0/instance_associations
    PATH: metrics/biapy/biapy-channel-scale-zarr-unetr/results/biapy-channel-scale-zarr-unetr_0
    PER_IMAGE: metrics/biapy/biapy-channel-scale-zarr-unetr/results/biapy-channel-scale-zarr-unetr_0/per_image
    PER_IMAGE_BIN: metrics/biapy/biapy-channel-scale-zarr-unetr/results/biapy-channel-scale-zarr-unetr_0/per_image_binarized
    PER_IMAGE_INSTANCES: metrics/biapy/biapy-channel-scale-zarr-unetr/results/biapy-channel-scale-zarr-unetr_0/per_image_instances
    PER_IMAGE_POST_PROCESSING: metrics/biapy/biapy-channel-scale-zarr-unetr/results/biapy-channel-scale-zarr-unetr_0/per_image_post_processing
  TEST_FULL_GT_H5: fisbe/biapy-no-aug-zarr/test/label/h5
  TEST_INSTANCE_CHANNELS_CHECK: metrics/biapy/biapy-channel-scale-zarr-unetr/results/biapy-channel-scale-zarr-unetr_0/test_FDcDnP_instance_channels
  TRAIN_INSTANCE_CHANNELS_CHECK: metrics/biapy/biapy-channel-scale-zarr-unetr/results/biapy-channel-scale-zarr-unetr_0/train_FDcDnP_instance_channels
  VAL_INSTANCE_CHANNELS_CHECK: metrics/biapy/biapy-channel-scale-zarr-unetr/results/biapy-channel-scale-zarr-unetr_0/val_FDcDnP_instance_channels
  WATERSHED_DIR: metrics/biapy/biapy-channel-scale-zarr-unetr/results/biapy-channel-scale-zarr-unetr_0/watershed
PROBLEM:
  DENOISING:
    LOAD_GT_DATA: False
    N2V_MANIPULATOR: uniform_withCP
    N2V_NEIGHBORHOOD_RADIUS: 5
    N2V_PERC_PIX: 0.198
    N2V_STRUCTMASK: False
  DETECTION:
    CENTRAL_POINT_DILATION: [2]
    CHECK_POINTS_CREATED: True
    CLASS_REBALANCE_WITHIN_CHANNELS: True
    DATA_CHANNEL_WEIGHTS: (1, 1)
    DATA_CHECK_MW: False
    SEPARATED_DECODERS_DIVIDE_FEATURE_MAPS: False
    SEPARATED_DECODERS_PER_HEAD: False
  IMAGE_TO_IMAGE:
    CHANNELS_PER_HEAD_INFO: []
    MULTIPLE_RAW_ONE_TARGET_LOADER: False
    OUTPUT_CHANNELS: 1
    OUTPUT_CHANNEL_ACT: []
    SEPARATED_DECODERS_DIVIDE_FEATURE_MAPS: False
    SEPARATED_DECODERS_PER_HEAD: False
  INSTANCE_SEG:
    BORDER_EXTRA_WEIGHTS: 
    CELLPOSE:
      DIAMETER: 0.0
      DIAM_MEAN: 30.0
      FG_THRESH: 0.5
      FLOW_THRESHOLD: 0.4
      N_STEPS: 200
      SCALE_RANGE: 0.5
      TEST_DOUBLE_INFERENCE: True
    CHANNELS_PER_HEAD_INFO: []
    CLASS_REBALANCE_WITHIN_CHANNELS: True
    DATA_CHANNELS: ['F', 'Dc', 'Dn', 'P']
    DATA_CHANNELS_EXTRA_OPTS: [{'P': {'type': 'skeleton', 'dilation': 2, 'erosion': 0}, 'Dc': {'type': 'skeleton', 'norm': True, 'mask_values': False}, 'Dn': {'closing_size': 3, 'norm': True, 'mask_values': False, 'decline_power': 2}, 'F': {'erosion': 0, 'dilation': 0}}]
    DATA_CHANNELS_LOSSES: ['bce', 'l1', 'l1', 'bce']
    DATA_CHANNEL_WEIGHTS: (1.0, 5.0, 5.0, 1.0)
    EMBEDSEG:
      FG_THRESH: 0.5
      GRID_SIZE: -1
      MIN_MASK_SUM: 0
      MIN_UNCLUSTERED_SUM: 0
      SEED_THRESH: 0.9
    INSTANCE_CREATION_PROCESS: watershed
    OMNIPOSE:
      FLOW_THRESHOLD: 0.4
      MASK_THRESHOLD: 0.0
      NITER: 0
    SEPARATED_DECODERS_DIVIDE_FEATURE_MAPS: False
    SEPARATED_DECODERS_PER_HEAD: False
    STARDIST:
      GRID: []
      NMS_IOU_THRESH: 0.3
      PROB_THRESH: 0.4
    SYNAPSES:
      BLOB_LOG_MAX_SIGMA: 10
      BLOB_LOG_MIN_SIGMA: 5
      BLOB_LOG_NUM_SIGMA: 2
      EXCLUDE_BORDER: False
      MIN_TH_TO_BE_PEAK: 0.2
      PEAK_LOCAL_MAX_MIN_DISTANCE: 1
      POINT_CREATION_FUNCTION: peak_local_max
      REMOVE_CLOSE_POINTS_RADIUS_BY_MASK: False
      REMOVE_CLOSE_POST_POINTS_RADIUS: 0
      REMOVE_CLOSE_PRE_POINTS_RADIUS: 0
      TH_TYPE: auto
    TYPE: regular
    WATERSHED:
      BY_2D_SLICES: False
      DATA_CHECK_MW: True
      DATA_REMOVE_BEFORE_MW: False
      DATA_REMOVE_SMALL_OBJ_BEFORE: 10
      ERODE_AND_DILATE_GROWTH_MASK: False
      FORE_DILATION_RADIUS: 5
      FORE_EROSION_RADIUS: 5
      GROWTH_MASK_CHANNELS: ['F']
      GROWTH_MASK_CHANNELS_THRESH: ['auto']
      SEED_CHANNELS: ['P']
      SEED_CHANNELS_THRESH: ['auto']
      SEED_MORPH_RADIUS: []
      SEED_MORPH_SEQUENCE: []
      TOPOGRAPHIC_SURFACE_CHANNEL: F
  NDIM: 3D
  PRINT_OLD_KEY_CHANGES: True
  SELF_SUPERVISED:
    NOISE: 0.2
    PRETEXT_TASK: crappify
    RESIZING_FACTOR: 4
  SEMANTIC_SEG:
    IGNORE_CLASS_ID: 0
  SUPER_RESOLUTION:
    UPSCALING: (1, 1, 1)
  TYPE: INSTANCE_SEG
SYSTEM:
  DEVICE: cpu
  NUM_CPUS: 8
  NUM_GPUS: 0
  NUM_WORKERS: -1
  PIN_MEM: True
  SEED: 0
TEST:
  ANALIZE_2D_IMGS_AS_3D_STACK: False
  AUGMENTATION: False
  AUGMENTATION_GROUP: auto
  AUGMENTATION_MODE: mean
  BY_CHUNKS:
    ENABLE: False
    FLUSH_EACH: 100
    PHASES: ['prediction', 'instance_creation', 'instance_merging']
    SAVE_OUT_TIF: False
    WORKFLOW_PROCESS:
      ENABLE: True
      INSTANCE_SEG_HALO: -1
      INSTANCE_SEG_MERGE_IOU_TH: 0.3
      TYPE: chunk_by_chunk
    Z_END: -1
    Z_START: -1
  DET_BLOB_LOG_MAX_SIGMA: 10
  DET_BLOB_LOG_MIN_SIGMA: 5
  DET_BLOB_LOG_NUM_SIGMA: 2
  DET_EXCLUDE_BORDER: False
  DET_IGNORE_POINTS_OUTSIDE_BOX: []
  DET_MIN_TH_TO_BE_PEAK: 0.2
  DET_PEAK_LOCAL_MAX_MIN_DISTANCE: 1
  DET_POINT_CREATION_FUNCTION: peak_local_max
  DET_TH_TYPE: manual
  DET_TOLERANCE: 10
  ENABLE: True
  FULL_IMG: False
  MATCHING_STATS: True
  MATCHING_STATS_BY_IMAGE: True
  MATCHING_STATS_THS: [0.3, 0.5, 0.75]
  MATCHING_STATS_THS_COLORED_IMG: []
  METRICS: ['iou']
  METRICS_IN_CPU: False
  POST_PROCESSING:
    APPLY_MASK: False
    DET_WATERSHED: False
    DET_WATERSHED_DONUTS_CLASSES: [-1]
    DET_WATERSHED_DONUTS_NUCLEUS_DIAMETER: 30
    DET_WATERSHED_DONUTS_PATCH: [13, 120, 120]
    DET_WATERSHED_FIRST_DILATION: [-1, -1]
    INSTANCE_REFINEMENT:
      ENABLE: True
      OPERATIONS: ['remove_small_objects']
      VALUES: [1000]
    MEASURE_PROPERTIES:
      ENABLE: False
      EXTRA_PROPS: []
      REMOVE_BY_PROPERTIES:
        ENABLE: False
        PROPS: []
        SIGNS: []
        VALUES: []
    MEDIAN_FILTER: False
    MEDIAN_FILTER_AXIS: []
    MEDIAN_FILTER_SIZE: []
    REMOVE_CLOSE_POINTS: False
    REMOVE_CLOSE_POINTS_RADIUS: 0
    REPARE_LARGE_BLOBS_SIZE: -1
    VORONOI_ON_MASK: False
    VORONOI_TH: 0.0
  REDUCE_MEMORY: False
  REUSE_PREDICTIONS: False
  SAVE_MODEL_RAW_OUTPUT: True
  VERBOSE: True
TRAIN:
  BATCH_SIZE: 2
  CHECKPOINT_MONITOR: val_loss
  ENABLE: True
  EPOCHS: 60
  GRADIENT_CLIP_NORM: 0.0
  LR: [0.001]
  LR_SCHEDULER:
    MIN_LR: [-1.0]
    NAME: onecycle
    REDUCEONPLATEAU_FACTOR: 0.5
    REDUCEONPLATEAU_PATIENCE: -1
    WARMUP_COSINE_DECAY_EPOCHS: -1
  METRICS: ['iou']
  OPTIMIZER: ['ADAMW']
  OPT_BETAS: [[0.9, 0.999]]
  PATIENCE: 10
  VERBOSE: False
  W_DECAY: 0.02
[21:50:29.893769] *~~~~~~~~~~~~~~~~~~~~~~~~~~~~~~~~~~~~~~~~~~~~~~~~~~*
[21:50:29.893798] Initializing Instance_Segmentation_Workflow
[21:50:29.893807] *~~~~~~~~~~~~~~~~~~~~~~~~~~~~~~~~~~~~~~~~~~~~~~~~~~*

[21:50:29.996531] Creating normalization module . . .
[21:50:29.996576] Normalization module created with the following configuration:
[21:50:29.996584]   type: zero_mean_unit_variance
[21:50:29.996591]   target_type: mask
[21:50:29.996596]   out_dtype: float32
[21:50:29.996602]   norm_target: False
[21:50:29.996608]   percentile_clip: False
[21:50:29.996616]   per_lower_bound: -1.0
[21:50:29.996622]   per_upper_bound: -1.0
[21:50:29.996636]   lower_bound_val: [-1.0]
[21:50:29.996641]   upper_bound_val: [-1.0]
[21:50:29.996646]   mean: [-1.0]
[21:50:29.996652]   std: [-1.0]
[21:50:29.996674] ###########################
[21:50:29.996679] #  PREPARE INSTANCE DATA  #
[21:50:29.996684] ###########################
[21:50:29.997087] You select to create ['F', 'Dc', 'Dn', 'P'] channels from given instance labels and no file is detected in fisbe/biapy-channel-scale-zarr/train/label_F.erosion-0.dilation-0_Dc.type-skeleton.norm-True.mask_values-False_Dn.closing_size-3.norm-True.mask_values-False.decline_power-2_P.type-skeleton.dilation-2.erosion-0 . So let's prepare the data. This process will be done just once!
[21:50:30.001946] Working with Zarr files . . .
[21:50:30.001997] Reading Zarr/H5 file: fisbe/biapy-channel-scale-zarr/train/label/R38F04-20181005_63_G3_cs0.26_1.39_1.50.zarr
[21:50:30.009888] ### 3D-OV-CROP ###
[21:50:30.009906] Cropping (431, 687, 684, 1) images into (160, 160, 160, 1) with overlapping (axis order: ZYXC). . .
[21:50:30.009914] Minimum overlap selected: (0, 0, 0)
[21:50:30.009920] Padding: (0, 0, 0)
[21:50:30.009941] Real overlapping (%): (0.15, 0.175, 0.18125)
[21:50:30.009949] Real overlapping (pixels): (24.0, 28.0, 29.0)
[21:50:30.009956] (3, 5, 5) patches per (z,y,x) axis
[21:50:30.009968] List of volume IDs to be processed by each GPU: [[0, 1, 2]]
[21:50:30.009977] Positions of each volume in Z axis: {0: [0, 160], 1: [136, 296], 2: [272, 431]}
[21:50:30.009984] Rank 0: Total number of patches: 75 - (3, 5, 5) patches per (z,y,x) axis (per GPU)
[21:50:30.554503] Reading Zarr/H5 file: fisbe/biapy-channel-scale-zarr/train/label/R38F04-20181005_63_G3_cs0.31_0.33_0.32.zarr
[21:50:30.562310] ### 3D-OV-CROP ###
[21:50:30.562326] Cropping (431, 687, 684, 1) images into (160, 160, 160, 1) with overlapping (axis order: ZYXC). . .
[21:50:30.562334] Minimum overlap selected: (0, 0, 0)
[21:50:30.562349] Padding: (0, 0, 0)
[21:50:30.562370] Real overlapping (%): (0.15, 0.175, 0.18125)
[21:50:30.562378] Real overlapping (pixels): (24.0, 28.0, 29.0)
[21:50:30.562384] (3, 5, 5) patches per (z,y,x) axis
[21:50:30.562395] List of volume IDs to be processed by each GPU: [[0, 1, 2]]
[21:50:30.562403] Positions of each volume in Z axis: {0: [0, 160], 1: [136, 296], 2: [272, 431]}
[21:50:30.562409] Rank 0: Total number of patches: 75 - (3, 5, 5) patches per (z,y,x) axis (per GPU)
[21:50:31.038250] Reading Zarr/H5 file: fisbe/biapy-channel-scale-zarr/train/label/R38F04-20181005_63_G3_cs1.39_1.47_0.27.zarr
[21:50:31.048574] ### 3D-OV-CROP ###
[21:50:31.048591] Cropping (431, 687, 684, 1) images into (160, 160, 160, 1) with overlapping (axis order: ZYXC). . .
[21:50:31.048598] Minimum overlap selected: (0, 0, 0)
[21:50:31.048604] Padding: (0, 0, 0)
[21:50:31.048620] Real overlapping (%): (0.15, 0.175, 0.18125)
[21:50:31.048628] Real overlapping (pixels): (24.0, 28.0, 29.0)
[21:50:31.048635] (3, 5, 5) patches per (z,y,x) axis
[21:50:31.048646] List of volume IDs to be processed by each GPU: [[0, 1, 2]]
[21:50:31.048654] Positions of each volume in Z axis: {0: [0, 160], 1: [136, 296], 2: [272, 431]}
[21:50:31.048661] Rank 0: Total number of patches: 75 - (3, 5, 5) patches per (z,y,x) axis (per GPU)
[21:50:31.558150] Reading Zarr/H5 file: fisbe/biapy-channel-scale-zarr/train/label/R38F04-20181005_63_G3_cs1.47_0.34_0.31.zarr
[21:50:31.563892] ### 3D-OV-CROP ###
[21:50:31.563908] Cropping (431, 687, 684, 1) images into (160, 160, 160, 1) with overlapping (axis order: ZYXC). . .
[21:50:31.563915] Minimum overlap selected: (0, 0, 0)
[21:50:31.563922] Padding: (0, 0, 0)
[21:50:31.563939] Real overlapping (%): (0.15, 0.175, 0.18125)
[21:50:31.563947] Real overlapping (pixels): (24.0, 28.0, 29.0)
[21:50:31.563954] (3, 5, 5) patches per (z,y,x) axis
[21:50:31.563964] List of volume IDs to be processed by each GPU: [[0, 1, 2]]
[21:50:31.563972] Positions of each volume in Z axis: {0: [0, 160], 1: [136, 296], 2: [272, 431]}
[21:50:31.563979] Rank 0: Total number of patches: 75 - (3, 5, 5) patches per (z,y,x) axis (per GPU)
[21:50:32.271996] Reading Zarr/H5 file: fisbe/biapy-channel-scale-zarr/train/label/R38F04-20181005_63_G5_cs0.31_1.43_0.35.zarr
[21:50:32.280028] ### 3D-OV-CROP ###
[21:50:32.280046] Cropping (421, 687, 684, 1) images into (160, 160, 160, 1) with overlapping (axis order: ZYXC). . .
[21:50:32.280053] Minimum overlap selected: (0, 0, 0)
[21:50:32.280058] Padding: (0, 0, 0)
[21:50:32.280077] Real overlapping (%): (0.18125, 0.175, 0.18125)
[21:50:32.280085] Real overlapping (pixels): (29.0, 28.0, 29.0)
[21:50:32.280091] (3, 5, 5) patches per (z,y,x) axis
[21:50:32.280101] List of volume IDs to be processed by each GPU: [[0, 1, 2]]
[21:50:32.280110] Positions of each volume in Z axis: {0: [0, 160], 1: [131, 291], 2: [262, 421]}
[21:50:32.280122] Rank 0: Total number of patches: 75 - (3, 5, 5) patches per (z,y,x) axis (per GPU)
[21:50:32.819062] Reading Zarr/H5 file: fisbe/biapy-channel-scale-zarr/train/label/R38F04-20181005_63_G5_cs1.41_1.45_0.34.zarr
[21:50:32.824560] ### 3D-OV-CROP ###
[21:50:32.824576] Cropping (421, 687, 684, 1) images into (160, 160, 160, 1) with overlapping (axis order: ZYXC). . .
[21:50:32.824583] Minimum overlap selected: (0, 0, 0)
[21:50:32.824589] Padding: (0, 0, 0)
[21:50:32.824605] Real overlapping (%): (0.18125, 0.175, 0.18125)
[21:50:32.824612] Real overlapping (pixels): (29.0, 28.0, 29.0)
[21:50:32.824618] (3, 5, 5) patches per (z,y,x) axis
[21:50:32.824628] List of volume IDs to be processed by each GPU: [[0, 1, 2]]
[21:50:32.824636] Positions of each volume in Z axis: {0: [0, 160], 1: [131, 291], 2: [262, 421]}
[21:50:32.824643] Rank 0: Total number of patches: 75 - (3, 5, 5) patches per (z,y,x) axis (per GPU)
[21:50:33.442717] Reading Zarr/H5 file: fisbe/biapy-channel-scale-zarr/train/label/R38F04-20181005_63_G5_cs1.43_0.36_1.50.zarr
[21:50:33.450375] ### 3D-OV-CROP ###
[21:50:33.450388] Cropping (421, 687, 684, 1) images into (160, 160, 160, 1) with overlapping (axis order: ZYXC). . .
[21:50:33.450401] Minimum overlap selected: (0, 0, 0)
[21:50:33.450407] Padding: (0, 0, 0)
[21:50:33.450423] Real overlapping (%): (0.18125, 0.175, 0.18125)
[21:50:33.450431] Real overlapping (pixels): (29.0, 28.0, 29.0)
[21:50:33.450437] (3, 5, 5) patches per (z,y,x) axis
[21:50:33.450447] List of volume IDs to be processed by each GPU: [[0, 1, 2]]
[21:50:33.450456] Positions of each volume in Z axis: {0: [0, 160], 1: [131, 291], 2: [262, 421]}
[21:50:33.450462] Rank 0: Total number of patches: 75 - (3, 5, 5) patches per (z,y,x) axis (per GPU)
[21:50:34.009969] Reading Zarr/H5 file: fisbe/biapy-channel-scale-zarr/train/label/R38F04-20181005_63_G5_cs1.48_0.26_0.36.zarr
[21:50:34.016562] ### 3D-OV-CROP ###
[21:50:34.016578] Cropping (421, 687, 684, 1) images into (160, 160, 160, 1) with overlapping (axis order: ZYXC). . .
[21:50:34.016585] Minimum overlap selected: (0, 0, 0)
[21:50:34.016591] Padding: (0, 0, 0)
[21:50:34.016606] Real overlapping (%): (0.18125, 0.175, 0.18125)
[21:50:34.016614] Real overlapping (pixels): (29.0, 28.0, 29.0)
[21:50:34.016621] (3, 5, 5) patches per (z,y,x) axis
[21:50:34.016631] List of volume IDs to be processed by each GPU: [[0, 1, 2]]
[21:50:34.016639] Positions of each volume in Z axis: {0: [0, 160], 1: [131, 291], 2: [262, 421]}
[21:50:34.016647] Rank 0: Total number of patches: 75 - (3, 5, 5) patches per (z,y,x) axis (per GPU)
[21:50:34.539180] Reading Zarr/H5 file: fisbe/biapy-channel-scale-zarr/train/label/R38F04-20181005_63_H1_cs0.31_1.43_0.29.zarr
[21:50:34.545770] ### 3D-OV-CROP ###
[21:50:34.545787] Cropping (399, 687, 684, 1) images into (160, 160, 160, 1) with overlapping (axis order: ZYXC). . .
[21:50:34.545794] Minimum overlap selected: (0, 0, 0)
[21:50:34.545803] Padding: (0, 0, 0)
[21:50:34.545822] Real overlapping (%): (0.25, 0.175, 0.18125)
[21:50:34.545829] Real overlapping (pixels): (40.0, 28.0, 29.0)
[21:50:34.545836] (3, 5, 5) patches per (z,y,x) axis
[21:50:34.545846] List of volume IDs to be processed by each GPU: [[0, 1, 2]]
[21:50:34.545854] Positions of each volume in Z axis: {0: [0, 160], 1: [120, 280], 2: [240, 399]}
[21:50:34.545861] Rank 0: Total number of patches: 75 - (3, 5, 5) patches per (z,y,x) axis (per GPU)
[21:50:35.381480] Reading Zarr/H5 file: fisbe/biapy-channel-scale-zarr/train/label/R38F04-20181005_63_H1_cs1.44_0.27_0.26.zarr
[21:50:35.389462] ### 3D-OV-CROP ###
[21:50:35.389476] Cropping (399, 687, 684, 1) images into (160, 160, 160, 1) with overlapping (axis order: ZYXC). . .
[21:50:35.389484] Minimum overlap selected: (0, 0, 0)
[21:50:35.389490] Padding: (0, 0, 0)
[21:50:35.389507] Real overlapping (%): (0.25, 0.175, 0.18125)
[21:50:35.389515] Real overlapping (pixels): (40.0, 28.0, 29.0)
[21:50:35.389522] (3, 5, 5) patches per (z,y,x) axis
[21:50:35.389532] List of volume IDs to be processed by each GPU: [[0, 1, 2]]
[21:50:35.389540] Positions of each volume in Z axis: {0: [0, 160], 1: [120, 280], 2: [240, 399]}
[21:50:35.389547] Rank 0: Total number of patches: 75 - (3, 5, 5) patches per (z,y,x) axis (per GPU)
[21:50:36.175247] Reading Zarr/H5 file: fisbe/biapy-channel-scale-zarr/train/label/R38F04-20181005_63_H1_cs1.44_1.49_0.35.zarr
[21:50:36.179795] ### 3D-OV-CROP ###
[21:50:36.179813] Cropping (399, 687, 684, 1) images into (160, 160, 160, 1) with overlapping (axis order: ZYXC). . .
[21:50:36.179820] Minimum overlap selected: (0, 0, 0)
[21:50:36.179826] Padding: (0, 0, 0)
[21:50:36.179842] Real overlapping (%): (0.25, 0.175, 0.18125)
[21:50:36.179849] Real overlapping (pixels): (40.0, 28.0, 29.0)
[21:50:36.179856] (3, 5, 5) patches per (z,y,x) axis
[21:50:36.179866] List of volume IDs to be processed by each GPU: [[0, 1, 2]]
[21:50:36.179874] Positions of each volume in Z axis: {0: [0, 160], 1: [120, 280], 2: [240, 399]}
[21:50:36.179881] Rank 0: Total number of patches: 75 - (3, 5, 5) patches per (z,y,x) axis (per GPU)
[21:50:36.966348] Reading Zarr/H5 file: fisbe/biapy-channel-scale-zarr/train/label/R38F04-20181005_63_H1_cs1.49_0.30_1.49.zarr
[21:50:36.975988] ### 3D-OV-CROP ###
[21:50:36.976027] Cropping (399, 687, 684, 1) images into (160, 160, 160, 1) with overlapping (axis order: ZYXC). . .
[21:50:36.976043] Minimum overlap selected: (0, 0, 0)
[21:50:36.976049] Padding: (0, 0, 0)
[21:50:36.976069] Real overlapping (%): (0.25, 0.175, 0.18125)
[21:50:36.976077] Real overlapping (pixels): (40.0, 28.0, 29.0)
[21:50:36.976083] (3, 5, 5) patches per (z,y,x) axis
[21:50:36.976094] List of volume IDs to be processed by each GPU: [[0, 1, 2]]
[21:50:36.976102] Positions of each volume in Z axis: {0: [0, 160], 1: [120, 280], 2: [240, 399]}
[21:50:36.976109] Rank 0: Total number of patches: 75 - (3, 5, 5) patches per (z,y,x) axis (per GPU)
[21:50:37.833662] Reading Zarr/H5 file: fisbe/biapy-channel-scale-zarr/train/label/R53A10-20181019_64_A4_cs0.28_1.49_1.48.zarr
[21:50:37.839144] ### 3D-OV-CROP ###
[21:50:37.839161] Cropping (410, 683, 686, 1) images into (160, 160, 160, 1) with overlapping (axis order: ZYXC). . .
[21:50:37.839169] Minimum overlap selected: (0, 0, 0)
[21:50:37.839175] Padding: (0, 0, 0)
[21:50:37.839194] Real overlapping (%): (0.21875, 0.18125, 0.175)
[21:50:37.839202] Real overlapping (pixels): (35.0, 29.0, 28.0)
[21:50:37.839207] (3, 5, 5) patches per (z,y,x) axis
[21:50:37.839218] List of volume IDs to be processed by each GPU: [[0, 1, 2]]
[21:50:37.839227] Positions of each volume in Z axis: {0: [0, 160], 1: [125, 285], 2: [250, 410]}
[21:50:37.839233] Rank 0: Total number of patches: 75 - (3, 5, 5) patches per (z,y,x) axis (per GPU)
[21:50:38.250500] Reading Zarr/H5 file: fisbe/biapy-channel-scale-zarr/train/label/R53A10-20181019_64_A4_cs0.30_1.40_0.34.zarr
[21:50:38.255214] ### 3D-OV-CROP ###
[21:50:38.255230] Cropping (410, 683, 686, 1) images into (160, 160, 160, 1) with overlapping (axis order: ZYXC). . .
[21:50:38.255238] Minimum overlap selected: (0, 0, 0)
[21:50:38.255244] Padding: (0, 0, 0)
[21:50:38.255261] Real overlapping (%): (0.21875, 0.18125, 0.175)
[21:50:38.255269] Real overlapping (pixels): (35.0, 29.0, 28.0)
[21:50:38.255276] (3, 5, 5) patches per (z,y,x) axis
[21:50:38.255286] List of volume IDs to be processed by each GPU: [[0, 1, 2]]
[21:50:38.255294] Positions of each volume in Z axis: {0: [0, 160], 1: [125, 285], 2: [250, 410]}
[21:50:38.255301] Rank 0: Total number of patches: 75 - (3, 5, 5) patches per (z,y,x) axis (per GPU)
[21:50:38.648032] Reading Zarr/H5 file: fisbe/biapy-channel-scale-zarr/train/label/R53A10-20181019_64_A4_cs1.41_0.28_1.43.zarr
[21:50:38.653444] ### 3D-OV-CROP ###
[21:50:38.653460] Cropping (410, 683, 686, 1) images into (160, 160, 160, 1) with overlapping (axis order: ZYXC). . .
[21:50:38.653467] Minimum overlap selected: (0, 0, 0)
[21:50:38.653473] Padding: (0, 0, 0)
[21:50:38.653491] Real overlapping (%): (0.21875, 0.18125, 0.175)
[21:50:38.653499] Real overlapping (pixels): (35.0, 29.0, 28.0)
[21:50:38.653505] (3, 5, 5) patches per (z,y,x) axis
[21:50:38.653515] List of volume IDs to be processed by each GPU: [[0, 1, 2]]
[21:50:38.653523] Positions of each volume in Z axis: {0: [0, 160], 1: [125, 285], 2: [250, 410]}
[21:50:38.653531] Rank 0: Total number of patches: 75 - (3, 5, 5) patches per (z,y,x) axis (per GPU)
[21:50:39.066670] Reading Zarr/H5 file: fisbe/biapy-channel-scale-zarr/train/label/R53A10-20181019_64_A4_cs1.41_1.40_0.32.zarr
[21:50:39.075395] ### 3D-OV-CROP ###
[21:50:39.075409] Cropping (410, 683, 686, 1) images into (160, 160, 160, 1) with overlapping (axis order: ZYXC). . .
[21:50:39.075416] Minimum overlap selected: (0, 0, 0)
[21:50:39.075422] Padding: (0, 0, 0)
[21:50:39.075444] Real overlapping (%): (0.21875, 0.18125, 0.175)
[21:50:39.075452] Real overlapping (pixels): (35.0, 29.0, 28.0)
[21:50:39.075458] (3, 5, 5) patches per (z,y,x) axis
[21:50:39.075468] List of volume IDs to be processed by each GPU: [[0, 1, 2]]
[21:50:39.075477] Positions of each volume in Z axis: {0: [0, 160], 1: [125, 285], 2: [250, 410]}
[21:50:39.075484] Rank 0: Total number of patches: 75 - (3, 5, 5) patches per (z,y,x) axis (per GPU)
[21:50:39.490440] Reading Zarr/H5 file: fisbe/biapy-channel-scale-zarr/train/label/R75E01-20181030_64_D1_cs0.36_0.36_0.35.zarr
[21:50:39.497370] ### 3D-OV-CROP ###
[21:50:39.497393] Cropping (401, 685, 685, 1) images into (160, 160, 160, 1) with overlapping (axis order: ZYXC). . .
[21:50:39.497400] Minimum overlap selected: (0, 0, 0)
[21:50:39.497407] Padding: (0, 0, 0)
[21:50:39.497424] Real overlapping (%): (0.24375, 0.175, 0.175)
[21:50:39.497431] Real overlapping (pixels): (39.0, 28.0, 28.0)
[21:50:39.497437] (3, 5, 5) patches per (z,y,x) axis
[21:50:39.497447] List of volume IDs to be processed by each GPU: [[0, 1, 2]]
[21:50:39.497455] Positions of each volume in Z axis: {0: [0, 160], 1: [121, 281], 2: [242, 401]}
[21:50:39.497462] Rank 0: Total number of patches: 75 - (3, 5, 5) patches per (z,y,x) axis (per GPU)
[21:50:39.905883] Reading Zarr/H5 file: fisbe/biapy-channel-scale-zarr/train/label/R75E01-20181030_64_D1_cs0.36_1.43_1.48.zarr
[21:50:39.910881] ### 3D-OV-CROP ###
[21:50:39.910898] Cropping (401, 685, 685, 1) images into (160, 160, 160, 1) with overlapping (axis order: ZYXC). . .
[21:50:39.910906] Minimum overlap selected: (0, 0, 0)
[21:50:39.910912] Padding: (0, 0, 0)
[21:50:39.910929] Real overlapping (%): (0.24375, 0.175, 0.175)
[21:50:39.910940] Real overlapping (pixels): (39.0, 28.0, 28.0)
[21:50:39.910947] (3, 5, 5) patches per (z,y,x) axis
[21:50:39.910957] List of volume IDs to be processed by each GPU: [[0, 1, 2]]
[21:50:39.910965] Positions of each volume in Z axis: {0: [0, 160], 1: [121, 281], 2: [242, 401]}
[21:50:39.910972] Rank 0: Total number of patches: 75 - (3, 5, 5) patches per (z,y,x) axis (per GPU)
[21:50:40.314229] Reading Zarr/H5 file: fisbe/biapy-channel-scale-zarr/train/label/R75E01-20181030_64_D1_cs1.44_0.37_1.48.zarr
[21:50:40.319727] ### 3D-OV-CROP ###
[21:50:40.319742] Cropping (401, 685, 685, 1) images into (160, 160, 160, 1) with overlapping (axis order: ZYXC). . .
[21:50:40.319750] Minimum overlap selected: (0, 0, 0)
[21:50:40.319756] Padding: (0, 0, 0)
[21:50:40.319772] Real overlapping (%): (0.24375, 0.175, 0.175)
[21:50:40.319780] Real overlapping (pixels): (39.0, 28.0, 28.0)
[21:50:40.319787] (3, 5, 5) patches per (z,y,x) axis
[21:50:40.319797] List of volume IDs to be processed by each GPU: [[0, 1, 2]]
[21:50:40.319805] Positions of each volume in Z axis: {0: [0, 160], 1: [121, 281], 2: [242, 401]}
[21:50:40.319812] Rank 0: Total number of patches: 75 - (3, 5, 5) patches per (z,y,x) axis (per GPU)
[21:50:40.734868] Reading Zarr/H5 file: fisbe/biapy-channel-scale-zarr/train/label/R75E01-20181030_64_D1_cs1.45_1.50_0.30.zarr
[21:50:40.740400] ### 3D-OV-CROP ###
[21:50:40.740416] Cropping (401, 685, 685, 1) images into (160, 160, 160, 1) with overlapping (axis order: ZYXC). . .
[21:50:40.740429] Minimum overlap selected: (0, 0, 0)
[21:50:40.740435] Padding: (0, 0, 0)
[21:50:40.740452] Real overlapping (%): (0.24375, 0.175, 0.175)
[21:50:40.740460] Real overlapping (pixels): (39.0, 28.0, 28.0)
[21:50:40.740466] (3, 5, 5) patches per (z,y,x) axis
[21:50:40.740477] List of volume IDs to be processed by each GPU: [[0, 1, 2]]
[21:50:40.740485] Positions of each volume in Z axis: {0: [0, 160], 1: [121, 281], 2: [242, 401]}
[21:50:40.740491] Rank 0: Total number of patches: 75 - (3, 5, 5) patches per (z,y,x) axis (per GPU)
[21:50:41.242153] Reading Zarr/H5 file: fisbe/biapy-channel-scale-zarr/train/label/VT008647-20171222_63_D1_cs0.35_0.37_0.26.zarr
[21:50:41.248155] ### 3D-OV-CROP ###
[21:50:41.248171] Cropping (417, 685, 685, 1) images into (160, 160, 160, 1) with overlapping (axis order: ZYXC). . .
[21:50:41.248179] Minimum overlap selected: (0, 0, 0)
[21:50:41.248185] Padding: (0, 0, 0)
[21:50:41.248202] Real overlapping (%): (0.19375, 0.175, 0.175)
[21:50:41.248209] Real overlapping (pixels): (31.0, 28.0, 28.0)
[21:50:41.248215] (3, 5, 5) patches per (z,y,x) axis
[21:50:41.248226] List of volume IDs to be processed by each GPU: [[0, 1, 2]]
[21:50:41.248236] Positions of each volume in Z axis: {0: [0, 160], 1: [129, 289], 2: [258, 417]}
[21:50:41.248243] Rank 0: Total number of patches: 75 - (3, 5, 5) patches per (z,y,x) axis (per GPU)
[21:50:42.002157] Reading Zarr/H5 file: fisbe/biapy-channel-scale-zarr/train/label/VT008647-20171222_63_D1_cs0.36_1.49_0.25.zarr
[21:50:42.008835] ### 3D-OV-CROP ###
[21:50:42.008850] Cropping (417, 685, 685, 1) images into (160, 160, 160, 1) with overlapping (axis order: ZYXC). . .
[21:50:42.008857] Minimum overlap selected: (0, 0, 0)
[21:50:42.008862] Padding: (0, 0, 0)
[21:50:42.008878] Real overlapping (%): (0.19375, 0.175, 0.175)
[21:50:42.008885] Real overlapping (pixels): (31.0, 28.0, 28.0)
[21:50:42.008891] (3, 5, 5) patches per (z,y,x) axis
[21:50:42.008901] List of volume IDs to be processed by each GPU: [[0, 1, 2]]
[21:50:42.008910] Positions of each volume in Z axis: {0: [0, 160], 1: [129, 289], 2: [258, 417]}
[21:50:42.008917] Rank 0: Total number of patches: 75 - (3, 5, 5) patches per (z,y,x) axis (per GPU)
[21:50:42.699265] Reading Zarr/H5 file: fisbe/biapy-channel-scale-zarr/train/label/VT008647-20171222_63_D1_cs0.37_0.36_1.49.zarr
[21:50:42.704036] ### 3D-OV-CROP ###
[21:50:42.704052] Cropping (417, 685, 685, 1) images into (160, 160, 160, 1) with overlapping (axis order: ZYXC). . .
[21:50:42.704060] Minimum overlap selected: (0, 0, 0)
[21:50:42.704067] Padding: (0, 0, 0)
[21:50:42.704083] Real overlapping (%): (0.19375, 0.175, 0.175)
[21:50:42.704091] Real overlapping (pixels): (31.0, 28.0, 28.0)
[21:50:42.704097] (3, 5, 5) patches per (z,y,x) axis
[21:50:42.704107] List of volume IDs to be processed by each GPU: [[0, 1, 2]]
[21:50:42.704116] Positions of each volume in Z axis: {0: [0, 160], 1: [129, 289], 2: [258, 417]}
[21:50:42.704123] Rank 0: Total number of patches: 75 - (3, 5, 5) patches per (z,y,x) axis (per GPU)
[21:50:43.393593] Reading Zarr/H5 file: fisbe/biapy-channel-scale-zarr/train/label/VT008647-20171222_63_D1_cs1.46_1.45_1.39.zarr
[21:50:43.400325] ### 3D-OV-CROP ###
[21:50:43.400339] Cropping (417, 685, 685, 1) images into (160, 160, 160, 1) with overlapping (axis order: ZYXC). . .
[21:50:43.400346] Minimum overlap selected: (0, 0, 0)
[21:50:43.400352] Padding: (0, 0, 0)
[21:50:43.400368] Real overlapping (%): (0.19375, 0.175, 0.175)
[21:50:43.400375] Real overlapping (pixels): (31.0, 28.0, 28.0)
[21:50:43.400380] (3, 5, 5) patches per (z,y,x) axis
[21:50:43.400390] List of volume IDs to be processed by each GPU: [[0, 1, 2]]
[21:50:43.400399] Positions of each volume in Z axis: {0: [0, 160], 1: [129, 289], 2: [258, 417]}
[21:50:43.400406] Rank 0: Total number of patches: 75 - (3, 5, 5) patches per (z,y,x) axis (per GPU)
[21:50:44.174220] Reading Zarr/H5 file: fisbe/biapy-channel-scale-zarr/train/label/VT008647-20171222_63_D2_cs0.37_1.40_1.43.zarr
[21:50:44.181850] ### 3D-OV-CROP ###
[21:50:44.181868] Cropping (412, 685, 685, 1) images into (160, 160, 160, 1) with overlapping (axis order: ZYXC). . .
[21:50:44.181875] Minimum overlap selected: (0, 0, 0)
[21:50:44.181881] Padding: (0, 0, 0)
[21:50:44.181899] Real overlapping (%): (0.2125, 0.175, 0.175)
[21:50:44.181907] Real overlapping (pixels): (34.0, 28.0, 28.0)
[21:50:44.181914] (3, 5, 5) patches per (z,y,x) axis
[21:50:44.181924] List of volume IDs to be processed by each GPU: [[0, 1, 2]]
[21:50:44.181933] Positions of each volume in Z axis: {0: [0, 160], 1: [126, 286], 2: [252, 412]}
[21:50:44.181940] Rank 0: Total number of patches: 75 - (3, 5, 5) patches per (z,y,x) axis (per GPU)
[21:50:44.756692] Reading Zarr/H5 file: fisbe/biapy-channel-scale-zarr/train/label/VT008647-20171222_63_D2_cs1.39_0.28_0.32.zarr
[21:50:44.762733] ### 3D-OV-CROP ###
[21:50:44.762748] Cropping (412, 685, 685, 1) images into (160, 160, 160, 1) with overlapping (axis order: ZYXC). . .
[21:50:44.762754] Minimum overlap selected: (0, 0, 0)
[21:50:44.762761] Padding: (0, 0, 0)
[21:50:44.762776] Real overlapping (%): (0.2125, 0.175, 0.175)
[21:50:44.762783] Real overlapping (pixels): (34.0, 28.0, 28.0)
[21:50:44.762790] (3, 5, 5) patches per (z,y,x) axis
[21:50:44.762800] List of volume IDs to be processed by each GPU: [[0, 1, 2]]
[21:50:44.762808] Positions of each volume in Z axis: {0: [0, 160], 1: [126, 286], 2: [252, 412]}
[21:50:44.762816] Rank 0: Total number of patches: 75 - (3, 5, 5) patches per (z,y,x) axis (per GPU)
[21:50:45.399004] Reading Zarr/H5 file: fisbe/biapy-channel-scale-zarr/train/label/VT008647-20171222_63_D2_cs1.39_1.42_1.41.zarr
[21:50:45.405493] ### 3D-OV-CROP ###
[21:50:45.405509] Cropping (412, 685, 685, 1) images into (160, 160, 160, 1) with overlapping (axis order: ZYXC). . .
[21:50:45.405516] Minimum overlap selected: (0, 0, 0)
[21:50:45.405522] Padding: (0, 0, 0)
[21:50:45.405539] Real overlapping (%): (0.2125, 0.175, 0.175)
[21:50:45.405546] Real overlapping (pixels): (34.0, 28.0, 28.0)
[21:50:45.405552] (3, 5, 5) patches per (z,y,x) axis
[21:50:45.405568] List of volume IDs to be processed by each GPU: [[0, 1, 2]]
[21:50:45.405576] Positions of each volume in Z axis: {0: [0, 160], 1: [126, 286], 2: [252, 412]}
[21:50:45.405583] Rank 0: Total number of patches: 75 - (3, 5, 5) patches per (z,y,x) axis (per GPU)
[21:50:46.050680] Reading Zarr/H5 file: fisbe/biapy-channel-scale-zarr/train/label/VT008647-20171222_63_D2_cs1.39_1.45_0.29.zarr
[21:50:46.058972] ### 3D-OV-CROP ###
[21:50:46.058987] Cropping (412, 685, 685, 1) images into (160, 160, 160, 1) with overlapping (axis order: ZYXC). . .
[21:50:46.058994] Minimum overlap selected: (0, 0, 0)
[21:50:46.059000] Padding: (0, 0, 0)
[21:50:46.059017] Real overlapping (%): (0.2125, 0.175, 0.175)
[21:50:46.059024] Real overlapping (pixels): (34.0, 28.0, 28.0)
[21:50:46.059030] (3, 5, 5) patches per (z,y,x) axis
[21:50:46.059040] List of volume IDs to be processed by each GPU: [[0, 1, 2]]
[21:50:46.059048] Positions of each volume in Z axis: {0: [0, 160], 1: [126, 286], 2: [252, 412]}
[21:50:46.059055] Rank 0: Total number of patches: 75 - (3, 5, 5) patches per (z,y,x) axis (per GPU)
[21:50:46.854182] Reading Zarr/H5 file: fisbe/biapy-channel-scale-zarr/train/label/VT008647-20171222_63_E1_cs0.28_0.31_0.36.zarr
[21:50:46.866869] ### 3D-OV-CROP ###
[21:50:46.866885] Cropping (416, 685, 685, 1) images into (160, 160, 160, 1) with overlapping (axis order: ZYXC). . .
[21:50:46.866892] Minimum overlap selected: (0, 0, 0)
[21:50:46.866898] Padding: (0, 0, 0)
[21:50:46.866916] Real overlapping (%): (0.2, 0.175, 0.175)
[21:50:46.866924] Real overlapping (pixels): (32.0, 28.0, 28.0)
[21:50:46.866930] (3, 5, 5) patches per (z,y,x) axis
[21:50:46.866941] List of volume IDs to be processed by each GPU: [[0, 1, 2]]
[21:50:46.866949] Positions of each volume in Z axis: {0: [0, 160], 1: [128, 288], 2: [256, 416]}
[21:50:46.866956] Rank 0: Total number of patches: 75 - (3, 5, 5) patches per (z,y,x) axis (per GPU)
[21:50:47.648263] Reading Zarr/H5 file: fisbe/biapy-channel-scale-zarr/train/label/VT008647-20171222_63_E1_cs0.31_1.50_1.42.zarr
[21:50:47.658473] ### 3D-OV-CROP ###
[21:50:47.658490] Cropping (416, 685, 685, 1) images into (160, 160, 160, 1) with overlapping (axis order: ZYXC). . .
[21:50:47.658498] Minimum overlap selected: (0, 0, 0)
[21:50:47.658505] Padding: (0, 0, 0)
[21:50:47.658522] Real overlapping (%): (0.2, 0.175, 0.175)
[21:50:47.658530] Real overlapping (pixels): (32.0, 28.0, 28.0)
[21:50:47.658537] (3, 5, 5) patches per (z,y,x) axis
[21:50:47.658547] List of volume IDs to be processed by each GPU: [[0, 1, 2]]
[21:50:47.658569] Positions of each volume in Z axis: {0: [0, 160], 1: [128, 288], 2: [256, 416]}
[21:50:47.658576] Rank 0: Total number of patches: 75 - (3, 5, 5) patches per (z,y,x) axis (per GPU)
[21:50:48.463219] Reading Zarr/H5 file: fisbe/biapy-channel-scale-zarr/train/label/VT008647-20171222_63_E1_cs0.36_0.33_1.47.zarr
[21:50:48.469524] ### 3D-OV-CROP ###
[21:50:48.469539] Cropping (416, 685, 685, 1) images into (160, 160, 160, 1) with overlapping (axis order: ZYXC). . .
[21:50:48.469546] Minimum overlap selected: (0, 0, 0)
[21:50:48.469552] Padding: (0, 0, 0)
[21:50:48.469573] Real overlapping (%): (0.2, 0.175, 0.175)
[21:50:48.469581] Real overlapping (pixels): (32.0, 28.0, 28.0)
[21:50:48.469587] (3, 5, 5) patches per (z,y,x) axis
[21:50:48.469598] List of volume IDs to be processed by each GPU: [[0, 1, 2]]
[21:50:48.469606] Positions of each volume in Z axis: {0: [0, 160], 1: [128, 288], 2: [256, 416]}
[21:50:48.469613] Rank 0: Total number of patches: 75 - (3, 5, 5) patches per (z,y,x) axis (per GPU)
[21:50:49.292789] Reading Zarr/H5 file: fisbe/biapy-channel-scale-zarr/train/label/VT008647-20171222_63_E1_cs1.39_1.43_0.25.zarr
[21:50:49.312137] ### 3D-OV-CROP ###
[21:50:49.312152] Cropping (416, 685, 685, 1) images into (160, 160, 160, 1) with overlapping (axis order: ZYXC). . .
[21:50:49.312160] Minimum overlap selected: (0, 0, 0)
[21:50:49.312166] Padding: (0, 0, 0)
[21:50:49.312183] Real overlapping (%): (0.2, 0.175, 0.175)
[21:50:49.312190] Real overlapping (pixels): (32.0, 28.0, 28.0)
[21:50:49.312197] (3, 5, 5) patches per (z,y,x) axis
[21:50:49.312207] List of volume IDs to be processed by each GPU: [[0, 1, 2]]
[21:50:49.312215] Positions of each volume in Z axis: {0: [0, 160], 1: [128, 288], 2: [256, 416]}
[21:50:49.312222] Rank 0: Total number of patches: 75 - (3, 5, 5) patches per (z,y,x) axis (per GPU)
[21:50:50.070682] Reading Zarr/H5 file: fisbe/biapy-channel-scale-zarr/train/label/VT019303-20171013_65_B6_cs0.25_1.42_1.42.zarr
[21:50:50.078209] ### 3D-OV-CROP ###
[21:50:50.078225] Cropping (362, 685, 686, 1) images into (160, 160, 160, 1) with overlapping (axis order: ZYXC). . .
[21:50:50.078232] Minimum overlap selected: (0, 0, 0)
[21:50:50.078238] Padding: (0, 0, 0)
[21:50:50.078254] Real overlapping (%): (0.36875, 0.175, 0.175)
[21:50:50.078262] Real overlapping (pixels): (59.0, 28.0, 28.0)
[21:50:50.078268] (3, 5, 5) patches per (z,y,x) axis
[21:50:50.078278] List of volume IDs to be processed by each GPU: [[0, 1, 2]]
[21:50:50.078286] Positions of each volume in Z axis: {0: [0, 160], 1: [101, 261], 2: [202, 362]}
[21:50:50.078292] Rank 0: Total number of patches: 75 - (3, 5, 5) patches per (z,y,x) axis (per GPU)
[21:50:50.582988] Reading Zarr/H5 file: fisbe/biapy-channel-scale-zarr/train/label/VT019303-20171013_65_B6_cs0.26_0.31_1.44.zarr
[21:50:50.589321] ### 3D-OV-CROP ###
[21:50:50.589337] Cropping (362, 685, 686, 1) images into (160, 160, 160, 1) with overlapping (axis order: ZYXC). . .
[21:50:50.589344] Minimum overlap selected: (0, 0, 0)
[21:50:50.589350] Padding: (0, 0, 0)
[21:50:50.589367] Real overlapping (%): (0.36875, 0.175, 0.175)
[21:50:50.589375] Real overlapping (pixels): (59.0, 28.0, 28.0)
[21:50:50.589381] (3, 5, 5) patches per (z,y,x) axis
[21:50:50.589391] List of volume IDs to be processed by each GPU: [[0, 1, 2]]
[21:50:50.589400] Positions of each volume in Z axis: {0: [0, 160], 1: [101, 261], 2: [202, 362]}
[21:50:50.589406] Rank 0: Total number of patches: 75 - (3, 5, 5) patches per (z,y,x) axis (per GPU)
[21:50:51.102438] Reading Zarr/H5 file: fisbe/biapy-channel-scale-zarr/train/label/VT019303-20171013_65_B6_cs1.40_0.32_0.30.zarr
[21:50:51.108975] ### 3D-OV-CROP ###
[21:50:51.108990] Cropping (362, 685, 686, 1) images into (160, 160, 160, 1) with overlapping (axis order: ZYXC). . .
[21:50:51.108997] Minimum overlap selected: (0, 0, 0)
[21:50:51.109004] Padding: (0, 0, 0)
[21:50:51.109021] Real overlapping (%): (0.36875, 0.175, 0.175)
[21:50:51.109030] Real overlapping (pixels): (59.0, 28.0, 28.0)
[21:50:51.109036] (3, 5, 5) patches per (z,y,x) axis
[21:50:51.109046] List of volume IDs to be processed by each GPU: [[0, 1, 2]]
[21:50:51.109054] Positions of each volume in Z axis: {0: [0, 160], 1: [101, 261], 2: [202, 362]}
[21:50:51.109061] Rank 0: Total number of patches: 75 - (3, 5, 5) patches per (z,y,x) axis (per GPU)
[21:50:51.587401] Reading Zarr/H5 file: fisbe/biapy-channel-scale-zarr/train/label/VT019303-20171013_65_B6_cs1.47_0.34_1.39.zarr
[21:50:51.594751] ### 3D-OV-CROP ###
[21:50:51.594768] Cropping (362, 685, 686, 1) images into (160, 160, 160, 1) with overlapping (axis order: ZYXC). . .
[21:50:51.594775] Minimum overlap selected: (0, 0, 0)
[21:50:51.594782] Padding: (0, 0, 0)
[21:50:51.594799] Real overlapping (%): (0.36875, 0.175, 0.175)
[21:50:51.594806] Real overlapping (pixels): (59.0, 28.0, 28.0)
[21:50:51.594812] (3, 5, 5) patches per (z,y,x) axis
[21:50:51.594822] List of volume IDs to be processed by each GPU: [[0, 1, 2]]
[21:50:51.594831] Positions of each volume in Z axis: {0: [0, 160], 1: [101, 261], 2: [202, 362]}
[21:50:51.594843] Rank 0: Total number of patches: 75 - (3, 5, 5) patches per (z,y,x) axis (per GPU)
[21:50:52.054145] Reading Zarr/H5 file: fisbe/biapy-channel-scale-zarr/train/label/VT019307-20171013_65_F1_cs0.31_1.38_1.48.zarr
[21:50:52.061127] ### 3D-OV-CROP ###
[21:50:52.061143] Cropping (408, 685, 686, 1) images into (160, 160, 160, 1) with overlapping (axis order: ZYXC). . .
[21:50:52.061150] Minimum overlap selected: (0, 0, 0)
[21:50:52.061157] Padding: (0, 0, 0)
[21:50:52.061173] Real overlapping (%): (0.225, 0.175, 0.175)
[21:50:52.061181] Real overlapping (pixels): (36.0, 28.0, 28.0)
[21:50:52.061188] (3, 5, 5) patches per (z,y,x) axis
[21:50:52.061198] List of volume IDs to be processed by each GPU: [[0, 1, 2]]
[21:50:52.061210] Positions of each volume in Z axis: {0: [0, 160], 1: [124, 284], 2: [248, 408]}
[21:50:52.061217] Rank 0: Total number of patches: 75 - (3, 5, 5) patches per (z,y,x) axis (per GPU)
[21:50:52.640730] Reading Zarr/H5 file: fisbe/biapy-channel-scale-zarr/train/label/VT019307-20171013_65_F1_cs0.37_0.37_1.49.zarr
[21:50:52.647185] ### 3D-OV-CROP ###
[21:50:52.647200] Cropping (408, 685, 686, 1) images into (160, 160, 160, 1) with overlapping (axis order: ZYXC). . .
[21:50:52.647207] Minimum overlap selected: (0, 0, 0)
[21:50:52.647213] Padding: (0, 0, 0)
[21:50:52.647229] Real overlapping (%): (0.225, 0.175, 0.175)
[21:50:52.647236] Real overlapping (pixels): (36.0, 28.0, 28.0)
[21:50:52.647243] (3, 5, 5) patches per (z,y,x) axis
[21:50:52.647253] List of volume IDs to be processed by each GPU: [[0, 1, 2]]
[21:50:52.647261] Positions of each volume in Z axis: {0: [0, 160], 1: [124, 284], 2: [248, 408]}
[21:50:52.647268] Rank 0: Total number of patches: 75 - (3, 5, 5) patches per (z,y,x) axis (per GPU)
[21:50:53.226151] Reading Zarr/H5 file: fisbe/biapy-channel-scale-zarr/train/label/VT019307-20171013_65_F1_cs1.41_0.35_0.30.zarr
[21:50:53.233756] ### 3D-OV-CROP ###
[21:50:53.233771] Cropping (408, 685, 686, 1) images into (160, 160, 160, 1) with overlapping (axis order: ZYXC). . .
[21:50:53.233779] Minimum overlap selected: (0, 0, 0)
[21:50:53.233786] Padding: (0, 0, 0)
[21:50:53.233803] Real overlapping (%): (0.225, 0.175, 0.175)
[21:50:53.233811] Real overlapping (pixels): (36.0, 28.0, 28.0)
[21:50:53.233818] (3, 5, 5) patches per (z,y,x) axis
[21:50:53.233828] List of volume IDs to be processed by each GPU: [[0, 1, 2]]
[21:50:53.233837] Positions of each volume in Z axis: {0: [0, 160], 1: [124, 284], 2: [248, 408]}
[21:50:53.233845] Rank 0: Total number of patches: 75 - (3, 5, 5) patches per (z,y,x) axis (per GPU)
[21:50:53.870424] Reading Zarr/H5 file: fisbe/biapy-channel-scale-zarr/train/label/VT019307-20171013_65_F1_cs1.43_1.41_1.42.zarr
[21:50:53.878307] ### 3D-OV-CROP ###
[21:50:53.878323] Cropping (408, 685, 686, 1) images into (160, 160, 160, 1) with overlapping (axis order: ZYXC). . .
[21:50:53.878330] Minimum overlap selected: (0, 0, 0)
[21:50:53.878336] Padding: (0, 0, 0)
[21:50:53.878352] Real overlapping (%): (0.225, 0.175, 0.175)
[21:50:53.878360] Real overlapping (pixels): (36.0, 28.0, 28.0)
[21:50:53.878366] (3, 5, 5) patches per (z,y,x) axis
[21:50:53.878376] List of volume IDs to be processed by each GPU: [[0, 1, 2]]
[21:50:53.878384] Positions of each volume in Z axis: {0: [0, 160], 1: [124, 284], 2: [248, 408]}
[21:50:53.878390] Rank 0: Total number of patches: 75 - (3, 5, 5) patches per (z,y,x) axis (per GPU)
[21:50:54.690238] Reading Zarr/H5 file: fisbe/biapy-channel-scale-zarr/train/label/VT033051-20171128_61_E2_cs0.29_0.36_0.31.zarr
[21:50:54.715083] ### 3D-OV-CROP ###
[21:50:54.715099] Cropping (345, 683, 686, 1) images into (160, 160, 160, 1) with overlapping (axis order: ZYXC). . .
[21:50:54.715106] Minimum overlap selected: (0, 0, 0)
[21:50:54.715113] Padding: (0, 0, 0)
[21:50:54.715130] Real overlapping (%): (0.41875, 0.18125, 0.175)
[21:50:54.715137] Real overlapping (pixels): (67.0, 29.0, 28.0)
[21:50:54.715143] (3, 5, 5) patches per (z,y,x) axis
[21:50:54.715154] List of volume IDs to be processed by each GPU: [[0, 1, 2]]
[21:50:54.715162] Positions of each volume in Z axis: {0: [0, 160], 1: [93, 253], 2: [186, 345]}
[21:50:54.715171] Rank 0: Total number of patches: 75 - (3, 5, 5) patches per (z,y,x) axis (per GPU)
[21:50:55.301935] Reading Zarr/H5 file: fisbe/biapy-channel-scale-zarr/train/label/VT033051-20171128_61_E2_cs0.30_0.31_1.49.zarr
[21:50:55.307651] ### 3D-OV-CROP ###
[21:50:55.307669] Cropping (345, 683, 686, 1) images into (160, 160, 160, 1) with overlapping (axis order: ZYXC). . .
[21:50:55.307676] Minimum overlap selected: (0, 0, 0)
[21:50:55.307683] Padding: (0, 0, 0)
[21:50:55.307701] Real overlapping (%): (0.41875, 0.18125, 0.175)
[21:50:55.307709] Real overlapping (pixels): (67.0, 29.0, 28.0)
[21:50:55.307715] (3, 5, 5) patches per (z,y,x) axis
[21:50:55.307727] List of volume IDs to be processed by each GPU: [[0, 1, 2]]
[21:50:55.307735] Positions of each volume in Z axis: {0: [0, 160], 1: [93, 253], 2: [186, 345]}
[21:50:55.307742] Rank 0: Total number of patches: 75 - (3, 5, 5) patches per (z,y,x) axis (per GPU)
[21:50:55.867563] Reading Zarr/H5 file: fisbe/biapy-channel-scale-zarr/train/label/VT033051-20171128_61_E2_cs1.44_1.38_1.47.zarr
[21:50:55.873469] ### 3D-OV-CROP ###
[21:50:55.873485] Cropping (345, 683, 686, 1) images into (160, 160, 160, 1) with overlapping (axis order: ZYXC). . .
[21:50:55.873492] Minimum overlap selected: (0, 0, 0)
[21:50:55.873498] Padding: (0, 0, 0)
[21:50:55.873515] Real overlapping (%): (0.41875, 0.18125, 0.175)
[21:50:55.873523] Real overlapping (pixels): (67.0, 29.0, 28.0)
[21:50:55.873530] (3, 5, 5) patches per (z,y,x) axis
[21:50:55.873540] List of volume IDs to be processed by each GPU: [[0, 1, 2]]
[21:50:55.873549] Positions of each volume in Z axis: {0: [0, 160], 1: [93, 253], 2: [186, 345]}
[21:50:55.873562] Rank 0: Total number of patches: 75 - (3, 5, 5) patches per (z,y,x) axis (per GPU)
[21:50:56.529656] Reading Zarr/H5 file: fisbe/biapy-channel-scale-zarr/train/label/VT033051-20171128_61_E2_cs1.46_1.41_0.30.zarr
[21:50:56.537808] ### 3D-OV-CROP ###
[21:50:56.537825] Cropping (345, 683, 686, 1) images into (160, 160, 160, 1) with overlapping (axis order: ZYXC). . .
[21:50:56.537833] Minimum overlap selected: (0, 0, 0)
[21:50:56.537840] Padding: (0, 0, 0)
[21:50:56.537858] Real overlapping (%): (0.41875, 0.18125, 0.175)
[21:50:56.537866] Real overlapping (pixels): (67.0, 29.0, 28.0)
[21:50:56.537872] (3, 5, 5) patches per (z,y,x) axis
[21:50:56.537884] List of volume IDs to be processed by each GPU: [[0, 1, 2]]
[21:50:56.537893] Positions of each volume in Z axis: {0: [0, 160], 1: [93, 253], 2: [186, 345]}
[21:50:56.537904] Rank 0: Total number of patches: 75 - (3, 5, 5) patches per (z,y,x) axis (per GPU)
[21:50:57.152483] Reading Zarr/H5 file: fisbe/biapy-channel-scale-zarr/train/label/VT033051-20171128_61_E4_cs0.31_0.33_0.34.zarr
[21:50:57.158684] ### 3D-OV-CROP ###
[21:50:57.158701] Cropping (379, 683, 686, 1) images into (160, 160, 160, 1) with overlapping (axis order: ZYXC). . .
[21:50:57.158709] Minimum overlap selected: (0, 0, 0)
[21:50:57.158715] Padding: (0, 0, 0)
[21:50:57.158732] Real overlapping (%): (0.3125, 0.18125, 0.175)
[21:50:57.158740] Real overlapping (pixels): (50.0, 29.0, 28.0)
[21:50:57.158747] (3, 5, 5) patches per (z,y,x) axis
[21:50:57.158758] List of volume IDs to be processed by each GPU: [[0, 1, 2]]
[21:50:57.158766] Positions of each volume in Z axis: {0: [0, 160], 1: [110, 270], 2: [220, 379]}
[21:50:57.158773] Rank 0: Total number of patches: 75 - (3, 5, 5) patches per (z,y,x) axis (per GPU)
[21:50:57.667053] Reading Zarr/H5 file: fisbe/biapy-channel-scale-zarr/train/label/VT033051-20171128_61_E4_cs1.38_1.50_0.30.zarr
[21:50:57.674991] ### 3D-OV-CROP ###
[21:50:57.675007] Cropping (379, 683, 686, 1) images into (160, 160, 160, 1) with overlapping (axis order: ZYXC). . .
[21:50:57.675014] Minimum overlap selected: (0, 0, 0)
[21:50:57.675020] Padding: (0, 0, 0)
[21:50:57.675037] Real overlapping (%): (0.3125, 0.18125, 0.175)
[21:50:57.675044] Real overlapping (pixels): (50.0, 29.0, 28.0)
[21:50:57.675050] (3, 5, 5) patches per (z,y,x) axis
[21:50:57.675060] List of volume IDs to be processed by each GPU: [[0, 1, 2]]
[21:50:57.675073] Positions of each volume in Z axis: {0: [0, 160], 1: [110, 270], 2: [220, 379]}
[21:50:57.675080] Rank 0: Total number of patches: 75 - (3, 5, 5) patches per (z,y,x) axis (per GPU)
[21:50:58.134130] Reading Zarr/H5 file: fisbe/biapy-channel-scale-zarr/train/label/VT033051-20171128_61_E4_cs1.41_0.35_0.35.zarr
[21:50:58.139487] ### 3D-OV-CROP ###
[21:50:58.139501] Cropping (379, 683, 686, 1) images into (160, 160, 160, 1) with overlapping (axis order: ZYXC). . .
[21:50:58.139509] Minimum overlap selected: (0, 0, 0)
[21:50:58.139515] Padding: (0, 0, 0)
[21:50:58.139532] Real overlapping (%): (0.3125, 0.18125, 0.175)
[21:50:58.139540] Real overlapping (pixels): (50.0, 29.0, 28.0)
[21:50:58.139546] (3, 5, 5) patches per (z,y,x) axis
[21:50:58.139560] List of volume IDs to be processed by each GPU: [[0, 1, 2]]
[21:50:58.139568] Positions of each volume in Z axis: {0: [0, 160], 1: [110, 270], 2: [220, 379]}
[21:50:58.139575] Rank 0: Total number of patches: 75 - (3, 5, 5) patches per (z,y,x) axis (per GPU)
[21:50:58.605663] Reading Zarr/H5 file: fisbe/biapy-channel-scale-zarr/train/label/VT033051-20171128_61_E4_cs1.41_1.40_1.38.zarr
[21:50:58.610585] ### 3D-OV-CROP ###
[21:50:58.610601] Cropping (379, 683, 686, 1) images into (160, 160, 160, 1) with overlapping (axis order: ZYXC). . .
[21:50:58.610608] Minimum overlap selected: (0, 0, 0)
[21:50:58.610614] Padding: (0, 0, 0)
[21:50:58.610631] Real overlapping (%): (0.3125, 0.18125, 0.175)
[21:50:58.610643] Real overlapping (pixels): (50.0, 29.0, 28.0)
[21:50:58.610650] (3, 5, 5) patches per (z,y,x) axis
[21:50:58.610659] List of volume IDs to be processed by each GPU: [[0, 1, 2]]
[21:50:58.610667] Positions of each volume in Z axis: {0: [0, 160], 1: [110, 270], 2: [220, 379]}
[21:50:58.610674] Rank 0: Total number of patches: 75 - (3, 5, 5) patches per (z,y,x) axis (per GPU)
[21:50:59.051677] Reading Zarr/H5 file: fisbe/biapy-channel-scale-zarr/train/label/VT040433-20170919_63_D6_cs0.27_1.46_0.36.zarr
[21:50:59.057579] ### 3D-OV-CROP ###
[21:50:59.057595] Cropping (372, 683, 686, 1) images into (160, 160, 160, 1) with overlapping (axis order: ZYXC). . .
[21:50:59.057602] Minimum overlap selected: (0, 0, 0)
[21:50:59.057608] Padding: (0, 0, 0)
[21:50:59.057624] Real overlapping (%): (0.3375, 0.18125, 0.175)
[21:50:59.057632] Real overlapping (pixels): (54.0, 29.0, 28.0)
[21:50:59.057638] (3, 5, 5) patches per (z,y,x) axis
[21:50:59.057648] List of volume IDs to be processed by each GPU: [[0, 1, 2]]
[21:50:59.057656] Positions of each volume in Z axis: {0: [0, 160], 1: [106, 266], 2: [212, 372]}
[21:50:59.057664] Rank 0: Total number of patches: 75 - (3, 5, 5) patches per (z,y,x) axis (per GPU)
[21:50:59.884373] Reading Zarr/H5 file: fisbe/biapy-channel-scale-zarr/train/label/VT040433-20170919_63_D6_cs1.39_0.31_0.29.zarr
[21:50:59.891253] ### 3D-OV-CROP ###
[21:50:59.891268] Cropping (372, 683, 686, 1) images into (160, 160, 160, 1) with overlapping (axis order: ZYXC). . .
[21:50:59.891275] Minimum overlap selected: (0, 0, 0)
[21:50:59.891282] Padding: (0, 0, 0)
[21:50:59.891297] Real overlapping (%): (0.3375, 0.18125, 0.175)
[21:50:59.891305] Real overlapping (pixels): (54.0, 29.0, 28.0)
[21:50:59.891311] (3, 5, 5) patches per (z,y,x) axis
[21:50:59.891321] List of volume IDs to be processed by each GPU: [[0, 1, 2]]
[21:50:59.891330] Positions of each volume in Z axis: {0: [0, 160], 1: [106, 266], 2: [212, 372]}
[21:50:59.891337] Rank 0: Total number of patches: 75 - (3, 5, 5) patches per (z,y,x) axis (per GPU)
[21:51:00.915614] Reading Zarr/H5 file: fisbe/biapy-channel-scale-zarr/train/label/VT040433-20170919_63_D6_cs1.41_1.45_0.29.zarr
[21:51:00.923101] ### 3D-OV-CROP ###
[21:51:00.923117] Cropping (372, 683, 686, 1) images into (160, 160, 160, 1) with overlapping (axis order: ZYXC). . .
[21:51:00.923125] Minimum overlap selected: (0, 0, 0)
[21:51:00.923132] Padding: (0, 0, 0)
[21:51:00.923148] Real overlapping (%): (0.3375, 0.18125, 0.175)
[21:51:00.923156] Real overlapping (pixels): (54.0, 29.0, 28.0)
[21:51:00.923162] (3, 5, 5) patches per (z,y,x) axis
[21:51:00.923179] List of volume IDs to be processed by each GPU: [[0, 1, 2]]
[21:51:00.923188] Positions of each volume in Z axis: {0: [0, 160], 1: [106, 266], 2: [212, 372]}
[21:51:00.923195] Rank 0: Total number of patches: 75 - (3, 5, 5) patches per (z,y,x) axis (per GPU)
[21:51:01.697583] Reading Zarr/H5 file: fisbe/biapy-channel-scale-zarr/train/label/VT040433-20170919_63_D6_cs1.47_1.44_1.41.zarr
[21:51:01.706451] ### 3D-OV-CROP ###
[21:51:01.706468] Cropping (372, 683, 686, 1) images into (160, 160, 160, 1) with overlapping (axis order: ZYXC). . .
[21:51:01.706476] Minimum overlap selected: (0, 0, 0)
[21:51:01.706482] Padding: (0, 0, 0)
[21:51:01.706499] Real overlapping (%): (0.3375, 0.18125, 0.175)
[21:51:01.706506] Real overlapping (pixels): (54.0, 29.0, 28.0)
[21:51:01.706512] (3, 5, 5) patches per (z,y,x) axis
[21:51:01.706522] List of volume IDs to be processed by each GPU: [[0, 1, 2]]
[21:51:01.706530] Positions of each volume in Z axis: {0: [0, 160], 1: [106, 266], 2: [212, 372]}
[21:51:01.706537] Rank 0: Total number of patches: 75 - (3, 5, 5) patches per (z,y,x) axis (per GPU)
[21:51:02.504595] Reading Zarr/H5 file: fisbe/biapy-channel-scale-zarr/train/label/VT047848-20171020_66_I2_cs0.35_1.46_1.42.zarr
[21:51:02.512237] ### 3D-OV-CROP ###
[21:51:02.512254] Cropping (388, 889, 863, 1) images into (160, 160, 160, 1) with overlapping (axis order: ZYXC). . .
[21:51:02.512261] Minimum overlap selected: (0, 0, 0)
[21:51:02.512267] Padding: (0, 0, 0)
[21:51:02.512282] Real overlapping (%): (0.2875, 0.0875, 0.11875)
[21:51:02.512289] Real overlapping (pixels): (46.0, 14.0, 19.0)
[21:51:02.512295] (3, 6, 6) patches per (z,y,x) axis
[21:51:02.512305] List of volume IDs to be processed by each GPU: [[0, 1, 2]]
[21:51:02.512313] Positions of each volume in Z axis: {0: [0, 160], 1: [114, 274], 2: [228, 388]}
[21:51:02.512320] Rank 0: Total number of patches: 108 - (3, 6, 6) patches per (z,y,x) axis (per GPU)
[21:51:03.389922] Reading Zarr/H5 file: fisbe/biapy-channel-scale-zarr/train/label/VT047848-20171020_66_I2_cs1.38_0.33_0.36.zarr
[21:51:03.397483] ### 3D-OV-CROP ###
[21:51:03.397499] Cropping (388, 889, 863, 1) images into (160, 160, 160, 1) with overlapping (axis order: ZYXC). . .
[21:51:03.397506] Minimum overlap selected: (0, 0, 0)
[21:51:03.397512] Padding: (0, 0, 0)
[21:51:03.397528] Real overlapping (%): (0.2875, 0.0875, 0.11875)
[21:51:03.397535] Real overlapping (pixels): (46.0, 14.0, 19.0)
[21:51:03.397542] (3, 6, 6) patches per (z,y,x) axis
[21:51:03.397552] List of volume IDs to be processed by each GPU: [[0, 1, 2]]
[21:51:03.397564] Positions of each volume in Z axis: {0: [0, 160], 1: [114, 274], 2: [228, 388]}
[21:51:03.397571] Rank 0: Total number of patches: 108 - (3, 6, 6) patches per (z,y,x) axis (per GPU)
[21:51:04.349093] Reading Zarr/H5 file: fisbe/biapy-channel-scale-zarr/train/label/VT047848-20171020_66_I2_cs1.43_1.48_1.38.zarr
[21:51:04.354178] ### 3D-OV-CROP ###
[21:51:04.354195] Cropping (388, 889, 863, 1) images into (160, 160, 160, 1) with overlapping (axis order: ZYXC). . .
[21:51:04.354202] Minimum overlap selected: (0, 0, 0)
[21:51:04.354209] Padding: (0, 0, 0)
[21:51:04.354226] Real overlapping (%): (0.2875, 0.0875, 0.11875)
[21:51:04.354234] Real overlapping (pixels): (46.0, 14.0, 19.0)
[21:51:04.354240] (3, 6, 6) patches per (z,y,x) axis
[21:51:04.354250] List of volume IDs to be processed by each GPU: [[0, 1, 2]]
[21:51:04.354258] Positions of each volume in Z axis: {0: [0, 160], 1: [114, 274], 2: [228, 388]}
[21:51:04.354265] Rank 0: Total number of patches: 108 - (3, 6, 6) patches per (z,y,x) axis (per GPU)
[21:51:05.184728] Reading Zarr/H5 file: fisbe/biapy-channel-scale-zarr/train/label/VT047848-20171020_66_I2_cs1.48_0.29_1.48.zarr
[21:51:05.192036] ### 3D-OV-CROP ###
[21:51:05.192053] Cropping (388, 889, 863, 1) images into (160, 160, 160, 1) with overlapping (axis order: ZYXC). . .
[21:51:05.192061] Minimum overlap selected: (0, 0, 0)
[21:51:05.192067] Padding: (0, 0, 0)
[21:51:05.192083] Real overlapping (%): (0.2875, 0.0875, 0.11875)
[21:51:05.192101] Real overlapping (pixels): (46.0, 14.0, 19.0)
[21:51:05.192107] (3, 6, 6) patches per (z,y,x) axis
[21:51:05.192117] List of volume IDs to be processed by each GPU: [[0, 1, 2]]
[21:51:05.192125] Positions of each volume in Z axis: {0: [0, 160], 1: [114, 274], 2: [228, 388]}
[21:51:05.192132] Rank 0: Total number of patches: 108 - (3, 6, 6) patches per (z,y,x) axis (per GPU)
[21:51:06.047315] Reading Zarr/H5 file: fisbe/biapy-channel-scale-zarr/train/label/VT047848-20171020_66_I3_cs0.36_1.48_0.27.zarr
[21:51:06.053668] ### 3D-OV-CROP ###
[21:51:06.053685] Cropping (390, 1058, 907, 1) images into (160, 160, 160, 1) with overlapping (axis order: ZYXC). . .
[21:51:06.053693] Minimum overlap selected: (0, 0, 0)
[21:51:06.053699] Padding: (0, 0, 0)
[21:51:06.053716] Real overlapping (%): (0.28125, 0.0625, 0.0625)
[21:51:06.053724] Real overlapping (pixels): (45.0, 10.0, 10.0)
[21:51:06.053730] (3, 6, 7) patches per (z,y,x) axis
[21:51:06.053740] List of volume IDs to be processed by each GPU: [[0, 1, 2]]
[21:51:06.053748] Positions of each volume in Z axis: {0: [0, 160], 1: [115, 275], 2: [230, 390]}
[21:51:06.053755] Rank 0: Total number of patches: 126 - (3, 6, 7) patches per (z,y,x) axis (per GPU)
[21:51:07.298364] Reading Zarr/H5 file: fisbe/biapy-channel-scale-zarr/train/label/VT047848-20171020_66_I3_cs1.40_0.32_0.31.zarr
[21:51:07.306818] ### 3D-OV-CROP ###
[21:51:07.306834] Cropping (390, 1058, 907, 1) images into (160, 160, 160, 1) with overlapping (axis order: ZYXC). . .
[21:51:07.306842] Minimum overlap selected: (0, 0, 0)
[21:51:07.306848] Padding: (0, 0, 0)
[21:51:07.306866] Real overlapping (%): (0.28125, 0.0625, 0.0625)
[21:51:07.306873] Real overlapping (pixels): (45.0, 10.0, 10.0)
[21:51:07.306879] (3, 6, 7) patches per (z,y,x) axis
[21:51:07.306889] List of volume IDs to be processed by each GPU: [[0, 1, 2]]
[21:51:07.306896] Positions of each volume in Z axis: {0: [0, 160], 1: [115, 275], 2: [230, 390]}
[21:51:07.306903] Rank 0: Total number of patches: 126 - (3, 6, 7) patches per (z,y,x) axis (per GPU)
[21:51:08.378208] Reading Zarr/H5 file: fisbe/biapy-channel-scale-zarr/train/label/VT047848-20171020_66_I3_cs1.41_1.38_1.48.zarr
[21:51:08.388966] ### 3D-OV-CROP ###
[21:51:08.388983] Cropping (390, 1058, 907, 1) images into (160, 160, 160, 1) with overlapping (axis order: ZYXC). . .
[21:51:08.388991] Minimum overlap selected: (0, 0, 0)
[21:51:08.388997] Padding: (0, 0, 0)
[21:51:08.389015] Real overlapping (%): (0.28125, 0.0625, 0.0625)
[21:51:08.389023] Real overlapping (pixels): (45.0, 10.0, 10.0)
[21:51:08.389029] (3, 6, 7) patches per (z,y,x) axis
[21:51:08.389039] List of volume IDs to be processed by each GPU: [[0, 1, 2]]
[21:51:08.389046] Positions of each volume in Z axis: {0: [0, 160], 1: [115, 275], 2: [230, 390]}
[21:51:08.389053] Rank 0: Total number of patches: 126 - (3, 6, 7) patches per (z,y,x) axis (per GPU)
[21:51:09.365708] Reading Zarr/H5 file: fisbe/biapy-channel-scale-zarr/train/label/VT047848-20171020_66_I3_cs1.47_1.46_0.29.zarr
[21:51:09.372828] ### 3D-OV-CROP ###
[21:51:09.372843] Cropping (390, 1058, 907, 1) images into (160, 160, 160, 1) with overlapping (axis order: ZYXC). . .
[21:51:09.372851] Minimum overlap selected: (0, 0, 0)
[21:51:09.372857] Padding: (0, 0, 0)
[21:51:09.372874] Real overlapping (%): (0.28125, 0.0625, 0.0625)
[21:51:09.372882] Real overlapping (pixels): (45.0, 10.0, 10.0)
[21:51:09.372888] (3, 6, 7) patches per (z,y,x) axis
[21:51:09.372898] List of volume IDs to be processed by each GPU: [[0, 1, 2]]
[21:51:09.372906] Positions of each volume in Z axis: {0: [0, 160], 1: [115, 275], 2: [230, 390]}
[21:51:09.372913] Rank 0: Total number of patches: 126 - (3, 6, 7) patches per (z,y,x) axis (per GPU)
[21:51:10.367901] Reading Zarr/H5 file: fisbe/biapy-channel-scale-zarr/train/label/VT047848-20171020_66_I5_cs0.35_0.34_0.34.zarr
[21:51:10.375786] ### 3D-OV-CROP ###
[21:51:10.375802] Cropping (401, 982, 895, 1) images into (160, 160, 160, 1) with overlapping (axis order: ZYXC). . .
[21:51:10.375809] Minimum overlap selected: (0, 0, 0)
[21:51:10.375816] Padding: (0, 0, 0)
[21:51:10.375836] Real overlapping (%): (0.24375, 0.14375, 0.08125)
[21:51:10.375844] Real overlapping (pixels): (39.0, 23.0, 13.0)
[21:51:10.375850] (3, 6, 7) patches per (z,y,x) axis
[21:51:10.375861] List of volume IDs to be processed by each GPU: [[0, 1, 2]]
[21:51:10.375869] Positions of each volume in Z axis: {0: [0, 160], 1: [121, 281], 2: [242, 401]}
[21:51:10.375875] Rank 0: Total number of patches: 126 - (3, 6, 7) patches per (z,y,x) axis (per GPU)
[21:51:11.611861] Reading Zarr/H5 file: fisbe/biapy-channel-scale-zarr/train/label/VT047848-20171020_66_I5_cs0.36_1.43_1.42.zarr
[21:51:11.619089] ### 3D-OV-CROP ###
[21:51:11.619104] Cropping (401, 982, 895, 1) images into (160, 160, 160, 1) with overlapping (axis order: ZYXC). . .
[21:51:11.619112] Minimum overlap selected: (0, 0, 0)
[21:51:11.619118] Padding: (0, 0, 0)
[21:51:11.619136] Real overlapping (%): (0.24375, 0.14375, 0.08125)
[21:51:11.619144] Real overlapping (pixels): (39.0, 23.0, 13.0)
[21:51:11.619150] (3, 6, 7) patches per (z,y,x) axis
[21:51:11.619160] List of volume IDs to be processed by each GPU: [[0, 1, 2]]
[21:51:11.619169] Positions of each volume in Z axis: {0: [0, 160], 1: [121, 281], 2: [242, 401]}
[21:51:11.619176] Rank 0: Total number of patches: 126 - (3, 6, 7) patches per (z,y,x) axis (per GPU)
[21:51:12.865783] Reading Zarr/H5 file: fisbe/biapy-channel-scale-zarr/train/label/VT047848-20171020_66_I5_cs1.39_1.46_1.48.zarr
[21:51:12.872291] ### 3D-OV-CROP ###
[21:51:12.872308] Cropping (401, 982, 895, 1) images into (160, 160, 160, 1) with overlapping (axis order: ZYXC). . .
[21:51:12.872315] Minimum overlap selected: (0, 0, 0)
[21:51:12.872322] Padding: (0, 0, 0)
[21:51:12.872339] Real overlapping (%): (0.24375, 0.14375, 0.08125)
[21:51:12.872346] Real overlapping (pixels): (39.0, 23.0, 13.0)
[21:51:12.872352] (3, 6, 7) patches per (z,y,x) axis
[21:51:12.872363] List of volume IDs to be processed by each GPU: [[0, 1, 2]]
[21:51:12.872371] Positions of each volume in Z axis: {0: [0, 160], 1: [121, 281], 2: [242, 401]}
[21:51:12.872377] Rank 0: Total number of patches: 126 - (3, 6, 7) patches per (z,y,x) axis (per GPU)
[21:51:14.362995] Reading Zarr/H5 file: fisbe/biapy-channel-scale-zarr/train/label/VT047848-20171020_66_I5_cs1.47_0.35_0.25.zarr
[21:51:14.369204] ### 3D-OV-CROP ###
[21:51:14.369219] Cropping (401, 982, 895, 1) images into (160, 160, 160, 1) with overlapping (axis order: ZYXC). . .
[21:51:14.369226] Minimum overlap selected: (0, 0, 0)
[21:51:14.369233] Padding: (0, 0, 0)
[21:51:14.369250] Real overlapping (%): (0.24375, 0.14375, 0.08125)
[21:51:14.369258] Real overlapping (pixels): (39.0, 23.0, 13.0)
[21:51:14.369265] (3, 6, 7) patches per (z,y,x) axis
[21:51:14.369275] List of volume IDs to be processed by each GPU: [[0, 1, 2]]
[21:51:14.369283] Positions of each volume in Z axis: {0: [0, 160], 1: [121, 281], 2: [242, 401]}
[21:51:14.369290] Rank 0: Total number of patches: 126 - (3, 6, 7) patches per (z,y,x) axis (per GPU)
[21:51:15.630700] Reading Zarr/H5 file: fisbe/biapy-channel-scale-zarr/train/label/VT047848-20171020_66_J2_cs0.26_0.26_0.28.zarr
[21:51:15.639983] ### 3D-OV-CROP ###
[21:51:15.639999] Cropping (404, 934, 911, 1) images into (160, 160, 160, 1) with overlapping (axis order: ZYXC). . .
[21:51:15.640006] Minimum overlap selected: (0, 0, 0)
[21:51:15.640012] Padding: (0, 0, 0)
[21:51:15.640029] Real overlapping (%): (0.2375, 0.03125, 0.05625)
[21:51:15.640037] Real overlapping (pixels): (38.0, 5.0, 9.0)
[21:51:15.640043] (3, 6, 6) patches per (z,y,x) axis
[21:51:15.640053] List of volume IDs to be processed by each GPU: [[0, 1, 2]]
[21:51:15.640062] Positions of each volume in Z axis: {0: [0, 160], 1: [122, 282], 2: [244, 404]}
[21:51:15.640069] Rank 0: Total number of patches: 108 - (3, 6, 6) patches per (z,y,x) axis (per GPU)
[21:51:16.599592] Reading Zarr/H5 file: fisbe/biapy-channel-scale-zarr/train/label/VT047848-20171020_66_J2_cs0.33_1.47_0.35.zarr
[21:51:16.607259] ### 3D-OV-CROP ###
[21:51:16.607277] Cropping (404, 934, 911, 1) images into (160, 160, 160, 1) with overlapping (axis order: ZYXC). . .
[21:51:16.607291] Minimum overlap selected: (0, 0, 0)
[21:51:16.607297] Padding: (0, 0, 0)
[21:51:16.607314] Real overlapping (%): (0.2375, 0.03125, 0.05625)
[21:51:16.607322] Real overlapping (pixels): (38.0, 5.0, 9.0)
[21:51:16.607328] (3, 6, 6) patches per (z,y,x) axis
[21:51:16.607339] List of volume IDs to be processed by each GPU: [[0, 1, 2]]
[21:51:16.607347] Positions of each volume in Z axis: {0: [0, 160], 1: [122, 282], 2: [244, 404]}
[21:51:16.607354] Rank 0: Total number of patches: 108 - (3, 6, 6) patches per (z,y,x) axis (per GPU)
[21:51:17.521244] Reading Zarr/H5 file: fisbe/biapy-channel-scale-zarr/train/label/VT047848-20171020_66_J2_cs1.42_1.42_1.44.zarr
[21:51:17.528347] ### 3D-OV-CROP ###
[21:51:17.528362] Cropping (404, 934, 911, 1) images into (160, 160, 160, 1) with overlapping (axis order: ZYXC). . .
[21:51:17.528369] Minimum overlap selected: (0, 0, 0)
[21:51:17.528375] Padding: (0, 0, 0)
[21:51:17.528391] Real overlapping (%): (0.2375, 0.03125, 0.05625)
[21:51:17.528399] Real overlapping (pixels): (38.0, 5.0, 9.0)
[21:51:17.528406] (3, 6, 6) patches per (z,y,x) axis
[21:51:17.528416] List of volume IDs to be processed by each GPU: [[0, 1, 2]]
[21:51:17.528424] Positions of each volume in Z axis: {0: [0, 160], 1: [122, 282], 2: [244, 404]}
[21:51:17.528431] Rank 0: Total number of patches: 108 - (3, 6, 6) patches per (z,y,x) axis (per GPU)
[21:51:18.421532] Reading Zarr/H5 file: fisbe/biapy-channel-scale-zarr/train/label/VT047848-20171020_66_J2_cs1.48_1.49_0.35.zarr
[21:51:18.426575] ### 3D-OV-CROP ###
[21:51:18.426591] Cropping (404, 934, 911, 1) images into (160, 160, 160, 1) with overlapping (axis order: ZYXC). . .
[21:51:18.426598] Minimum overlap selected: (0, 0, 0)
[21:51:18.426605] Padding: (0, 0, 0)
[21:51:18.426622] Real overlapping (%): (0.2375, 0.03125, 0.05625)
[21:51:18.426630] Real overlapping (pixels): (38.0, 5.0, 9.0)
[21:51:18.426637] (3, 6, 6) patches per (z,y,x) axis
[21:51:18.426647] List of volume IDs to be processed by each GPU: [[0, 1, 2]]
[21:51:18.426656] Positions of each volume in Z axis: {0: [0, 160], 1: [122, 282], 2: [244, 404]}
[21:51:18.426663] Rank 0: Total number of patches: 108 - (3, 6, 6) patches per (z,y,x) axis (per GPU)
[21:51:19.298852] Reading Zarr/H5 file: fisbe/biapy-channel-scale-zarr/train/label/VT061467-20180911_62_E5_cs0.29_0.26_1.42.zarr
[21:51:19.305770] ### 3D-OV-CROP ###
[21:51:19.305786] Cropping (423, 687, 684, 1) images into (160, 160, 160, 1) with overlapping (axis order: ZYXC). . .
[21:51:19.305793] Minimum overlap selected: (0, 0, 0)
[21:51:19.305799] Padding: (0, 0, 0)
[21:51:19.305814] Real overlapping (%): (0.175, 0.175, 0.18125)
[21:51:19.305821] Real overlapping (pixels): (28.0, 28.0, 29.0)
[21:51:19.305827] (3, 5, 5) patches per (z,y,x) axis
[21:51:19.305837] List of volume IDs to be processed by each GPU: [[0, 1, 2]]
[21:51:19.305845] Positions of each volume in Z axis: {0: [0, 160], 1: [132, 292], 2: [264, 423]}
[21:51:19.305852] Rank 0: Total number of patches: 75 - (3, 5, 5) patches per (z,y,x) axis (per GPU)
[21:51:19.851471] Reading Zarr/H5 file: fisbe/biapy-channel-scale-zarr/train/label/VT061467-20180911_62_E5_cs0.32_0.32_0.37.zarr
[21:51:19.858928] ### 3D-OV-CROP ###
[21:51:19.858946] Cropping (423, 687, 684, 1) images into (160, 160, 160, 1) with overlapping (axis order: ZYXC). . .
[21:51:19.858958] Minimum overlap selected: (0, 0, 0)
[21:51:19.858965] Padding: (0, 0, 0)
[21:51:19.858982] Real overlapping (%): (0.175, 0.175, 0.18125)
[21:51:19.858989] Real overlapping (pixels): (28.0, 28.0, 29.0)
[21:51:19.858995] (3, 5, 5) patches per (z,y,x) axis
[21:51:19.859005] List of volume IDs to be processed by each GPU: [[0, 1, 2]]
[21:51:19.859013] Positions of each volume in Z axis: {0: [0, 160], 1: [132, 292], 2: [264, 423]}
[21:51:19.859020] Rank 0: Total number of patches: 75 - (3, 5, 5) patches per (z,y,x) axis (per GPU)
[21:51:20.431043] Reading Zarr/H5 file: fisbe/biapy-channel-scale-zarr/train/label/VT061467-20180911_62_E5_cs1.38_0.37_1.38.zarr
[21:51:20.440355] ### 3D-OV-CROP ###
[21:51:20.440372] Cropping (423, 687, 684, 1) images into (160, 160, 160, 1) with overlapping (axis order: ZYXC). . .
[21:51:20.440385] Minimum overlap selected: (0, 0, 0)
[21:51:20.440391] Padding: (0, 0, 0)
[21:51:20.440407] Real overlapping (%): (0.175, 0.175, 0.18125)
[21:51:20.440414] Real overlapping (pixels): (28.0, 28.0, 29.0)
[21:51:20.440421] (3, 5, 5) patches per (z,y,x) axis
[21:51:20.440430] List of volume IDs to be processed by each GPU: [[0, 1, 2]]
[21:51:20.440438] Positions of each volume in Z axis: {0: [0, 160], 1: [132, 292], 2: [264, 423]}
[21:51:20.440445] Rank 0: Total number of patches: 75 - (3, 5, 5) patches per (z,y,x) axis (per GPU)
[21:51:20.983467] Reading Zarr/H5 file: fisbe/biapy-channel-scale-zarr/train/label/VT061467-20180911_62_E5_cs1.49_0.26_0.31.zarr
[21:51:20.991019] ### 3D-OV-CROP ###
[21:51:20.991037] Cropping (423, 687, 684, 1) images into (160, 160, 160, 1) with overlapping (axis order: ZYXC). . .
[21:51:20.991044] Minimum overlap selected: (0, 0, 0)
[21:51:20.991051] Padding: (0, 0, 0)
[21:51:20.991067] Real overlapping (%): (0.175, 0.175, 0.18125)
[21:51:20.991075] Real overlapping (pixels): (28.0, 28.0, 29.0)
[21:51:20.991081] (3, 5, 5) patches per (z,y,x) axis
[21:51:20.991092] List of volume IDs to be processed by each GPU: [[0, 1, 2]]
[21:51:20.991100] Positions of each volume in Z axis: {0: [0, 160], 1: [132, 292], 2: [264, 423]}
[21:51:20.991107] Rank 0: Total number of patches: 75 - (3, 5, 5) patches per (z,y,x) axis (per GPU)
[21:51:21.517372] Creating Y_train channels . . .
[22:26:39.987235] You select to create ['F', 'Dc', 'Dn', 'P'] channels from given instance labels and no file is detected in fisbe/biapy-no-aug-zarr/val/label_F.erosion-0.dilation-0_Dc.type-skeleton.norm-True.mask_values-False_Dn.closing_size-3.norm-True.mask_values-False.decline_power-2_P.type-skeleton.dilation-2.erosion-0 . So let's prepare the data. This process will be done just once!
[22:26:39.990466] Working with Zarr files . . .
[22:26:39.990509] Reading Zarr/H5 file: fisbe/biapy-no-aug-zarr/val/label/R22C03-20180918_66_J2.zarr
[22:26:39.998364] ### 3D-OV-CROP ###
[22:26:39.998381] Cropping (399, 683, 686, 1) images into (160, 160, 160, 1) with overlapping (axis order: ZYXC). . .
[22:26:39.998392] Minimum overlap selected: (0, 0, 0)
[22:26:39.998400] Padding: (0, 0, 0)
[22:26:39.998423] Real overlapping (%): (0.25, 0.18125, 0.175)
[22:26:39.998431] Real overlapping (pixels): (40.0, 29.0, 28.0)
[22:26:39.998440] (3, 5, 5) patches per (z,y,x) axis
[22:26:39.998455] List of volume IDs to be processed by each GPU: [[0, 1, 2]]
[22:26:39.998466] Positions of each volume in Z axis: {0: [0, 160], 1: [120, 280], 2: [240, 399]}
[22:26:39.998475] Rank 0: Total number of patches: 75 - (3, 5, 5) patches per (z,y,x) axis (per GPU)
[22:26:40.443791] Reading Zarr/H5 file: fisbe/biapy-no-aug-zarr/val/label/VT012403-20171128_61_B2.zarr
[22:26:40.448931] ### 3D-OV-CROP ###
[22:26:40.448949] Cropping (369, 683, 686, 1) images into (160, 160, 160, 1) with overlapping (axis order: ZYXC). . .
[22:26:40.448959] Minimum overlap selected: (0, 0, 0)
[22:26:40.448967] Padding: (0, 0, 0)
[22:26:40.448988] Real overlapping (%): (0.34375, 0.18125, 0.175)
[22:26:40.448998] Real overlapping (pixels): (55.0, 29.0, 28.0)
[22:26:40.449007] (3, 5, 5) patches per (z,y,x) axis
[22:26:40.449019] List of volume IDs to be processed by each GPU: [[0, 1, 2]]
[22:26:40.449031] Positions of each volume in Z axis: {0: [0, 160], 1: [105, 265], 2: [210, 369]}
[22:26:40.449040] Rank 0: Total number of patches: 75 - (3, 5, 5) patches per (z,y,x) axis (per GPU)
[22:26:41.071522] Reading Zarr/H5 file: fisbe/biapy-no-aug-zarr/val/label/VT033614-20171124_64_H1.zarr
[22:26:41.077522] ### 3D-OV-CROP ###
[22:26:41.077542] Cropping (379, 685, 686, 1) images into (160, 160, 160, 1) with overlapping (axis order: ZYXC). . .
[22:26:41.077551] Minimum overlap selected: (0, 0, 0)
[22:26:41.077563] Padding: (0, 0, 0)
[22:26:41.077590] Real overlapping (%): (0.3125, 0.175, 0.175)
[22:26:41.077599] Real overlapping (pixels): (50.0, 28.0, 28.0)
[22:26:41.077607] (3, 5, 5) patches per (z,y,x) axis
[22:26:41.077622] List of volume IDs to be processed by each GPU: [[0, 1, 2]]
[22:26:41.077634] Positions of each volume in Z axis: {0: [0, 160], 1: [110, 270], 2: [220, 379]}
[22:26:41.077643] Rank 0: Total number of patches: 75 - (3, 5, 5) patches per (z,y,x) axis (per GPU)
[22:26:41.729595] Reading Zarr/H5 file: fisbe/biapy-no-aug-zarr/val/label/VT033614-20171124_64_H5.zarr
[22:26:41.735855] ### 3D-OV-CROP ###
[22:26:41.735873] Cropping (395, 685, 686, 1) images into (160, 160, 160, 1) with overlapping (axis order: ZYXC). . .
[22:26:41.735882] Minimum overlap selected: (0, 0, 0)
[22:26:41.735890] Padding: (0, 0, 0)
[22:26:41.735910] Real overlapping (%): (0.2625, 0.175, 0.175)
[22:26:41.735919] Real overlapping (pixels): (42.0, 28.0, 28.0)
[22:26:41.735927] (3, 5, 5) patches per (z,y,x) axis
[22:26:41.735940] List of volume IDs to be processed by each GPU: [[0, 1, 2]]
[22:26:41.735951] Positions of each volume in Z axis: {0: [0, 160], 1: [118, 278], 2: [236, 395]}
[22:26:41.735960] Rank 0: Total number of patches: 75 - (3, 5, 5) patches per (z,y,x) axis (per GPU)
[22:26:42.363230] Reading Zarr/H5 file: fisbe/biapy-no-aug-zarr/val/label/VT041298-20171114_63_C3.zarr
[22:26:42.374868] ### 3D-OV-CROP ###
[22:26:42.374885] Cropping (356, 687, 684, 1) images into (160, 160, 160, 1) with overlapping (axis order: ZYXC). . .
[22:26:42.374895] Minimum overlap selected: (0, 0, 0)
[22:26:42.374903] Padding: (0, 0, 0)
[22:26:42.374922] Real overlapping (%): (0.3875, 0.175, 0.18125)
[22:26:42.374931] Real overlapping (pixels): (62.0, 28.0, 29.0)
[22:26:42.374939] (3, 5, 5) patches per (z,y,x) axis
[22:26:42.374952] List of volume IDs to be processed by each GPU: [[0, 1, 2]]
[22:26:42.374963] Positions of each volume in Z axis: {0: [0, 160], 1: [98, 258], 2: [196, 356]}
[22:26:42.374971] Rank 0: Total number of patches: 75 - (3, 5, 5) patches per (z,y,x) axis (per GPU)
[22:26:43.174007] Creating Y_val channels . . .
[22:28:45.874618] You select to create ['F', 'Dc', 'Dn', 'P'] channels from given instance labels and no file is detected in fisbe/biapy-no-aug-zarr/test/label_F.erosion-0.dilation-0_Dc.type-skeleton.norm-True.mask_values-False_Dn.closing_size-3.norm-True.mask_values-False.decline_power-2_P.type-skeleton.dilation-2.erosion-0 . So let's prepare the data. This process will be done just once!
[22:28:45.877889] Working with Zarr files . . .
[22:28:45.877920] Reading Zarr/H5 file: fisbe/biapy-no-aug-zarr/test/label/JRC_SS04989-20160318_24_A2.zarr
[22:28:45.885571] ### 3D-OV-CROP ###
[22:28:45.885588] Cropping (390, 680, 680, 1) images into (160, 160, 160, 1) with overlapping (axis order: ZYXC). . .
[22:28:45.885598] Minimum overlap selected: (0, 0, 0)
[22:28:45.885606] Padding: (4, 16, 16)
[22:28:45.885629] Real overlapping (%): (0.21710526315789475, 0.1328125, 0.1328125)
[22:28:45.885639] Real overlapping (pixels): (33.0, 17.0, 17.0)
[22:28:45.885647] (3, 6, 6) patches per (z,y,x) axis
[22:28:45.885660] List of volume IDs to be processed by each GPU: [[0, 1, 2]]
[22:28:45.885670] Positions of each volume in Z axis: {0: [0, 152], 1: [119, 271], 2: [238, 390]}
[22:28:45.885678] Rank 0: Total number of patches: 108 - (3, 6, 6) patches per (z,y,x) axis (per GPU)
[22:28:46.860041] Reading Zarr/H5 file: fisbe/biapy-no-aug-zarr/test/label/R14A02-20180905_65_A6.zarr
[22:28:46.865069] ### 3D-OV-CROP ###
[22:28:46.865087] Cropping (385, 685, 686, 1) images into (160, 160, 160, 1) with overlapping (axis order: ZYXC). . .
[22:28:46.865098] Minimum overlap selected: (0, 0, 0)
[22:28:46.865106] Padding: (4, 16, 16)
[22:28:46.865135] Real overlapping (%): (0.23026315789473684, 0.125, 0.125)
[22:28:46.865145] Real overlapping (pixels): (35.0, 16.0, 16.0)
[22:28:46.865154] (3, 6, 6) patches per (z,y,x) axis
[22:28:46.865167] List of volume IDs to be processed by each GPU: [[0, 1, 2]]
[22:28:46.865176] Positions of each volume in Z axis: {0: [0, 152], 1: [117, 269], 2: [234, 385]}
[22:28:46.865185] Rank 0: Total number of patches: 108 - (3, 6, 6) patches per (z,y,x) axis (per GPU)
[22:28:47.863642] Reading Zarr/H5 file: fisbe/biapy-no-aug-zarr/test/label/R54A09-20181019_64_H1.zarr
[22:28:47.872974] ### 3D-OV-CROP ###
[22:28:47.872992] Cropping (430, 683, 686, 1) images into (160, 160, 160, 1) with overlapping (axis order: ZYXC). . .
[22:28:47.873001] Minimum overlap selected: (0, 0, 0)
[22:28:47.873009] Padding: (4, 16, 16)
[22:28:47.873030] Real overlapping (%): (0.08552631578947369, 0.1328125, 0.125)
[22:28:47.873040] Real overlapping (pixels): (13.0, 17.0, 16.0)
[22:28:47.873048] (3, 6, 6) patches per (z,y,x) axis
[22:28:47.873061] List of volume IDs to be processed by each GPU: [[0, 1, 2]]
[22:28:47.873071] Positions of each volume in Z axis: {0: [0, 152], 1: [139, 291], 2: [278, 430]}
[22:28:47.873079] Rank 0: Total number of patches: 108 - (3, 6, 6) patches per (z,y,x) axis (per GPU)
[22:28:48.632987] Reading Zarr/H5 file: fisbe/biapy-no-aug-zarr/test/label/VT011145-20171222_63_I1.zarr
[22:28:48.642982] ### 3D-OV-CROP ###
[22:28:48.643000] Cropping (417, 685, 685, 1) images into (160, 160, 160, 1) with overlapping (axis order: ZYXC). . .
[22:28:48.643010] Minimum overlap selected: (0, 0, 0)
[22:28:48.643018] Padding: (4, 16, 16)
[22:28:48.643038] Real overlapping (%): (0.125, 0.125, 0.125)
[22:28:48.643048] Real overlapping (pixels): (19.0, 16.0, 16.0)
[22:28:48.643056] (3, 6, 6) patches per (z,y,x) axis
[22:28:48.643069] List of volume IDs to be processed by each GPU: [[0, 1, 2]]
[22:28:48.643080] Positions of each volume in Z axis: {0: [0, 152], 1: [133, 285], 2: [266, 417]}
[22:28:48.643089] Rank 0: Total number of patches: 108 - (3, 6, 6) patches per (z,y,x) axis (per GPU)
[22:28:49.487228] Reading Zarr/H5 file: fisbe/biapy-no-aug-zarr/test/label/VT027175-20171031_62_H3.zarr
[22:28:49.494356] ### 3D-OV-CROP ###
[22:28:49.494374] Cropping (425, 687, 684, 1) images into (160, 160, 160, 1) with overlapping (axis order: ZYXC). . .
[22:28:49.494383] Minimum overlap selected: (0, 0, 0)
[22:28:49.494392] Padding: (4, 16, 16)
[22:28:49.494413] Real overlapping (%): (0.09868421052631579, 0.125, 0.125)
[22:28:49.494423] Real overlapping (pixels): (15.0, 16.0, 16.0)
[22:28:49.494432] (3, 6, 6) patches per (z,y,x) axis
[22:28:49.494445] List of volume IDs to be processed by each GPU: [[0, 1, 2]]
[22:28:49.494457] Positions of each volume in Z axis: {0: [0, 152], 1: [137, 289], 2: [274, 425]}
[22:28:49.494466] Rank 0: Total number of patches: 108 - (3, 6, 6) patches per (z,y,x) axis (per GPU)
[22:28:50.392607] Reading Zarr/H5 file: fisbe/biapy-no-aug-zarr/test/label/VT027175-20171031_62_H4.zarr
[22:28:50.404543] ### 3D-OV-CROP ###
[22:28:50.404568] Cropping (409, 687, 684, 1) images into (160, 160, 160, 1) with overlapping (axis order: ZYXC). . .
[22:28:50.404577] Minimum overlap selected: (0, 0, 0)
[22:28:50.404585] Padding: (4, 16, 16)
[22:28:50.404606] Real overlapping (%): (0.1513157894736842, 0.125, 0.125)
[22:28:50.404615] Real overlapping (pixels): (23.0, 16.0, 16.0)
[22:28:50.404623] (3, 6, 6) patches per (z,y,x) axis
[22:28:50.404636] List of volume IDs to be processed by each GPU: [[0, 1, 2]]
[22:28:50.404646] Positions of each volume in Z axis: {0: [0, 152], 1: [129, 281], 2: [258, 409]}
[22:28:50.404655] Rank 0: Total number of patches: 108 - (3, 6, 6) patches per (z,y,x) axis (per GPU)
[22:28:51.312659] Reading Zarr/H5 file: fisbe/biapy-no-aug-zarr/test/label/VT050157-20171110_61_C1.zarr
[22:28:51.319153] ### 3D-OV-CROP ###
[22:28:51.319173] Cropping (377, 683, 686, 1) images into (160, 160, 160, 1) with overlapping (axis order: ZYXC). . .
[22:28:51.319183] Minimum overlap selected: (0, 0, 0)
[22:28:51.319191] Padding: (4, 16, 16)
[22:28:51.319214] Real overlapping (%): (0.2565789473684211, 0.1328125, 0.125)
[22:28:51.319223] Real overlapping (pixels): (39.0, 17.0, 16.0)
[22:28:51.319231] (3, 6, 6) patches per (z,y,x) axis
[22:28:51.319244] List of volume IDs to be processed by each GPU: [[0, 1, 2]]
[22:28:51.319254] Positions of each volume in Z axis: {0: [0, 152], 1: [113, 265], 2: [226, 377]}
[22:28:51.319263] Rank 0: Total number of patches: 108 - (3, 6, 6) patches per (z,y,x) axis (per GPU)
[22:28:52.470053] Creating Y_test channels . . .
[22:31:43.891786] DATA.TRAIN.GT_PATH changed from fisbe/biapy-channel-scale-zarr/train/label to fisbe/biapy-channel-scale-zarr/train/label_F.erosion-0.dilation-0_Dc.type-skeleton.norm-True.mask_values-False_Dn.closing_size-3.norm-True.mask_values-False.decline_power-2_P.type-skeleton.dilation-2.erosion-0
[22:31:43.892131] DATA.VAL.GT_PATH changed from fisbe/biapy-no-aug-zarr/val/label to fisbe/biapy-no-aug-zarr/val/label_F.erosion-0.dilation-0_Dc.type-skeleton.norm-True.mask_values-False_Dn.closing_size-3.norm-True.mask_values-False.decline_power-2_P.type-skeleton.dilation-2.erosion-0
[22:31:43.892149] DATA.TEST.GT_PATH changed from fisbe/biapy-no-aug-zarr/test/label to fisbe/biapy-no-aug-zarr/test/label_F.erosion-0.dilation-0_Dc.type-skeleton.norm-True.mask_values-False_Dn.closing_size-3.norm-True.mask_values-False.decline_power-2_P.type-skeleton.dilation-2.erosion-0
