SBATCH Run: biapy-instance-scale-zarr-unetr.yaml, mode: train, job-name: biapy-instance-scale-zarr-unetr, run-id: 1
SLURM_CPUS_PER_TASK=16
running BiaPy/run_biapy-py.py
Patched BiaPy create_instance_channels: fid_mask=None (Zarr volume-switch UnboundLocalError)
Mode overrides (train): TRAIN.ENABLE=True, TEST.ENABLE=False, MODEL.LOAD_CHECKPOINT=False
CPU overrides: SYSTEM.NUM_CPUS=16, SYSTEM.NUM_WORKERS=16
Date     : 2026-08-19 11:37:41
Arguments: Namespace(config={'SYSTEM': {'NUM_CPUS': 16, 'NUM_WORKERS': -1}, 'PROBLEM': {'TYPE': 'INSTANCE_SEG', 'NDIM': '3D', 'INSTANCE_SEG': {'DATA_CHANNELS': ['F', 'Dc', 'Dn', 'P'], 'DATA_CHANNELS_EXTRA_OPTS': [{'P': {'type': 'skeleton', 'dilation': 2}, 'Dc': {'type': 'skeleton', 'mask_values': False}, 'Dn': {'mask_values': False, 'decline_power': 2}}], 'DATA_CHANNEL_WEIGHTS': '(1.0, 3.0, 3.0, 2.0)', 'WATERSHED': {'SEED_CHANNELS': ['P'], 'SEED_CHANNELS_THRESH': ['auto'], 'TOPOGRAPHIC_SURFACE_CHANNEL': 'F', 'GROWTH_MASK_CHANNELS': ['F'], 'GROWTH_MASK_CHANNELS_THRESH': ['auto'], 'DATA_CHECK_MW': True}}}, 'DATA': {'PATCH_SIZE': '(160, 160, 160, 3)', 'TRAIN': {'PATH': 'fisbe/biapy-instance-scale-zarr/train/raw', 'GT_PATH': 'fisbe/biapy-instance-scale-zarr/train/label', 'INPUT_IMG_AXES_ORDER': 'ZYXC', 'INPUT_MASK_AXES_ORDER': 'ZYXC', 'IN_MEMORY': False}, 'VAL': {'PATH': 'fisbe/biapy-no-aug-zarr/val/raw', 'GT_PATH': 'fisbe/biapy-no-aug-zarr/val/label', 'FROM_TRAIN': False, 'INPUT_IMG_AXES_ORDER': 'ZYXC', 'INPUT_MASK_AXES_ORDER': 'ZYXC', 'IN_MEMORY': False}, 'TEST': {'PATH': 'fisbe/biapy-no-aug-zarr/test/raw', 'GT_PATH': 'fisbe/biapy-no-aug-zarr/test/label', 'INPUT_IMG_AXES_ORDER': 'ZYXC', 'INPUT_MASK_AXES_ORDER': 'ZYXC', 'IN_MEMORY': False, 'LOAD_GT': True, 'PADDING': '(4,16,16)'}}, 'AUGMENTOR': {'ENABLE': False, 'RANDOM_ROT': False, 'VFLIP': False, 'HFLIP': False, 'ZFLIP': False}, 'MODEL': {'ARCHITECTURE': 'unetr', 'LOAD_CHECKPOINT': False}, 'TRAIN': {'ENABLE': True, 'OPTIMIZER': 'ADAMW', 'LR': 0.001, 'BATCH_SIZE': 7, 'EPOCHS': 60, 'PATIENCE': 10, 'LR_SCHEDULER': {'NAME': 'onecycle'}}, 'TEST': {'ENABLE': False, 'AUGMENTATION': False, 'FULL_IMG': False, 'BY_CHUNKS': {'ENABLE': True, 'FORMAT': 'zarr', 'SAVE_OUT_TIF': True, 'INPUT_IMG_AXES_ORDER': 'ZYXC', 'WORKFLOW_PROCESS': {'ENABLE': True, 'TYPE': 'entire_pred'}}, 'POST_PROCESSING': {'INSTANCE_REFINEMENT': {'ENABLE': True, 'OPERATIONS': ['remove_small_objects'], 'VALUES': [1000]}}}}, result_dir='metrics/biapy', name='biapy-instance-scale-zarr-unetr', run_id='1', gpu='0', world_size=1, local_rank=-1, dist_on_itp=False, dist_url='env://', dist_backend='nccl')
Job      : biapy-instance-scale-zarr-unetr_1
BiaPy    : 3.7.0
Python   : 3.11.15 | packaged by conda-forge | (main, Jun 11 2026, 03:34:02) [GCC 14.3.0]
PyTorch  : 2.12.1+cu130
The following changes were made in order to adapt the input configuration:
Not using distributed mode
[11:37:42.245959] **** Using GPU: 'cuda' for training
[11:37:42.368436] CPU budget(total)=16 | per_rank=16 | main_threads=4 | num_workers(per_rank)=8 | world_size=1
[11:37:42.409427] Configuration details:
[11:37:42.409458] AUGMENTOR:
  AFFINE_MODE: reflect
  AUG_NUM_SAMPLES: 10
  AUG_SAMPLES: True
  BRIGHTNESS: False
  BRIGHTNESS_FACTOR: (-0.1, 0.1)
  BRIGHTNESS_PROB: 0.5
  CBLUR_DOWN_RANGE: (2, 8)
  CBLUR_INSIDE: True
  CBLUR_SIZE: (0.2, 0.4)
  CHANNEL_SHUFFLE: False
  CHANNEL_SHUFFLE_PROB: 0.5
  CMIX_SIZE: (0.2, 0.4)
  CNOISE_NB_ITERATIONS: (1, 3)
  CNOISE_SCALE: (0.05, 0.1)
  CNOISE_SIZE: (0.2, 0.4)
  CONTRAST: False
  CONTRAST_FACTOR: (-0.1, 0.1)
  CONTRAST_PROB: 0.5
  COUT_APPLY_TO_MASK: False
  COUT_CVAL: 0.0
  COUT_NB_ITERATIONS: (1, 3)
  COUT_SIZE: (0.05, 0.3)
  CUTBLUR: False
  CUTBLUR_PROB: 0.5
  CUTMIX: False
  CUTMIX_PROB: 0.5
  CUTNOISE: False
  CUTNOISE_PROB: 0.5
  CUTOUT: False
  CUTOUT_PROB: 0.5
  DRAW_GRID: True
  DROPOUT: False
  DROPOUT_PROB: 0.5
  DROP_RANGE: (0, 0.2)
  ELASTIC: False
  ELASTIC_PROB: 0.5
  ENABLE: False
  E_ALPHA: (12, 16)
  E_MODE: constant
  E_SIGMA: 4
  GAMMA_CONTRAST: False
  GAMMA_CONTRAST_PROB: 0.5
  GAUSSIAN_NOISE: False
  GAUSSIAN_NOISE_MEAN: 0.0
  GAUSSIAN_NOISE_PROB: 0.5
  GAUSSIAN_NOISE_USE_INPUT_IMG_MEAN_AND_VAR: False
  GAUSSIAN_NOISE_VAR: 0.05
  GC_GAMMA: (1.25, 1.75)
  GRAYSCALE: False
  GRAYSCALE_PROB: 0.5
  GRIDMASK: False
  GRIDMASK_PROB: 0.5
  GRID_D_RANGE: (0.4, 1)
  GRID_INVERT: False
  GRID_RATIO: 0.6
  GRID_ROTATE: 1.0
  G_BLUR: False
  G_BLUR_PROB: 0.5
  G_SIGMA: (1.0, 2.0)
  HFLIP: False
  HFLIP_PROB: 0.5
  MB_KERNEL: (3, 7)
  MEDIAN_BLUR: False
  MEDIAN_BLUR_PROB: 0.5
  MISALIGNMENT: False
  MISALIGNMENT_PROB: 0.5
  MISSING_SECTIONS: False
  MISSING_SECTIONS_PROB: 0.5
  MISSP_CHANNEL_PB: 0.5
  MISSP_ITERATIONS: (10, 30)
  MOTB_K_RANGE: (8, 12)
  MOTION_BLUR: False
  MOTION_BLUR_PROB: 0.5
  MS_DISPLACEMENT: 16
  MS_ROTATE_RATIO: 0.5
  PEPPER: False
  PEPPER_AMOUNT: 0.05
  PEPPER_PROB: 0.5
  POISSON_NOISE: False
  POISSON_NOISE_PROB: 0.5
  RANDOM_ROT: False
  RANDOM_ROT_PROB: 0.5
  RANDOM_ROT_RANGE: (-180, 180)
  ROT90: False
  ROT90_PROB: 0.5
  SALT: False
  SALT_AMOUNT: 0.05
  SALT_AND_PEPPER: False
  SALT_AND_PEPPER_AMOUNT: 0.05
  SALT_AND_PEPPER_PROB: 0.5
  SALT_AND_PEPPER_PROP: 0.5
  SALT_PROB: 0.5
  SHEAR: False
  SHEAR_PROB: 0.5
  SHEAR_RANGE: (-20, 20)
  SHIFT: False
  SHIFT_PROB: 0.5
  SHIFT_RANGE: (0.1, 0.2)
  SHUFFLE_TRAIN_DATA_EACH_EPOCH: True
  SHUFFLE_VAL_DATA_EACH_EPOCH: False
  VFLIP: False
  VFLIP_PROB: 0.5
  ZFLIP: False
  ZFLIP_PROB: 0.5
  ZOOM: False
  ZOOM_IN_Z: False
  ZOOM_PROB: 0.5
  ZOOM_RANGE: (0.5, 1.5)
DATA:
  CHECK_GENERATORS: False
  FILTER_BY_IMAGE: False
  FORCE_RGB: False
  NORMALIZATION:
    PERC_CLIP:
      ENABLE: False
      LOWER_PERC: -1.0
      LOWER_VALUE: [-1.0]
      UPPER_PERC: -1.0
      UPPER_VALUE: [-1.0]
    TYPE: zero_mean_unit_variance
    ZERO_MEAN_UNIT_VAR:
      MEAN_VAL: [-1.0]
      STD_VAL: [-1.0]
  N_CLASSES: 2
  PATCH_SIZE: (160, 160, 160, 3)
  PREPROCESS:
    CANNY:
      ENABLE: False
      HIGH_THRESHOLD: None
      LOW_THRESHOLD: None
    CLAHE:
      CLIP_LIMIT: 0.01
      ENABLE: False
      KERNEL_SIZE: None
    GAUSSIAN_BLUR:
      CHANNEL_AXIS: None
      ENABLE: False
      MODE: nearest
      SIGMA: 1
    MATCH_HISTOGRAM:
      ENABLE: False
      REFERENCE_PATH: user_data/test/x
    MEDIAN_BLUR:
      ENABLE: False
      KERNEL_SIZE: (3, 3, 1)
    RESIZE:
      ANTI_ALIASING: False
      CLIP: True
      CVAL: 0.0
      ENABLE: False
      MODE: reflect
      ORDER: 1
      OUTPUT_SHAPE: (512, 512)
      PRESERVE_RANGE: True
    TEST: False
    TRAIN: False
    VAL: False
    ZOOM:
      ENABLE: False
      ZOOM_FACTOR: [1, 1, 1, 1, 1]
  REFLECT_TO_COMPLETE_SHAPE: True
  SAVE_FILTERED_IMAGES: False
  SAVE_FILTERED_IMAGES_NUM: 3
  TEST:
    BINARY_MASKS: fisbe/biapy-no-aug-zarr/test/raw/../bin_mask
    CHECK_DATA: True
    DETECTION_MASK_DIR: fisbe/biapy-no-aug-zarr/test/label_detection_masks_2
    FILTER_SAMPLES:
      ENABLE: False
      NORM_BEFORE: False
      PROPS: []
      SIGNS: []
      VALUES: []
    GT_PATH: fisbe/biapy-no-aug-zarr/test/label
    INPUT_IMG_AXES_ORDER: ZYXC
    INPUT_MASK_AXES_ORDER: ZYXC
    INPUT_ZARR_MULTIPLE_DATA: False
    INPUT_ZARR_MULTIPLE_DATA_GT_PATH: 
    INPUT_ZARR_MULTIPLE_DATA_ID_PATH: annotations.ids
    INPUT_ZARR_MULTIPLE_DATA_LOCATIONS_PATH: annotations.locations
    INPUT_ZARR_MULTIPLE_DATA_PARTNERS_PATH: annotations.presynaptic_site.partners
    INPUT_ZARR_MULTIPLE_DATA_RAW_PATH: 
    INPUT_ZARR_MULTIPLE_DATA_RESOLUTION_PATH: volumes.raw
    INSTANCE_CHANNELS_MASK_DIR: fisbe/biapy-no-aug-zarr/test/label_F.erosion-0.dilation-0_Dc.type-skeleton.norm-True.mask_values-False_Dn.closing_size-3.norm-True.mask_values-False.decline_power-2_P.type-skeleton.dilation-2.erosion-0
    IN_MEMORY: False
    LOAD_GT: True
    MEDIAN_PADDING: False
    OVERLAP: (0, 0, 0)
    PADDING: (4, 16, 16)
    PATH: fisbe/biapy-no-aug-zarr/test/raw
    RESOLUTION: (1, 1, 1)
    SSL_SOURCE_DIR: fisbe/biapy-no-aug-zarr/test/raw_ssl_source
    USE_VAL_AS_TEST: False
  TRAIN:
    CHECK_DATA: True
    DETECTION_MASK_DIR: fisbe/biapy-instance-scale-zarr/train/label_detection_masks_2
    EXTRACT_RANDOM_PATCH: False
    FILTER_SAMPLES:
      ENABLE: False
      NORM_BEFORE: False
      PROPS: []
      SIGNS: []
      VALUES: []
    GT_PATH: fisbe/biapy-instance-scale-zarr/train/label
    INPUT_IMG_AXES_ORDER: ZYXC
    INPUT_MASK_AXES_ORDER: ZYXC
    INPUT_ZARR_MULTIPLE_DATA: False
    INPUT_ZARR_MULTIPLE_DATA_GT_PATH: 
    INPUT_ZARR_MULTIPLE_DATA_ID_PATH: annotations.ids
    INPUT_ZARR_MULTIPLE_DATA_LOCATIONS_PATH: annotations.locations
    INPUT_ZARR_MULTIPLE_DATA_PARTNERS_PATH: annotations.presynaptic_site.partners
    INPUT_ZARR_MULTIPLE_DATA_RAW_PATH: 
    INPUT_ZARR_MULTIPLE_DATA_RESOLUTION_PATH: volumes.raw
    INSTANCE_CHANNELS_MASK_DIR: fisbe/biapy-instance-scale-zarr/train/label_F.erosion-0.dilation-0_Dc.type-skeleton.norm-True.mask_values-False_Dn.closing_size-3.norm-True.mask_values-False.decline_power-2_P.type-skeleton.dilation-2.erosion-0
    IN_MEMORY: False
    OVERLAP: (0, 0, 0)
    PADDING: (0, 0, 0)
    PATH: fisbe/biapy-instance-scale-zarr/train/raw
    PROBABILITY_MAP: False
    REPLICATE: 0
    RESOLUTION: (1, 1, 1)
    SSL_SOURCE_DIR: fisbe/biapy-instance-scale-zarr/train/raw_ssl_source
    W_BACKGROUND: 0.06
    W_FOREGROUND: 0.94
  VAL:
    CROSS_VAL: False
    CROSS_VAL_FOLD: 1
    CROSS_VAL_NFOLD: 5
    DETECTION_MASK_DIR: fisbe/biapy-no-aug-zarr/val/label_detection_masks_2
    DIST_EVAL: True
    FILTER_SAMPLES:
      ENABLE: False
      NORM_BEFORE: False
      PROPS: []
      SIGNS: []
      VALUES: []
    FROM_TRAIN: False
    GT_PATH: fisbe/biapy-no-aug-zarr/val/label
    INPUT_IMG_AXES_ORDER: ZYXC
    INPUT_MASK_AXES_ORDER: ZYXC
    INPUT_ZARR_MULTIPLE_DATA: False
    INPUT_ZARR_MULTIPLE_DATA_GT_PATH: 
    INPUT_ZARR_MULTIPLE_DATA_ID_PATH: annotations.ids
    INPUT_ZARR_MULTIPLE_DATA_LOCATIONS_PATH: annotations.locations
    INPUT_ZARR_MULTIPLE_DATA_PARTNERS_PATH: annotations.presynaptic_site.partners
    INPUT_ZARR_MULTIPLE_DATA_RAW_PATH: 
    INPUT_ZARR_MULTIPLE_DATA_RESOLUTION_PATH: volumes.raw
    INSTANCE_CHANNELS_MASK_DIR: fisbe/biapy-no-aug-zarr/val/label_F.erosion-0.dilation-0_Dc.type-skeleton.norm-True.mask_values-False_Dn.closing_size-3.norm-True.mask_values-False.decline_power-2_P.type-skeleton.dilation-2.erosion-0
    IN_MEMORY: False
    OVERLAP: (0, 0, 0)
    PADDING: (0, 0, 0)
    PATH: fisbe/biapy-no-aug-zarr/val/raw
    RANDOM: True
    RESOLUTION: (1, 1, 1)
    SPLIT_TRAIN: 0.1
    SSL_SOURCE_DIR: fisbe/biapy-no-aug-zarr/val/raw_ssl_source
LOG:
  CHART_CREATION_FREQ: 5
  LOG_DIR: metrics/biapy/biapy-instance-scale-zarr-unetr/logs
  LOG_FILE_PREFIX: biapy-instance-scale-zarr-unetr_1
  TENSORBOARD_LOG_DIR: metrics/biapy/biapy-instance-scale-zarr-unetr/results/biapy-instance-scale-zarr-unetr_1/tensorboard
LOSS:
  CLASS_REBALANCE: none
  CLASS_WEIGHTS: []
  CONTRAST:
    ENABLE: False
    MEMORY_SIZE: 5000
    PIXEL_UPD_FREQ: 10
    PROJ_DIM: 256
  CYCLEGAN:
    ALPHA_PERCEPTUAL: 0.0
    DELTA_MSE: 0.0
    GAMMA_SSIM: 1.0
    LAMBDA_GAN: 1.0
    LAMBDA_RECON: 10.0
  IGNORE_INDEX: -1
  TYPE: 
  WEIGHTS: [1.0, 1.0]
MODEL:
  ACTIVATION: elu
  ARCHITECTURE: unetr
  BMZ:
    EXPORT:
      AUTHORS: []
      CITE: []
      DATASET_INFO: [{}]
      DESCRIPTION: 
      DOCUMENTATION: 
      ENABLE: False
      LICENSE: CC-BY-4.0
      MODEL_NAME: 
      MODEL_VERSION: 0.1.0
      REUSE_BMZ_CONFIG: False
      TAGS: []
    SOURCE_MODEL_ID: 
  CONVNEXT_LAYER_SCALE: 1e-06
  CONVNEXT_SD_PROB: 0.1
  CONVNEXT_STEM_K_SIZE: 2
  CONV_BLOCK_ORDER: conv_norm_act
  CONV_LAYERS: [2, 2, 2, 2, 2]
  DROPOUT_VALUES: [0.0]
  FEATURE_MAPS: [16, 32, 64, 128, 256]
  FREEZE_LAYERS_MATCHING: []
  HRNET:
    BLOCK_TYPE: BASIC
    HEAD_TYPE: FCN
    NUM_BLOCKS: [[4, 4], [4, 4, 4], [4, 4, 4, 4]]
    NUM_BRANCHES: [2, 3, 4]
    NUM_CHANNELS: [[18, 36], [18, 36, 72], [18, 36, 72, 144]]
    NUM_MODULES: [1, 4, 3]
    NUM_STAGES: 3
    VARIANT: W48
    YX_DOWN: [0, 0, 0]
    Z_DOWN: [0, 0, 0]
  ISOTROPY: [True, True, True, True, True]
  ITEMS_TO_LOAD_FROM_CHECKPOINT: ['weights', 'norm', 'model_arch']
  KERNEL_SIZE: 3
  LARGER_IO: False
  LOAD_CHECKPOINT: False
  LOAD_CHECKPOINT_EPOCH: best_on_val
  MAE_DEC_HIDDEN_SIZE: 512
  MAE_DEC_MLP_DIMS: 2048
  MAE_DEC_NUM_HEADS: 16
  MAE_DEC_NUM_LAYERS: 8
  MAE_MASK_RATIO: 0.5
  MAE_MASK_TYPE: grid
  NAFNET:
    ARCHITECTURE_D: patchgan
    DEC_BLK_NUMS: [2, 2, 2, 2]
    DW_EXPAND: 2
    ENC_BLK_NUMS: [2, 2, 4, 8]
    FFN_EXPAND: 2
    MIDDLE_BLK_NUM: 12
    PATCHGAN:
      BASE_FILTERS: 64
    WIDTH: 16
  NORMALIZATION: in
  OUT_CHECKPOINT_FORMAT: pth
  RCAN_CONV_FILTERS: 16
  RCAN_RCAB_BLOCK_NUM: 20
  RCAN_REDUCTION_RATIO: 16
  RCAN_RG_BLOCK_NUM: 10
  RCAN_UPSCALING_LAYER: True
  SAVE_CKPT_FREQ: -1
  SKIP_UNMATCHED_LAYERS: False
  SOURCE: biapy
  STUNET:
    PRETRAINED: False
    VARIANT: base
  TORCHVISION_MODEL_NAME: 
  UNETR_VIT_HIDD_MULT: -1
  UNETR_VIT_MODEL: custom
  UNETR_VIT_NUM_FILTERS: 16
  UNET_SR_UPSAMPLE_POSITION: pre
  UPSAMPLE_LAYER: convtranspose
  VIT_EMBED_DIM: 768
  VIT_MLP_RATIO: 4.0
  VIT_MODEL: custom
  VIT_NORM_EPS: 1e-06
  VIT_NUM_HEADS: 12
  VIT_NUM_LAYERS: 12
  VIT_PRETRAINED_WEIGHTS: 
  VIT_TOKEN_SIZE: 16
  YX_DOWN: [2, 2, 2, 2]
  Z_DOWN: [2, 2, 2, 2]
PATHS:
  BMZ_EXPORT_PATH: metrics/biapy/biapy-instance-scale-zarr-unetr/results/biapy-instance-scale-zarr-unetr_1/BMZ_files
  CHARTS: metrics/biapy/biapy-instance-scale-zarr-unetr/results/biapy-instance-scale-zarr-unetr_1/charts
  CHECKPOINT: metrics/biapy/biapy-instance-scale-zarr-unetr/checkpoints
  CHECKPOINT_FILE: 
  DA_SAMPLES: metrics/biapy/biapy-instance-scale-zarr-unetr/results/biapy-instance-scale-zarr-unetr_1/aug
  FIL_SAMPLES_DIR: metrics/biapy/biapy-instance-scale-zarr-unetr/results/biapy-instance-scale-zarr-unetr_1/filtering_information
  GEN_CHECKS: metrics/biapy/biapy-instance-scale-zarr-unetr/results/biapy-instance-scale-zarr-unetr_1/gen_check
  GEN_MASK_CHECKS: metrics/biapy/biapy-instance-scale-zarr-unetr/results/biapy-instance-scale-zarr-unetr_1/gen_mask_check
  MAE_OUT_DIR: metrics/biapy/biapy-instance-scale-zarr-unetr/results/biapy-instance-scale-zarr-unetr_1/MAE_checks
  PROB_MAP_DIR: metrics/biapy/biapy-instance-scale-zarr-unetr/prob_map
  PROB_MAP_FILENAME: prob_map.npy
  PROFILER: metrics/biapy/biapy-instance-scale-zarr-unetr/results/biapy-instance-scale-zarr-unetr_1/profiler
  RESULT_DIR:
    AS_3D_STACK: metrics/biapy/biapy-instance-scale-zarr-unetr/results/biapy-instance-scale-zarr-unetr_1/as_3d_stack
    AS_3D_STACK_BIN: metrics/biapy/biapy-instance-scale-zarr-unetr/results/biapy-instance-scale-zarr-unetr_1/as_3d_stack_binarized
    AS_3D_STACK_POST_PROCESSING: metrics/biapy/biapy-instance-scale-zarr-unetr/results/biapy-instance-scale-zarr-unetr_1/as_3d_stack_post_processing
    DET_ASSOC_POINTS: metrics/biapy/biapy-instance-scale-zarr-unetr/results/biapy-instance-scale-zarr-unetr_1/point_associations
    DET_LOCAL_MAX_COORDS_CHECK: metrics/biapy/biapy-instance-scale-zarr-unetr/results/biapy-instance-scale-zarr-unetr_1/per_image_local_max_check
    DET_LOCAL_MAX_COORDS_CHECK_POST_PROCESSING: metrics/biapy/biapy-instance-scale-zarr-unetr/results/biapy-instance-scale-zarr-unetr_1/per_image_local_max_check_post_processing
    FULL_IMAGE: metrics/biapy/biapy-instance-scale-zarr-unetr/results/biapy-instance-scale-zarr-unetr_1/full_image
    FULL_IMAGE_BIN: metrics/biapy/biapy-instance-scale-zarr-unetr/results/biapy-instance-scale-zarr-unetr_1/full_image_binarized
    FULL_IMAGE_INSTANCES: metrics/biapy/biapy-instance-scale-zarr-unetr/results/biapy-instance-scale-zarr-unetr_1/full_image_instances
    FULL_IMAGE_POST_PROCESSING: metrics/biapy/biapy-instance-scale-zarr-unetr/results/biapy-instance-scale-zarr-unetr_1/full_image_post_processing
    INST_ASSOC_POINTS: metrics/biapy/biapy-instance-scale-zarr-unetr/results/biapy-instance-scale-zarr-unetr_1/instance_associations
    PATH: metrics/biapy/biapy-instance-scale-zarr-unetr/results/biapy-instance-scale-zarr-unetr_1
    PER_IMAGE: metrics/biapy/biapy-instance-scale-zarr-unetr/results/biapy-instance-scale-zarr-unetr_1/per_image
    PER_IMAGE_BIN: metrics/biapy/biapy-instance-scale-zarr-unetr/results/biapy-instance-scale-zarr-unetr_1/per_image_binarized
    PER_IMAGE_INSTANCES: metrics/biapy/biapy-instance-scale-zarr-unetr/results/biapy-instance-scale-zarr-unetr_1/per_image_instances
    PER_IMAGE_POST_PROCESSING: metrics/biapy/biapy-instance-scale-zarr-unetr/results/biapy-instance-scale-zarr-unetr_1/per_image_post_processing
  TEST_FULL_GT_H5: fisbe/biapy-no-aug-zarr/test/label/h5
  TEST_INSTANCE_CHANNELS_CHECK: metrics/biapy/biapy-instance-scale-zarr-unetr/results/biapy-instance-scale-zarr-unetr_1/test_FDcDnP_instance_channels
  TRAIN_INSTANCE_CHANNELS_CHECK: metrics/biapy/biapy-instance-scale-zarr-unetr/results/biapy-instance-scale-zarr-unetr_1/train_FDcDnP_instance_channels
  VAL_INSTANCE_CHANNELS_CHECK: metrics/biapy/biapy-instance-scale-zarr-unetr/results/biapy-instance-scale-zarr-unetr_1/val_FDcDnP_instance_channels
  WATERSHED_DIR: metrics/biapy/biapy-instance-scale-zarr-unetr/results/biapy-instance-scale-zarr-unetr_1/watershed
PROBLEM:
  DENOISING:
    LOAD_GT_DATA: False
    N2V_MANIPULATOR: uniform_withCP
    N2V_NEIGHBORHOOD_RADIUS: 5
    N2V_PERC_PIX: 0.198
    N2V_STRUCTMASK: False
  DETECTION:
    CENTRAL_POINT_DILATION: [2]
    CHECK_POINTS_CREATED: True
    CLASS_REBALANCE_WITHIN_CHANNELS: True
    DATA_CHANNEL_WEIGHTS: (1, 1)
    DATA_CHECK_MW: False
    SEPARATED_DECODERS_DIVIDE_FEATURE_MAPS: False
    SEPARATED_DECODERS_PER_HEAD: False
  IMAGE_TO_IMAGE:
    CHANNELS_PER_HEAD_INFO: []
    MULTIPLE_RAW_ONE_TARGET_LOADER: False
    OUTPUT_CHANNELS: 1
    OUTPUT_CHANNEL_ACT: []
    SEPARATED_DECODERS_DIVIDE_FEATURE_MAPS: False
    SEPARATED_DECODERS_PER_HEAD: False
  INSTANCE_SEG:
    BORDER_EXTRA_WEIGHTS: 
    CELLPOSE:
      DIAMETER: 0.0
      DIAM_MEAN: 30.0
      FG_THRESH: 0.5
      FLOW_THRESHOLD: 0.4
      N_STEPS: 200
      SCALE_RANGE: 0.5
      TEST_DOUBLE_INFERENCE: True
    CHANNELS_PER_HEAD_INFO: []
    CLASS_REBALANCE_WITHIN_CHANNELS: True
    DATA_CHANNELS: ['F', 'Dc', 'Dn', 'P']
    DATA_CHANNELS_EXTRA_OPTS: [{'P': {'type': 'skeleton', 'dilation': 2, 'erosion': 0}, 'Dc': {'type': 'skeleton', 'norm': True, 'mask_values': False}, 'Dn': {'closing_size': 3, 'norm': True, 'mask_values': False, 'decline_power': 2}, 'F': {'erosion': 0, 'dilation': 0}}]
    DATA_CHANNELS_LOSSES: ['bce', 'l1', 'l1', 'bce']
    DATA_CHANNEL_WEIGHTS: (1.0, 3.0, 3.0, 2.0)
    EMBEDSEG:
      FG_THRESH: 0.5
      GRID_SIZE: -1
      MIN_MASK_SUM: 0
      MIN_UNCLUSTERED_SUM: 0
      SEED_THRESH: 0.9
    INSTANCE_CREATION_PROCESS: watershed
    OMNIPOSE:
      FLOW_THRESHOLD: 0.4
      MASK_THRESHOLD: 0.0
      NITER: 0
    SEPARATED_DECODERS_DIVIDE_FEATURE_MAPS: False
    SEPARATED_DECODERS_PER_HEAD: False
    STARDIST:
      GRID: []
      NMS_IOU_THRESH: 0.3
      PROB_THRESH: 0.4
    SYNAPSES:
      BLOB_LOG_MAX_SIGMA: 10
      BLOB_LOG_MIN_SIGMA: 5
      BLOB_LOG_NUM_SIGMA: 2
      EXCLUDE_BORDER: False
      MIN_TH_TO_BE_PEAK: 0.2
      PEAK_LOCAL_MAX_MIN_DISTANCE: 1
      POINT_CREATION_FUNCTION: peak_local_max
      REMOVE_CLOSE_POINTS_RADIUS_BY_MASK: False
      REMOVE_CLOSE_POST_POINTS_RADIUS: 0
      REMOVE_CLOSE_PRE_POINTS_RADIUS: 0
      TH_TYPE: auto
    TYPE: regular
    WATERSHED:
      BY_2D_SLICES: False
      DATA_CHECK_MW: True
      DATA_REMOVE_BEFORE_MW: False
      DATA_REMOVE_SMALL_OBJ_BEFORE: 10
      ERODE_AND_DILATE_GROWTH_MASK: False
      FORE_DILATION_RADIUS: 5
      FORE_EROSION_RADIUS: 5
      GROWTH_MASK_CHANNELS: ['F']
      GROWTH_MASK_CHANNELS_THRESH: ['auto']
      SEED_CHANNELS: ['P']
      SEED_CHANNELS_THRESH: ['auto']
      SEED_MORPH_RADIUS: []
      SEED_MORPH_SEQUENCE: []
      TOPOGRAPHIC_SURFACE_CHANNEL: F
  NDIM: 3D
  PRINT_OLD_KEY_CHANGES: True
  SELF_SUPERVISED:
    NOISE: 0.2
    PRETEXT_TASK: crappify
    RESIZING_FACTOR: 4
  SEMANTIC_SEG:
    IGNORE_CLASS_ID: 0
  SUPER_RESOLUTION:
    UPSCALING: (1, 1, 1)
  TYPE: INSTANCE_SEG
SYSTEM:
  DEVICE: cpu
  NUM_CPUS: 16
  NUM_GPUS: 1
  NUM_WORKERS: -1
  PIN_MEM: True
  SEED: 0
TEST:
  ANALIZE_2D_IMGS_AS_3D_STACK: False
  AUGMENTATION: False
  AUGMENTATION_GROUP: auto
  AUGMENTATION_MODE: mean
  BY_CHUNKS:
    ENABLE: True
    FLUSH_EACH: 100
    PHASES: ['prediction', 'instance_creation', 'instance_merging']
    SAVE_OUT_TIF: True
    WORKFLOW_PROCESS:
      ENABLE: True
      INSTANCE_SEG_HALO: -1
      INSTANCE_SEG_MERGE_IOU_TH: 0.3
      TYPE: entire_pred
    Z_END: -1
    Z_START: -1
  DET_BLOB_LOG_MAX_SIGMA: 10
  DET_BLOB_LOG_MIN_SIGMA: 5
  DET_BLOB_LOG_NUM_SIGMA: 2
  DET_EXCLUDE_BORDER: False
  DET_IGNORE_POINTS_OUTSIDE_BOX: []
  DET_MIN_TH_TO_BE_PEAK: 0.2
  DET_PEAK_LOCAL_MAX_MIN_DISTANCE: 1
  DET_POINT_CREATION_FUNCTION: peak_local_max
  DET_TH_TYPE: manual
  DET_TOLERANCE: 10
  ENABLE: False
  FULL_IMG: False
  MATCHING_STATS: True
  MATCHING_STATS_BY_IMAGE: True
  MATCHING_STATS_THS: [0.3, 0.5, 0.75]
  MATCHING_STATS_THS_COLORED_IMG: []
  METRICS: ['iou']
  METRICS_IN_CPU: False
  POST_PROCESSING:
    APPLY_MASK: False
    DET_WATERSHED: False
    DET_WATERSHED_DONUTS_CLASSES: [-1]
    DET_WATERSHED_DONUTS_NUCLEUS_DIAMETER: 30
    DET_WATERSHED_DONUTS_PATCH: [13, 120, 120]
    DET_WATERSHED_FIRST_DILATION: [-1, -1]
    INSTANCE_REFINEMENT:
      ENABLE: True
      OPERATIONS: ['remove_small_objects']
      VALUES: [1000]
    MEASURE_PROPERTIES:
      ENABLE: False
      EXTRA_PROPS: []
      REMOVE_BY_PROPERTIES:
        ENABLE: False
        PROPS: []
        SIGNS: []
        VALUES: []
    MEDIAN_FILTER: False
    MEDIAN_FILTER_AXIS: []
    MEDIAN_FILTER_SIZE: []
    REMOVE_CLOSE_POINTS: False
    REMOVE_CLOSE_POINTS_RADIUS: 0
    REPARE_LARGE_BLOBS_SIZE: -1
    VORONOI_ON_MASK: False
    VORONOI_TH: 0.0
  REDUCE_MEMORY: False
  REUSE_PREDICTIONS: False
  SAVE_MODEL_RAW_OUTPUT: True
  VERBOSE: True
TRAIN:
  BATCH_SIZE: 7
  CHECKPOINT_MONITOR: val_loss
  ENABLE: True
  EPOCHS: 60
  GRADIENT_CLIP_NORM: 0.0
  LR: [0.001]
  LR_SCHEDULER:
    MIN_LR: [-1.0]
    NAME: onecycle
    REDUCEONPLATEAU_FACTOR: 0.5
    REDUCEONPLATEAU_PATIENCE: -1
    WARMUP_COSINE_DECAY_EPOCHS: -1
  METRICS: ['iou']
  OPTIMIZER: ['ADAMW']
  OPT_BETAS: [[0.9, 0.999]]
  PATIENCE: 10
  VERBOSE: False
  W_DECAY: 0.02
[11:37:42.617889] *~~~~~~~~~~~~~~~~~~~~~~~~~~~~~~~~~~~~~~~~~~~~~~~~~~*
[11:37:42.617936] Initializing Instance_Segmentation_Workflow
[11:37:42.617942] *~~~~~~~~~~~~~~~~~~~~~~~~~~~~~~~~~~~~~~~~~~~~~~~~~~*

[11:37:42.987885] Creating normalization module . . .
[11:37:42.987947] Normalization module created with the following configuration:
[11:37:42.987956]   type: zero_mean_unit_variance
[11:37:42.987962]   target_type: mask
[11:37:42.987968]   out_dtype: float32
[11:37:42.987975]   norm_target: False
[11:37:42.987980]   percentile_clip: False
[11:37:42.987990]   per_lower_bound: -1.0
[11:37:42.987996]   per_upper_bound: -1.0
[11:37:42.988012]   lower_bound_val: [-1.0]
[11:37:42.988017]   upper_bound_val: [-1.0]
[11:37:42.988023]   mean: [-1.0]
[11:37:42.988029]   std: [-1.0]
[11:37:42.988055] ###########################
[11:37:42.988061] #  PREPARE INSTANCE DATA  #
[11:37:42.988066] ###########################
[11:37:42.988780] You select to create ['F', 'Dc', 'Dn', 'P'] channels from given instance labels and no file is detected in fisbe/biapy-instance-scale-zarr/train/label_F.erosion-0.dilation-0_Dc.type-skeleton.norm-True.mask_values-False_Dn.closing_size-3.norm-True.mask_values-False.decline_power-2_P.type-skeleton.dilation-2.erosion-0 . So let's prepare the data. This process will be done just once!
[11:37:42.994737] Working with Zarr files . . .
[11:37:42.994796] Reading Zarr/H5 file: fisbe/biapy-instance-scale-zarr/train/label/R38F04-20181005_63_G3_is01.38_0.34.zarr
[11:37:43.004294] ### 3D-OV-CROP ###
[11:37:43.004335] Cropping (431, 687, 684, 1) images into (160, 160, 160, 1) with overlapping (axis order: ZYXC). . .
[11:37:43.004345] Minimum overlap selected: (0, 0, 0)
[11:37:43.004351] Padding: (0, 0, 0)
[11:37:43.004378] Real overlapping (%): (0.15, 0.175, 0.18125)
[11:37:43.004387] Real overlapping (pixels): (24.0, 28.0, 29.0)
[11:37:43.004394] (3, 5, 5) patches per (z,y,x) axis
[11:37:43.004407] List of volume IDs to be processed by each GPU: [[0, 1, 2]]
[11:37:43.004417] Positions of each volume in Z axis: {0: [0, 160], 1: [136, 296], 2: [272, 431]}
[11:37:43.004424] Rank 0: Total number of patches: 75 - (3, 5, 5) patches per (z,y,x) axis (per GPU)
[11:37:43.634576] Reading Zarr/H5 file: fisbe/biapy-instance-scale-zarr/train/label/R38F04-20181005_63_G3_is10.36_1.43.zarr
[11:37:43.642048] ### 3D-OV-CROP ###
[11:37:43.642081] Cropping (431, 687, 684, 1) images into (160, 160, 160, 1) with overlapping (axis order: ZYXC). . .
[11:37:43.642089] Minimum overlap selected: (0, 0, 0)
[11:37:43.642096] Padding: (0, 0, 0)
[11:37:43.642118] Real overlapping (%): (0.15, 0.175, 0.18125)
[11:37:43.642126] Real overlapping (pixels): (24.0, 28.0, 29.0)
[11:37:43.642132] (3, 5, 5) patches per (z,y,x) axis
[11:37:43.642144] List of volume IDs to be processed by each GPU: [[0, 1, 2]]
[11:37:43.642152] Positions of each volume in Z axis: {0: [0, 160], 1: [136, 296], 2: [272, 431]}
[11:37:43.642159] Rank 0: Total number of patches: 75 - (3, 5, 5) patches per (z,y,x) axis (per GPU)
[11:37:44.220614] Reading Zarr/H5 file: fisbe/biapy-instance-scale-zarr/train/label/R38F04-20181005_63_G3_is20.30_0.26.zarr
[11:37:44.233640] ### 3D-OV-CROP ###
[11:37:44.233678] Cropping (431, 687, 684, 1) images into (160, 160, 160, 1) with overlapping (axis order: ZYXC). . .
[11:37:44.233686] Minimum overlap selected: (0, 0, 0)
[11:37:44.233692] Padding: (0, 0, 0)
[11:37:44.233710] Real overlapping (%): (0.15, 0.175, 0.18125)
[11:37:44.233718] Real overlapping (pixels): (24.0, 28.0, 29.0)
[11:37:44.233731] (3, 5, 5) patches per (z,y,x) axis
[11:37:44.233742] List of volume IDs to be processed by each GPU: [[0, 1, 2]]
[11:37:44.233750] Positions of each volume in Z axis: {0: [0, 160], 1: [136, 296], 2: [272, 431]}
[11:37:44.233757] Rank 0: Total number of patches: 75 - (3, 5, 5) patches per (z,y,x) axis (per GPU)
[11:37:44.857138] Reading Zarr/H5 file: fisbe/biapy-instance-scale-zarr/train/label/R38F04-20181005_63_G3_is31.44_1.48.zarr
[11:37:44.865816] ### 3D-OV-CROP ###
[11:37:44.865833] Cropping (431, 687, 684, 1) images into (160, 160, 160, 1) with overlapping (axis order: ZYXC). . .
[11:37:44.865840] Minimum overlap selected: (0, 0, 0)
[11:37:44.865847] Padding: (0, 0, 0)
[11:37:44.865864] Real overlapping (%): (0.15, 0.175, 0.18125)
[11:37:44.865872] Real overlapping (pixels): (24.0, 28.0, 29.0)
[11:37:44.865879] (3, 5, 5) patches per (z,y,x) axis
[11:37:44.865889] List of volume IDs to be processed by each GPU: [[0, 1, 2]]
[11:37:44.865896] Positions of each volume in Z axis: {0: [0, 160], 1: [136, 296], 2: [272, 431]}
[11:37:44.865903] Rank 0: Total number of patches: 75 - (3, 5, 5) patches per (z,y,x) axis (per GPU)
[11:37:45.467560] Reading Zarr/H5 file: fisbe/biapy-instance-scale-zarr/train/label/R38F04-20181005_63_G5_is01.46_0.26_1.44.zarr
[11:37:45.479388] ### 3D-OV-CROP ###
[11:37:45.479424] Cropping (421, 687, 684, 1) images into (160, 160, 160, 1) with overlapping (axis order: ZYXC). . .
[11:37:45.479431] Minimum overlap selected: (0, 0, 0)
[11:37:45.479437] Padding: (0, 0, 0)
[11:37:45.479455] Real overlapping (%): (0.18125, 0.175, 0.18125)
[11:37:45.479466] Real overlapping (pixels): (29.0, 28.0, 29.0)
[11:37:45.479472] (3, 5, 5) patches per (z,y,x) axis
[11:37:45.479482] List of volume IDs to be processed by each GPU: [[0, 1, 2]]
[11:37:45.479490] Positions of each volume in Z axis: {0: [0, 160], 1: [131, 291], 2: [262, 421]}
[11:37:45.479497] Rank 0: Total number of patches: 75 - (3, 5, 5) patches per (z,y,x) axis (per GPU)
[11:37:46.099929] Reading Zarr/H5 file: fisbe/biapy-instance-scale-zarr/train/label/R38F04-20181005_63_G5_is11.46_1.40_0.35.zarr
[11:37:46.107781] ### 3D-OV-CROP ###
[11:37:46.107821] Cropping (421, 687, 684, 1) images into (160, 160, 160, 1) with overlapping (axis order: ZYXC). . .
[11:37:46.107829] Minimum overlap selected: (0, 0, 0)
[11:37:46.107836] Padding: (0, 0, 0)
[11:37:46.107854] Real overlapping (%): (0.18125, 0.175, 0.18125)
[11:37:46.107862] Real overlapping (pixels): (29.0, 28.0, 29.0)
[11:37:46.107868] (3, 5, 5) patches per (z,y,x) axis
[11:37:46.107879] List of volume IDs to be processed by each GPU: [[0, 1, 2]]
[11:37:46.107887] Positions of each volume in Z axis: {0: [0, 160], 1: [131, 291], 2: [262, 421]}
[11:37:46.107894] Rank 0: Total number of patches: 75 - (3, 5, 5) patches per (z,y,x) axis (per GPU)
[11:37:46.967432] Reading Zarr/H5 file: fisbe/biapy-instance-scale-zarr/train/label/R38F04-20181005_63_G5_is20.28_0.27_0.33.zarr
[11:37:46.975628] ### 3D-OV-CROP ###
[11:37:46.975669] Cropping (421, 687, 684, 1) images into (160, 160, 160, 1) with overlapping (axis order: ZYXC). . .
[11:37:46.975677] Minimum overlap selected: (0, 0, 0)
[11:37:46.975683] Padding: (0, 0, 0)
[11:37:46.975701] Real overlapping (%): (0.18125, 0.175, 0.18125)
[11:37:46.975709] Real overlapping (pixels): (29.0, 28.0, 29.0)
[11:37:46.975715] (3, 5, 5) patches per (z,y,x) axis
[11:37:46.975731] List of volume IDs to be processed by each GPU: [[0, 1, 2]]
[11:37:46.975740] Positions of each volume in Z axis: {0: [0, 160], 1: [131, 291], 2: [262, 421]}
[11:37:46.975747] Rank 0: Total number of patches: 75 - (3, 5, 5) patches per (z,y,x) axis (per GPU)
[11:37:47.633657] Reading Zarr/H5 file: fisbe/biapy-instance-scale-zarr/train/label/R38F04-20181005_63_G5_is30.37_1.39_0.34.zarr
[11:37:47.641037] ### 3D-OV-CROP ###
[11:37:47.641070] Cropping (421, 687, 684, 1) images into (160, 160, 160, 1) with overlapping (axis order: ZYXC). . .
[11:37:47.641078] Minimum overlap selected: (0, 0, 0)
[11:37:47.641084] Padding: (0, 0, 0)
[11:37:47.641103] Real overlapping (%): (0.18125, 0.175, 0.18125)
[11:37:47.641111] Real overlapping (pixels): (29.0, 28.0, 29.0)
[11:37:47.641117] (3, 5, 5) patches per (z,y,x) axis
[11:37:47.641128] List of volume IDs to be processed by each GPU: [[0, 1, 2]]
[11:37:47.641136] Positions of each volume in Z axis: {0: [0, 160], 1: [131, 291], 2: [262, 421]}
[11:37:47.641143] Rank 0: Total number of patches: 75 - (3, 5, 5) patches per (z,y,x) axis (per GPU)
[11:37:48.253672] Reading Zarr/H5 file: fisbe/biapy-instance-scale-zarr/train/label/R38F04-20181005_63_H1_is00.26_0.29_0.32.zarr
[11:37:48.264999] ### 3D-OV-CROP ###
[11:37:48.265042] Cropping (399, 687, 684, 1) images into (160, 160, 160, 1) with overlapping (axis order: ZYXC). . .
[11:37:48.265050] Minimum overlap selected: (0, 0, 0)
[11:37:48.265056] Padding: (0, 0, 0)
[11:37:48.265075] Real overlapping (%): (0.25, 0.175, 0.18125)
[11:37:48.265083] Real overlapping (pixels): (40.0, 28.0, 29.0)
[11:37:48.265090] (3, 5, 5) patches per (z,y,x) axis
[11:37:48.265101] List of volume IDs to be processed by each GPU: [[0, 1, 2]]
[11:37:48.265109] Positions of each volume in Z axis: {0: [0, 160], 1: [120, 280], 2: [240, 399]}
[11:37:48.265116] Rank 0: Total number of patches: 75 - (3, 5, 5) patches per (z,y,x) axis (per GPU)
[11:37:49.251218] Reading Zarr/H5 file: fisbe/biapy-instance-scale-zarr/train/label/R38F04-20181005_63_H1_is10.29_0.32_1.47.zarr
[11:37:49.275810] ### 3D-OV-CROP ###
[11:37:49.275857] Cropping (399, 687, 684, 1) images into (160, 160, 160, 1) with overlapping (axis order: ZYXC). . .
[11:37:49.275865] Minimum overlap selected: (0, 0, 0)
[11:37:49.275871] Padding: (0, 0, 0)
[11:37:49.275891] Real overlapping (%): (0.25, 0.175, 0.18125)
[11:37:49.275899] Real overlapping (pixels): (40.0, 28.0, 29.0)
[11:37:49.275905] (3, 5, 5) patches per (z,y,x) axis
[11:37:49.275916] List of volume IDs to be processed by each GPU: [[0, 1, 2]]
[11:37:49.275924] Positions of each volume in Z axis: {0: [0, 160], 1: [120, 280], 2: [240, 399]}
[11:37:49.275931] Rank 0: Total number of patches: 75 - (3, 5, 5) patches per (z,y,x) axis (per GPU)
[11:37:50.284447] Reading Zarr/H5 file: fisbe/biapy-instance-scale-zarr/train/label/R38F04-20181005_63_H1_is21.44_1.40_0.26.zarr
[11:37:50.291982] ### 3D-OV-CROP ###
[11:37:50.292025] Cropping (399, 687, 684, 1) images into (160, 160, 160, 1) with overlapping (axis order: ZYXC). . .
[11:37:50.292034] Minimum overlap selected: (0, 0, 0)
[11:37:50.292040] Padding: (0, 0, 0)
[11:37:50.292063] Real overlapping (%): (0.25, 0.175, 0.18125)
[11:37:50.292071] Real overlapping (pixels): (40.0, 28.0, 29.0)
[11:37:50.292078] (3, 5, 5) patches per (z,y,x) axis
[11:37:50.292089] List of volume IDs to be processed by each GPU: [[0, 1, 2]]
[11:37:50.292098] Positions of each volume in Z axis: {0: [0, 160], 1: [120, 280], 2: [240, 399]}
[11:37:50.292105] Rank 0: Total number of patches: 75 - (3, 5, 5) patches per (z,y,x) axis (per GPU)
[11:37:51.303538] Reading Zarr/H5 file: fisbe/biapy-instance-scale-zarr/train/label/R38F04-20181005_63_H1_is30.36_1.43_0.31.zarr
[11:37:51.317363] ### 3D-OV-CROP ###
[11:37:51.317400] Cropping (399, 687, 684, 1) images into (160, 160, 160, 1) with overlapping (axis order: ZYXC). . .
[11:37:51.317408] Minimum overlap selected: (0, 0, 0)
[11:37:51.317414] Padding: (0, 0, 0)
[11:37:51.317433] Real overlapping (%): (0.25, 0.175, 0.18125)
[11:37:51.317441] Real overlapping (pixels): (40.0, 28.0, 29.0)
[11:37:51.317447] (3, 5, 5) patches per (z,y,x) axis
[11:37:51.317458] List of volume IDs to be processed by each GPU: [[0, 1, 2]]
[11:37:51.317466] Positions of each volume in Z axis: {0: [0, 160], 1: [120, 280], 2: [240, 399]}
[11:37:51.317473] Rank 0: Total number of patches: 75 - (3, 5, 5) patches per (z,y,x) axis (per GPU)
[11:37:52.422141] Reading Zarr/H5 file: fisbe/biapy-instance-scale-zarr/train/label/R53A10-20181019_64_A4_is01.38.zarr
[11:37:52.432975] ### 3D-OV-CROP ###
[11:37:52.433007] Cropping (410, 683, 686, 1) images into (160, 160, 160, 1) with overlapping (axis order: ZYXC). . .
[11:37:52.433014] Minimum overlap selected: (0, 0, 0)
[11:37:52.433020] Padding: (0, 0, 0)
[11:37:52.433039] Real overlapping (%): (0.21875, 0.18125, 0.175)
[11:37:52.433047] Real overlapping (pixels): (35.0, 29.0, 28.0)
[11:37:52.433053] (3, 5, 5) patches per (z,y,x) axis
[11:37:52.433063] List of volume IDs to be processed by each GPU: [[0, 1, 2]]
[11:37:52.433071] Positions of each volume in Z axis: {0: [0, 160], 1: [125, 285], 2: [250, 410]}
[11:37:52.433078] Rank 0: Total number of patches: 75 - (3, 5, 5) patches per (z,y,x) axis (per GPU)
[11:37:52.972436] Reading Zarr/H5 file: fisbe/biapy-instance-scale-zarr/train/label/R53A10-20181019_64_A4_is10.31.zarr
[11:37:52.985743] ### 3D-OV-CROP ###
[11:37:52.985787] Cropping (410, 683, 686, 1) images into (160, 160, 160, 1) with overlapping (axis order: ZYXC). . .
[11:37:52.985795] Minimum overlap selected: (0, 0, 0)
[11:37:52.985802] Padding: (0, 0, 0)
[11:37:52.985821] Real overlapping (%): (0.21875, 0.18125, 0.175)
[11:37:52.985829] Real overlapping (pixels): (35.0, 29.0, 28.0)
[11:37:52.985836] (3, 5, 5) patches per (z,y,x) axis
[11:37:52.985847] List of volume IDs to be processed by each GPU: [[0, 1, 2]]
[11:37:52.985855] Positions of each volume in Z axis: {0: [0, 160], 1: [125, 285], 2: [250, 410]}
[11:37:52.985862] Rank 0: Total number of patches: 75 - (3, 5, 5) patches per (z,y,x) axis (per GPU)
[11:37:53.460892] Reading Zarr/H5 file: fisbe/biapy-instance-scale-zarr/train/label/R75E01-20181030_64_D1_is01.45_0.35_0.32.zarr
[11:37:53.470141] ### 3D-OV-CROP ###
[11:37:53.470185] Cropping (401, 685, 685, 1) images into (160, 160, 160, 1) with overlapping (axis order: ZYXC). . .
[11:37:53.470193] Minimum overlap selected: (0, 0, 0)
[11:37:53.470199] Padding: (0, 0, 0)
[11:37:53.470218] Real overlapping (%): (0.24375, 0.175, 0.175)
[11:37:53.470226] Real overlapping (pixels): (39.0, 28.0, 28.0)
[11:37:53.470232] (3, 5, 5) patches per (z,y,x) axis
[11:37:53.470243] List of volume IDs to be processed by each GPU: [[0, 1, 2]]
[11:37:53.470251] Positions of each volume in Z axis: {0: [0, 160], 1: [121, 281], 2: [242, 401]}
[11:37:53.470265] Rank 0: Total number of patches: 75 - (3, 5, 5) patches per (z,y,x) axis (per GPU)
[11:37:53.966159] Reading Zarr/H5 file: fisbe/biapy-instance-scale-zarr/train/label/R75E01-20181030_64_D1_is10.27_1.42_1.42.zarr
[11:37:53.974056] ### 3D-OV-CROP ###
[11:37:53.974101] Cropping (401, 685, 685, 1) images into (160, 160, 160, 1) with overlapping (axis order: ZYXC). . .
[11:37:53.974109] Minimum overlap selected: (0, 0, 0)
[11:37:53.974116] Padding: (0, 0, 0)
[11:37:53.974136] Real overlapping (%): (0.24375, 0.175, 0.175)
[11:37:53.974144] Real overlapping (pixels): (39.0, 28.0, 28.0)
[11:37:53.974150] (3, 5, 5) patches per (z,y,x) axis
[11:37:53.974161] List of volume IDs to be processed by each GPU: [[0, 1, 2]]
[11:37:53.974169] Positions of each volume in Z axis: {0: [0, 160], 1: [121, 281], 2: [242, 401]}
[11:37:53.974176] Rank 0: Total number of patches: 75 - (3, 5, 5) patches per (z,y,x) axis (per GPU)
[11:37:54.503092] Reading Zarr/H5 file: fisbe/biapy-instance-scale-zarr/train/label/R75E01-20181030_64_D1_is20.33_0.32_0.34.zarr
[11:37:54.510626] ### 3D-OV-CROP ###
[11:37:54.510643] Cropping (401, 685, 685, 1) images into (160, 160, 160, 1) with overlapping (axis order: ZYXC). . .
[11:37:54.510650] Minimum overlap selected: (0, 0, 0)
[11:37:54.510657] Padding: (0, 0, 0)
[11:37:54.510673] Real overlapping (%): (0.24375, 0.175, 0.175)
[11:37:54.510682] Real overlapping (pixels): (39.0, 28.0, 28.0)
[11:37:54.510688] (3, 5, 5) patches per (z,y,x) axis
[11:37:54.510698] List of volume IDs to be processed by each GPU: [[0, 1, 2]]
[11:37:54.510706] Positions of each volume in Z axis: {0: [0, 160], 1: [121, 281], 2: [242, 401]}
[11:37:54.510713] Rank 0: Total number of patches: 75 - (3, 5, 5) patches per (z,y,x) axis (per GPU)
[11:37:55.025267] Reading Zarr/H5 file: fisbe/biapy-instance-scale-zarr/train/label/R75E01-20181030_64_D1_is31.49_0.27_1.43.zarr
[11:37:55.033239] ### 3D-OV-CROP ###
[11:37:55.033273] Cropping (401, 685, 685, 1) images into (160, 160, 160, 1) with overlapping (axis order: ZYXC). . .
[11:37:55.033280] Minimum overlap selected: (0, 0, 0)
[11:37:55.033286] Padding: (0, 0, 0)
[11:37:55.033304] Real overlapping (%): (0.24375, 0.175, 0.175)
[11:37:55.033318] Real overlapping (pixels): (39.0, 28.0, 28.0)
[11:37:55.033325] (3, 5, 5) patches per (z,y,x) axis
[11:37:55.033336] List of volume IDs to be processed by each GPU: [[0, 1, 2]]
[11:37:55.033344] Positions of each volume in Z axis: {0: [0, 160], 1: [121, 281], 2: [242, 401]}
[11:37:55.033351] Rank 0: Total number of patches: 75 - (3, 5, 5) patches per (z,y,x) axis (per GPU)
[11:37:55.561927] Reading Zarr/H5 file: fisbe/biapy-instance-scale-zarr/train/label/VT008647-20171222_63_D1_is01.44_1.44_0.27_1.38_0.36_0.29_1.44.zarr
[11:37:55.571135] ### 3D-OV-CROP ###
[11:37:55.571176] Cropping (417, 685, 685, 1) images into (160, 160, 160, 1) with overlapping (axis order: ZYXC). . .
[11:37:55.571193] Minimum overlap selected: (0, 0, 0)
[11:37:55.571199] Padding: (0, 0, 0)
[11:37:55.571219] Real overlapping (%): (0.19375, 0.175, 0.175)
[11:37:55.571227] Real overlapping (pixels): (31.0, 28.0, 28.0)
[11:37:55.571233] (3, 5, 5) patches per (z,y,x) axis
[11:37:55.571244] List of volume IDs to be processed by each GPU: [[0, 1, 2]]
[11:37:55.571251] Positions of each volume in Z axis: {0: [0, 160], 1: [129, 289], 2: [258, 417]}
[11:37:55.571258] Rank 0: Total number of patches: 75 - (3, 5, 5) patches per (z,y,x) axis (per GPU)
[11:37:56.414028] Reading Zarr/H5 file: fisbe/biapy-instance-scale-zarr/train/label/VT008647-20171222_63_D1_is11.43_1.48_0.26_0.31_0.36_0.26_1.40.zarr
[11:37:56.421284] ### 3D-OV-CROP ###
[11:37:56.421317] Cropping (417, 685, 685, 1) images into (160, 160, 160, 1) with overlapping (axis order: ZYXC). . .
[11:37:56.421325] Minimum overlap selected: (0, 0, 0)
[11:37:56.421331] Padding: (0, 0, 0)
[11:37:56.421349] Real overlapping (%): (0.19375, 0.175, 0.175)
[11:37:56.421357] Real overlapping (pixels): (31.0, 28.0, 28.0)
[11:37:56.421363] (3, 5, 5) patches per (z,y,x) axis
[11:37:56.421374] List of volume IDs to be processed by each GPU: [[0, 1, 2]]
[11:37:56.421382] Positions of each volume in Z axis: {0: [0, 160], 1: [129, 289], 2: [258, 417]}
[11:37:56.421389] Rank 0: Total number of patches: 75 - (3, 5, 5) patches per (z,y,x) axis (per GPU)
[11:37:57.307964] Reading Zarr/H5 file: fisbe/biapy-instance-scale-zarr/train/label/VT008647-20171222_63_D1_is20.32_0.34_0.26_0.33_1.49_0.30_0.37.zarr
[11:37:57.316598] ### 3D-OV-CROP ###
[11:37:57.316634] Cropping (417, 685, 685, 1) images into (160, 160, 160, 1) with overlapping (axis order: ZYXC). . .
[11:37:57.316642] Minimum overlap selected: (0, 0, 0)
[11:37:57.316648] Padding: (0, 0, 0)
[11:37:57.316665] Real overlapping (%): (0.19375, 0.175, 0.175)
[11:37:57.316673] Real overlapping (pixels): (31.0, 28.0, 28.0)
[11:37:57.316679] (3, 5, 5) patches per (z,y,x) axis
[11:37:57.316689] List of volume IDs to be processed by each GPU: [[0, 1, 2]]
[11:37:57.316698] Positions of each volume in Z axis: {0: [0, 160], 1: [129, 289], 2: [258, 417]}
[11:37:57.316712] Rank 0: Total number of patches: 75 - (3, 5, 5) patches per (z,y,x) axis (per GPU)
[11:37:58.154014] Reading Zarr/H5 file: fisbe/biapy-instance-scale-zarr/train/label/VT008647-20171222_63_D1_is30.34_1.49_0.28_1.39_0.29_1.40_1.45.zarr
[11:37:58.163876] ### 3D-OV-CROP ###
[11:37:58.163922] Cropping (417, 685, 685, 1) images into (160, 160, 160, 1) with overlapping (axis order: ZYXC). . .
[11:37:58.163932] Minimum overlap selected: (0, 0, 0)
[11:37:58.163938] Padding: (0, 0, 0)
[11:37:58.163956] Real overlapping (%): (0.19375, 0.175, 0.175)
[11:37:58.163970] Real overlapping (pixels): (31.0, 28.0, 28.0)
[11:37:58.163976] (3, 5, 5) patches per (z,y,x) axis
[11:37:58.163987] List of volume IDs to be processed by each GPU: [[0, 1, 2]]
[11:37:58.163995] Positions of each volume in Z axis: {0: [0, 160], 1: [129, 289], 2: [258, 417]}
[11:37:58.164002] Rank 0: Total number of patches: 75 - (3, 5, 5) patches per (z,y,x) axis (per GPU)
[11:37:59.028432] Reading Zarr/H5 file: fisbe/biapy-instance-scale-zarr/train/label/VT008647-20171222_63_D2_is01.49_0.32_1.39_0.36_1.44_1.39.zarr
[11:37:59.036503] ### 3D-OV-CROP ###
[11:37:59.036546] Cropping (412, 685, 685, 1) images into (160, 160, 160, 1) with overlapping (axis order: ZYXC). . .
[11:37:59.036554] Minimum overlap selected: (0, 0, 0)
[11:37:59.036561] Padding: (0, 0, 0)
[11:37:59.036579] Real overlapping (%): (0.2125, 0.175, 0.175)
[11:37:59.036588] Real overlapping (pixels): (34.0, 28.0, 28.0)
[11:37:59.036594] (3, 5, 5) patches per (z,y,x) axis
[11:37:59.036604] List of volume IDs to be processed by each GPU: [[0, 1, 2]]
[11:37:59.036612] Positions of each volume in Z axis: {0: [0, 160], 1: [126, 286], 2: [252, 412]}
[11:37:59.036619] Rank 0: Total number of patches: 75 - (3, 5, 5) patches per (z,y,x) axis (per GPU)
[11:37:59.782089] Reading Zarr/H5 file: fisbe/biapy-instance-scale-zarr/train/label/VT008647-20171222_63_D2_is10.36_0.26_1.47_0.26_1.49_1.42.zarr
[11:37:59.792701] ### 3D-OV-CROP ###
[11:37:59.792754] Cropping (412, 685, 685, 1) images into (160, 160, 160, 1) with overlapping (axis order: ZYXC). . .
[11:37:59.792762] Minimum overlap selected: (0, 0, 0)
[11:37:59.792768] Padding: (0, 0, 0)
[11:37:59.792787] Real overlapping (%): (0.2125, 0.175, 0.175)
[11:37:59.792796] Real overlapping (pixels): (34.0, 28.0, 28.0)
[11:37:59.792802] (3, 5, 5) patches per (z,y,x) axis
[11:37:59.792813] List of volume IDs to be processed by each GPU: [[0, 1, 2]]
[11:37:59.792821] Positions of each volume in Z axis: {0: [0, 160], 1: [126, 286], 2: [252, 412]}
[11:37:59.792828] Rank 0: Total number of patches: 75 - (3, 5, 5) patches per (z,y,x) axis (per GPU)
[11:38:00.541777] Reading Zarr/H5 file: fisbe/biapy-instance-scale-zarr/train/label/VT008647-20171222_63_D2_is20.36_0.37_1.49_1.48_1.45_1.46.zarr
[11:38:00.548584] ### 3D-OV-CROP ###
[11:38:00.548598] Cropping (412, 685, 685, 1) images into (160, 160, 160, 1) with overlapping (axis order: ZYXC). . .
[11:38:00.548605] Minimum overlap selected: (0, 0, 0)
[11:38:00.548611] Padding: (0, 0, 0)
[11:38:00.548626] Real overlapping (%): (0.2125, 0.175, 0.175)
[11:38:00.548633] Real overlapping (pixels): (34.0, 28.0, 28.0)
[11:38:00.548640] (3, 5, 5) patches per (z,y,x) axis
[11:38:00.548650] List of volume IDs to be processed by each GPU: [[0, 1, 2]]
[11:38:00.548658] Positions of each volume in Z axis: {0: [0, 160], 1: [126, 286], 2: [252, 412]}
[11:38:00.548665] Rank 0: Total number of patches: 75 - (3, 5, 5) patches per (z,y,x) axis (per GPU)
[11:38:01.320911] Reading Zarr/H5 file: fisbe/biapy-instance-scale-zarr/train/label/VT008647-20171222_63_D2_is31.39_1.49_0.36_0.35_0.35_0.37.zarr
[11:38:01.328253] ### 3D-OV-CROP ###
[11:38:01.328288] Cropping (412, 685, 685, 1) images into (160, 160, 160, 1) with overlapping (axis order: ZYXC). . .
[11:38:01.328296] Minimum overlap selected: (0, 0, 0)
[11:38:01.328302] Padding: (0, 0, 0)
[11:38:01.328320] Real overlapping (%): (0.2125, 0.175, 0.175)
[11:38:01.328328] Real overlapping (pixels): (34.0, 28.0, 28.0)
[11:38:01.328341] (3, 5, 5) patches per (z,y,x) axis
[11:38:01.328353] List of volume IDs to be processed by each GPU: [[0, 1, 2]]
[11:38:01.328361] Positions of each volume in Z axis: {0: [0, 160], 1: [126, 286], 2: [252, 412]}
[11:38:01.328368] Rank 0: Total number of patches: 75 - (3, 5, 5) patches per (z,y,x) axis (per GPU)
[11:38:02.082575] Reading Zarr/H5 file: fisbe/biapy-instance-scale-zarr/train/label/VT008647-20171222_63_E1_is00.25_1.43_0.26_0.27_1.44_1.48_1.38_1.39.zarr
[11:38:02.093718] ### 3D-OV-CROP ###
[11:38:02.093769] Cropping (416, 685, 685, 1) images into (160, 160, 160, 1) with overlapping (axis order: ZYXC). . .
[11:38:02.093777] Minimum overlap selected: (0, 0, 0)
[11:38:02.093783] Padding: (0, 0, 0)
[11:38:02.093803] Real overlapping (%): (0.2, 0.175, 0.175)
[11:38:02.093810] Real overlapping (pixels): (32.0, 28.0, 28.0)
[11:38:02.093816] (3, 5, 5) patches per (z,y,x) axis
[11:38:02.093827] List of volume IDs to be processed by each GPU: [[0, 1, 2]]
[11:38:02.093835] Positions of each volume in Z axis: {0: [0, 160], 1: [128, 288], 2: [256, 416]}
[11:38:02.093842] Rank 0: Total number of patches: 75 - (3, 5, 5) patches per (z,y,x) axis (per GPU)
[11:38:02.982556] Reading Zarr/H5 file: fisbe/biapy-instance-scale-zarr/train/label/VT008647-20171222_63_E1_is10.33_0.31_0.32_0.30_0.35_1.42_1.48_1.38.zarr
[11:38:02.995300] ### 3D-OV-CROP ###
[11:38:02.995353] Cropping (416, 685, 685, 1) images into (160, 160, 160, 1) with overlapping (axis order: ZYXC). . .
[11:38:02.995362] Minimum overlap selected: (0, 0, 0)
[11:38:02.995368] Padding: (0, 0, 0)
[11:38:02.995388] Real overlapping (%): (0.2, 0.175, 0.175)
[11:38:02.995396] Real overlapping (pixels): (32.0, 28.0, 28.0)
[11:38:02.995402] (3, 5, 5) patches per (z,y,x) axis
[11:38:02.995413] List of volume IDs to be processed by each GPU: [[0, 1, 2]]
[11:38:02.995421] Positions of each volume in Z axis: {0: [0, 160], 1: [128, 288], 2: [256, 416]}
[11:38:02.995428] Rank 0: Total number of patches: 75 - (3, 5, 5) patches per (z,y,x) axis (per GPU)
[11:38:03.900387] Reading Zarr/H5 file: fisbe/biapy-instance-scale-zarr/train/label/VT008647-20171222_63_E1_is20.28_1.40_1.38_0.27_0.36_0.37_0.33_0.35.zarr
[11:38:03.907680] ### 3D-OV-CROP ###
[11:38:03.907713] Cropping (416, 685, 685, 1) images into (160, 160, 160, 1) with overlapping (axis order: ZYXC). . .
[11:38:03.907721] Minimum overlap selected: (0, 0, 0)
[11:38:03.907732] Padding: (0, 0, 0)
[11:38:03.907750] Real overlapping (%): (0.2, 0.175, 0.175)
[11:38:03.907758] Real overlapping (pixels): (32.0, 28.0, 28.0)
[11:38:03.907764] (3, 5, 5) patches per (z,y,x) axis
[11:38:03.907775] List of volume IDs to be processed by each GPU: [[0, 1, 2]]
[11:38:03.907783] Positions of each volume in Z axis: {0: [0, 160], 1: [128, 288], 2: [256, 416]}
[11:38:03.907790] Rank 0: Total number of patches: 75 - (3, 5, 5) patches per (z,y,x) axis (per GPU)
[11:38:04.762657] Reading Zarr/H5 file: fisbe/biapy-instance-scale-zarr/train/label/VT008647-20171222_63_E1_is31.45_0.26_0.31_0.37_0.36_1.38_1.49_1.39.zarr
[11:38:04.771388] ### 3D-OV-CROP ###
[11:38:04.771428] Cropping (416, 685, 685, 1) images into (160, 160, 160, 1) with overlapping (axis order: ZYXC). . .
[11:38:04.771437] Minimum overlap selected: (0, 0, 0)
[11:38:04.771444] Padding: (0, 0, 0)
[11:38:04.771466] Real overlapping (%): (0.2, 0.175, 0.175)
[11:38:04.771474] Real overlapping (pixels): (32.0, 28.0, 28.0)
[11:38:04.771480] (3, 5, 5) patches per (z,y,x) axis
[11:38:04.771492] List of volume IDs to be processed by each GPU: [[0, 1, 2]]
[11:38:04.771500] Positions of each volume in Z axis: {0: [0, 160], 1: [128, 288], 2: [256, 416]}
[11:38:04.771507] Rank 0: Total number of patches: 75 - (3, 5, 5) patches per (z,y,x) axis (per GPU)
[11:38:05.649094] Reading Zarr/H5 file: fisbe/biapy-instance-scale-zarr/train/label/VT019303-20171013_65_B6_is01.42_0.35_0.35.zarr
[11:38:05.656453] ### 3D-OV-CROP ###
[11:38:05.656496] Cropping (362, 685, 686, 1) images into (160, 160, 160, 1) with overlapping (axis order: ZYXC). . .
[11:38:05.656504] Minimum overlap selected: (0, 0, 0)
[11:38:05.656516] Padding: (0, 0, 0)
[11:38:05.656536] Real overlapping (%): (0.36875, 0.175, 0.175)
[11:38:05.656544] Real overlapping (pixels): (59.0, 28.0, 28.0)
[11:38:05.656550] (3, 5, 5) patches per (z,y,x) axis
[11:38:05.656562] List of volume IDs to be processed by each GPU: [[0, 1, 2]]
[11:38:05.656570] Positions of each volume in Z axis: {0: [0, 160], 1: [101, 261], 2: [202, 362]}
[11:38:05.656578] Rank 0: Total number of patches: 75 - (3, 5, 5) patches per (z,y,x) axis (per GPU)
[11:38:06.249220] Reading Zarr/H5 file: fisbe/biapy-instance-scale-zarr/train/label/VT019303-20171013_65_B6_is10.28_1.40_0.28.zarr
[11:38:06.257223] ### 3D-OV-CROP ###
[11:38:06.257258] Cropping (362, 685, 686, 1) images into (160, 160, 160, 1) with overlapping (axis order: ZYXC). . .
[11:38:06.257272] Minimum overlap selected: (0, 0, 0)
[11:38:06.257278] Padding: (0, 0, 0)
[11:38:06.257297] Real overlapping (%): (0.36875, 0.175, 0.175)
[11:38:06.257305] Real overlapping (pixels): (59.0, 28.0, 28.0)
[11:38:06.257311] (3, 5, 5) patches per (z,y,x) axis
[11:38:06.257322] List of volume IDs to be processed by each GPU: [[0, 1, 2]]
[11:38:06.257330] Positions of each volume in Z axis: {0: [0, 160], 1: [101, 261], 2: [202, 362]}
[11:38:06.257337] Rank 0: Total number of patches: 75 - (3, 5, 5) patches per (z,y,x) axis (per GPU)
[11:38:06.875175] Reading Zarr/H5 file: fisbe/biapy-instance-scale-zarr/train/label/VT019303-20171013_65_B6_is21.49_1.49_0.34.zarr
[11:38:06.882599] ### 3D-OV-CROP ###
[11:38:06.882616] Cropping (362, 685, 686, 1) images into (160, 160, 160, 1) with overlapping (axis order: ZYXC). . .
[11:38:06.882623] Minimum overlap selected: (0, 0, 0)
[11:38:06.882629] Padding: (0, 0, 0)
[11:38:06.882646] Real overlapping (%): (0.36875, 0.175, 0.175)
[11:38:06.882654] Real overlapping (pixels): (59.0, 28.0, 28.0)
[11:38:06.882660] (3, 5, 5) patches per (z,y,x) axis
[11:38:06.882669] List of volume IDs to be processed by each GPU: [[0, 1, 2]]
[11:38:06.882678] Positions of each volume in Z axis: {0: [0, 160], 1: [101, 261], 2: [202, 362]}
[11:38:06.882685] Rank 0: Total number of patches: 75 - (3, 5, 5) patches per (z,y,x) axis (per GPU)
[11:38:07.446446] Reading Zarr/H5 file: fisbe/biapy-instance-scale-zarr/train/label/VT019303-20171013_65_B6_is31.45_0.32_1.45.zarr
[11:38:07.457444] ### 3D-OV-CROP ###
[11:38:07.457482] Cropping (362, 685, 686, 1) images into (160, 160, 160, 1) with overlapping (axis order: ZYXC). . .
[11:38:07.457489] Minimum overlap selected: (0, 0, 0)
[11:38:07.457496] Padding: (0, 0, 0)
[11:38:07.457514] Real overlapping (%): (0.36875, 0.175, 0.175)
[11:38:07.457521] Real overlapping (pixels): (59.0, 28.0, 28.0)
[11:38:07.457528] (3, 5, 5) patches per (z,y,x) axis
[11:38:07.457539] List of volume IDs to be processed by each GPU: [[0, 1, 2]]
[11:38:07.457548] Positions of each volume in Z axis: {0: [0, 160], 1: [101, 261], 2: [202, 362]}
[11:38:07.457554] Rank 0: Total number of patches: 75 - (3, 5, 5) patches per (z,y,x) axis (per GPU)
[11:38:08.026072] Reading Zarr/H5 file: fisbe/biapy-instance-scale-zarr/train/label/VT019307-20171013_65_F1_is00.37_0.28_0.25_1.44_1.41_0.32.zarr
[11:38:08.034674] ### 3D-OV-CROP ###
[11:38:08.034714] Cropping (408, 685, 686, 1) images into (160, 160, 160, 1) with overlapping (axis order: ZYXC). . .
[11:38:08.034722] Minimum overlap selected: (0, 0, 0)
[11:38:08.034734] Padding: (0, 0, 0)
[11:38:08.034752] Real overlapping (%): (0.225, 0.175, 0.175)
[11:38:08.034759] Real overlapping (pixels): (36.0, 28.0, 28.0)
[11:38:08.034766] (3, 5, 5) patches per (z,y,x) axis
[11:38:08.034776] List of volume IDs to be processed by each GPU: [[0, 1, 2]]
[11:38:08.034785] Positions of each volume in Z axis: {0: [0, 160], 1: [124, 284], 2: [248, 408]}
[11:38:08.034792] Rank 0: Total number of patches: 75 - (3, 5, 5) patches per (z,y,x) axis (per GPU)
[11:38:08.774939] Reading Zarr/H5 file: fisbe/biapy-instance-scale-zarr/train/label/VT019307-20171013_65_F1_is11.41_1.43_0.31_1.47_0.28_0.32.zarr
[11:38:08.781850] ### 3D-OV-CROP ###
[11:38:08.781888] Cropping (408, 685, 686, 1) images into (160, 160, 160, 1) with overlapping (axis order: ZYXC). . .
[11:38:08.781908] Minimum overlap selected: (0, 0, 0)
[11:38:08.781915] Padding: (0, 0, 0)
[11:38:08.781935] Real overlapping (%): (0.225, 0.175, 0.175)
[11:38:08.781942] Real overlapping (pixels): (36.0, 28.0, 28.0)
[11:38:08.781949] (3, 5, 5) patches per (z,y,x) axis
[11:38:08.781959] List of volume IDs to be processed by each GPU: [[0, 1, 2]]
[11:38:08.781967] Positions of each volume in Z axis: {0: [0, 160], 1: [124, 284], 2: [248, 408]}
[11:38:08.781974] Rank 0: Total number of patches: 75 - (3, 5, 5) patches per (z,y,x) axis (per GPU)
[11:38:09.525975] Reading Zarr/H5 file: fisbe/biapy-instance-scale-zarr/train/label/VT019307-20171013_65_F1_is21.45_1.39_1.48_0.25_1.39_1.46.zarr
[11:38:09.532818] ### 3D-OV-CROP ###
[11:38:09.532859] Cropping (408, 685, 686, 1) images into (160, 160, 160, 1) with overlapping (axis order: ZYXC). . .
[11:38:09.532868] Minimum overlap selected: (0, 0, 0)
[11:38:09.532874] Padding: (0, 0, 0)
[11:38:09.532896] Real overlapping (%): (0.225, 0.175, 0.175)
[11:38:09.532904] Real overlapping (pixels): (36.0, 28.0, 28.0)
[11:38:09.532911] (3, 5, 5) patches per (z,y,x) axis
[11:38:09.532922] List of volume IDs to be processed by each GPU: [[0, 1, 2]]
[11:38:09.532931] Positions of each volume in Z axis: {0: [0, 160], 1: [124, 284], 2: [248, 408]}
[11:38:09.532938] Rank 0: Total number of patches: 75 - (3, 5, 5) patches per (z,y,x) axis (per GPU)
[11:38:10.379510] Reading Zarr/H5 file: fisbe/biapy-instance-scale-zarr/train/label/VT019307-20171013_65_F1_is30.34_0.31_0.28_0.34_0.31_0.36.zarr
[11:38:10.389154] ### 3D-OV-CROP ###
[11:38:10.389202] Cropping (408, 685, 686, 1) images into (160, 160, 160, 1) with overlapping (axis order: ZYXC). . .
[11:38:10.389211] Minimum overlap selected: (0, 0, 0)
[11:38:10.389217] Padding: (0, 0, 0)
[11:38:10.389237] Real overlapping (%): (0.225, 0.175, 0.175)
[11:38:10.389245] Real overlapping (pixels): (36.0, 28.0, 28.0)
[11:38:10.389251] (3, 5, 5) patches per (z,y,x) axis
[11:38:10.389262] List of volume IDs to be processed by each GPU: [[0, 1, 2]]
[11:38:10.389271] Positions of each volume in Z axis: {0: [0, 160], 1: [124, 284], 2: [248, 408]}
[11:38:10.389278] Rank 0: Total number of patches: 75 - (3, 5, 5) patches per (z,y,x) axis (per GPU)
[11:38:11.122489] Reading Zarr/H5 file: fisbe/biapy-instance-scale-zarr/train/label/VT033051-20171128_61_E2_is01.49_1.43_1.38_1.45.zarr
[11:38:11.130677] ### 3D-OV-CROP ###
[11:38:11.130715] Cropping (345, 683, 686, 1) images into (160, 160, 160, 1) with overlapping (axis order: ZYXC). . .
[11:38:11.130723] Minimum overlap selected: (0, 0, 0)
[11:38:11.130734] Padding: (0, 0, 0)
[11:38:11.130752] Real overlapping (%): (0.41875, 0.18125, 0.175)
[11:38:11.130760] Real overlapping (pixels): (67.0, 29.0, 28.0)
[11:38:11.130766] (3, 5, 5) patches per (z,y,x) axis
[11:38:11.130777] List of volume IDs to be processed by each GPU: [[0, 1, 2]]
[11:38:11.130791] Positions of each volume in Z axis: {0: [0, 160], 1: [93, 253], 2: [186, 345]}
[11:38:11.130798] Rank 0: Total number of patches: 75 - (3, 5, 5) patches per (z,y,x) axis (per GPU)
[11:38:12.123705] Reading Zarr/H5 file: fisbe/biapy-instance-scale-zarr/train/label/VT033051-20171128_61_E2_is11.46_0.34_0.25_0.27.zarr
[11:38:12.130821] ### 3D-OV-CROP ###
[11:38:12.130852] Cropping (345, 683, 686, 1) images into (160, 160, 160, 1) with overlapping (axis order: ZYXC). . .
[11:38:12.130859] Minimum overlap selected: (0, 0, 0)
[11:38:12.130865] Padding: (0, 0, 0)
[11:38:12.130884] Real overlapping (%): (0.41875, 0.18125, 0.175)
[11:38:12.130892] Real overlapping (pixels): (67.0, 29.0, 28.0)
[11:38:12.130898] (3, 5, 5) patches per (z,y,x) axis
[11:38:12.130908] List of volume IDs to be processed by each GPU: [[0, 1, 2]]
[11:38:12.130917] Positions of each volume in Z axis: {0: [0, 160], 1: [93, 253], 2: [186, 345]}
[11:38:12.130923] Rank 0: Total number of patches: 75 - (3, 5, 5) patches per (z,y,x) axis (per GPU)
[11:38:12.847432] Reading Zarr/H5 file: fisbe/biapy-instance-scale-zarr/train/label/VT033051-20171128_61_E2_is21.42_0.33_1.48_1.42.zarr
[11:38:12.856131] ### 3D-OV-CROP ###
[11:38:12.856167] Cropping (345, 683, 686, 1) images into (160, 160, 160, 1) with overlapping (axis order: ZYXC). . .
[11:38:12.856175] Minimum overlap selected: (0, 0, 0)
[11:38:12.856181] Padding: (0, 0, 0)
[11:38:12.856200] Real overlapping (%): (0.41875, 0.18125, 0.175)
[11:38:12.856208] Real overlapping (pixels): (67.0, 29.0, 28.0)
[11:38:12.856214] (3, 5, 5) patches per (z,y,x) axis
[11:38:12.856225] List of volume IDs to be processed by each GPU: [[0, 1, 2]]
[11:38:12.856233] Positions of each volume in Z axis: {0: [0, 160], 1: [93, 253], 2: [186, 345]}
[11:38:12.856240] Rank 0: Total number of patches: 75 - (3, 5, 5) patches per (z,y,x) axis (per GPU)
[11:38:13.607069] Reading Zarr/H5 file: fisbe/biapy-instance-scale-zarr/train/label/VT033051-20171128_61_E2_is31.48_1.46_0.25_1.47.zarr
[11:38:13.615280] ### 3D-OV-CROP ###
[11:38:13.615314] Cropping (345, 683, 686, 1) images into (160, 160, 160, 1) with overlapping (axis order: ZYXC). . .
[11:38:13.615321] Minimum overlap selected: (0, 0, 0)
[11:38:13.615328] Padding: (0, 0, 0)
[11:38:13.615347] Real overlapping (%): (0.41875, 0.18125, 0.175)
[11:38:13.615355] Real overlapping (pixels): (67.0, 29.0, 28.0)
[11:38:13.615361] (3, 5, 5) patches per (z,y,x) axis
[11:38:13.615381] List of volume IDs to be processed by each GPU: [[0, 1, 2]]
[11:38:13.615388] Positions of each volume in Z axis: {0: [0, 160], 1: [93, 253], 2: [186, 345]}
[11:38:13.615395] Rank 0: Total number of patches: 75 - (3, 5, 5) patches per (z,y,x) axis (per GPU)
[11:38:14.338010] Reading Zarr/H5 file: fisbe/biapy-instance-scale-zarr/train/label/VT033051-20171128_61_E4_is00.26_1.49.zarr
[11:38:14.347474] ### 3D-OV-CROP ###
[11:38:14.347518] Cropping (379, 683, 686, 1) images into (160, 160, 160, 1) with overlapping (axis order: ZYXC). . .
[11:38:14.347527] Minimum overlap selected: (0, 0, 0)
[11:38:14.347533] Padding: (0, 0, 0)
[11:38:14.347551] Real overlapping (%): (0.3125, 0.18125, 0.175)
[11:38:14.347559] Real overlapping (pixels): (50.0, 29.0, 28.0)
[11:38:14.347565] (3, 5, 5) patches per (z,y,x) axis
[11:38:14.347576] List of volume IDs to be processed by each GPU: [[0, 1, 2]]
[11:38:14.347584] Positions of each volume in Z axis: {0: [0, 160], 1: [110, 270], 2: [220, 379]}
[11:38:14.347591] Rank 0: Total number of patches: 75 - (3, 5, 5) patches per (z,y,x) axis (per GPU)
[11:38:14.940941] Reading Zarr/H5 file: fisbe/biapy-instance-scale-zarr/train/label/VT033051-20171128_61_E4_is11.49_0.31.zarr
[11:38:14.948967] ### 3D-OV-CROP ###
[11:38:14.949007] Cropping (379, 683, 686, 1) images into (160, 160, 160, 1) with overlapping (axis order: ZYXC). . .
[11:38:14.949016] Minimum overlap selected: (0, 0, 0)
[11:38:14.949022] Padding: (0, 0, 0)
[11:38:14.949042] Real overlapping (%): (0.3125, 0.18125, 0.175)
[11:38:14.949049] Real overlapping (pixels): (50.0, 29.0, 28.0)
[11:38:14.949055] (3, 5, 5) patches per (z,y,x) axis
[11:38:14.949066] List of volume IDs to be processed by each GPU: [[0, 1, 2]]
[11:38:14.949073] Positions of each volume in Z axis: {0: [0, 160], 1: [110, 270], 2: [220, 379]}
[11:38:14.949080] Rank 0: Total number of patches: 75 - (3, 5, 5) patches per (z,y,x) axis (per GPU)
[11:38:15.550828] Reading Zarr/H5 file: fisbe/biapy-instance-scale-zarr/train/label/VT033051-20171128_61_E4_is20.37_0.37.zarr
[11:38:15.560997] ### 3D-OV-CROP ###
[11:38:15.561030] Cropping (379, 683, 686, 1) images into (160, 160, 160, 1) with overlapping (axis order: ZYXC). . .
[11:38:15.561038] Minimum overlap selected: (0, 0, 0)
[11:38:15.561045] Padding: (0, 0, 0)
[11:38:15.561062] Real overlapping (%): (0.3125, 0.18125, 0.175)
[11:38:15.561070] Real overlapping (pixels): (50.0, 29.0, 28.0)
[11:38:15.561076] (3, 5, 5) patches per (z,y,x) axis
[11:38:15.561086] List of volume IDs to be processed by each GPU: [[0, 1, 2]]
[11:38:15.561094] Positions of each volume in Z axis: {0: [0, 160], 1: [110, 270], 2: [220, 379]}
[11:38:15.561100] Rank 0: Total number of patches: 75 - (3, 5, 5) patches per (z,y,x) axis (per GPU)
[11:38:16.138485] Reading Zarr/H5 file: fisbe/biapy-instance-scale-zarr/train/label/VT033051-20171128_61_E4_is31.44_1.42.zarr
[11:38:16.155286] ### 3D-OV-CROP ###
[11:38:16.155324] Cropping (379, 683, 686, 1) images into (160, 160, 160, 1) with overlapping (axis order: ZYXC). . .
[11:38:16.155332] Minimum overlap selected: (0, 0, 0)
[11:38:16.155338] Padding: (0, 0, 0)
[11:38:16.155357] Real overlapping (%): (0.3125, 0.18125, 0.175)
[11:38:16.155366] Real overlapping (pixels): (50.0, 29.0, 28.0)
[11:38:16.155372] (3, 5, 5) patches per (z,y,x) axis
[11:38:16.155382] List of volume IDs to be processed by each GPU: [[0, 1, 2]]
[11:38:16.155391] Positions of each volume in Z axis: {0: [0, 160], 1: [110, 270], 2: [220, 379]}
[11:38:16.155397] Rank 0: Total number of patches: 75 - (3, 5, 5) patches per (z,y,x) axis (per GPU)
[11:38:16.748443] Reading Zarr/H5 file: fisbe/biapy-instance-scale-zarr/train/label/VT040433-20170919_63_D6_is00.31_0.35_1.44_0.37_0.35_0.37_1.44_0.33.zarr
[11:38:16.760080] ### 3D-OV-CROP ###
[11:38:16.760130] Cropping (372, 683, 686, 1) images into (160, 160, 160, 1) with overlapping (axis order: ZYXC). . .
[11:38:16.760139] Minimum overlap selected: (0, 0, 0)
[11:38:16.760145] Padding: (0, 0, 0)
[11:38:16.760165] Real overlapping (%): (0.3375, 0.18125, 0.175)
[11:38:16.760173] Real overlapping (pixels): (54.0, 29.0, 28.0)
[11:38:16.760180] (3, 5, 5) patches per (z,y,x) axis
[11:38:16.760190] List of volume IDs to be processed by each GPU: [[0, 1, 2]]
[11:38:16.760198] Positions of each volume in Z axis: {0: [0, 160], 1: [106, 266], 2: [212, 372]}
[11:38:16.760206] Rank 0: Total number of patches: 75 - (3, 5, 5) patches per (z,y,x) axis (per GPU)
[11:38:17.732533] Reading Zarr/H5 file: fisbe/biapy-instance-scale-zarr/train/label/VT040433-20170919_63_D6_is11.41_1.50_0.25_1.43_0.35_0.30_0.26_1.49.zarr
[11:38:17.740334] ### 3D-OV-CROP ###
[11:38:17.740367] Cropping (372, 683, 686, 1) images into (160, 160, 160, 1) with overlapping (axis order: ZYXC). . .
[11:38:17.740375] Minimum overlap selected: (0, 0, 0)
[11:38:17.740381] Padding: (0, 0, 0)
[11:38:17.740400] Real overlapping (%): (0.3375, 0.18125, 0.175)
[11:38:17.740408] Real overlapping (pixels): (54.0, 29.0, 28.0)
[11:38:17.740415] (3, 5, 5) patches per (z,y,x) axis
[11:38:17.740425] List of volume IDs to be processed by each GPU: [[0, 1, 2]]
[11:38:17.740434] Positions of each volume in Z axis: {0: [0, 160], 1: [106, 266], 2: [212, 372]}
[11:38:17.740441] Rank 0: Total number of patches: 75 - (3, 5, 5) patches per (z,y,x) axis (per GPU)
[11:38:18.716444] Reading Zarr/H5 file: fisbe/biapy-instance-scale-zarr/train/label/VT040433-20170919_63_D6_is21.46_0.30_0.27_1.39_1.46_0.30_0.26_0.32.zarr
[11:38:18.723250] ### 3D-OV-CROP ###
[11:38:18.723282] Cropping (372, 683, 686, 1) images into (160, 160, 160, 1) with overlapping (axis order: ZYXC). . .
[11:38:18.723290] Minimum overlap selected: (0, 0, 0)
[11:38:18.723297] Padding: (0, 0, 0)
[11:38:18.723315] Real overlapping (%): (0.3375, 0.18125, 0.175)
[11:38:18.723328] Real overlapping (pixels): (54.0, 29.0, 28.0)
[11:38:18.723334] (3, 5, 5) patches per (z,y,x) axis
[11:38:18.723345] List of volume IDs to be processed by each GPU: [[0, 1, 2]]
[11:38:18.723353] Positions of each volume in Z axis: {0: [0, 160], 1: [106, 266], 2: [212, 372]}
[11:38:18.723360] Rank 0: Total number of patches: 75 - (3, 5, 5) patches per (z,y,x) axis (per GPU)
[11:38:19.694242] Reading Zarr/H5 file: fisbe/biapy-instance-scale-zarr/train/label/VT040433-20170919_63_D6_is31.48_0.33_0.29_0.28_1.43_0.30_1.47_1.45.zarr
[11:38:19.703004] ### 3D-OV-CROP ###
[11:38:19.703038] Cropping (372, 683, 686, 1) images into (160, 160, 160, 1) with overlapping (axis order: ZYXC). . .
[11:38:19.703046] Minimum overlap selected: (0, 0, 0)
[11:38:19.703053] Padding: (0, 0, 0)
[11:38:19.703072] Real overlapping (%): (0.3375, 0.18125, 0.175)
[11:38:19.703079] Real overlapping (pixels): (54.0, 29.0, 28.0)
[11:38:19.703086] (3, 5, 5) patches per (z,y,x) axis
[11:38:19.703096] List of volume IDs to be processed by each GPU: [[0, 1, 2]]
[11:38:19.703104] Positions of each volume in Z axis: {0: [0, 160], 1: [106, 266], 2: [212, 372]}
[11:38:19.703121] Rank 0: Total number of patches: 75 - (3, 5, 5) patches per (z,y,x) axis (per GPU)
[11:38:20.659164] Reading Zarr/H5 file: fisbe/biapy-instance-scale-zarr/train/label/VT047848-20171020_66_I2_is01.46_1.49_1.39_1.38.zarr
[11:38:20.666951] ### 3D-OV-CROP ###
[11:38:20.666985] Cropping (388, 889, 863, 1) images into (160, 160, 160, 1) with overlapping (axis order: ZYXC). . .
[11:38:20.666993] Minimum overlap selected: (0, 0, 0)
[11:38:20.667000] Padding: (0, 0, 0)
[11:38:20.667022] Real overlapping (%): (0.2875, 0.0875, 0.11875)
[11:38:20.667030] Real overlapping (pixels): (46.0, 14.0, 19.0)
[11:38:20.667036] (3, 6, 6) patches per (z,y,x) axis
[11:38:20.667047] List of volume IDs to be processed by each GPU: [[0, 1, 2]]
[11:38:20.667056] Positions of each volume in Z axis: {0: [0, 160], 1: [114, 274], 2: [228, 388]}
[11:38:20.667063] Rank 0: Total number of patches: 108 - (3, 6, 6) patches per (z,y,x) axis (per GPU)
[11:38:21.727610] Reading Zarr/H5 file: fisbe/biapy-instance-scale-zarr/train/label/VT047848-20171020_66_I2_is11.48_0.28_1.46_0.30.zarr
[11:38:21.736119] ### 3D-OV-CROP ###
[11:38:21.736160] Cropping (388, 889, 863, 1) images into (160, 160, 160, 1) with overlapping (axis order: ZYXC). . .
[11:38:21.736169] Minimum overlap selected: (0, 0, 0)
[11:38:21.736175] Padding: (0, 0, 0)
[11:38:21.736194] Real overlapping (%): (0.2875, 0.0875, 0.11875)
[11:38:21.736202] Real overlapping (pixels): (46.0, 14.0, 19.0)
[11:38:21.736208] (3, 6, 6) patches per (z,y,x) axis
[11:38:21.736225] List of volume IDs to be processed by each GPU: [[0, 1, 2]]
[11:38:21.736234] Positions of each volume in Z axis: {0: [0, 160], 1: [114, 274], 2: [228, 388]}
[11:38:21.736241] Rank 0: Total number of patches: 108 - (3, 6, 6) patches per (z,y,x) axis (per GPU)
[11:38:22.777515] Reading Zarr/H5 file: fisbe/biapy-instance-scale-zarr/train/label/VT047848-20171020_66_I2_is21.41_0.34_1.49_1.46.zarr
[11:38:22.788294] ### 3D-OV-CROP ###
[11:38:22.788331] Cropping (388, 889, 863, 1) images into (160, 160, 160, 1) with overlapping (axis order: ZYXC). . .
[11:38:22.788339] Minimum overlap selected: (0, 0, 0)
[11:38:22.788345] Padding: (0, 0, 0)
[11:38:22.788363] Real overlapping (%): (0.2875, 0.0875, 0.11875)
[11:38:22.788371] Real overlapping (pixels): (46.0, 14.0, 19.0)
[11:38:22.788377] (3, 6, 6) patches per (z,y,x) axis
[11:38:22.788387] List of volume IDs to be processed by each GPU: [[0, 1, 2]]
[11:38:22.788395] Positions of each volume in Z axis: {0: [0, 160], 1: [114, 274], 2: [228, 388]}
[11:38:22.788403] Rank 0: Total number of patches: 108 - (3, 6, 6) patches per (z,y,x) axis (per GPU)
[11:38:23.865756] Reading Zarr/H5 file: fisbe/biapy-instance-scale-zarr/train/label/VT047848-20171020_66_I2_is30.32_1.42_1.43_0.32.zarr
[11:38:23.878266] ### 3D-OV-CROP ###
[11:38:23.878320] Cropping (388, 889, 863, 1) images into (160, 160, 160, 1) with overlapping (axis order: ZYXC). . .
[11:38:23.878329] Minimum overlap selected: (0, 0, 0)
[11:38:23.878335] Padding: (0, 0, 0)
[11:38:23.878356] Real overlapping (%): (0.2875, 0.0875, 0.11875)
[11:38:23.878365] Real overlapping (pixels): (46.0, 14.0, 19.0)
[11:38:23.878371] (3, 6, 6) patches per (z,y,x) axis
[11:38:23.878382] List of volume IDs to be processed by each GPU: [[0, 1, 2]]
[11:38:23.878391] Positions of each volume in Z axis: {0: [0, 160], 1: [114, 274], 2: [228, 388]}
[11:38:23.878398] Rank 0: Total number of patches: 108 - (3, 6, 6) patches per (z,y,x) axis (per GPU)
[11:38:24.969709] Reading Zarr/H5 file: fisbe/biapy-instance-scale-zarr/train/label/VT047848-20171020_66_I3_is01.43_1.46_1.41.zarr
[11:38:24.977922] ### 3D-OV-CROP ###
[11:38:24.977954] Cropping (390, 1058, 907, 1) images into (160, 160, 160, 1) with overlapping (axis order: ZYXC). . .
[11:38:24.977962] Minimum overlap selected: (0, 0, 0)
[11:38:24.977968] Padding: (0, 0, 0)
[11:38:24.977987] Real overlapping (%): (0.28125, 0.0625, 0.0625)
[11:38:24.977994] Real overlapping (pixels): (45.0, 10.0, 10.0)
[11:38:24.978000] (3, 6, 7) patches per (z,y,x) axis
[11:38:24.978011] List of volume IDs to be processed by each GPU: [[0, 1, 2]]
[11:38:24.978027] Positions of each volume in Z axis: {0: [0, 160], 1: [115, 275], 2: [230, 390]}
[11:38:24.978034] Rank 0: Total number of patches: 126 - (3, 6, 7) patches per (z,y,x) axis (per GPU)
[11:38:26.202151] Reading Zarr/H5 file: fisbe/biapy-instance-scale-zarr/train/label/VT047848-20171020_66_I3_is11.49_0.36_1.44.zarr
[11:38:26.210116] ### 3D-OV-CROP ###
[11:38:26.210148] Cropping (390, 1058, 907, 1) images into (160, 160, 160, 1) with overlapping (axis order: ZYXC). . .
[11:38:26.210156] Minimum overlap selected: (0, 0, 0)
[11:38:26.210162] Padding: (0, 0, 0)
[11:38:26.210181] Real overlapping (%): (0.28125, 0.0625, 0.0625)
[11:38:26.210188] Real overlapping (pixels): (45.0, 10.0, 10.0)
[11:38:26.210194] (3, 6, 7) patches per (z,y,x) axis
[11:38:26.210205] List of volume IDs to be processed by each GPU: [[0, 1, 2]]
[11:38:26.210213] Positions of each volume in Z axis: {0: [0, 160], 1: [115, 275], 2: [230, 390]}
[11:38:26.210220] Rank 0: Total number of patches: 126 - (3, 6, 7) patches per (z,y,x) axis (per GPU)
[11:38:27.511078] Reading Zarr/H5 file: fisbe/biapy-instance-scale-zarr/train/label/VT047848-20171020_66_I3_is20.34_1.42_1.47.zarr
[11:38:27.520316] ### 3D-OV-CROP ###
[11:38:27.520350] Cropping (390, 1058, 907, 1) images into (160, 160, 160, 1) with overlapping (axis order: ZYXC). . .
[11:38:27.520358] Minimum overlap selected: (0, 0, 0)
[11:38:27.520364] Padding: (0, 0, 0)
[11:38:27.520382] Real overlapping (%): (0.28125, 0.0625, 0.0625)
[11:38:27.520390] Real overlapping (pixels): (45.0, 10.0, 10.0)
[11:38:27.520396] (3, 6, 7) patches per (z,y,x) axis
[11:38:27.520407] List of volume IDs to be processed by each GPU: [[0, 1, 2]]
[11:38:27.520415] Positions of each volume in Z axis: {0: [0, 160], 1: [115, 275], 2: [230, 390]}
[11:38:27.520422] Rank 0: Total number of patches: 126 - (3, 6, 7) patches per (z,y,x) axis (per GPU)
[11:38:28.864711] Reading Zarr/H5 file: fisbe/biapy-instance-scale-zarr/train/label/VT047848-20171020_66_I3_is30.35_0.32_1.38.zarr
[11:38:28.877759] ### 3D-OV-CROP ###
[11:38:28.877800] Cropping (390, 1058, 907, 1) images into (160, 160, 160, 1) with overlapping (axis order: ZYXC). . .
[11:38:28.877808] Minimum overlap selected: (0, 0, 0)
[11:38:28.877814] Padding: (0, 0, 0)
[11:38:28.877841] Real overlapping (%): (0.28125, 0.0625, 0.0625)
[11:38:28.877849] Real overlapping (pixels): (45.0, 10.0, 10.0)
[11:38:28.877855] (3, 6, 7) patches per (z,y,x) axis
[11:38:28.877865] List of volume IDs to be processed by each GPU: [[0, 1, 2]]
[11:38:28.877873] Positions of each volume in Z axis: {0: [0, 160], 1: [115, 275], 2: [230, 390]}
[11:38:28.877880] Rank 0: Total number of patches: 126 - (3, 6, 7) patches per (z,y,x) axis (per GPU)
[11:38:30.077516] Reading Zarr/H5 file: fisbe/biapy-instance-scale-zarr/train/label/VT047848-20171020_66_I5_is01.49_1.45_1.44_1.46_0.33_1.38_1.46_0.32_0.32_1.48_1.42_1.45.zarr
[11:38:30.091601] ### 3D-OV-CROP ###
[11:38:30.091641] Cropping (401, 982, 895, 1) images into (160, 160, 160, 1) with overlapping (axis order: ZYXC). . .
[11:38:30.091649] Minimum overlap selected: (0, 0, 0)
[11:38:30.091656] Padding: (0, 0, 0)
[11:38:30.091675] Real overlapping (%): (0.24375, 0.14375, 0.08125)
[11:38:30.091683] Real overlapping (pixels): (39.0, 23.0, 13.0)
[11:38:30.091689] (3, 6, 7) patches per (z,y,x) axis
[11:38:30.091699] List of volume IDs to be processed by each GPU: [[0, 1, 2]]
[11:38:30.091708] Positions of each volume in Z axis: {0: [0, 160], 1: [121, 281], 2: [242, 401]}
[11:38:30.091715] Rank 0: Total number of patches: 126 - (3, 6, 7) patches per (z,y,x) axis (per GPU)
[11:38:31.658262] Reading Zarr/H5 file: fisbe/biapy-instance-scale-zarr/train/label/VT047848-20171020_66_I5_is11.41_1.41_1.46_1.49_1.44_1.48_0.25_0.35_1.46_1.40_0.26_0.31.zarr
[11:38:31.668269] ### 3D-OV-CROP ###
[11:38:31.668304] Cropping (401, 982, 895, 1) images into (160, 160, 160, 1) with overlapping (axis order: ZYXC). . .
[11:38:31.668312] Minimum overlap selected: (0, 0, 0)
[11:38:31.668318] Padding: (0, 0, 0)
[11:38:31.668344] Real overlapping (%): (0.24375, 0.14375, 0.08125)
[11:38:31.668352] Real overlapping (pixels): (39.0, 23.0, 13.0)
[11:38:31.668358] (3, 6, 7) patches per (z,y,x) axis
[11:38:31.668369] List of volume IDs to be processed by each GPU: [[0, 1, 2]]
[11:38:31.668377] Positions of each volume in Z axis: {0: [0, 160], 1: [121, 281], 2: [242, 401]}
[11:38:31.668384] Rank 0: Total number of patches: 126 - (3, 6, 7) patches per (z,y,x) axis (per GPU)
[11:38:33.281381] Reading Zarr/H5 file: fisbe/biapy-instance-scale-zarr/train/label/VT047848-20171020_66_I5_is20.37_1.44_0.25_1.46_1.40_1.43_0.33_1.48_0.36_0.35_1.48_0.31.zarr
[11:38:33.293166] ### 3D-OV-CROP ###
[11:38:33.293203] Cropping (401, 982, 895, 1) images into (160, 160, 160, 1) with overlapping (axis order: ZYXC). . .
[11:38:33.293211] Minimum overlap selected: (0, 0, 0)
[11:38:33.293217] Padding: (0, 0, 0)
[11:38:33.293236] Real overlapping (%): (0.24375, 0.14375, 0.08125)
[11:38:33.293244] Real overlapping (pixels): (39.0, 23.0, 13.0)
[11:38:33.293250] (3, 6, 7) patches per (z,y,x) axis
[11:38:33.293261] List of volume IDs to be processed by each GPU: [[0, 1, 2]]
[11:38:33.293268] Positions of each volume in Z axis: {0: [0, 160], 1: [121, 281], 2: [242, 401]}
[11:38:33.293275] Rank 0: Total number of patches: 126 - (3, 6, 7) patches per (z,y,x) axis (per GPU)
[11:38:34.837162] Reading Zarr/H5 file: fisbe/biapy-instance-scale-zarr/train/label/VT047848-20171020_66_I5_is30.30_0.29_0.35_1.47_1.47_1.46_1.44_1.46_0.36_0.34_1.41_0.31.zarr
[11:38:34.845212] ### 3D-OV-CROP ###
[11:38:34.845252] Cropping (401, 982, 895, 1) images into (160, 160, 160, 1) with overlapping (axis order: ZYXC). . .
[11:38:34.845260] Minimum overlap selected: (0, 0, 0)
[11:38:34.845267] Padding: (0, 0, 0)
[11:38:34.845287] Real overlapping (%): (0.24375, 0.14375, 0.08125)
[11:38:34.845295] Real overlapping (pixels): (39.0, 23.0, 13.0)
[11:38:34.845301] (3, 6, 7) patches per (z,y,x) axis
[11:38:34.845312] List of volume IDs to be processed by each GPU: [[0, 1, 2]]
[11:38:34.845320] Positions of each volume in Z axis: {0: [0, 160], 1: [121, 281], 2: [242, 401]}
[11:38:34.845327] Rank 0: Total number of patches: 126 - (3, 6, 7) patches per (z,y,x) axis (per GPU)
[11:38:36.633348] Reading Zarr/H5 file: fisbe/biapy-instance-scale-zarr/train/label/VT047848-20171020_66_J2_is00.33_0.25_1.43_0.36_0.29.zarr
[11:38:36.641663] ### 3D-OV-CROP ###
[11:38:36.641695] Cropping (404, 934, 911, 1) images into (160, 160, 160, 1) with overlapping (axis order: ZYXC). . .
[11:38:36.641703] Minimum overlap selected: (0, 0, 0)
[11:38:36.641709] Padding: (0, 0, 0)
[11:38:36.641734] Real overlapping (%): (0.2375, 0.03125, 0.05625)
[11:38:36.641742] Real overlapping (pixels): (38.0, 5.0, 9.0)
[11:38:36.641748] (3, 6, 6) patches per (z,y,x) axis
[11:38:36.641758] List of volume IDs to be processed by each GPU: [[0, 1, 2]]
[11:38:36.641771] Positions of each volume in Z axis: {0: [0, 160], 1: [122, 282], 2: [244, 404]}
[11:38:36.641779] Rank 0: Total number of patches: 108 - (3, 6, 6) patches per (z,y,x) axis (per GPU)
[11:38:37.788503] Reading Zarr/H5 file: fisbe/biapy-instance-scale-zarr/train/label/VT047848-20171020_66_J2_is11.49_1.43_1.46_1.50_1.46.zarr
[11:38:37.795869] ### 3D-OV-CROP ###
[11:38:37.795903] Cropping (404, 934, 911, 1) images into (160, 160, 160, 1) with overlapping (axis order: ZYXC). . .
[11:38:37.795911] Minimum overlap selected: (0, 0, 0)
[11:38:37.795918] Padding: (0, 0, 0)
[11:38:37.795936] Real overlapping (%): (0.2375, 0.03125, 0.05625)
[11:38:37.795944] Real overlapping (pixels): (38.0, 5.0, 9.0)
[11:38:37.795950] (3, 6, 6) patches per (z,y,x) axis
[11:38:37.795961] List of volume IDs to be processed by each GPU: [[0, 1, 2]]
[11:38:37.795969] Positions of each volume in Z axis: {0: [0, 160], 1: [122, 282], 2: [244, 404]}
[11:38:37.795976] Rank 0: Total number of patches: 108 - (3, 6, 6) patches per (z,y,x) axis (per GPU)
[11:38:38.991657] Reading Zarr/H5 file: fisbe/biapy-instance-scale-zarr/train/label/VT047848-20171020_66_J2_is21.48_0.25_0.33_0.30_0.35.zarr
[11:38:39.001962] ### 3D-OV-CROP ###
[11:38:39.002014] Cropping (404, 934, 911, 1) images into (160, 160, 160, 1) with overlapping (axis order: ZYXC). . .
[11:38:39.002022] Minimum overlap selected: (0, 0, 0)
[11:38:39.002028] Padding: (0, 0, 0)
[11:38:39.002047] Real overlapping (%): (0.2375, 0.03125, 0.05625)
[11:38:39.002055] Real overlapping (pixels): (38.0, 5.0, 9.0)
[11:38:39.002061] (3, 6, 6) patches per (z,y,x) axis
[11:38:39.002072] List of volume IDs to be processed by each GPU: [[0, 1, 2]]
[11:38:39.002080] Positions of each volume in Z axis: {0: [0, 160], 1: [122, 282], 2: [244, 404]}
[11:38:39.002087] Rank 0: Total number of patches: 108 - (3, 6, 6) patches per (z,y,x) axis (per GPU)
[11:38:40.100039] Reading Zarr/H5 file: fisbe/biapy-instance-scale-zarr/train/label/VT047848-20171020_66_J2_is31.49_0.29_0.29_0.32_1.40.zarr
[11:38:40.112542] ### 3D-OV-CROP ###
[11:38:40.112596] Cropping (404, 934, 911, 1) images into (160, 160, 160, 1) with overlapping (axis order: ZYXC). . .
[11:38:40.112604] Minimum overlap selected: (0, 0, 0)
[11:38:40.112610] Padding: (0, 0, 0)
[11:38:40.112631] Real overlapping (%): (0.2375, 0.03125, 0.05625)
[11:38:40.112640] Real overlapping (pixels): (38.0, 5.0, 9.0)
[11:38:40.112646] (3, 6, 6) patches per (z,y,x) axis
[11:38:40.112663] List of volume IDs to be processed by each GPU: [[0, 1, 2]]
[11:38:40.112672] Positions of each volume in Z axis: {0: [0, 160], 1: [122, 282], 2: [244, 404]}
[11:38:40.112679] Rank 0: Total number of patches: 108 - (3, 6, 6) patches per (z,y,x) axis (per GPU)
[11:38:41.239734] Reading Zarr/H5 file: fisbe/biapy-instance-scale-zarr/train/label/VT061467-20180911_62_E5_is00.30_0.32_0.25_1.40.zarr
[11:38:41.249440] ### 3D-OV-CROP ###
[11:38:41.249474] Cropping (423, 687, 684, 1) images into (160, 160, 160, 1) with overlapping (axis order: ZYXC). . .
[11:38:41.249482] Minimum overlap selected: (0, 0, 0)
[11:38:41.249488] Padding: (0, 0, 0)
[11:38:41.249506] Real overlapping (%): (0.175, 0.175, 0.18125)
[11:38:41.249513] Real overlapping (pixels): (28.0, 28.0, 29.0)
[11:38:41.249519] (3, 5, 5) patches per (z,y,x) axis
[11:38:41.249530] List of volume IDs to be processed by each GPU: [[0, 1, 2]]
[11:38:41.249538] Positions of each volume in Z axis: {0: [0, 160], 1: [132, 292], 2: [264, 423]}
[11:38:41.249545] Rank 0: Total number of patches: 75 - (3, 5, 5) patches per (z,y,x) axis (per GPU)
[11:38:41.962192] Reading Zarr/H5 file: fisbe/biapy-instance-scale-zarr/train/label/VT061467-20180911_62_E5_is11.49_0.33_1.44_0.31.zarr
[11:38:41.971175] ### 3D-OV-CROP ###
[11:38:41.971210] Cropping (423, 687, 684, 1) images into (160, 160, 160, 1) with overlapping (axis order: ZYXC). . .
[11:38:41.971218] Minimum overlap selected: (0, 0, 0)
[11:38:41.971224] Padding: (0, 0, 0)
[11:38:41.971244] Real overlapping (%): (0.175, 0.175, 0.18125)
[11:38:41.971251] Real overlapping (pixels): (28.0, 28.0, 29.0)
[11:38:41.971257] (3, 5, 5) patches per (z,y,x) axis
[11:38:41.971268] List of volume IDs to be processed by each GPU: [[0, 1, 2]]
[11:38:41.971276] Positions of each volume in Z axis: {0: [0, 160], 1: [132, 292], 2: [264, 423]}
[11:38:41.971284] Rank 0: Total number of patches: 75 - (3, 5, 5) patches per (z,y,x) axis (per GPU)
[11:38:42.672584] Reading Zarr/H5 file: fisbe/biapy-instance-scale-zarr/train/label/VT061467-20180911_62_E5_is20.33_1.43_0.37_0.36.zarr
[11:38:42.681817] ### 3D-OV-CROP ###
[11:38:42.681864] Cropping (423, 687, 684, 1) images into (160, 160, 160, 1) with overlapping (axis order: ZYXC). . .
[11:38:42.681871] Minimum overlap selected: (0, 0, 0)
[11:38:42.681878] Padding: (0, 0, 0)
[11:38:42.681897] Real overlapping (%): (0.175, 0.175, 0.18125)
[11:38:42.681905] Real overlapping (pixels): (28.0, 28.0, 29.0)
[11:38:42.681911] (3, 5, 5) patches per (z,y,x) axis
[11:38:42.681922] List of volume IDs to be processed by each GPU: [[0, 1, 2]]
[11:38:42.681930] Positions of each volume in Z axis: {0: [0, 160], 1: [132, 292], 2: [264, 423]}
[11:38:42.681938] Rank 0: Total number of patches: 75 - (3, 5, 5) patches per (z,y,x) axis (per GPU)
[11:38:43.415531] Reading Zarr/H5 file: fisbe/biapy-instance-scale-zarr/train/label/VT061467-20180911_62_E5_is30.30_0.28_1.41_0.29.zarr
[11:38:43.425023] ### 3D-OV-CROP ###
[11:38:43.425071] Cropping (423, 687, 684, 1) images into (160, 160, 160, 1) with overlapping (axis order: ZYXC). . .
[11:38:43.425080] Minimum overlap selected: (0, 0, 0)
[11:38:43.425086] Padding: (0, 0, 0)
[11:38:43.425105] Real overlapping (%): (0.175, 0.175, 0.18125)
[11:38:43.425113] Real overlapping (pixels): (28.0, 28.0, 29.0)
[11:38:43.425119] (3, 5, 5) patches per (z,y,x) axis
[11:38:43.425130] List of volume IDs to be processed by each GPU: [[0, 1, 2]]
[11:38:43.425138] Positions of each volume in Z axis: {0: [0, 160], 1: [132, 292], 2: [264, 423]}
[11:38:43.425144] Rank 0: Total number of patches: 75 - (3, 5, 5) patches per (z,y,x) axis (per GPU)
[11:38:44.174990] Creating Y_train channels . . .
