SBATCH Run: train_Dn_0707
running ./BiaPy/biapy.sh
Chosen config folder: train_Dn_0707
Chosen config file ./BiaPy/configs/train_Dn_0707/test-test_train_Dn_0707.yaml
Date     : 2026-07-23 08:17:29
Arguments: Namespace(config='./BiaPy/configs/train_Dn_0707/test-test_train_Dn_0707.yaml', result_dir='./metrics/biapy', name='train_Dn_0707', run_id=1, gpu='0', world_size=1, local_rank=-1, dist_on_itp=False, dist_url='env://', dist_backend='nccl')
Job      : train_Dn_0707_1
BiaPy    : 3.6.8
Python   : 3.11.15 | packaged by conda-forge | (main, Jun 11 2026, 03:34:02) [GCC 14.3.0]
PyTorch  : 2.10.0
The following changes were made in order to adapt the input configuration:
Not using distributed mode
[08:17:29.620359] WARNING: seems that the channels requested are custom so BiaPy did not fill some varibles by default.
You will need to fill the following variables:
    - PROBLEM.INSTANCE_SEG.WATERSHED.SEED_CHANNELS
    - PROBLEM.INSTANCE_SEG.WATERSHED.SEED_CHANNELS_THRESH
    - PROBLEM.INSTANCE_SEG.WATERSHED.TOPOGRAPHIC_SURFACE_CHANNEL
    - PROBLEM.INSTANCE_SEG.WATERSHED.GROWTH_MASK_CHANNELS
    - PROBLEM.INSTANCE_SEG.WATERSHED.GROWTH_MASK_CHANNELS_THRESH

[08:17:29.630535] Configuration details:
[08:17:29.630593] AUGMENTOR:
  AFFINE_MODE: reflect
  AUG_NUM_SAMPLES: 10
  AUG_SAMPLES: True
  BRIGHTNESS: False
  BRIGHTNESS_FACTOR: (-0.1, 0.1)
  CBLUR_DOWN_RANGE: (2, 8)
  CBLUR_INSIDE: True
  CBLUR_SIZE: (0.2, 0.4)
  CHANNEL_SHUFFLE: False
  CMIX_SIZE: (0.2, 0.4)
  CNOISE_NB_ITERATIONS: (1, 3)
  CNOISE_SCALE: (0.05, 0.1)
  CNOISE_SIZE: (0.2, 0.4)
  CONTRAST: False
  CONTRAST_FACTOR: (-0.1, 0.1)
  COUT_APPLY_TO_MASK: False
  COUT_CVAL: 0.0
  COUT_NB_ITERATIONS: (1, 3)
  COUT_SIZE: (0.05, 0.3)
  CUTBLUR: False
  CUTMIX: False
  CUTNOISE: False
  CUTOUT: False
  DA_PROB: 0.5
  DRAW_GRID: True
  DROPOUT: False
  DROP_RANGE: (0, 0.2)
  ELASTIC: False
  ENABLE: True
  E_ALPHA: (12, 16)
  E_MODE: constant
  E_SIGMA: 4
  GAMMA_CONTRAST: False
  GAUSSIAN_NOISE: False
  GAUSSIAN_NOISE_MEAN: 0.0
  GAUSSIAN_NOISE_USE_INPUT_IMG_MEAN_AND_VAR: False
  GAUSSIAN_NOISE_VAR: 0.05
  GC_GAMMA: (1.25, 1.75)
  GRAYSCALE: False
  GRIDMASK: False
  GRID_D_RANGE: (0.4, 1)
  GRID_INVERT: False
  GRID_RATIO: 0.6
  GRID_ROTATE: 1.0
  G_BLUR: False
  G_SIGMA: (1.0, 2.0)
  HFLIP: True
  MB_KERNEL: (3, 7)
  MEDIAN_BLUR: False
  MISALIGNMENT: False
  MISSING_SECTIONS: False
  MISSP_CHANNEL_PB: 0.5
  MISSP_ITERATIONS: (10, 30)
  MOTB_K_RANGE: (8, 12)
  MOTION_BLUR: False
  MS_DISPLACEMENT: 16
  MS_ROTATE_RATIO: 0.5
  PEPPER: False
  PEPPER_AMOUNT: 0.05
  POISSON_NOISE: False
  RANDOM_ROT: True
  RANDOM_ROT_RANGE: (-180, 180)
  ROT90: False
  SALT: False
  SALT_AMOUNT: 0.05
  SALT_AND_PEPPER: False
  SALT_AND_PEPPER_AMOUNT: 0.05
  SALT_AND_PEPPER_PROP: 0.5
  SHEAR: False
  SHEAR_RANGE: (-20, 20)
  SHIFT: False
  SHIFT_RANGE: (0.1, 0.2)
  SHUFFLE_TRAIN_DATA_EACH_EPOCH: True
  SHUFFLE_VAL_DATA_EACH_EPOCH: False
  VFLIP: True
  ZFLIP: True
  ZOOM: False
  ZOOM_IN_Z: False
  ZOOM_RANGE: (0.8, 1.2)
DATA:
  CHECK_GENERATORS: False
  FILTER_BY_IMAGE: False
  FORCE_RGB: False
  NORMALIZATION:
    MEASURE_BY: image
    PERC_CLIP:
      ENABLE: False
      LOWER_PERC: -1.0
      LOWER_VALUE: -1.0
      UPPER_PERC: -1.0
      UPPER_VALUE: -1.0
    TYPE: zero_mean_unit_variance
    ZERO_MEAN_UNIT_VAR:
      MEAN_VAL: -1.0
      STD_VAL: -1.0
  N_CLASSES: 2
  PATCH_SIZE: (20, 128, 128, 3)
  PREPROCESS:
    CANNY:
      ENABLE: False
      HIGH_THRESHOLD: None
      LOW_THRESHOLD: None
    CLAHE:
      CLIP_LIMIT: 0.01
      ENABLE: False
      KERNEL_SIZE: None
    GAUSSIAN_BLUR:
      CHANNEL_AXIS: None
      ENABLE: False
      MODE: nearest
      SIGMA: 1
    MATCH_HISTOGRAM:
      ENABLE: False
      REFERENCE_PATH: user_data/test/x
    MEDIAN_BLUR:
      ENABLE: False
      KERNEL_SIZE: (3, 3, 1)
    RESIZE:
      ANTI_ALIASING: False
      CLIP: True
      CVAL: 0.0
      ENABLE: False
      MODE: reflect
      ORDER: 1
      OUTPUT_SHAPE: (512, 512)
      PRESERVE_RANGE: True
    TEST: False
    TRAIN: False
    VAL: False
    ZOOM:
      ENABLE: False
      ZOOM_FACTOR: [1, 1, 1, 1, 1]
  REFLECT_TO_COMPLETE_SHAPE: False
  SAVE_FILTERED_IMAGES: False
  SAVE_FILTERED_IMAGES_NUM: 3
  TEST:
    ARGMAX_TO_OUTPUT: True
    BINARY_MASKS: fisbe/biapy/test/raw/../bin_mask
    CHECK_DATA: True
    DETECTION_MASK_DIR: fisbe/biapy/test/label_detection_masks_2
    FILTER_SAMPLES:
      ENABLE: False
      NORM_BEFORE: False
      PROPS: []
      SIGNS: []
      VALUES: []
    GT_PATH: fisbe/biapy/test/label
    INPUT_IMG_AXES_ORDER: CZYX
    INPUT_MASK_AXES_ORDER: ZYX
    INPUT_ZARR_MULTIPLE_DATA: False
    INPUT_ZARR_MULTIPLE_DATA_GT_PATH: 
    INPUT_ZARR_MULTIPLE_DATA_ID_PATH: annotations.ids
    INPUT_ZARR_MULTIPLE_DATA_LOCATIONS_PATH: annotations.locations
    INPUT_ZARR_MULTIPLE_DATA_PARTNERS_PATH: annotations.presynaptic_site.partners
    INPUT_ZARR_MULTIPLE_DATA_RAW_PATH: 
    INPUT_ZARR_MULTIPLE_DATA_RESOLUTION_PATH: volumes.raw
    INSTANCE_CHANNELS_MASK_DIR: fisbe/biapy/test/label_F.erosion-0.dilation-0_C.mode-thick_Db.norm-True.mask_values-True_Dn.closing_size-3.norm-True.mask_values-True.decline_power-3
    IN_MEMORY: True
    LOAD_GT: True
    MEDIAN_PADDING: False
    OVERLAP: (0, 0, 0)
    PADDING: (4, 16, 16)
    PATH: fisbe/biapy/test/raw
    RESOLUTION: (1, 1, 1)
    SSL_SOURCE_DIR: fisbe/biapy/test/raw_ssl_source
    USE_VAL_AS_TEST: False
  TRAIN:
    CHECK_DATA: True
    DETECTION_MASK_DIR: fisbe/biapy/train/label_detection_masks_2
    FILTER_SAMPLES:
      ENABLE: False
      NORM_BEFORE: False
      PROPS: []
      SIGNS: []
      VALUES: []
    GT_PATH: fisbe/biapy/train/label
    INPUT_IMG_AXES_ORDER: CZYX
    INPUT_MASK_AXES_ORDER: ZYX
    INPUT_ZARR_MULTIPLE_DATA: False
    INPUT_ZARR_MULTIPLE_DATA_GT_PATH: 
    INPUT_ZARR_MULTIPLE_DATA_ID_PATH: annotations.ids
    INPUT_ZARR_MULTIPLE_DATA_LOCATIONS_PATH: annotations.locations
    INPUT_ZARR_MULTIPLE_DATA_PARTNERS_PATH: annotations.presynaptic_site.partners
    INPUT_ZARR_MULTIPLE_DATA_RAW_PATH: 
    INPUT_ZARR_MULTIPLE_DATA_RESOLUTION_PATH: volumes.raw
    INSTANCE_CHANNELS_MASK_DIR: fisbe/biapy/train/label_F.erosion-0.dilation-0_C.mode-thick_Db.norm-True.mask_values-True_Dn.closing_size-3.norm-True.mask_values-True.decline_power-3
    IN_MEMORY: True
    OVERLAP: (0, 0, 0)
    PADDING: (0, 0, 0)
    PATH: fisbe/biapy/train/raw
    RESOLUTION: (1, 1, 1)
    SSL_SOURCE_DIR: fisbe/biapy/train/raw_ssl_source
  VAL:
    CROSS_VAL: False
    CROSS_VAL_FOLD: 1
    CROSS_VAL_NFOLD: 5
    DETECTION_MASK_DIR: user_data/val/y_detection_masks_2
    DIST_EVAL: True
    FILTER_SAMPLES:
      ENABLE: False
      NORM_BEFORE: False
      PROPS: []
      SIGNS: []
      VALUES: []
    FROM_TRAIN: True
    GT_PATH: user_data/val/y
    INPUT_IMG_AXES_ORDER: TZCYX
    INPUT_MASK_AXES_ORDER: TZCYX
    INPUT_ZARR_MULTIPLE_DATA: False
    INPUT_ZARR_MULTIPLE_DATA_GT_PATH: 
    INPUT_ZARR_MULTIPLE_DATA_ID_PATH: annotations.ids
    INPUT_ZARR_MULTIPLE_DATA_LOCATIONS_PATH: annotations.locations
    INPUT_ZARR_MULTIPLE_DATA_PARTNERS_PATH: annotations.presynaptic_site.partners
    INPUT_ZARR_MULTIPLE_DATA_RAW_PATH: 
    INPUT_ZARR_MULTIPLE_DATA_RESOLUTION_PATH: volumes.raw
    INSTANCE_CHANNELS_MASK_DIR: user_data/val/y_F.erosion-0.dilation-0_C.mode-thick_Db.norm-True.mask_values-True_Dn.closing_size-3.norm-True.mask_values-True.decline_power-3
    IN_MEMORY: True
    OVERLAP: (0, 0, 0)
    PADDING: (0, 0, 0)
    PATH: user_data/val/x
    RANDOM: True
    RESOLUTION: (1, 1, 1)
    SPLIT_TRAIN: 0.1
    SSL_SOURCE_DIR: user_data/val/x_ssl_source
LOG:
  CHART_CREATION_FREQ: 5
  LOG_DIR: ./metrics/biapy/train_Dn_0707/train_logs
  LOG_FILE_PREFIX: train_Dn_0707_1
  TENSORBOARD_LOG_DIR: ./metrics/biapy/train_Dn_0707/results/train_Dn_0707_1/tensorboard
LOSS:
  CLASS_REBALANCE: none
  CLASS_WEIGHTS: []
  CONTRAST:
    ENABLE: False
    MEMORY_SIZE: 5000
    PIXEL_UPD_FREQ: 10
    PROJ_DIM: 256
  IGNORE_INDEX: -1
  TYPE: 
  WEIGHTS: [0.66, 0.34]
MODEL:
  ACTIVATION: ELU
  ARCHITECTURE: unet
  BMZ:
    EXPORT:
      AUTHORS: []
      CITE: []
      DATASET_INFO: [{}]
      DESCRIPTION: 
      DOCUMENTATION: 
      ENABLE: False
      LICENSE: CC-BY-4.0
      MODEL_NAME: 
      MODEL_VERSION: 0.1.0
      REUSE_BMZ_CONFIG: False
      TAGS: []
    SOURCE_MODEL_ID: 
  CONVNEXT_LAYERS: [2, 2, 2, 2, 2]
  CONVNEXT_LAYER_SCALE: 1e-06
  CONVNEXT_SD_PROB: 0.1
  CONVNEXT_STEM_K_SIZE: 2
  DROPOUT_VALUES: [0.0, 0.0, 0.0, 0.0, 0.0]
  FEATURE_MAPS: [16, 32, 64, 128, 256]
  HRNET:
    BLOCK_TYPE: BASIC
    CUSTOM: False
    HEAD_TYPE: FCN
    STAGE2:
      NUM_BLOCKS: [4, 4]
      NUM_BRANCHES: 2
      NUM_CHANNELS: [18, 36]
      NUM_MODULES: 1
    STAGE3:
      NUM_BLOCKS: [4, 4, 4]
      NUM_BRANCHES: 3
      NUM_CHANNELS: [18, 36, 72]
      NUM_MODULES: 4
    STAGE4:
      NUM_BLOCKS: [4, 4, 4, 4]
      NUM_BRANCHES: 4
      NUM_CHANNELS: [18, 36, 72, 144]
      NUM_MODULES: 3
    Z_DOWN: True
  ISOTROPY: [True, True, True, True, True]
  KERNEL_SIZE: 3
  LARGER_IO: False
  LOAD_CHECKPOINT: True
  LOAD_CHECKPOINT_EPOCH: best_on_val
  LOAD_CHECKPOINT_ONLY_WEIGHTS: True
  LOAD_MODEL_FROM_CHECKPOINT: True
  MAE_DEC_HIDDEN_SIZE: 512
  MAE_DEC_MLP_DIMS: 2048
  MAE_DEC_NUM_HEADS: 16
  MAE_DEC_NUM_LAYERS: 8
  MAE_MASK_RATIO: 0.5
  MAE_MASK_TYPE: grid
  NORMALIZATION: bn
  OUT_CHECKPOINT_FORMAT: pth
  RCAN_CONV_FILTERS: 16
  RCAN_RCAB_BLOCK_NUM: 20
  RCAN_REDUCTION_RATIO: 16
  RCAN_RG_BLOCK_NUM: 10
  RCAN_UPSCALING_LAYER: True
  SAVE_CKPT_FREQ: -1
  SKIP_UNMATCHED_LAYERS: False
  SOURCE: biapy
  TORCHVISION_MODEL_NAME: 
  UNETR_DEC_ACTIVATION: relu
  UNETR_DEC_KERNEL_SIZE: 3
  UNETR_VIT_HIDD_MULT: 3
  UNETR_VIT_NUM_FILTERS: 16
  UNET_SR_UPSAMPLE_POSITION: pre
  UPSAMPLE_LAYER: convtranspose
  VIT_EMBED_DIM: 768
  VIT_MLP_RATIO: 4.0
  VIT_MODEL: custom
  VIT_NORM_EPS: 1e-06
  VIT_NUM_HEADS: 12
  VIT_NUM_LAYERS: 12
  VIT_TOKEN_SIZE: 16
  Z_DOWN: [1, 1, 1, 1]
PATHS:
  BMZ_EXPORT_PATH: ./metrics/biapy/train_Dn_0707/results/train_Dn_0707_1/BMZ_files
  CHARTS: ./metrics/biapy/train_Dn_0707/results/train_Dn_0707_1/charts
  CHECKPOINT: ./metrics/biapy/train_Dn_0707/checkpoints
  CHECKPOINT_FILE: 
  DA_SAMPLES: ./metrics/biapy/train_Dn_0707/results/train_Dn_0707_1/aug
  FIL_SAMPLES_DIR: ./metrics/biapy/train_Dn_0707/results/train_Dn_0707_1/filtering_information
  GEN_CHECKS: ./metrics/biapy/train_Dn_0707/results/train_Dn_0707_1/gen_check
  GEN_MASK_CHECKS: ./metrics/biapy/train_Dn_0707/results/train_Dn_0707_1/gen_mask_check
  MAE_OUT_DIR: ./metrics/biapy/train_Dn_0707/results/train_Dn_0707_1/MAE_checks
  PROB_MAP_DIR: ./metrics/biapy/train_Dn_0707/prob_map
  PROB_MAP_FILENAME: prob_map.npy
  PROFILER: ./metrics/biapy/train_Dn_0707/results/train_Dn_0707_1/profiler
  RESULT_DIR:
    AS_3D_STACK: ./metrics/biapy/train_Dn_0707/results/train_Dn_0707_1/as_3d_stack
    AS_3D_STACK_BIN: ./metrics/biapy/train_Dn_0707/results/train_Dn_0707_1/as_3d_stack_binarized
    AS_3D_STACK_POST_PROCESSING: ./metrics/biapy/train_Dn_0707/results/train_Dn_0707_1/as_3d_stack_post_processing
    DET_ASSOC_POINTS: ./metrics/biapy/train_Dn_0707/results/train_Dn_0707_1/point_associations
    DET_LOCAL_MAX_COORDS_CHECK: ./metrics/biapy/train_Dn_0707/results/train_Dn_0707_1/per_image_local_max_check
    DET_LOCAL_MAX_COORDS_CHECK_POST_PROCESSING: ./metrics/biapy/train_Dn_0707/results/train_Dn_0707_1/per_image_local_max_check_post_processing
    FULL_IMAGE: ./metrics/biapy/train_Dn_0707/results/train_Dn_0707_1/full_image
    FULL_IMAGE_BIN: ./metrics/biapy/train_Dn_0707/results/train_Dn_0707_1/full_image_binarized
    FULL_IMAGE_INSTANCES: ./metrics/biapy/train_Dn_0707/results/train_Dn_0707_1/full_image_instances
    FULL_IMAGE_POST_PROCESSING: ./metrics/biapy/train_Dn_0707/results/train_Dn_0707_1/full_image_post_processing
    INST_ASSOC_POINTS: ./metrics/biapy/train_Dn_0707/results/train_Dn_0707_1/instance_associations
    PATH: ./metrics/biapy/train_Dn_0707/results/train_Dn_0707_1
    PER_IMAGE: ./metrics/biapy/train_Dn_0707/results/train_Dn_0707_1/per_image
    PER_IMAGE_BIN: ./metrics/biapy/train_Dn_0707/results/train_Dn_0707_1/per_image_binarized
    PER_IMAGE_INSTANCES: ./metrics/biapy/train_Dn_0707/results/train_Dn_0707_1/per_image_instances
    PER_IMAGE_POST_PROCESSING: ./metrics/biapy/train_Dn_0707/results/train_Dn_0707_1/per_image_post_processing
  TEST_FULL_GT_H5: fisbe/biapy/test/label/h5
  TEST_INSTANCE_CHANNELS_CHECK: ./metrics/biapy/train_Dn_0707/results/train_Dn_0707_1/test_FCDbDn_instance_channels
  TRAIN_INSTANCE_CHANNELS_CHECK: ./metrics/biapy/train_Dn_0707/results/train_Dn_0707_1/train_FCDbDn_instance_channels
  VAL_INSTANCE_CHANNELS_CHECK: ./metrics/biapy/train_Dn_0707/results/train_Dn_0707_1/val_FCDbDn_instance_channels
  WATERSHED_DIR: ./metrics/biapy/train_Dn_0707/results/train_Dn_0707_1/watershed
PROBLEM:
  DENOISING:
    LOAD_GT_DATA: False
    N2V_MANIPULATOR: uniform_withCP
    N2V_NEIGHBORHOOD_RADIUS: 5
    N2V_PERC_PIX: 0.198
    N2V_STRUCTMASK: False
  DETECTION:
    CENTRAL_POINT_DILATION: [2]
    CHECK_POINTS_CREATED: True
    DATA_CHECK_MW: False
  IMAGE_TO_IMAGE:
    MULTIPLE_RAW_ONE_TARGET_LOADER: False
  INSTANCE_SEG:
    BORDER_EXTRA_WEIGHTS: 
    DATA_CHANNELS: ['F', 'C', 'Db', 'Dn']
    DATA_CHANNELS_EXTRA_OPTS: [{'F': {'erosion': 0, 'dilation': 0}, 'C': {'mode': 'thick'}, 'Db': {'norm': True, 'mask_values': True}, 'Dn': {'closing_size': 3, 'norm': True, 'mask_values': True, 'decline_power': 3}}]
    DATA_CHANNELS_LOSSES: ['bce', 'bce', 'l1', 'l1']
    DATA_CHANNEL_WEIGHTS: (1, 1, 1, 1)
    EMBEDSEG:
      MIN_MASK_SUM: 0
      MIN_OBJECT_SIZE: 100
      MIN_UNCLUSTERED_SUM: 0
      SEED_THRESH: 0.5
    INSTANCE_CREATION_PROCESS: watershed
    STARDIST:
      NMS_IOU_THRESH: 0.3
      PROB_THRESH: 0.4
    SYNAPSES:
      BLOB_LOG_MAX_SIGMA: 10
      BLOB_LOG_MIN_SIGMA: 5
      BLOB_LOG_NUM_SIGMA: 2
      EXCLUDE_BORDER: False
      MIN_TH_TO_BE_PEAK: 0.2
      PEAK_LOCAL_MAX_MIN_DISTANCE: 1
      POINT_CREATION_FUNCTION: peak_local_max
      POSTSITE_DILATION: [2, 4, 4]
      POSTSITE_DILATION_DISTANCE_CHANNELS: [3, 10, 10]
      REMOVE_CLOSE_POINTS_RADIUS_BY_MASK: False
      REMOVE_CLOSE_POST_POINTS_RADIUS: 0
      REMOVE_CLOSE_PRE_POINTS_RADIUS: 0
      TH_TYPE: auto
    TYPE: regular
    WATERSHED:
      BY_2D_SLICES: False
      DATA_CHECK_MW: True
      DATA_REMOVE_BEFORE_MW: True
      DATA_REMOVE_SMALL_OBJ_BEFORE: 500
      ERODE_AND_DILATE_GROWTH_MASK: True
      FORE_DILATION_RADIUS: 1
      FORE_EROSION_RADIUS: 1
      GROWTH_MASK_CHANNELS: ['F']
      GROWTH_MASK_CHANNELS_THRESH: ['auto']
      SEED_CHANNELS: ['F', 'Db', 'C', 'Dn']
      SEED_CHANNELS_THRESH: ['auto', 'auto', 'auto', 'auto']
      SEED_MORPH_RADIUS: [1, 1]
      SEED_MORPH_SEQUENCE: ['erode', 'dilate']
      TOPOGRAPHIC_SURFACE_CHANNEL: Db
  NDIM: 3D
  PRINT_OLD_KEY_CHANGES: True
  SELF_SUPERVISED:
    NOISE: 0.2
    PRETEXT_TASK: crappify
    RESIZING_FACTOR: 4
  SEMANTIC_SEG:
    IGNORE_CLASS_ID: 0
  SUPER_RESOLUTION:
    UPSCALING: (1, 1, 1)
  TYPE: INSTANCE_SEG
SYSTEM:
  DEVICE: cpu
  NUM_CPUS: 128
  NUM_GPUS: 1
  NUM_WORKERS: -1
  PIN_MEM: True
  SEED: 0
TEST:
  ANALIZE_2D_IMGS_AS_3D_STACK: False
  AUGMENTATION: False
  AUGMENTATION_MODE: mean
  BY_CHUNKS:
    ENABLE: False
    FLUSH_EACH: 100
    SAVE_OUT_TIF: False
    WORKFLOW_PROCESS:
      ENABLE: True
      TYPE: chunk_by_chunk
  DET_BLOB_LOG_MAX_SIGMA: 10
  DET_BLOB_LOG_MIN_SIGMA: 5
  DET_BLOB_LOG_NUM_SIGMA: 2
  DET_EXCLUDE_BORDER: False
  DET_IGNORE_POINTS_OUTSIDE_BOX: []
  DET_MIN_TH_TO_BE_PEAK: 0.2
  DET_PEAK_LOCAL_MAX_MIN_DISTANCE: 1
  DET_POINT_CREATION_FUNCTION: peak_local_max
  DET_TH_TYPE: manual
  DET_TOLERANCE: 10
  ENABLE: True
  FULL_IMG: False
  MATCHING_STATS: True
  MATCHING_STATS_THS: [0.3, 0.5, 0.75]
  MATCHING_STATS_THS_COLORED_IMG: []
  METRICS: ['iou']
  METRICS_IN_CPU: True
  POST_PROCESSING:
    APPLY_MASK: False
    DET_WATERSHED: False
    DET_WATERSHED_DONUTS_CLASSES: [-1]
    DET_WATERSHED_DONUTS_NUCLEUS_DIAMETER: 30
    DET_WATERSHED_DONUTS_PATCH: [13, 120, 120]
    DET_WATERSHED_FIRST_DILATION: [-1, -1]
    INSTANCE_REFINEMENT:
      ENABLE: True
      OPERATIONS: ['remove_small_objects']
      VALUES: [500]
    MEASURE_PROPERTIES:
      ENABLE: False
      EXTRA_PROPS: []
      REMOVE_BY_PROPERTIES:
        ENABLE: False
        PROPS: []
        SIGNS: []
        VALUES: []
    MEDIAN_FILTER: False
    MEDIAN_FILTER_AXIS: []
    MEDIAN_FILTER_SIZE: []
    REMOVE_CLOSE_POINTS: False
    REMOVE_CLOSE_POINTS_RADIUS: 0
    REPARE_LARGE_BLOBS_SIZE: -1
    VORONOI_ON_MASK: False
    VORONOI_TH: 0.0
  REDUCE_MEMORY: False
  REUSE_PREDICTIONS: False
  SAVE_MODEL_RAW_OUTPUT: True
  VERBOSE: True
TRAIN:
  ACCUM_ITER: 1
  BATCH_SIZE: 30
  CHECKPOINT_MONITOR: val_loss
  ENABLE: False
  EPOCHS: 30
  LR: 0.001
  LR_SCHEDULER:
    MIN_LR: -1.0
    NAME: onecycle
    REDUCEONPLATEAU_FACTOR: 0.5
    REDUCEONPLATEAU_PATIENCE: -1
    WARMUP_COSINE_DECAY_EPOCHS: -1
  METRICS: ['iou']
  OPTIMIZER: ADAMW
  OPT_BETAS: (0.9, 0.999)
  PATIENCE: 10
  VERBOSE: False
  W_DECAY: 0.02
[08:17:36.277549] *~~~~~~~~~~~~~~~~~~~~~~~~~~~~~~~~~~~~~~~~~~~~~~~~~~*
[08:17:36.277614] Initializing Instance_Segmentation_Workflow
[08:17:36.277623] *~~~~~~~~~~~~~~~~~~~~~~~~~~~~~~~~~~~~~~~~~~~~~~~~~~*

[08:17:36.655421] Creating normalization module . . .
[08:17:36.655515] Normalization: using mean None and std: None
[08:17:36.655588] ###########################
[08:17:36.655596] #  PREPARE INSTANCE DATA  #
[08:17:36.655601] ###########################
[08:17:36.660278] DATA.TEST.GT_PATH changed from fisbe/biapy/test/label to fisbe/biapy/test/label_F.erosion-0.dilation-0_C.mode-thick_Db.norm-True.mask_values-True_Dn.closing_size-3.norm-True.mask_values-True.decline_power-3
[08:17:36.664261] ######################
[08:17:36.664303] #   LOAD TEST DATA   #
[08:17:36.664309] ######################
[08:17:36.664326] ### LOAD ###
[08:17:36.669177] ###############
[08:17:36.669206] # Build model #
[08:17:36.669213] ###############
[08:17:36.670789] Extracting model from checkpoint file metrics/biapy/train_Dn_0707/checkpoints/train_Dn_0707_1-checkpoint-best.pth
[08:17:36.898048] Comparing configurations . . .
[08:17:36.898160] Configurations seem to be compatible. Continuing . . .
[08:17:36.898171] The following changes were made in order to adapt the loaded input configuration from checkpoint into the current configuration version:
[08:17:36.898214] 'MODEL.BMZ.EXPORT.DATASET_INFO' changed from '[{}]' to '[{'name': 'name_not_specified', 'doi': 'doi_not_specified', 'image_modality': 'image_modality_not_specified', 'dataset_id': 'dataset_id_not_specified'}]'
[08:17:36.899237] WARNING: seems that the channels requested are custom so BiaPy did not fill some varibles by default.
You will need to fill the following variables:
    - PROBLEM.INSTANCE_SEG.WATERSHED.SEED_CHANNELS
    - PROBLEM.INSTANCE_SEG.WATERSHED.SEED_CHANNELS_THRESH
    - PROBLEM.INSTANCE_SEG.WATERSHED.TOPOGRAPHIC_SURFACE_CHANNEL
    - PROBLEM.INSTANCE_SEG.WATERSHED.GROWTH_MASK_CHANNELS
    - PROBLEM.INSTANCE_SEG.WATERSHED.GROWTH_MASK_CHANNELS_THRESH

[08:17:45.412267] ==================================================================================================================================
Layer (type:depth-idx)                                  Input Shape               Output Shape              Param #
==================================================================================================================================
U_Net                                                   [1, 3, 20, 128, 128]      [1, 4, 20, 128, 128]      --
├─ModuleList: 1-7                                       --                        --                        (recursive)
│    └─DoubleConvBlock: 2-1                             [1, 3, 20, 128, 128]      [1, 16, 20, 128, 128]     --
│    │    └─Sequential: 3-1                             [1, 3, 20, 128, 128]      [1, 16, 20, 128, 128]     --
│    │    │    └─ConvBlock: 4-1                         [1, 3, 20, 128, 128]      [1, 16, 20, 128, 128]     --
│    │    │    │    └─Sequential: 5-1                   [1, 3, 20, 128, 128]      [1, 16, 20, 128, 128]     --
│    │    │    │    │    └─Conv3d: 6-1                  [1, 3, 20, 128, 128]      [1, 16, 20, 128, 128]     1,312
│    │    │    │    │    └─BatchNorm3d: 6-2             [1, 16, 20, 128, 128]     [1, 16, 20, 128, 128]     32
│    │    │    │    │    └─ELU: 6-3                     [1, 16, 20, 128, 128]     [1, 16, 20, 128, 128]     --
│    │    │    └─ConvBlock: 4-2                         [1, 16, 20, 128, 128]     [1, 16, 20, 128, 128]     --
│    │    │    │    └─Sequential: 5-2                   [1, 16, 20, 128, 128]     [1, 16, 20, 128, 128]     --
│    │    │    │    │    └─Conv3d: 6-4                  [1, 16, 20, 128, 128]     [1, 16, 20, 128, 128]     6,928
│    │    │    │    │    └─BatchNorm3d: 6-5             [1, 16, 20, 128, 128]     [1, 16, 20, 128, 128]     32
│    │    │    │    │    └─ELU: 6-6                     [1, 16, 20, 128, 128]     [1, 16, 20, 128, 128]     --
├─ModuleList: 1-8                                       --                        --                        --
│    └─MaxPool3d: 2-2                                   [1, 16, 20, 128, 128]     [1, 16, 20, 64, 64]       --
├─ModuleList: 1-7                                       --                        --                        (recursive)
│    └─DoubleConvBlock: 2-3                             [1, 16, 20, 64, 64]       [1, 32, 20, 64, 64]       --
│    │    └─Sequential: 3-2                             [1, 16, 20, 64, 64]       [1, 32, 20, 64, 64]       --
│    │    │    └─ConvBlock: 4-3                         [1, 16, 20, 64, 64]       [1, 32, 20, 64, 64]       --
│    │    │    │    └─Sequential: 5-3                   [1, 16, 20, 64, 64]       [1, 32, 20, 64, 64]       --
│    │    │    │    │    └─Conv3d: 6-7                  [1, 16, 20, 64, 64]       [1, 32, 20, 64, 64]       13,856
│    │    │    │    │    └─BatchNorm3d: 6-8             [1, 32, 20, 64, 64]       [1, 32, 20, 64, 64]       64
│    │    │    │    │    └─ELU: 6-9                     [1, 32, 20, 64, 64]       [1, 32, 20, 64, 64]       --
│    │    │    └─ConvBlock: 4-4                         [1, 32, 20, 64, 64]       [1, 32, 20, 64, 64]       --
│    │    │    │    └─Sequential: 5-4                   [1, 32, 20, 64, 64]       [1, 32, 20, 64, 64]       --
│    │    │    │    │    └─Conv3d: 6-10                 [1, 32, 20, 64, 64]       [1, 32, 20, 64, 64]       27,680
│    │    │    │    │    └─BatchNorm3d: 6-11            [1, 32, 20, 64, 64]       [1, 32, 20, 64, 64]       64
│    │    │    │    │    └─ELU: 6-12                    [1, 32, 20, 64, 64]       [1, 32, 20, 64, 64]       --
├─ModuleList: 1-8                                       --                        --                        --
│    └─MaxPool3d: 2-4                                   [1, 32, 20, 64, 64]       [1, 32, 20, 32, 32]       --
├─ModuleList: 1-7                                       --                        --                        (recursive)
│    └─DoubleConvBlock: 2-5                             [1, 32, 20, 32, 32]       [1, 64, 20, 32, 32]       --
│    │    └─Sequential: 3-3                             [1, 32, 20, 32, 32]       [1, 64, 20, 32, 32]       --
│    │    │    └─ConvBlock: 4-5                         [1, 32, 20, 32, 32]       [1, 64, 20, 32, 32]       --
│    │    │    │    └─Sequential: 5-5                   [1, 32, 20, 32, 32]       [1, 64, 20, 32, 32]       --
│    │    │    │    │    └─Conv3d: 6-13                 [1, 32, 20, 32, 32]       [1, 64, 20, 32, 32]       55,360
│    │    │    │    │    └─BatchNorm3d: 6-14            [1, 64, 20, 32, 32]       [1, 64, 20, 32, 32]       128
│    │    │    │    │    └─ELU: 6-15                    [1, 64, 20, 32, 32]       [1, 64, 20, 32, 32]       --
│    │    │    └─ConvBlock: 4-6                         [1, 64, 20, 32, 32]       [1, 64, 20, 32, 32]       --
│    │    │    │    └─Sequential: 5-6                   [1, 64, 20, 32, 32]       [1, 64, 20, 32, 32]       --
│    │    │    │    │    └─Conv3d: 6-16                 [1, 64, 20, 32, 32]       [1, 64, 20, 32, 32]       110,656
│    │    │    │    │    └─BatchNorm3d: 6-17            [1, 64, 20, 32, 32]       [1, 64, 20, 32, 32]       128
│    │    │    │    │    └─ELU: 6-18                    [1, 64, 20, 32, 32]       [1, 64, 20, 32, 32]       --
├─ModuleList: 1-8                                       --                        --                        --
│    └─MaxPool3d: 2-6                                   [1, 64, 20, 32, 32]       [1, 64, 20, 16, 16]       --
├─ModuleList: 1-7                                       --                        --                        (recursive)
│    └─DoubleConvBlock: 2-7                             [1, 64, 20, 16, 16]       [1, 128, 20, 16, 16]      --
│    │    └─Sequential: 3-4                             [1, 64, 20, 16, 16]       [1, 128, 20, 16, 16]      --
│    │    │    └─ConvBlock: 4-7                         [1, 64, 20, 16, 16]       [1, 128, 20, 16, 16]      --
│    │    │    │    └─Sequential: 5-7                   [1, 64, 20, 16, 16]       [1, 128, 20, 16, 16]      --
│    │    │    │    │    └─Conv3d: 6-19                 [1, 64, 20, 16, 16]       [1, 128, 20, 16, 16]      221,312
│    │    │    │    │    └─BatchNorm3d: 6-20            [1, 128, 20, 16, 16]      [1, 128, 20, 16, 16]      256
│    │    │    │    │    └─ELU: 6-21                    [1, 128, 20, 16, 16]      [1, 128, 20, 16, 16]      --
│    │    │    └─ConvBlock: 4-8                         [1, 128, 20, 16, 16]      [1, 128, 20, 16, 16]      --
│    │    │    │    └─Sequential: 5-8                   [1, 128, 20, 16, 16]      [1, 128, 20, 16, 16]      --
│    │    │    │    │    └─Conv3d: 6-22                 [1, 128, 20, 16, 16]      [1, 128, 20, 16, 16]      442,496
│    │    │    │    │    └─BatchNorm3d: 6-23            [1, 128, 20, 16, 16]      [1, 128, 20, 16, 16]      256
│    │    │    │    │    └─ELU: 6-24                    [1, 128, 20, 16, 16]      [1, 128, 20, 16, 16]      --
├─ModuleList: 1-8                                       --                        --                        --
│    └─MaxPool3d: 2-8                                   [1, 128, 20, 16, 16]      [1, 128, 20, 8, 8]        --
├─DoubleConvBlock: 1-9                                  [1, 128, 20, 8, 8]        [1, 256, 20, 8, 8]        --
│    └─Sequential: 2-9                                  [1, 128, 20, 8, 8]        [1, 256, 20, 8, 8]        --
│    │    └─ConvBlock: 3-5                              [1, 128, 20, 8, 8]        [1, 256, 20, 8, 8]        --
│    │    │    └─Sequential: 4-9                        [1, 128, 20, 8, 8]        [1, 256, 20, 8, 8]        --
│    │    │    │    └─Conv3d: 5-9                       [1, 128, 20, 8, 8]        [1, 256, 20, 8, 8]        884,992
│    │    │    │    └─BatchNorm3d: 5-10                 [1, 256, 20, 8, 8]        [1, 256, 20, 8, 8]        512
│    │    │    │    └─ELU: 5-11                         [1, 256, 20, 8, 8]        [1, 256, 20, 8, 8]        --
│    │    └─ConvBlock: 3-6                              [1, 256, 20, 8, 8]        [1, 256, 20, 8, 8]        --
│    │    │    └─Sequential: 4-10                       [1, 256, 20, 8, 8]        [1, 256, 20, 8, 8]        --
│    │    │    │    └─Conv3d: 5-12                      [1, 256, 20, 8, 8]        [1, 256, 20, 8, 8]        1,769,728
│    │    │    │    └─BatchNorm3d: 5-13                 [1, 256, 20, 8, 8]        [1, 256, 20, 8, 8]        512
│    │    │    │    └─ELU: 5-14                         [1, 256, 20, 8, 8]        [1, 256, 20, 8, 8]        --
├─ModuleList: 1-10                                      --                        --                        --
│    └─UpBlock: 2-10                                    [1, 256, 20, 8, 8]        [1, 128, 20, 16, 16]      --
│    │    └─Sequential: 3-7                             [1, 256, 20, 8, 8]        [1, 128, 20, 16, 16]      --
│    │    │    └─ConvTranspose3d: 4-11                  [1, 256, 20, 8, 8]        [1, 128, 20, 16, 16]      131,200
│    │    │    └─BatchNorm3d: 4-12                      [1, 128, 20, 16, 16]      [1, 128, 20, 16, 16]      256
│    │    │    └─ELU: 4-13                              [1, 128, 20, 16, 16]      [1, 128, 20, 16, 16]      --
│    │    └─DoubleConvBlock: 3-8                        [1, 256, 20, 16, 16]      [1, 128, 20, 16, 16]      --
│    │    │    └─Sequential: 4-14                       [1, 256, 20, 16, 16]      [1, 128, 20, 16, 16]      --
│    │    │    │    └─ConvBlock: 5-15                   [1, 256, 20, 16, 16]      [1, 128, 20, 16, 16]      --
│    │    │    │    │    └─Sequential: 6-25             [1, 256, 20, 16, 16]      [1, 128, 20, 16, 16]      --
│    │    │    │    │    │    └─Conv3d: 7-1             [1, 256, 20, 16, 16]      [1, 128, 20, 16, 16]      884,864
│    │    │    │    │    │    └─BatchNorm3d: 7-2        [1, 128, 20, 16, 16]      [1, 128, 20, 16, 16]      256
│    │    │    │    │    │    └─ELU: 7-3                [1, 128, 20, 16, 16]      [1, 128, 20, 16, 16]      --
│    │    │    │    └─ConvBlock: 5-16                   [1, 128, 20, 16, 16]      [1, 128, 20, 16, 16]      --
│    │    │    │    │    └─Sequential: 6-26             [1, 128, 20, 16, 16]      [1, 128, 20, 16, 16]      --
│    │    │    │    │    │    └─Conv3d: 7-4             [1, 128, 20, 16, 16]      [1, 128, 20, 16, 16]      442,496
│    │    │    │    │    │    └─BatchNorm3d: 7-5        [1, 128, 20, 16, 16]      [1, 128, 20, 16, 16]      256
│    │    │    │    │    │    └─ELU: 7-6                [1, 128, 20, 16, 16]      [1, 128, 20, 16, 16]      --
│    └─UpBlock: 2-11                                    [1, 128, 20, 16, 16]      [1, 64, 20, 32, 32]       --
│    │    └─Sequential: 3-9                             [1, 128, 20, 16, 16]      [1, 64, 20, 32, 32]       --
│    │    │    └─ConvTranspose3d: 4-15                  [1, 128, 20, 16, 16]      [1, 64, 20, 32, 32]       32,832
│    │    │    └─BatchNorm3d: 4-16                      [1, 64, 20, 32, 32]       [1, 64, 20, 32, 32]       128
│    │    │    └─ELU: 4-17                              [1, 64, 20, 32, 32]       [1, 64, 20, 32, 32]       --
│    │    └─DoubleConvBlock: 3-10                       [1, 128, 20, 32, 32]      [1, 64, 20, 32, 32]       --
│    │    │    └─Sequential: 4-18                       [1, 128, 20, 32, 32]      [1, 64, 20, 32, 32]       --
│    │    │    │    └─ConvBlock: 5-17                   [1, 128, 20, 32, 32]      [1, 64, 20, 32, 32]       --
│    │    │    │    │    └─Sequential: 6-27             [1, 128, 20, 32, 32]      [1, 64, 20, 32, 32]       --
│    │    │    │    │    │    └─Conv3d: 7-7             [1, 128, 20, 32, 32]      [1, 64, 20, 32, 32]       221,248
│    │    │    │    │    │    └─BatchNorm3d: 7-8        [1, 64, 20, 32, 32]       [1, 64, 20, 32, 32]       128
│    │    │    │    │    │    └─ELU: 7-9                [1, 64, 20, 32, 32]       [1, 64, 20, 32, 32]       --
│    │    │    │    └─ConvBlock: 5-18                   [1, 64, 20, 32, 32]       [1, 64, 20, 32, 32]       --
│    │    │    │    │    └─Sequential: 6-28             [1, 64, 20, 32, 32]       [1, 64, 20, 32, 32]       --
│    │    │    │    │    │    └─Conv3d: 7-10            [1, 64, 20, 32, 32]       [1, 64, 20, 32, 32]       110,656
│    │    │    │    │    │    └─BatchNorm3d: 7-11       [1, 64, 20, 32, 32]       [1, 64, 20, 32, 32]       128
│    │    │    │    │    │    └─ELU: 7-12               [1, 64, 20, 32, 32]       [1, 64, 20, 32, 32]       --
│    └─UpBlock: 2-12                                    [1, 64, 20, 32, 32]       [1, 32, 20, 64, 64]       --
│    │    └─Sequential: 3-11                            [1, 64, 20, 32, 32]       [1, 32, 20, 64, 64]       --
│    │    │    └─ConvTranspose3d: 4-19                  [1, 64, 20, 32, 32]       [1, 32, 20, 64, 64]       8,224
│    │    │    └─BatchNorm3d: 4-20                      [1, 32, 20, 64, 64]       [1, 32, 20, 64, 64]       64
│    │    │    └─ELU: 4-21                              [1, 32, 20, 64, 64]       [1, 32, 20, 64, 64]       --
│    │    └─DoubleConvBlock: 3-12                       [1, 64, 20, 64, 64]       [1, 32, 20, 64, 64]       --
│    │    │    └─Sequential: 4-22                       [1, 64, 20, 64, 64]       [1, 32, 20, 64, 64]       --
│    │    │    │    └─ConvBlock: 5-19                   [1, 64, 20, 64, 64]       [1, 32, 20, 64, 64]       --
│    │    │    │    │    └─Sequential: 6-29             [1, 64, 20, 64, 64]       [1, 32, 20, 64, 64]       --
│    │    │    │    │    │    └─Conv3d: 7-13            [1, 64, 20, 64, 64]       [1, 32, 20, 64, 64]       55,328
│    │    │    │    │    │    └─BatchNorm3d: 7-14       [1, 32, 20, 64, 64]       [1, 32, 20, 64, 64]       64
│    │    │    │    │    │    └─ELU: 7-15               [1, 32, 20, 64, 64]       [1, 32, 20, 64, 64]       --
│    │    │    │    └─ConvBlock: 5-20                   [1, 32, 20, 64, 64]       [1, 32, 20, 64, 64]       --
│    │    │    │    │    └─Sequential: 6-30             [1, 32, 20, 64, 64]       [1, 32, 20, 64, 64]       --
│    │    │    │    │    │    └─Conv3d: 7-16            [1, 32, 20, 64, 64]       [1, 32, 20, 64, 64]       27,680
│    │    │    │    │    │    └─BatchNorm3d: 7-17       [1, 32, 20, 64, 64]       [1, 32, 20, 64, 64]       64
│    │    │    │    │    │    └─ELU: 7-18               [1, 32, 20, 64, 64]       [1, 32, 20, 64, 64]       --
│    └─UpBlock: 2-13                                    [1, 32, 20, 64, 64]       [1, 16, 20, 128, 128]     --
│    │    └─Sequential: 3-13                            [1, 32, 20, 64, 64]       [1, 16, 20, 128, 128]     --
│    │    │    └─ConvTranspose3d: 4-23                  [1, 32, 20, 64, 64]       [1, 16, 20, 128, 128]     2,064
│    │    │    └─BatchNorm3d: 4-24                      [1, 16, 20, 128, 128]     [1, 16, 20, 128, 128]     32
│    │    │    └─ELU: 4-25                              [1, 16, 20, 128, 128]     [1, 16, 20, 128, 128]     --
│    │    └─DoubleConvBlock: 3-14                       [1, 32, 20, 128, 128]     [1, 16, 20, 128, 128]     --
│    │    │    └─Sequential: 4-26                       [1, 32, 20, 128, 128]     [1, 16, 20, 128, 128]     --
│    │    │    │    └─ConvBlock: 5-21                   [1, 32, 20, 128, 128]     [1, 16, 20, 128, 128]     --
│    │    │    │    │    └─Sequential: 6-31             [1, 32, 20, 128, 128]     [1, 16, 20, 128, 128]     --
│    │    │    │    │    │    └─Conv3d: 7-19            [1, 32, 20, 128, 128]     [1, 16, 20, 128, 128]     13,840
│    │    │    │    │    │    └─BatchNorm3d: 7-20       [1, 16, 20, 128, 128]     [1, 16, 20, 128, 128]     32
│    │    │    │    │    │    └─ELU: 7-21               [1, 16, 20, 128, 128]     [1, 16, 20, 128, 128]     --
│    │    │    │    └─ConvBlock: 5-22                   [1, 16, 20, 128, 128]     [1, 16, 20, 128, 128]     --
│    │    │    │    │    └─Sequential: 6-32             [1, 16, 20, 128, 128]     [1, 16, 20, 128, 128]     --
│    │    │    │    │    │    └─Conv3d: 7-22            [1, 16, 20, 128, 128]     [1, 16, 20, 128, 128]     6,928
│    │    │    │    │    │    └─BatchNorm3d: 7-23       [1, 16, 20, 128, 128]     [1, 16, 20, 128, 128]     32
│    │    │    │    │    │    └─ELU: 7-24               [1, 16, 20, 128, 128]     [1, 16, 20, 128, 128]     --
├─Conv3d: 1-11                                          [1, 16, 20, 128, 128]     [1, 4, 20, 128, 128]      68
==================================================================================================================================
Total params: 5,475,172
Trainable params: 5,475,172
Non-trainable params: 0
Total mult-adds (Units.GIGABYTES): 46.21
==================================================================================================================================
Input size (MB): 3.93
Forward/backward pass size (MB): 807.40
Params size (MB): 21.90
Estimated Total Size (MB): 833.24
==================================================================================================================================
[08:17:45.481310] Loading checkpoint from file metrics/biapy/train_Dn_0707/checkpoints/train_Dn_0707_1-checkpoint-best.pth
[08:17:45.609815] Model weights loaded!
[08:17:45.610726] ############################
[08:17:45.610746] #  PREPARE TEST GENERATOR  #
[08:17:45.610751] ############################
[08:18:47.261415] ###############
[08:18:47.261905] #  INFERENCE  #
[08:18:47.261914] ###############
[08:18:47.261921] Making predictions on test data . . .
[08:19:43.879491] Processing image: JRC_SS04989-20160318_24_A2.zarr.tiff (GT: JRC_SS04989-20160318_24_A2.zarr_seg.tif)
[08:19:43.880143] ### 3D-OV-CROP ###
[08:19:43.880173] Cropping (390, 680, 680, 3) images into (20, 128, 128, 3) with overlapping . . .
[08:19:43.880181] Minimum overlap selected: (0, 0, 0)
[08:19:43.880187] Padding: (4, 16, 16)
[08:19:49.703345] Real overlapping (%): (0.0, 0.125, 0.125)
[08:19:49.703423] Real overlapping (pixels): (0.0, 12.0, 12.0)
[08:19:49.703435] (33, 8, 8) patches per (z,y,x) axis
[08:21:16.732017] **** New data shape is: (2112, 20, 128, 128, 3)
[08:21:16.732617] ### END 3D-OV-CROP ###
[08:25:17.652813] ### MERGE-3D-OV-CROP ###
[08:25:17.660034] Merging (2112, 20, 128, 128, 4) images into (390, 680, 680, 4) with overlapping . . .
[08:25:17.660042] Minimum overlap selected: (0, 0, 0)
[08:25:17.660047] Padding: (4, 16, 16)
[08:25:17.660134] Real overlapping (%): (0.0, 0.125, 0.125)
[08:25:17.660140] Real overlapping (pixels): (0.0, 12.0, 12.0)
[08:25:17.660145] (33, 8, 8) patches per (z,y,x) axis
