SBATCH Run: biapy-debug.yaml, mode: train, job-name: biapy-debug, run-id: 0
running BiaPy/run_biapy-py.py
Date     : 2026-08-05 15:57:20
Arguments: Namespace(config='BiaPy/configs/biapy-debug.yaml', result_dir='metrics/biapy', name='biapy-debug', run_id='0', gpu='0', world_size=1, local_rank=-1, dist_on_itp=False, dist_url='env://', dist_backend='nccl')
Job      : biapy-debug_0
BiaPy    : 3.7.0
Python   : 3.11.15 | packaged by conda-forge | (main, Jun 11 2026, 03:34:02) [GCC 14.3.0]
PyTorch  : 2.12.1+cu130
The following changes were made in order to adapt the input configuration:
Not using distributed mode
[15:57:21.312521] **** Using GPU: 'cuda' for training
[15:57:21.402792] CPU budget(total)=6 | per_rank=6 | main_threads=4 | num_workers(per_rank)=1 | world_size=1
[15:57:21.423343] Configuration details:
[15:57:21.423372] AUGMENTOR:
  AFFINE_MODE: reflect
  AUG_NUM_SAMPLES: 10
  AUG_SAMPLES: True
  BRIGHTNESS: False
  BRIGHTNESS_FACTOR: (-0.1, 0.1)
  BRIGHTNESS_PROB: 0.5
  CBLUR_DOWN_RANGE: (2, 8)
  CBLUR_INSIDE: True
  CBLUR_SIZE: (0.2, 0.4)
  CHANNEL_SHUFFLE: False
  CHANNEL_SHUFFLE_PROB: 0.5
  CMIX_SIZE: (0.2, 0.4)
  CNOISE_NB_ITERATIONS: (1, 3)
  CNOISE_SCALE: (0.05, 0.1)
  CNOISE_SIZE: (0.2, 0.4)
  CONTRAST: False
  CONTRAST_FACTOR: (-0.1, 0.1)
  CONTRAST_PROB: 0.5
  COUT_APPLY_TO_MASK: False
  COUT_CVAL: 0.0
  COUT_NB_ITERATIONS: (1, 3)
  COUT_SIZE: (0.05, 0.3)
  CUTBLUR: False
  CUTBLUR_PROB: 0.5
  CUTMIX: False
  CUTMIX_PROB: 0.5
  CUTNOISE: False
  CUTNOISE_PROB: 0.5
  CUTOUT: False
  CUTOUT_PROB: 0.5
  DRAW_GRID: True
  DROPOUT: False
  DROPOUT_PROB: 0.5
  DROP_RANGE: (0, 0.2)
  ELASTIC: False
  ELASTIC_PROB: 0.5
  ENABLE: True
  E_ALPHA: (12, 16)
  E_MODE: constant
  E_SIGMA: 4
  GAMMA_CONTRAST: False
  GAMMA_CONTRAST_PROB: 0.5
  GAUSSIAN_NOISE: False
  GAUSSIAN_NOISE_MEAN: 0.0
  GAUSSIAN_NOISE_PROB: 0.5
  GAUSSIAN_NOISE_USE_INPUT_IMG_MEAN_AND_VAR: False
  GAUSSIAN_NOISE_VAR: 0.05
  GC_GAMMA: (1.25, 1.75)
  GRAYSCALE: False
  GRAYSCALE_PROB: 0.5
  GRIDMASK: False
  GRIDMASK_PROB: 0.5
  GRID_D_RANGE: (0.4, 1)
  GRID_INVERT: False
  GRID_RATIO: 0.6
  GRID_ROTATE: 1.0
  G_BLUR: False
  G_BLUR_PROB: 0.5
  G_SIGMA: (1.0, 2.0)
  HFLIP: True
  HFLIP_PROB: 0.5
  MB_KERNEL: (3, 7)
  MEDIAN_BLUR: False
  MEDIAN_BLUR_PROB: 0.5
  MISALIGNMENT: False
  MISALIGNMENT_PROB: 0.5
  MISSING_SECTIONS: False
  MISSING_SECTIONS_PROB: 0.5
  MISSP_CHANNEL_PB: 0.5
  MISSP_ITERATIONS: (10, 30)
  MOTB_K_RANGE: (8, 12)
  MOTION_BLUR: False
  MOTION_BLUR_PROB: 0.5
  MS_DISPLACEMENT: 16
  MS_ROTATE_RATIO: 0.5
  PEPPER: False
  PEPPER_AMOUNT: 0.05
  PEPPER_PROB: 0.5
  POISSON_NOISE: False
  POISSON_NOISE_PROB: 0.5
  RANDOM_ROT: True
  RANDOM_ROT_PROB: 0.5
  RANDOM_ROT_RANGE: (-180, 180)
  ROT90: False
  ROT90_PROB: 0.5
  SALT: False
  SALT_AMOUNT: 0.05
  SALT_AND_PEPPER: False
  SALT_AND_PEPPER_AMOUNT: 0.05
  SALT_AND_PEPPER_PROB: 0.5
  SALT_AND_PEPPER_PROP: 0.5
  SALT_PROB: 0.5
  SHEAR: False
  SHEAR_PROB: 0.5
  SHEAR_RANGE: (-20, 20)
  SHIFT: False
  SHIFT_PROB: 0.5
  SHIFT_RANGE: (0.1, 0.2)
  SHUFFLE_TRAIN_DATA_EACH_EPOCH: True
  SHUFFLE_VAL_DATA_EACH_EPOCH: False
  VFLIP: True
  VFLIP_PROB: 0.5
  ZFLIP: True
  ZFLIP_PROB: 0.5
  ZOOM: False
  ZOOM_IN_Z: False
  ZOOM_PROB: 0.5
  ZOOM_RANGE: (0.5, 1.5)
DATA:
  CHECK_GENERATORS: False
  FILTER_BY_IMAGE: False
  FORCE_RGB: False
  NORMALIZATION:
    PERC_CLIP:
      ENABLE: False
      LOWER_PERC: -1.0
      LOWER_VALUE: [-1.0]
      UPPER_PERC: -1.0
      UPPER_VALUE: [-1.0]
    TYPE: zero_mean_unit_variance
    ZERO_MEAN_UNIT_VAR:
      MEAN_VAL: [-1.0]
      STD_VAL: [-1.0]
  N_CLASSES: 2
  PATCH_SIZE: (20, 128, 128, 3)
  PREPROCESS:
    CANNY:
      ENABLE: False
      HIGH_THRESHOLD: None
      LOW_THRESHOLD: None
    CLAHE:
      CLIP_LIMIT: 0.01
      ENABLE: False
      KERNEL_SIZE: None
    GAUSSIAN_BLUR:
      CHANNEL_AXIS: None
      ENABLE: False
      MODE: nearest
      SIGMA: 1
    MATCH_HISTOGRAM:
      ENABLE: False
      REFERENCE_PATH: user_data/test/x
    MEDIAN_BLUR:
      ENABLE: False
      KERNEL_SIZE: (3, 3, 1)
    RESIZE:
      ANTI_ALIASING: False
      CLIP: True
      CVAL: 0.0
      ENABLE: False
      MODE: reflect
      ORDER: 1
      OUTPUT_SHAPE: (512, 512)
      PRESERVE_RANGE: True
    TEST: False
    TRAIN: False
    VAL: False
    ZOOM:
      ENABLE: False
      ZOOM_FACTOR: [1, 1, 1, 1, 1]
  REFLECT_TO_COMPLETE_SHAPE: True
  SAVE_FILTERED_IMAGES: False
  SAVE_FILTERED_IMAGES_NUM: 3
  TEST:
    BINARY_MASKS: fisbe/biapy-debug/test/raw/../bin_mask
    CHECK_DATA: True
    DETECTION_MASK_DIR: fisbe/biapy-debug/test/label_detection_masks_2
    FILTER_SAMPLES:
      ENABLE: False
      NORM_BEFORE: False
      PROPS: []
      SIGNS: []
      VALUES: []
    GT_PATH: fisbe/biapy-debug/test/label
    INPUT_IMG_AXES_ORDER: TZCYX
    INPUT_MASK_AXES_ORDER: TZCYX
    INPUT_ZARR_MULTIPLE_DATA: False
    INPUT_ZARR_MULTIPLE_DATA_GT_PATH: 
    INPUT_ZARR_MULTIPLE_DATA_ID_PATH: annotations.ids
    INPUT_ZARR_MULTIPLE_DATA_LOCATIONS_PATH: annotations.locations
    INPUT_ZARR_MULTIPLE_DATA_PARTNERS_PATH: annotations.presynaptic_site.partners
    INPUT_ZARR_MULTIPLE_DATA_RAW_PATH: 
    INPUT_ZARR_MULTIPLE_DATA_RESOLUTION_PATH: volumes.raw
    INSTANCE_CHANNELS_MASK_DIR: fisbe/biapy-debug/test/label_F.erosion-0.dilation-0_C.mode-thick_Db.val_type-norm.act-sigmoid.mask_values-True_Dn.closing_size-3.norm-True.mask_values-True.decline_power-3
    IN_MEMORY: True
    LOAD_GT: True
    MEDIAN_PADDING: False
    OVERLAP: (0, 0, 0)
    PADDING: (4, 16, 16)
    PATH: fisbe/biapy-debug/test/raw
    RESOLUTION: (1, 1, 1)
    SSL_SOURCE_DIR: fisbe/biapy-debug/test/raw_ssl_source
    USE_VAL_AS_TEST: False
  TRAIN:
    CHECK_DATA: True
    DETECTION_MASK_DIR: fisbe/biapy-debug/train/label_detection_masks_2
    EXTRACT_RANDOM_PATCH: False
    FILTER_SAMPLES:
      ENABLE: False
      NORM_BEFORE: False
      PROPS: []
      SIGNS: []
      VALUES: []
    GT_PATH: fisbe/biapy-debug/train/label
    INPUT_IMG_AXES_ORDER: TZCYX
    INPUT_MASK_AXES_ORDER: TZCYX
    INPUT_ZARR_MULTIPLE_DATA: False
    INPUT_ZARR_MULTIPLE_DATA_GT_PATH: 
    INPUT_ZARR_MULTIPLE_DATA_ID_PATH: annotations.ids
    INPUT_ZARR_MULTIPLE_DATA_LOCATIONS_PATH: annotations.locations
    INPUT_ZARR_MULTIPLE_DATA_PARTNERS_PATH: annotations.presynaptic_site.partners
    INPUT_ZARR_MULTIPLE_DATA_RAW_PATH: 
    INPUT_ZARR_MULTIPLE_DATA_RESOLUTION_PATH: volumes.raw
    INSTANCE_CHANNELS_MASK_DIR: fisbe/biapy-debug/train/label_F.erosion-0.dilation-0_C.mode-thick_Db.val_type-norm.act-sigmoid.mask_values-True_Dn.closing_size-3.norm-True.mask_values-True.decline_power-3
    IN_MEMORY: True
    OVERLAP: (0, 0, 0)
    PADDING: (0, 0, 0)
    PATH: fisbe/biapy-debug/train/raw
    PROBABILITY_MAP: False
    REPLICATE: 0
    RESOLUTION: (1, 1, 1)
    SSL_SOURCE_DIR: fisbe/biapy-debug/train/raw_ssl_source
    W_BACKGROUND: 0.06
    W_FOREGROUND: 0.94
  VAL:
    CROSS_VAL: False
    CROSS_VAL_FOLD: 1
    CROSS_VAL_NFOLD: 5
    DETECTION_MASK_DIR: fisbe/biapy-debug/val/label_detection_masks_2
    DIST_EVAL: True
    FILTER_SAMPLES:
      ENABLE: False
      NORM_BEFORE: False
      PROPS: []
      SIGNS: []
      VALUES: []
    FROM_TRAIN: True
    GT_PATH: fisbe/biapy-debug/val/label
    INPUT_IMG_AXES_ORDER: TZCYX
    INPUT_MASK_AXES_ORDER: TZCYX
    INPUT_ZARR_MULTIPLE_DATA: False
    INPUT_ZARR_MULTIPLE_DATA_GT_PATH: 
    INPUT_ZARR_MULTIPLE_DATA_ID_PATH: annotations.ids
    INPUT_ZARR_MULTIPLE_DATA_LOCATIONS_PATH: annotations.locations
    INPUT_ZARR_MULTIPLE_DATA_PARTNERS_PATH: annotations.presynaptic_site.partners
    INPUT_ZARR_MULTIPLE_DATA_RAW_PATH: 
    INPUT_ZARR_MULTIPLE_DATA_RESOLUTION_PATH: volumes.raw
    INSTANCE_CHANNELS_MASK_DIR: fisbe/biapy-debug/val/label_F.erosion-0.dilation-0_C.mode-thick_Db.val_type-norm.act-sigmoid.mask_values-True_Dn.closing_size-3.norm-True.mask_values-True.decline_power-3
    IN_MEMORY: True
    OVERLAP: (0, 0, 0)
    PADDING: (0, 0, 0)
    PATH: fisbe/biapy-debug/val/raw
    RANDOM: True
    RESOLUTION: (1, 1, 1)
    SPLIT_TRAIN: 0.1
    SSL_SOURCE_DIR: fisbe/biapy-debug/val/raw_ssl_source
LOG:
  CHART_CREATION_FREQ: 5
  LOG_DIR: metrics/biapy/biapy-debug/logs
  LOG_FILE_PREFIX: biapy-debug_0
  TENSORBOARD_LOG_DIR: metrics/biapy/biapy-debug/results/biapy-debug_0/tensorboard
LOSS:
  CLASS_REBALANCE: none
  CLASS_WEIGHTS: []
  CONTRAST:
    ENABLE: False
    MEMORY_SIZE: 5000
    PIXEL_UPD_FREQ: 10
    PROJ_DIM: 256
  CYCLEGAN:
    ALPHA_PERCEPTUAL: 0.0
    DELTA_MSE: 0.0
    GAMMA_SSIM: 1.0
    LAMBDA_GAN: 1.0
    LAMBDA_RECON: 10.0
  IGNORE_INDEX: -1
  TYPE: 
  WEIGHTS: [1.0, 1.0]
MODEL:
  ACTIVATION: elu
  ARCHITECTURE: unet
  BMZ:
    EXPORT:
      AUTHORS: []
      CITE: []
      DATASET_INFO: [{}]
      DESCRIPTION: 
      DOCUMENTATION: 
      ENABLE: False
      LICENSE: CC-BY-4.0
      MODEL_NAME: 
      MODEL_VERSION: 0.1.0
      REUSE_BMZ_CONFIG: False
      TAGS: []
    SOURCE_MODEL_ID: 
  CONVNEXT_LAYER_SCALE: 1e-06
  CONVNEXT_SD_PROB: 0.1
  CONVNEXT_STEM_K_SIZE: 2
  CONV_BLOCK_ORDER: conv_norm_act
  CONV_LAYERS: [2, 2, 2, 2, 2]
  DROPOUT_VALUES: [0.0, 0.0, 0.0, 0.0, 0.0]
  FEATURE_MAPS: [16, 32, 64, 128, 256]
  FREEZE_LAYERS_MATCHING: []
  HRNET:
    BLOCK_TYPE: BASIC
    HEAD_TYPE: FCN
    NUM_BLOCKS: [[4, 4], [4, 4, 4], [4, 4, 4, 4]]
    NUM_BRANCHES: [2, 3, 4]
    NUM_CHANNELS: [[18, 36], [18, 36, 72], [18, 36, 72, 144]]
    NUM_MODULES: [1, 4, 3]
    NUM_STAGES: 3
    VARIANT: W48
    YX_DOWN: [0, 0, 0]
    Z_DOWN: [0, 0, 0]
  ISOTROPY: [True, True, True, True, True]
  ITEMS_TO_LOAD_FROM_CHECKPOINT: ['weights', 'norm', 'model_arch']
  KERNEL_SIZE: 3
  LARGER_IO: False
  LOAD_CHECKPOINT: False
  LOAD_CHECKPOINT_EPOCH: best_on_val
  MAE_DEC_HIDDEN_SIZE: 512
  MAE_DEC_MLP_DIMS: 2048
  MAE_DEC_NUM_HEADS: 16
  MAE_DEC_NUM_LAYERS: 8
  MAE_MASK_RATIO: 0.5
  MAE_MASK_TYPE: grid
  NAFNET:
    ARCHITECTURE_D: patchgan
    DEC_BLK_NUMS: [2, 2, 2, 2]
    DW_EXPAND: 2
    ENC_BLK_NUMS: [2, 2, 4, 8]
    FFN_EXPAND: 2
    MIDDLE_BLK_NUM: 12
    PATCHGAN:
      BASE_FILTERS: 64
    WIDTH: 16
  NORMALIZATION: in
  OUT_CHECKPOINT_FORMAT: pth
  RCAN_CONV_FILTERS: 16
  RCAN_RCAB_BLOCK_NUM: 20
  RCAN_REDUCTION_RATIO: 16
  RCAN_RG_BLOCK_NUM: 10
  RCAN_UPSCALING_LAYER: True
  SAVE_CKPT_FREQ: -1
  SKIP_UNMATCHED_LAYERS: False
  SOURCE: biapy
  STUNET:
    PRETRAINED: False
    VARIANT: base
  TORCHVISION_MODEL_NAME: 
  UNETR_VIT_HIDD_MULT: -1
  UNETR_VIT_MODEL: custom
  UNETR_VIT_NUM_FILTERS: 16
  UNET_SR_UPSAMPLE_POSITION: pre
  UPSAMPLE_LAYER: convtranspose
  VIT_EMBED_DIM: 768
  VIT_MLP_RATIO: 4.0
  VIT_MODEL: custom
  VIT_NORM_EPS: 1e-06
  VIT_NUM_HEADS: 12
  VIT_NUM_LAYERS: 12
  VIT_PRETRAINED_WEIGHTS: 
  VIT_TOKEN_SIZE: 16
  YX_DOWN: [2, 2, 2, 2]
  Z_DOWN: [1, 1, 1, 1]
PATHS:
  BMZ_EXPORT_PATH: metrics/biapy/biapy-debug/results/biapy-debug_0/BMZ_files
  CHARTS: metrics/biapy/biapy-debug/results/biapy-debug_0/charts
  CHECKPOINT: metrics/biapy/biapy-debug/checkpoints
  CHECKPOINT_FILE: 
  DA_SAMPLES: metrics/biapy/biapy-debug/results/biapy-debug_0/aug
  FIL_SAMPLES_DIR: metrics/biapy/biapy-debug/results/biapy-debug_0/filtering_information
  GEN_CHECKS: metrics/biapy/biapy-debug/results/biapy-debug_0/gen_check
  GEN_MASK_CHECKS: metrics/biapy/biapy-debug/results/biapy-debug_0/gen_mask_check
  MAE_OUT_DIR: metrics/biapy/biapy-debug/results/biapy-debug_0/MAE_checks
  PROB_MAP_DIR: metrics/biapy/biapy-debug/prob_map
  PROB_MAP_FILENAME: prob_map.npy
  PROFILER: metrics/biapy/biapy-debug/results/biapy-debug_0/profiler
  RESULT_DIR:
    AS_3D_STACK: metrics/biapy/biapy-debug/results/biapy-debug_0/as_3d_stack
    AS_3D_STACK_BIN: metrics/biapy/biapy-debug/results/biapy-debug_0/as_3d_stack_binarized
    AS_3D_STACK_POST_PROCESSING: metrics/biapy/biapy-debug/results/biapy-debug_0/as_3d_stack_post_processing
    DET_ASSOC_POINTS: metrics/biapy/biapy-debug/results/biapy-debug_0/point_associations
    DET_LOCAL_MAX_COORDS_CHECK: metrics/biapy/biapy-debug/results/biapy-debug_0/per_image_local_max_check
    DET_LOCAL_MAX_COORDS_CHECK_POST_PROCESSING: metrics/biapy/biapy-debug/results/biapy-debug_0/per_image_local_max_check_post_processing
    FULL_IMAGE: metrics/biapy/biapy-debug/results/biapy-debug_0/full_image
    FULL_IMAGE_BIN: metrics/biapy/biapy-debug/results/biapy-debug_0/full_image_binarized
    FULL_IMAGE_INSTANCES: metrics/biapy/biapy-debug/results/biapy-debug_0/full_image_instances
    FULL_IMAGE_POST_PROCESSING: metrics/biapy/biapy-debug/results/biapy-debug_0/full_image_post_processing
    INST_ASSOC_POINTS: metrics/biapy/biapy-debug/results/biapy-debug_0/instance_associations
    PATH: metrics/biapy/biapy-debug/results/biapy-debug_0
    PER_IMAGE: metrics/biapy/biapy-debug/results/biapy-debug_0/per_image
    PER_IMAGE_BIN: metrics/biapy/biapy-debug/results/biapy-debug_0/per_image_binarized
    PER_IMAGE_INSTANCES: metrics/biapy/biapy-debug/results/biapy-debug_0/per_image_instances
    PER_IMAGE_POST_PROCESSING: metrics/biapy/biapy-debug/results/biapy-debug_0/per_image_post_processing
  TEST_FULL_GT_H5: fisbe/biapy-debug/test/label/h5
  TEST_INSTANCE_CHANNELS_CHECK: metrics/biapy/biapy-debug/results/biapy-debug_0/test_FCDbDn_instance_channels
  TRAIN_INSTANCE_CHANNELS_CHECK: metrics/biapy/biapy-debug/results/biapy-debug_0/train_FCDbDn_instance_channels
  VAL_INSTANCE_CHANNELS_CHECK: metrics/biapy/biapy-debug/results/biapy-debug_0/val_FCDbDn_instance_channels
  WATERSHED_DIR: metrics/biapy/biapy-debug/results/biapy-debug_0/watershed
PROBLEM:
  DENOISING:
    LOAD_GT_DATA: False
    N2V_MANIPULATOR: uniform_withCP
    N2V_NEIGHBORHOOD_RADIUS: 5
    N2V_PERC_PIX: 0.198
    N2V_STRUCTMASK: False
  DETECTION:
    CENTRAL_POINT_DILATION: [2]
    CHECK_POINTS_CREATED: True
    CLASS_REBALANCE_WITHIN_CHANNELS: True
    DATA_CHANNEL_WEIGHTS: (1, 1)
    DATA_CHECK_MW: False
    SEPARATED_DECODERS_DIVIDE_FEATURE_MAPS: False
    SEPARATED_DECODERS_PER_HEAD: False
  IMAGE_TO_IMAGE:
    CHANNELS_PER_HEAD_INFO: []
    MULTIPLE_RAW_ONE_TARGET_LOADER: False
    OUTPUT_CHANNELS: 1
    OUTPUT_CHANNEL_ACT: []
    SEPARATED_DECODERS_DIVIDE_FEATURE_MAPS: False
    SEPARATED_DECODERS_PER_HEAD: False
  INSTANCE_SEG:
    BORDER_EXTRA_WEIGHTS: 
    CELLPOSE:
      DIAMETER: 0.0
      DIAM_MEAN: 30.0
      FG_THRESH: 0.5
      FLOW_THRESHOLD: 0.4
      N_STEPS: 200
      SCALE_RANGE: 0.5
      TEST_DOUBLE_INFERENCE: True
    CHANNELS_PER_HEAD_INFO: []
    CLASS_REBALANCE_WITHIN_CHANNELS: True
    DATA_CHANNELS: ['F', 'C', 'Db', 'Dn']
    DATA_CHANNELS_EXTRA_OPTS: [{'F': {'erosion': 0, 'dilation': 0}, 'C': {'mode': 'thick'}, 'Db': {'val_type': 'norm', 'act': 'sigmoid', 'mask_values': True}, 'Dn': {'closing_size': 3, 'norm': True, 'mask_values': True, 'decline_power': 3}}]
    DATA_CHANNELS_LOSSES: ['bce', 'bce', 'l1', 'l1']
    DATA_CHANNEL_WEIGHTS: (1, 1, 1, 1)
    EMBEDSEG:
      FG_THRESH: 0.5
      GRID_SIZE: -1
      MIN_MASK_SUM: 0
      MIN_UNCLUSTERED_SUM: 0
      SEED_THRESH: 0.9
    INSTANCE_CREATION_PROCESS: watershed
    OMNIPOSE:
      FLOW_THRESHOLD: 0.4
      MASK_THRESHOLD: 0.0
      NITER: 0
    SEPARATED_DECODERS_DIVIDE_FEATURE_MAPS: False
    SEPARATED_DECODERS_PER_HEAD: False
    STARDIST:
      GRID: []
      NMS_IOU_THRESH: 0.3
      PROB_THRESH: 0.4
    SYNAPSES:
      BLOB_LOG_MAX_SIGMA: 10
      BLOB_LOG_MIN_SIGMA: 5
      BLOB_LOG_NUM_SIGMA: 2
      EXCLUDE_BORDER: False
      MIN_TH_TO_BE_PEAK: 0.2
      PEAK_LOCAL_MAX_MIN_DISTANCE: 1
      POINT_CREATION_FUNCTION: peak_local_max
      REMOVE_CLOSE_POINTS_RADIUS_BY_MASK: False
      REMOVE_CLOSE_POST_POINTS_RADIUS: 0
      REMOVE_CLOSE_PRE_POINTS_RADIUS: 0
      TH_TYPE: auto
    TYPE: regular
    WATERSHED:
      BY_2D_SLICES: False
      DATA_CHECK_MW: True
      DATA_REMOVE_BEFORE_MW: True
      DATA_REMOVE_SMALL_OBJ_BEFORE: 500
      ERODE_AND_DILATE_GROWTH_MASK: True
      FORE_DILATION_RADIUS: 1
      FORE_EROSION_RADIUS: 1
      GROWTH_MASK_CHANNELS: ['F']
      GROWTH_MASK_CHANNELS_THRESH: ['auto']
      SEED_CHANNELS: ['F', 'Db']
      SEED_CHANNELS_THRESH: ['auto', 'auto']
      SEED_MORPH_RADIUS: [1, 1]
      SEED_MORPH_SEQUENCE: ['erode', 'dilate']
      TOPOGRAPHIC_SURFACE_CHANNEL: Db
  NDIM: 3D
  PRINT_OLD_KEY_CHANGES: True
  SELF_SUPERVISED:
    NOISE: 0.2
    PRETEXT_TASK: crappify
    RESIZING_FACTOR: 4
  SEMANTIC_SEG:
    IGNORE_CLASS_ID: 0
  SUPER_RESOLUTION:
    UPSCALING: (1, 1, 1)
  TYPE: INSTANCE_SEG
SYSTEM:
  DEVICE: cpu
  NUM_CPUS: 6
  NUM_GPUS: 1
  NUM_WORKERS: 6
  PIN_MEM: True
  SEED: 0
TEST:
  ANALIZE_2D_IMGS_AS_3D_STACK: False
  AUGMENTATION: False
  AUGMENTATION_GROUP: auto
  AUGMENTATION_MODE: mean
  BY_CHUNKS:
    ENABLE: False
    FLUSH_EACH: 100
    PHASES: ['prediction', 'instance_creation', 'instance_merging']
    SAVE_OUT_TIF: False
    WORKFLOW_PROCESS:
      ENABLE: True
      INSTANCE_SEG_HALO: -1
      INSTANCE_SEG_MERGE_IOU_TH: 0.3
      TYPE: chunk_by_chunk
    Z_END: -1
    Z_START: -1
  DET_BLOB_LOG_MAX_SIGMA: 10
  DET_BLOB_LOG_MIN_SIGMA: 5
  DET_BLOB_LOG_NUM_SIGMA: 2
  DET_EXCLUDE_BORDER: False
  DET_IGNORE_POINTS_OUTSIDE_BOX: []
  DET_MIN_TH_TO_BE_PEAK: 0.2
  DET_PEAK_LOCAL_MAX_MIN_DISTANCE: 1
  DET_POINT_CREATION_FUNCTION: peak_local_max
  DET_TH_TYPE: manual
  DET_TOLERANCE: 10
  ENABLE: True
  FULL_IMG: False
  MATCHING_STATS: True
  MATCHING_STATS_BY_IMAGE: True
  MATCHING_STATS_THS: [0.3, 0.5, 0.75]
  MATCHING_STATS_THS_COLORED_IMG: []
  METRICS: ['iou']
  METRICS_IN_CPU: False
  POST_PROCESSING:
    APPLY_MASK: False
    DET_WATERSHED: False
    DET_WATERSHED_DONUTS_CLASSES: [-1]
    DET_WATERSHED_DONUTS_NUCLEUS_DIAMETER: 30
    DET_WATERSHED_DONUTS_PATCH: [13, 120, 120]
    DET_WATERSHED_FIRST_DILATION: [-1, -1]
    INSTANCE_REFINEMENT:
      ENABLE: True
      OPERATIONS: ['remove_small_objects']
      VALUES: [500]
    MEASURE_PROPERTIES:
      ENABLE: False
      EXTRA_PROPS: []
      REMOVE_BY_PROPERTIES:
        ENABLE: False
        PROPS: []
        SIGNS: []
        VALUES: []
    MEDIAN_FILTER: False
    MEDIAN_FILTER_AXIS: []
    MEDIAN_FILTER_SIZE: []
    REMOVE_CLOSE_POINTS: False
    REMOVE_CLOSE_POINTS_RADIUS: 0
    REPARE_LARGE_BLOBS_SIZE: -1
    VORONOI_ON_MASK: False
    VORONOI_TH: 0.0
  REDUCE_MEMORY: False
  REUSE_PREDICTIONS: False
  SAVE_MODEL_RAW_OUTPUT: True
  VERBOSE: True
TRAIN:
  BATCH_SIZE: 90
  CHECKPOINT_MONITOR: val_loss
  ENABLE: True
  EPOCHS: 30
  GRADIENT_CLIP_NORM: 0.0
  LR: [0.003]
  LR_SCHEDULER:
    MIN_LR: [-1.0]
    NAME: onecycle
    REDUCEONPLATEAU_FACTOR: 0.5
    REDUCEONPLATEAU_PATIENCE: -1
    WARMUP_COSINE_DECAY_EPOCHS: -1
  METRICS: ['iou']
  OPTIMIZER: ['ADAMW']
  OPT_BETAS: [[0.9, 0.999]]
  PATIENCE: 10
  VERBOSE: False
  W_DECAY: 0.02
[15:57:21.542438] *~~~~~~~~~~~~~~~~~~~~~~~~~~~~~~~~~~~~~~~~~~~~~~~~~~*
[15:57:21.542487] Initializing Instance_Segmentation_Workflow
[15:57:21.542509] *~~~~~~~~~~~~~~~~~~~~~~~~~~~~~~~~~~~~~~~~~~~~~~~~~~*

[15:57:21.820605] Creating normalization module . . .
[15:57:21.820670] Normalization module created with the following configuration:
[15:57:21.820684]   type: zero_mean_unit_variance
[15:57:21.820696]   target_type: mask
[15:57:21.820707]   out_dtype: float32
[15:57:21.820720]   norm_target: False
[15:57:21.820732]   percentile_clip: False
[15:57:21.820746]   per_lower_bound: -1.0
[15:57:21.820758]   per_upper_bound: -1.0
[15:57:21.820777]   lower_bound_val: [-1.0]
[15:57:21.820788]   upper_bound_val: [-1.0]
[15:57:21.820799]   mean: [-1.0]
[15:57:21.820810]   std: [-1.0]
[15:57:21.820842] ###########################
[15:57:21.820854] #  PREPARE INSTANCE DATA  #
[15:57:21.820865] ###########################
[15:57:21.824108] DATA.TRAIN.GT_PATH changed from fisbe/biapy-debug/train/label to fisbe/biapy-debug/train/label_F.erosion-0.dilation-0_C.mode-thick_Db.val_type-norm.act-sigmoid.mask_values-True_Dn.closing_size-3.norm-True.mask_values-True.decline_power-3
[15:57:21.824134] DATA.TEST.GT_PATH changed from fisbe/biapy-debug/test/label to fisbe/biapy-debug/test/label_F.erosion-0.dilation-0_C.mode-thick_Db.val_type-norm.act-sigmoid.mask_values-True_Dn.closing_size-3.norm-True.mask_values-True.decline_power-3
[15:57:21.828909] Staging train pairs from YAML PATH=fisbe/biapy-debug/train/raw GT_PATH=fisbe/biapy-debug/train/label
[15:57:21.828940] (after init) cfg DATA.TRAIN.GT_PATH=fisbe/biapy-debug/train/label_F.erosion-0.dilation-0_C.mode-thick_Db.val_type-norm.act-sigmoid.mask_values-True_Dn.closing_size-3.norm-True.mask_values-True.decline_power-3
[15:57:21.848348] Train partitions: 1 chunk(s) from 16 sample(s), max size 18
[15:57:21.848641] Staging 16 train pair(s) → /state/partition1/job-15395170/biapy_train_parts_biapy-debug_0/part_0 (6 workers)
[15:57:33.065722] Finished staging 16 pair(s) to /state/partition1/job-15395170/biapy_train_parts_biapy-debug_0/part_0
[15:57:33.065813] Partition 1/1: 16 sample(s), LOAD_CHECKPOINT=False
[15:57:33.066319] *~~~~~~~~~~~~~~~~~~~~~~~~~~~~~~~~~~~~~~~~~~~~~~~~~~*
[15:57:33.066336] Initializing Instance_Segmentation_Workflow
[15:57:33.066348] *~~~~~~~~~~~~~~~~~~~~~~~~~~~~~~~~~~~~~~~~~~~~~~~~~~*

[15:57:33.068065] Creating normalization module . . .
[15:57:33.068102] Normalization module created with the following configuration:
[15:57:33.068119]   type: zero_mean_unit_variance
[15:57:33.068131]   target_type: mask
[15:57:33.068142]   out_dtype: float32
[15:57:33.068153]   norm_target: False
[15:57:33.068164]   percentile_clip: False
[15:57:33.068176]   per_lower_bound: -1.0
[15:57:33.068187]   per_upper_bound: -1.0
[15:57:33.068199]   lower_bound_val: [-1.0]
[15:57:33.068210]   upper_bound_val: [-1.0]
[15:57:33.068221]   mean: [-1.0]
[15:57:33.068232]   std: [-1.0]
[15:57:33.068258] ###########################
[15:57:33.068270] #  PREPARE INSTANCE DATA  #
[15:57:33.068281] ###########################
[15:57:33.068493] ##########################
[15:57:33.068518] #   LOAD TRAINING DATA   #
[15:57:33.068530] ##########################
[15:57:33.068614] ### LOAD ###
[15:57:33.068848] Gathering raw images for training data . . .
[16:30:30.377912] Gathering labels for training data . . .
[16:31:35.553922] Checking training raw and label images' shapes . . .
[16:31:35.567838] Creating validation data from train . . .
[16:31:36.104363] Raw images chosen for training: ['/state/partition1/job-15395170/biapy_train_parts_biapy-debug_0/part_0/raw/R38F04-20181005_63_G3_c012_r0_k1.tif', '/state/partition1/job-15395170/biapy_train_parts_biapy-debug_0/part_0/raw/R38F04-20181005_63_G3_c012_r2_k1.tif', '/state/partition1/job-15395170/biapy_train_parts_biapy-debug_0/part_0/raw/R38F04-20181005_63_G3_c012_r2_k3.tif', '/state/partition1/job-15395170/biapy_train_parts_biapy-debug_0/part_0/raw/R38F04-20181005_63_G3_c201_r0_k0.tif', '/state/partition1/job-15395170/biapy_train_parts_biapy-debug_0/part_0/raw/R38F04-20181005_63_G3_c201_r0_k1.tif', '/state/partition1/job-15395170/biapy_train_parts_biapy-debug_0/part_0/raw/R38F04-20181005_63_G3_c201_r2_k1.tif', '/state/partition1/job-15395170/biapy_train_parts_biapy-debug_0/part_0/raw/R38F04-20181005_63_G5_c012_r0_k1.tif', '/state/partition1/job-15395170/biapy_train_parts_biapy-debug_0/part_0/raw/R38F04-20181005_63_G5_c012_r0_k3.tif', '/state/partition1/job-15395170/biapy_train_parts_biapy-debug_0/part_0/raw/R38F04-20181005_63_G5_c012_r2_k1.tif', '/state/partition1/job-15395170/biapy_train_parts_biapy-debug_0/part_0/raw/R38F04-20181005_63_G5_c012_r2_k3.tif', '/state/partition1/job-15395170/biapy_train_parts_biapy-debug_0/part_0/raw/R38F04-20181005_63_G5_c201_r0_k0.tif', '/state/partition1/job-15395170/biapy_train_parts_biapy-debug_0/part_0/raw/R38F04-20181005_63_G5_c201_r0_k1.tif', '/state/partition1/job-15395170/biapy_train_parts_biapy-debug_0/part_0/raw/R38F04-20181005_63_G5_c201_r2_k0.tif', '/state/partition1/job-15395170/biapy_train_parts_biapy-debug_0/part_0/raw/R38F04-20181005_63_G5_c201_r2_k1.tif']
[16:31:36.104440] Raw images chosen for validation: ['/state/partition1/job-15395170/biapy_train_parts_biapy-debug_0/part_0/raw/R38F04-20181005_63_G3_c012_r0_k3.tif', '/state/partition1/job-15395170/biapy_train_parts_biapy-debug_0/part_0/raw/R38F04-20181005_63_G3_c201_r2_k0.tif']
[16:31:36.104458] * Loading train images . . .
[16:34:35.668508] *** Loaded data shape is (11328, 20, 128, 128)
[16:34:35.669123] * Loading train GT . . .
[16:35:16.161072] *** Loaded data shape is (11328, 20, 128, 128)
[16:35:16.161100] * Loading validation images . . .
[16:35:36.945119] *** Loaded data shape is (1632, 20, 128, 128)
[16:35:36.945171] * Loading validation GT . . .
[16:35:43.214322] *** Loaded data shape is (1632, 20, 128, 128)
[16:35:43.214353] ### LOAD RESULTS ###
[16:35:43.214383] *** Loaded train data shape is: (11328, 20, 128, 128)
[16:35:43.214413] *** Loaded train GT shape is: (11328, 20, 128, 128)
[16:35:43.214429] *** Loaded validation data shape is: (1632, 20, 128, 128)
[16:35:43.214441] *** Loaded validation GT shape is: (1632, 20, 128, 128)
[16:35:43.214453] ### END LOAD ###
[16:35:43.214617] ###############
[16:35:43.214631] # Build model #
[16:35:43.214643] ###############
[16:35:43.229212] Selected output channels:
[16:35:43.229256]   - 0 channel for F+C+Db+Dn output
[16:35:46.596021] ============================================================================================================================================
Layer (type:depth-idx)                                            Input Shape               Output Shape              Param #
============================================================================================================================================
U_Net                                                             [1, 3, 20, 128, 128]      [1, 4, 20, 128, 128]      --
├─ModuleList: 1-7                                                 --                        --                        (recursive)
│    └─ConvBlock: 2-1                                             [1, 3, 20, 128, 128]      [1, 16, 20, 128, 128]     --
│    │    └─Sequential: 3-1                                       [1, 3, 20, 128, 128]      [1, 16, 20, 128, 128]     --
│    │    │    └─ConvBlock: 4-1                                   [1, 3, 20, 128, 128]      [1, 16, 20, 128, 128]     --
│    │    │    │    └─Sequential: 5-1                             [1, 3, 20, 128, 128]      [1, 16, 20, 128, 128]     --
│    │    │    │    │    └─Conv3d: 6-1                            [1, 3, 20, 128, 128]      [1, 16, 20, 128, 128]     1,312
│    │    │    │    │    └─InstanceNorm3d: 6-2                    [1, 16, 20, 128, 128]     [1, 16, 20, 128, 128]     32
│    │    │    │    │    └─ELU: 6-3                               [1, 16, 20, 128, 128]     [1, 16, 20, 128, 128]     --
│    │    │    └─ConvBlock: 4-2                                   [1, 16, 20, 128, 128]     [1, 16, 20, 128, 128]     --
│    │    │    │    └─Sequential: 5-2                             [1, 16, 20, 128, 128]     [1, 16, 20, 128, 128]     --
│    │    │    │    │    └─Conv3d: 6-4                            [1, 16, 20, 128, 128]     [1, 16, 20, 128, 128]     6,928
│    │    │    │    │    └─InstanceNorm3d: 6-5                    [1, 16, 20, 128, 128]     [1, 16, 20, 128, 128]     32
│    │    │    │    │    └─ELU: 6-6                               [1, 16, 20, 128, 128]     [1, 16, 20, 128, 128]     --
├─ModuleList: 1-8                                                 --                        --                        --
│    └─MaxPool3d: 2-2                                             [1, 16, 20, 128, 128]     [1, 16, 20, 64, 64]       --
├─ModuleList: 1-7                                                 --                        --                        (recursive)
│    └─ConvBlock: 2-3                                             [1, 16, 20, 64, 64]       [1, 32, 20, 64, 64]       --
│    │    └─Sequential: 3-2                                       [1, 16, 20, 64, 64]       [1, 32, 20, 64, 64]       --
│    │    │    └─ConvBlock: 4-3                                   [1, 16, 20, 64, 64]       [1, 32, 20, 64, 64]       --
│    │    │    │    └─Sequential: 5-3                             [1, 16, 20, 64, 64]       [1, 32, 20, 64, 64]       --
│    │    │    │    │    └─Conv3d: 6-7                            [1, 16, 20, 64, 64]       [1, 32, 20, 64, 64]       13,856
│    │    │    │    │    └─InstanceNorm3d: 6-8                    [1, 32, 20, 64, 64]       [1, 32, 20, 64, 64]       64
│    │    │    │    │    └─ELU: 6-9                               [1, 32, 20, 64, 64]       [1, 32, 20, 64, 64]       --
│    │    │    └─ConvBlock: 4-4                                   [1, 32, 20, 64, 64]       [1, 32, 20, 64, 64]       --
│    │    │    │    └─Sequential: 5-4                             [1, 32, 20, 64, 64]       [1, 32, 20, 64, 64]       --
│    │    │    │    │    └─Conv3d: 6-10                           [1, 32, 20, 64, 64]       [1, 32, 20, 64, 64]       27,680
│    │    │    │    │    └─InstanceNorm3d: 6-11                   [1, 32, 20, 64, 64]       [1, 32, 20, 64, 64]       64
│    │    │    │    │    └─ELU: 6-12                              [1, 32, 20, 64, 64]       [1, 32, 20, 64, 64]       --
├─ModuleList: 1-8                                                 --                        --                        --
│    └─MaxPool3d: 2-4                                             [1, 32, 20, 64, 64]       [1, 32, 20, 32, 32]       --
├─ModuleList: 1-7                                                 --                        --                        (recursive)
│    └─ConvBlock: 2-5                                             [1, 32, 20, 32, 32]       [1, 64, 20, 32, 32]       --
│    │    └─Sequential: 3-3                                       [1, 32, 20, 32, 32]       [1, 64, 20, 32, 32]       --
│    │    │    └─ConvBlock: 4-5                                   [1, 32, 20, 32, 32]       [1, 64, 20, 32, 32]       --
│    │    │    │    └─Sequential: 5-5                             [1, 32, 20, 32, 32]       [1, 64, 20, 32, 32]       --
│    │    │    │    │    └─Conv3d: 6-13                           [1, 32, 20, 32, 32]       [1, 64, 20, 32, 32]       55,360
│    │    │    │    │    └─InstanceNorm3d: 6-14                   [1, 64, 20, 32, 32]       [1, 64, 20, 32, 32]       128
│    │    │    │    │    └─ELU: 6-15                              [1, 64, 20, 32, 32]       [1, 64, 20, 32, 32]       --
│    │    │    └─ConvBlock: 4-6                                   [1, 64, 20, 32, 32]       [1, 64, 20, 32, 32]       --
│    │    │    │    └─Sequential: 5-6                             [1, 64, 20, 32, 32]       [1, 64, 20, 32, 32]       --
│    │    │    │    │    └─Conv3d: 6-16                           [1, 64, 20, 32, 32]       [1, 64, 20, 32, 32]       110,656
│    │    │    │    │    └─InstanceNorm3d: 6-17                   [1, 64, 20, 32, 32]       [1, 64, 20, 32, 32]       128
│    │    │    │    │    └─ELU: 6-18                              [1, 64, 20, 32, 32]       [1, 64, 20, 32, 32]       --
├─ModuleList: 1-8                                                 --                        --                        --
│    └─MaxPool3d: 2-6                                             [1, 64, 20, 32, 32]       [1, 64, 20, 16, 16]       --
├─ModuleList: 1-7                                                 --                        --                        (recursive)
│    └─ConvBlock: 2-7                                             [1, 64, 20, 16, 16]       [1, 128, 20, 16, 16]      --
│    │    └─Sequential: 3-4                                       [1, 64, 20, 16, 16]       [1, 128, 20, 16, 16]      --
│    │    │    └─ConvBlock: 4-7                                   [1, 64, 20, 16, 16]       [1, 128, 20, 16, 16]      --
│    │    │    │    └─Sequential: 5-7                             [1, 64, 20, 16, 16]       [1, 128, 20, 16, 16]      --
│    │    │    │    │    └─Conv3d: 6-19                           [1, 64, 20, 16, 16]       [1, 128, 20, 16, 16]      221,312
│    │    │    │    │    └─InstanceNorm3d: 6-20                   [1, 128, 20, 16, 16]      [1, 128, 20, 16, 16]      256
│    │    │    │    │    └─ELU: 6-21                              [1, 128, 20, 16, 16]      [1, 128, 20, 16, 16]      --
│    │    │    └─ConvBlock: 4-8                                   [1, 128, 20, 16, 16]      [1, 128, 20, 16, 16]      --
│    │    │    │    └─Sequential: 5-8                             [1, 128, 20, 16, 16]      [1, 128, 20, 16, 16]      --
│    │    │    │    │    └─Conv3d: 6-22                           [1, 128, 20, 16, 16]      [1, 128, 20, 16, 16]      442,496
│    │    │    │    │    └─InstanceNorm3d: 6-23                   [1, 128, 20, 16, 16]      [1, 128, 20, 16, 16]      256
│    │    │    │    │    └─ELU: 6-24                              [1, 128, 20, 16, 16]      [1, 128, 20, 16, 16]      --
├─ModuleList: 1-8                                                 --                        --                        --
│    └─MaxPool3d: 2-8                                             [1, 128, 20, 16, 16]      [1, 128, 20, 8, 8]        --
├─ConvBlock: 1-9                                                  [1, 128, 20, 8, 8]        [1, 256, 20, 8, 8]        --
│    └─Sequential: 2-9                                            [1, 128, 20, 8, 8]        [1, 256, 20, 8, 8]        --
│    │    └─ConvBlock: 3-5                                        [1, 128, 20, 8, 8]        [1, 256, 20, 8, 8]        --
│    │    │    └─Sequential: 4-9                                  [1, 128, 20, 8, 8]        [1, 256, 20, 8, 8]        --
│    │    │    │    └─Conv3d: 5-9                                 [1, 128, 20, 8, 8]        [1, 256, 20, 8, 8]        884,992
│    │    │    │    └─InstanceNorm3d: 5-10                        [1, 256, 20, 8, 8]        [1, 256, 20, 8, 8]        512
│    │    │    │    └─ELU: 5-11                                   [1, 256, 20, 8, 8]        [1, 256, 20, 8, 8]        --
│    │    └─ConvBlock: 3-6                                        [1, 256, 20, 8, 8]        [1, 256, 20, 8, 8]        --
│    │    │    └─Sequential: 4-10                                 [1, 256, 20, 8, 8]        [1, 256, 20, 8, 8]        --
│    │    │    │    └─Conv3d: 5-12                                [1, 256, 20, 8, 8]        [1, 256, 20, 8, 8]        1,769,728
│    │    │    │    └─InstanceNorm3d: 5-13                        [1, 256, 20, 8, 8]        [1, 256, 20, 8, 8]        512
│    │    │    │    └─ELU: 5-14                                   [1, 256, 20, 8, 8]        [1, 256, 20, 8, 8]        --
├─ModuleList: 1-10                                                --                        --                        --
│    └─ModuleList: 2-10                                           --                        --                        --
│    │    └─UpBlock: 3-7                                          [1, 256, 20, 8, 8]        [1, 128, 20, 16, 16]      --
│    │    │    └─Sequential: 4-11                                 [1, 256, 20, 8, 8]        [1, 128, 20, 16, 16]      --
│    │    │    │    └─ConvTranspose3d: 5-15                       [1, 256, 20, 8, 8]        [1, 128, 20, 16, 16]      131,200
│    │    │    │    └─InstanceNorm3d: 5-16                        [1, 128, 20, 16, 16]      [1, 128, 20, 16, 16]      256
│    │    │    │    └─ELU: 5-17                                   [1, 128, 20, 16, 16]      [1, 128, 20, 16, 16]      --
│    │    │    └─ConvBlock: 4-12                                  [1, 256, 20, 16, 16]      [1, 128, 20, 16, 16]      --
│    │    │    │    └─Sequential: 5-18                            [1, 256, 20, 16, 16]      [1, 128, 20, 16, 16]      --
│    │    │    │    │    └─ConvBlock: 6-25                        [1, 256, 20, 16, 16]      [1, 128, 20, 16, 16]      --
│    │    │    │    │    │    └─Sequential: 7-1                   [1, 256, 20, 16, 16]      [1, 128, 20, 16, 16]      --
│    │    │    │    │    │    │    └─Conv3d: 8-1                  [1, 256, 20, 16, 16]      [1, 128, 20, 16, 16]      884,864
│    │    │    │    │    │    │    └─InstanceNorm3d: 8-2          [1, 128, 20, 16, 16]      [1, 128, 20, 16, 16]      256
│    │    │    │    │    │    │    └─ELU: 8-3                     [1, 128, 20, 16, 16]      [1, 128, 20, 16, 16]      --
│    │    │    │    │    └─ConvBlock: 6-26                        [1, 128, 20, 16, 16]      [1, 128, 20, 16, 16]      --
│    │    │    │    │    │    └─Sequential: 7-2                   [1, 128, 20, 16, 16]      [1, 128, 20, 16, 16]      --
│    │    │    │    │    │    │    └─Conv3d: 8-4                  [1, 128, 20, 16, 16]      [1, 128, 20, 16, 16]      442,496
│    │    │    │    │    │    │    └─InstanceNorm3d: 8-5          [1, 128, 20, 16, 16]      [1, 128, 20, 16, 16]      256
│    │    │    │    │    │    │    └─ELU: 8-6                     [1, 128, 20, 16, 16]      [1, 128, 20, 16, 16]      --
│    │    └─UpBlock: 3-8                                          [1, 128, 20, 16, 16]      [1, 64, 20, 32, 32]       --
│    │    │    └─Sequential: 4-13                                 [1, 128, 20, 16, 16]      [1, 64, 20, 32, 32]       --
│    │    │    │    └─ConvTranspose3d: 5-19                       [1, 128, 20, 16, 16]      [1, 64, 20, 32, 32]       32,832
│    │    │    │    └─InstanceNorm3d: 5-20                        [1, 64, 20, 32, 32]       [1, 64, 20, 32, 32]       128
│    │    │    │    └─ELU: 5-21                                   [1, 64, 20, 32, 32]       [1, 64, 20, 32, 32]       --
│    │    │    └─ConvBlock: 4-14                                  [1, 128, 20, 32, 32]      [1, 64, 20, 32, 32]       --
│    │    │    │    └─Sequential: 5-22                            [1, 128, 20, 32, 32]      [1, 64, 20, 32, 32]       --
│    │    │    │    │    └─ConvBlock: 6-27                        [1, 128, 20, 32, 32]      [1, 64, 20, 32, 32]       --
│    │    │    │    │    │    └─Sequential: 7-3                   [1, 128, 20, 32, 32]      [1, 64, 20, 32, 32]       --
│    │    │    │    │    │    │    └─Conv3d: 8-7                  [1, 128, 20, 32, 32]      [1, 64, 20, 32, 32]       221,248
│    │    │    │    │    │    │    └─InstanceNorm3d: 8-8          [1, 64, 20, 32, 32]       [1, 64, 20, 32, 32]       128
│    │    │    │    │    │    │    └─ELU: 8-9                     [1, 64, 20, 32, 32]       [1, 64, 20, 32, 32]       --
│    │    │    │    │    └─ConvBlock: 6-28                        [1, 64, 20, 32, 32]       [1, 64, 20, 32, 32]       --
│    │    │    │    │    │    └─Sequential: 7-4                   [1, 64, 20, 32, 32]       [1, 64, 20, 32, 32]       --
│    │    │    │    │    │    │    └─Conv3d: 8-10                 [1, 64, 20, 32, 32]       [1, 64, 20, 32, 32]       110,656
│    │    │    │    │    │    │    └─InstanceNorm3d: 8-11         [1, 64, 20, 32, 32]       [1, 64, 20, 32, 32]       128
│    │    │    │    │    │    │    └─ELU: 8-12                    [1, 64, 20, 32, 32]       [1, 64, 20, 32, 32]       --
│    │    └─UpBlock: 3-9                                          [1, 64, 20, 32, 32]       [1, 32, 20, 64, 64]       --
│    │    │    └─Sequential: 4-15                                 [1, 64, 20, 32, 32]       [1, 32, 20, 64, 64]       --
│    │    │    │    └─ConvTranspose3d: 5-23                       [1, 64, 20, 32, 32]       [1, 32, 20, 64, 64]       8,224
│    │    │    │    └─InstanceNorm3d: 5-24                        [1, 32, 20, 64, 64]       [1, 32, 20, 64, 64]       64
│    │    │    │    └─ELU: 5-25                                   [1, 32, 20, 64, 64]       [1, 32, 20, 64, 64]       --
│    │    │    └─ConvBlock: 4-16                                  [1, 64, 20, 64, 64]       [1, 32, 20, 64, 64]       --
│    │    │    │    └─Sequential: 5-26                            [1, 64, 20, 64, 64]       [1, 32, 20, 64, 64]       --
│    │    │    │    │    └─ConvBlock: 6-29                        [1, 64, 20, 64, 64]       [1, 32, 20, 64, 64]       --
│    │    │    │    │    │    └─Sequential: 7-5                   [1, 64, 20, 64, 64]       [1, 32, 20, 64, 64]       --
│    │    │    │    │    │    │    └─Conv3d: 8-13                 [1, 64, 20, 64, 64]       [1, 32, 20, 64, 64]       55,328
│    │    │    │    │    │    │    └─InstanceNorm3d: 8-14         [1, 32, 20, 64, 64]       [1, 32, 20, 64, 64]       64
│    │    │    │    │    │    │    └─ELU: 8-15                    [1, 32, 20, 64, 64]       [1, 32, 20, 64, 64]       --
│    │    │    │    │    └─ConvBlock: 6-30                        [1, 32, 20, 64, 64]       [1, 32, 20, 64, 64]       --
│    │    │    │    │    │    └─Sequential: 7-6                   [1, 32, 20, 64, 64]       [1, 32, 20, 64, 64]       --
│    │    │    │    │    │    │    └─Conv3d: 8-16                 [1, 32, 20, 64, 64]       [1, 32, 20, 64, 64]       27,680
│    │    │    │    │    │    │    └─InstanceNorm3d: 8-17         [1, 32, 20, 64, 64]       [1, 32, 20, 64, 64]       64
│    │    │    │    │    │    │    └─ELU: 8-18                    [1, 32, 20, 64, 64]       [1, 32, 20, 64, 64]       --
│    │    └─UpBlock: 3-10                                         [1, 32, 20, 64, 64]       [1, 16, 20, 128, 128]     --
│    │    │    └─Sequential: 4-17                                 [1, 32, 20, 64, 64]       [1, 16, 20, 128, 128]     --
│    │    │    │    └─ConvTranspose3d: 5-27                       [1, 32, 20, 64, 64]       [1, 16, 20, 128, 128]     2,064
│    │    │    │    └─InstanceNorm3d: 5-28                        [1, 16, 20, 128, 128]     [1, 16, 20, 128, 128]     32
│    │    │    │    └─ELU: 5-29                                   [1, 16, 20, 128, 128]     [1, 16, 20, 128, 128]     --
│    │    │    └─ConvBlock: 4-18                                  [1, 32, 20, 128, 128]     [1, 16, 20, 128, 128]     --
│    │    │    │    └─Sequential: 5-30                            [1, 32, 20, 128, 128]     [1, 16, 20, 128, 128]     --
│    │    │    │    │    └─ConvBlock: 6-31                        [1, 32, 20, 128, 128]     [1, 16, 20, 128, 128]     --
│    │    │    │    │    │    └─Sequential: 7-7                   [1, 32, 20, 128, 128]     [1, 16, 20, 128, 128]     --
│    │    │    │    │    │    │    └─Conv3d: 8-19                 [1, 32, 20, 128, 128]     [1, 16, 20, 128, 128]     13,840
│    │    │    │    │    │    │    └─InstanceNorm3d: 8-20         [1, 16, 20, 128, 128]     [1, 16, 20, 128, 128]     32
│    │    │    │    │    │    │    └─ELU: 8-21                    [1, 16, 20, 128, 128]     [1, 16, 20, 128, 128]     --
│    │    │    │    │    └─ConvBlock: 6-32                        [1, 16, 20, 128, 128]     [1, 16, 20, 128, 128]     --
│    │    │    │    │    │    └─Sequential: 7-8                   [1, 16, 20, 128, 128]     [1, 16, 20, 128, 128]     --
│    │    │    │    │    │    │    └─Conv3d: 8-22                 [1, 16, 20, 128, 128]     [1, 16, 20, 128, 128]     6,928
│    │    │    │    │    │    │    └─InstanceNorm3d: 8-23         [1, 16, 20, 128, 128]     [1, 16, 20, 128, 128]     32
│    │    │    │    │    │    │    └─ELU: 8-24                    [1, 16, 20, 128, 128]     [1, 16, 20, 128, 128]     --
├─Sequential: 1-11                                                --                        --                        --
│    └─Conv3d: 2-11                                               [1, 16, 20, 128, 128]     [1, 4, 20, 128, 128]      68
============================================================================================================================================
Total params: 5,475,172
Trainable params: 5,475,172
Non-trainable params: 0
Total mult-adds (Units.GIGABYTES): 46.21
============================================================================================================================================
Input size (MB): 3.93
Forward/backward pass size (MB): 807.40
Params size (MB): 21.90
Estimated Total Size (MB): 833.24
============================================================================================================================================
[16:35:46.943610] ##############################
[16:35:46.943669] #  PREPARE TRAIN GENERATORS  #
[16:35:46.943682] ##############################
[16:35:46.943843] Initializing train data generator . . .
[16:35:46.950357] Checking which channel of the mask needs normalization . . .
[16:35:46.957725] Normalization config used for X (first sample): {'type': 'zero_mean_unit_variance', 'percentile_clip': False, 'orig_dtype': 'uint16', 'out_dtype': 'float32', 'per_channel_info': {'0': {'mean': 11.583573341369629, 'std': 29.775192260742188}, '1': {'mean': 14.236202239990234, 'std': 22.730344772338867}, '2': {'mean': 8.931414604187012, 'std': 20.761493682861328}}}
[16:35:46.957773] Normalization config used for Y: {'target_type': 'mask', 'orig_dtype': 'uint16', 'per_channel_info': {0: {'type': 'bin', 'div': False}}}
[16:35:46.957889] Initializing val data generator . . .
[16:35:46.961065] Checking which channel of the mask needs normalization . . .
[16:35:46.967610] Normalization config used for X (first sample): {'type': 'zero_mean_unit_variance', 'percentile_clip': False, 'orig_dtype': 'uint16', 'out_dtype': 'float32', 'per_channel_info': {'0': {'mean': 11.583572387695312, 'std': 29.775192260742188}, '1': {'mean': 14.23620319366455, 'std': 22.730344772338867}, '2': {'mean': 8.931414604187012, 'std': 20.761493682861328}}}
[16:35:46.967651] Normalization config used for Y: {'target_type': 'mask', 'orig_dtype': 'uint16', 'per_channel_info': {0: {'type': 'bin', 'div': False}}}
[16:35:46.967734] Creating generator samples . . .
[16:35:46.967754] 0) Creating samples of data augmentation . . .
[16:35:48.749796] Train/val generators with 6 workers
[16:35:48.749834] Effective batch size: 90
[16:35:48.749847] Sampler_train = None
[16:35:48.757457] #######################
[16:35:48.757509] # Prepare logging tool #
[16:35:48.757522] #######################
[16:35:48.768805] AdamW (
Parameter Group 0
    amsgrad: False
    betas: (0.9, 0.999)
    capturable: False
    decoupled_weight_decay: True
    differentiable: False
    eps: 1e-08
    foreach: None
    fused: None
    lr: 0.003
    maximize: False
    weight_decay: 0.02
)
[16:35:48.768934] #####################
[16:35:48.768948] #  TRAIN THE MODEL  #
[16:35:48.768959] #####################
[16:35:48.768971] Start training in epoch 1 - Total: 30
[16:35:48.768994] ~~~ Epoch 1/30 ~~~

