Output Data to fisbe/biapy-debug
running BiaPy/biapy_prep_main.py
2026-08-06 14:15:06,469 - INFO     - main                     : source: /scratch/wmz2007/neuroinfo_fruitfly/fisbe/completely
2026-08-06 14:15:06,470 - INFO     - main                     : output: /scratch/wmz2007/neuroinfo_fruitfly/fisbe/biapy-debug
2026-08-06 14:15:06,471 - INFO     - main                     : Converting train, Found (18 volumes), Processing 2
2026-08-06 14:15:06,481 - INFO     - convert_split            : Save workers: 12
2026-08-06 14:15:06,481 - INFO     - convert_split            : Augmentations enabled: False
2026-08-06 14:15:06,482 - INFO     - process_samples          : /// Processing Sample [1 / 2]: R38F04-20181005_63_G3.zarr ///
2026-08-06 14:15:10,478 - INFO     - save_and_log_data        : Saving raw to file: R38F04-20181005_63_G3 , Dir: /scratch/wmz2007/neuroinfo_fruitfly/fisbe/biapy-debug/train/raw
2026-08-06 14:15:10,479 - INFO     - save_and_log_data        : Saving label to file: R38F04-20181005_63_G3, Dir: /scratch/wmz2007/neuroinfo_fruitfly/fisbe/biapy-debug/train/label
2026-08-06 14:15:11,981 - INFO     - process_samples          : /// Processing Sample [2 / 2]: R38F04-20181005_63_G5.zarr ///
2026-08-06 14:15:14,425 - INFO     - save_and_log_data        : Saving raw to file: R38F04-20181005_63_G5 , Dir: /scratch/wmz2007/neuroinfo_fruitfly/fisbe/biapy-debug/train/raw
2026-08-06 14:15:14,425 - INFO     - save_and_log_data        : Saving label to file: R38F04-20181005_63_G5, Dir: /scratch/wmz2007/neuroinfo_fruitfly/fisbe/biapy-debug/train/label
2026-08-06 14:15:16,844 - INFO     - main                     : Converting val, Found (5 volumes), Processing 2
2026-08-06 14:15:16,853 - INFO     - convert_split            : Save workers: 12
2026-08-06 14:15:16,853 - INFO     - convert_split            : Augmentations enabled: False
2026-08-06 14:15:16,854 - INFO     - process_samples          : /// Processing Sample [1 / 2]: R22C03-20180918_66_J2.zarr ///
2026-08-06 14:15:18,903 - INFO     - save_and_log_data        : Saving raw to file: R22C03-20180918_66_J2 , Dir: /scratch/wmz2007/neuroinfo_fruitfly/fisbe/biapy-debug/val/raw
2026-08-06 14:15:18,903 - INFO     - save_and_log_data        : Saving label to file: R22C03-20180918_66_J2, Dir: /scratch/wmz2007/neuroinfo_fruitfly/fisbe/biapy-debug/val/label
2026-08-06 14:15:20,950 - INFO     - process_samples          : /// Processing Sample [2 / 2]: VT012403-20171128_61_B2.zarr ///
2026-08-06 14:15:24,533 - INFO     - save_and_log_data        : Saving raw to file: VT012403-20171128_61_B2 , Dir: /scratch/wmz2007/neuroinfo_fruitfly/fisbe/biapy-debug/val/raw
2026-08-06 14:15:24,534 - INFO     - save_and_log_data        : Saving label to file: VT012403-20171128_61_B2, Dir: /scratch/wmz2007/neuroinfo_fruitfly/fisbe/biapy-debug/val/label
2026-08-06 14:15:26,495 - INFO     - main                     : Converting test, Found (7 volumes), Processing 2
2026-08-06 14:15:26,507 - INFO     - convert_split            : Save workers: 12
2026-08-06 14:15:26,507 - INFO     - convert_split            : Augmentations enabled: False
2026-08-06 14:15:26,508 - INFO     - process_samples          : /// Processing Sample [1 / 2]: JRC_SS04989-20160318_24_A2.zarr ///
2026-08-06 14:15:28,760 - INFO     - save_and_log_data        : Saving raw to file: JRC_SS04989-20160318_24_A2 , Dir: /scratch/wmz2007/neuroinfo_fruitfly/fisbe/biapy-debug/test/raw
2026-08-06 14:15:28,760 - INFO     - save_and_log_data        : Saving label to file: JRC_SS04989-20160318_24_A2, Dir: /scratch/wmz2007/neuroinfo_fruitfly/fisbe/biapy-debug/test/label
2026-08-06 14:15:30,418 - INFO     - process_samples          : /// Processing Sample [2 / 2]: R14A02-20180905_65_A6.zarr ///
2026-08-06 14:15:34,701 - INFO     - save_and_log_data        : Saving raw to file: R14A02-20180905_65_A6 , Dir: /scratch/wmz2007/neuroinfo_fruitfly/fisbe/biapy-debug/test/raw
2026-08-06 14:15:34,701 - INFO     - save_and_log_data        : Saving label to file: R14A02-20180905_65_A6, Dir: /scratch/wmz2007/neuroinfo_fruitfly/fisbe/biapy-debug/test/label
