Output Data to fisbe/biapy-instance-scale
running BiaPy/biapy_prep_main.py
2026-08-06 14:15:49,396 - INFO     - main                     : source: /scratch/wmz2007/neuroinfo_fruitfly/fisbe/completely
2026-08-06 14:15:49,396 - INFO     - main                     : output: /scratch/wmz2007/neuroinfo_fruitfly/fisbe/biapy-instance-scale
2026-08-06 14:15:49,401 - INFO     - main                     : Converting train, Found (18 volumes), Processing None
2026-08-06 14:15:49,412 - INFO     - convert_split            : Save workers: 12
2026-08-06 14:15:49,412 - INFO     - convert_split            : Augmentations enabled: True
2026-08-06 14:15:49,412 - INFO     - process_samples          : /// Processing Sample [1 / 18]: R38F04-20181005_63_G3.zarr ///
2026-08-06 14:15:51,703 - INFO     - process_samples          : Number of augmentation jobs: 1
2026-08-06 14:15:55,217 - INFO     - save_and_log_data        : Saving raw to file: R38F04-20181005_63_G3_is , Dir: /scratch/wmz2007/neuroinfo_fruitfly/fisbe/biapy-instance-scale/train/raw
2026-08-06 14:15:55,218 - INFO     - save_and_log_data        : Saving label to file: R38F04-20181005_63_G3_is, Dir: /scratch/wmz2007/neuroinfo_fruitfly/fisbe/biapy-instance-scale/train/label
2026-08-06 14:15:55,218 - INFO     - process_samples          : /// Processing Sample [2 / 18]: R38F04-20181005_63_G5.zarr ///
2026-08-06 14:15:58,424 - INFO     - process_samples          : Number of augmentation jobs: 1
2026-08-06 14:16:02,818 - INFO     - save_and_log_data        : Saving raw to file: R38F04-20181005_63_G5_is , Dir: /scratch/wmz2007/neuroinfo_fruitfly/fisbe/biapy-instance-scale/train/raw
2026-08-06 14:16:02,818 - INFO     - save_and_log_data        : Saving label to file: R38F04-20181005_63_G5_is, Dir: /scratch/wmz2007/neuroinfo_fruitfly/fisbe/biapy-instance-scale/train/label
2026-08-06 14:16:02,819 - INFO     - process_samples          : /// Processing Sample [3 / 18]: R38F04-20181005_63_H1.zarr ///
2026-08-06 14:16:06,108 - INFO     - process_samples          : Number of augmentation jobs: 1
2026-08-06 14:16:10,412 - INFO     - save_and_log_data        : Saving raw to file: R38F04-20181005_63_H1_is , Dir: /scratch/wmz2007/neuroinfo_fruitfly/fisbe/biapy-instance-scale/train/raw
2026-08-06 14:16:10,412 - INFO     - save_and_log_data        : Saving label to file: R38F04-20181005_63_H1_is, Dir: /scratch/wmz2007/neuroinfo_fruitfly/fisbe/biapy-instance-scale/train/label
2026-08-06 14:16:10,412 - INFO     - process_samples          : /// Processing Sample [4 / 18]: R53A10-20181019_64_A4.zarr ///
2026-08-06 14:16:12,952 - INFO     - process_samples          : Number of augmentation jobs: 1
2026-08-06 14:16:15,447 - INFO     - save_and_log_data        : Saving raw to file: R53A10-20181019_64_A4_is , Dir: /scratch/wmz2007/neuroinfo_fruitfly/fisbe/biapy-instance-scale/train/raw
2026-08-06 14:16:15,447 - INFO     - save_and_log_data        : Saving label to file: R53A10-20181019_64_A4_is, Dir: /scratch/wmz2007/neuroinfo_fruitfly/fisbe/biapy-instance-scale/train/label
2026-08-06 14:16:15,450 - INFO     - process_samples          : /// Processing Sample [5 / 18]: R75E01-20181030_64_D1.zarr ///
2026-08-06 14:16:18,418 - INFO     - process_samples          : Number of augmentation jobs: 1
2026-08-06 14:16:22,464 - INFO     - save_and_log_data        : Saving raw to file: R75E01-20181030_64_D1_is , Dir: /scratch/wmz2007/neuroinfo_fruitfly/fisbe/biapy-instance-scale/train/raw
2026-08-06 14:16:22,464 - INFO     - save_and_log_data        : Saving label to file: R75E01-20181030_64_D1_is, Dir: /scratch/wmz2007/neuroinfo_fruitfly/fisbe/biapy-instance-scale/train/label
2026-08-06 14:16:22,466 - INFO     - process_samples          : /// Processing Sample [6 / 18]: VT008647-20171222_63_D1.zarr ///
2026-08-06 14:16:26,927 - INFO     - process_samples          : Number of augmentation jobs: 1
2026-08-06 14:16:34,962 - INFO     - save_and_log_data        : Saving raw to file: VT008647-20171222_63_D1_is , Dir: /scratch/wmz2007/neuroinfo_fruitfly/fisbe/biapy-instance-scale/train/raw
2026-08-06 14:16:34,962 - INFO     - save_and_log_data        : Saving label to file: VT008647-20171222_63_D1_is, Dir: /scratch/wmz2007/neuroinfo_fruitfly/fisbe/biapy-instance-scale/train/label
2026-08-06 14:16:34,964 - INFO     - process_samples          : /// Processing Sample [7 / 18]: VT008647-20171222_63_D2.zarr ///
2026-08-06 14:16:39,174 - INFO     - process_samples          : Number of augmentation jobs: 1
2026-08-06 14:16:46,098 - INFO     - save_and_log_data        : Saving raw to file: VT008647-20171222_63_D2_is , Dir: /scratch/wmz2007/neuroinfo_fruitfly/fisbe/biapy-instance-scale/train/raw
2026-08-06 14:16:46,099 - INFO     - process_samples          : /// Processing Sample [8 / 18]: VT008647-20171222_63_E1.zarr ///
2026-08-06 14:16:46,100 - INFO     - save_and_log_data        : Saving label to file: VT008647-20171222_63_D2_is, Dir: /scratch/wmz2007/neuroinfo_fruitfly/fisbe/biapy-instance-scale/train/label
2026-08-06 14:16:50,766 - INFO     - process_samples          : Number of augmentation jobs: 1
2026-08-06 14:16:59,590 - INFO     - save_and_log_data        : Saving raw to file: VT008647-20171222_63_E1_is , Dir: /scratch/wmz2007/neuroinfo_fruitfly/fisbe/biapy-instance-scale/train/raw
2026-08-06 14:16:59,590 - INFO     - save_and_log_data        : Saving label to file: VT008647-20171222_63_E1_is, Dir: /scratch/wmz2007/neuroinfo_fruitfly/fisbe/biapy-instance-scale/train/label
2026-08-06 14:16:59,591 - INFO     - process_samples          : /// Processing Sample [9 / 18]: VT019303-20171013_65_B6.zarr ///
2026-08-06 14:17:02,168 - INFO     - process_samples          : Number of augmentation jobs: 1
2026-08-06 14:17:05,966 - INFO     - save_and_log_data        : Saving raw to file: VT019303-20171013_65_B6_is , Dir: /scratch/wmz2007/neuroinfo_fruitfly/fisbe/biapy-instance-scale/train/raw
2026-08-06 14:17:05,966 - INFO     - save_and_log_data        : Saving label to file: VT019303-20171013_65_B6_is, Dir: /scratch/wmz2007/neuroinfo_fruitfly/fisbe/biapy-instance-scale/train/label
2026-08-06 14:17:05,967 - INFO     - process_samples          : /// Processing Sample [10 / 18]: VT019307-20171013_65_F1.zarr ///
2026-08-06 14:17:09,836 - INFO     - process_samples          : Number of augmentation jobs: 1
2026-08-06 14:17:16,743 - INFO     - save_and_log_data        : Saving raw to file: VT019307-20171013_65_F1_is , Dir: /scratch/wmz2007/neuroinfo_fruitfly/fisbe/biapy-instance-scale/train/raw
2026-08-06 14:17:16,743 - INFO     - save_and_log_data        : Saving label to file: VT019307-20171013_65_F1_is, Dir: /scratch/wmz2007/neuroinfo_fruitfly/fisbe/biapy-instance-scale/train/label
2026-08-06 14:17:16,744 - INFO     - process_samples          : /// Processing Sample [11 / 18]: VT033051-20171128_61_E2.zarr ///
2026-08-06 14:17:19,586 - INFO     - process_samples          : Number of augmentation jobs: 1
2026-08-06 14:17:23,917 - INFO     - save_and_log_data        : Saving raw to file: VT033051-20171128_61_E2_is , Dir: /scratch/wmz2007/neuroinfo_fruitfly/fisbe/biapy-instance-scale/train/raw
2026-08-06 14:17:23,917 - INFO     - save_and_log_data        : Saving label to file: VT033051-20171128_61_E2_is, Dir: /scratch/wmz2007/neuroinfo_fruitfly/fisbe/biapy-instance-scale/train/label
2026-08-06 14:17:23,919 - INFO     - process_samples          : /// Processing Sample [12 / 18]: VT033051-20171128_61_E4.zarr ///
2026-08-06 14:17:26,525 - INFO     - process_samples          : Number of augmentation jobs: 1
2026-08-06 14:17:29,736 - INFO     - save_and_log_data        : Saving raw to file: VT033051-20171128_61_E4_is , Dir: /scratch/wmz2007/neuroinfo_fruitfly/fisbe/biapy-instance-scale/train/raw
2026-08-06 14:17:29,736 - INFO     - save_and_log_data        : Saving label to file: VT033051-20171128_61_E4_is, Dir: /scratch/wmz2007/neuroinfo_fruitfly/fisbe/biapy-instance-scale/train/label
2026-08-06 14:17:29,737 - INFO     - process_samples          : /// Processing Sample [13 / 18]: VT040433-20170919_63_D6.zarr ///
2026-08-06 14:17:34,038 - INFO     - process_samples          : Number of augmentation jobs: 1
2026-08-06 14:17:41,807 - INFO     - save_and_log_data        : Saving raw to file: VT040433-20170919_63_D6_is , Dir: /scratch/wmz2007/neuroinfo_fruitfly/fisbe/biapy-instance-scale/train/raw
2026-08-06 14:17:41,808 - INFO     - save_and_log_data        : Saving label to file: VT040433-20170919_63_D6_is, Dir: /scratch/wmz2007/neuroinfo_fruitfly/fisbe/biapy-instance-scale/train/label
2026-08-06 14:17:41,808 - INFO     - process_samples          : /// Processing Sample [14 / 18]: VT047848-20171020_66_I2.zarr ///
2026-08-06 14:17:46,670 - INFO     - process_samples          : Number of augmentation jobs: 1
2026-08-06 14:17:54,921 - INFO     - save_and_log_data        : Saving raw to file: VT047848-20171020_66_I2_is , Dir: /scratch/wmz2007/neuroinfo_fruitfly/fisbe/biapy-instance-scale/train/raw
2026-08-06 14:17:54,921 - INFO     - save_and_log_data        : Saving label to file: VT047848-20171020_66_I2_is, Dir: /scratch/wmz2007/neuroinfo_fruitfly/fisbe/biapy-instance-scale/train/label
2026-08-06 14:17:54,922 - INFO     - process_samples          : /// Processing Sample [15 / 18]: VT047848-20171020_66_I3.zarr ///
2026-08-06 14:17:59,152 - INFO     - process_samples          : Number of augmentation jobs: 1
2026-08-06 14:18:07,544 - INFO     - save_and_log_data        : Saving raw to file: VT047848-20171020_66_I3_is , Dir: /scratch/wmz2007/neuroinfo_fruitfly/fisbe/biapy-instance-scale/train/raw
2026-08-06 14:18:07,544 - INFO     - save_and_log_data        : Saving label to file: VT047848-20171020_66_I3_is, Dir: /scratch/wmz2007/neuroinfo_fruitfly/fisbe/biapy-instance-scale/train/label
2026-08-06 14:18:07,545 - INFO     - process_samples          : /// Processing Sample [16 / 18]: VT047848-20171020_66_I5.zarr ///
2026-08-06 14:18:18,771 - INFO     - process_samples          : Number of augmentation jobs: 1
2026-08-06 14:18:41,230 - INFO     - save_and_log_data        : Saving raw to file: VT047848-20171020_66_I5_is , Dir: /scratch/wmz2007/neuroinfo_fruitfly/fisbe/biapy-instance-scale/train/raw
2026-08-06 14:18:41,230 - INFO     - save_and_log_data        : Saving label to file: VT047848-20171020_66_I5_is, Dir: /scratch/wmz2007/neuroinfo_fruitfly/fisbe/biapy-instance-scale/train/label
2026-08-06 14:18:41,232 - INFO     - process_samples          : /// Processing Sample [17 / 18]: VT047848-20171020_66_J2.zarr ///
2026-08-06 14:18:48,024 - INFO     - process_samples          : Number of augmentation jobs: 1
2026-08-06 14:18:59,072 - INFO     - save_and_log_data        : Saving raw to file: VT047848-20171020_66_J2_is , Dir: /scratch/wmz2007/neuroinfo_fruitfly/fisbe/biapy-instance-scale/train/raw
2026-08-06 14:18:59,072 - INFO     - save_and_log_data        : Saving label to file: VT047848-20171020_66_J2_is, Dir: /scratch/wmz2007/neuroinfo_fruitfly/fisbe/biapy-instance-scale/train/label
2026-08-06 14:18:59,073 - INFO     - process_samples          : /// Processing Sample [18 / 18]: VT061467-20180911_62_E5.zarr ///
2026-08-06 14:19:02,837 - INFO     - process_samples          : Number of augmentation jobs: 1
2026-08-06 14:19:08,089 - INFO     - save_and_log_data        : Saving raw to file: VT061467-20180911_62_E5_is , Dir: /scratch/wmz2007/neuroinfo_fruitfly/fisbe/biapy-instance-scale/train/raw
2026-08-06 14:19:08,089 - INFO     - save_and_log_data        : Saving label to file: VT061467-20180911_62_E5_is, Dir: /scratch/wmz2007/neuroinfo_fruitfly/fisbe/biapy-instance-scale/train/label
2026-08-06 14:19:09,532 - INFO     - main                     : Converting val, Found (5 volumes), Processing None
2026-08-06 14:19:09,541 - INFO     - convert_split            : Save workers: 12
2026-08-06 14:19:09,541 - INFO     - convert_split            : Augmentations enabled: True
2026-08-06 14:19:09,541 - INFO     - process_samples          : /// Processing Sample [1 / 5]: R22C03-20180918_66_J2.zarr ///
2026-08-06 14:19:10,974 - INFO     - process_samples          : Number of augmentation jobs: 1
2026-08-06 14:19:14,446 - INFO     - save_and_log_data        : Saving raw to file: R22C03-20180918_66_J2_is , Dir: /scratch/wmz2007/neuroinfo_fruitfly/fisbe/biapy-instance-scale/val/raw
2026-08-06 14:19:14,446 - INFO     - save_and_log_data        : Saving label to file: R22C03-20180918_66_J2_is, Dir: /scratch/wmz2007/neuroinfo_fruitfly/fisbe/biapy-instance-scale/val/label
2026-08-06 14:19:14,447 - INFO     - process_samples          : /// Processing Sample [2 / 5]: VT012403-20171128_61_B2.zarr ///
2026-08-06 14:19:17,743 - INFO     - process_samples          : Number of augmentation jobs: 1
2026-08-06 14:19:23,392 - INFO     - save_and_log_data        : Saving raw to file: VT012403-20171128_61_B2_is , Dir: /scratch/wmz2007/neuroinfo_fruitfly/fisbe/biapy-instance-scale/val/raw
2026-08-06 14:19:23,392 - INFO     - save_and_log_data        : Saving label to file: VT012403-20171128_61_B2_is, Dir: /scratch/wmz2007/neuroinfo_fruitfly/fisbe/biapy-instance-scale/val/label
2026-08-06 14:19:23,392 - INFO     - process_samples          : /// Processing Sample [3 / 5]: VT033614-20171124_64_H1.zarr ///
2026-08-06 14:19:26,267 - INFO     - process_samples          : Number of augmentation jobs: 1
2026-08-06 14:19:31,055 - INFO     - save_and_log_data        : Saving raw to file: VT033614-20171124_64_H1_is , Dir: /scratch/wmz2007/neuroinfo_fruitfly/fisbe/biapy-instance-scale/val/raw
2026-08-06 14:19:31,055 - INFO     - save_and_log_data        : Saving label to file: VT033614-20171124_64_H1_is, Dir: /scratch/wmz2007/neuroinfo_fruitfly/fisbe/biapy-instance-scale/val/label
2026-08-06 14:19:31,056 - INFO     - process_samples          : /// Processing Sample [4 / 5]: VT033614-20171124_64_H5.zarr ///
2026-08-06 14:19:33,882 - INFO     - process_samples          : Number of augmentation jobs: 1
2026-08-06 14:19:38,080 - INFO     - save_and_log_data        : Saving raw to file: VT033614-20171124_64_H5_is , Dir: /scratch/wmz2007/neuroinfo_fruitfly/fisbe/biapy-instance-scale/val/raw
2026-08-06 14:19:38,080 - INFO     - save_and_log_data        : Saving label to file: VT033614-20171124_64_H5_is, Dir: /scratch/wmz2007/neuroinfo_fruitfly/fisbe/biapy-instance-scale/val/label
2026-08-06 14:19:38,081 - INFO     - process_samples          : /// Processing Sample [5 / 5]: VT041298-20171114_63_C3.zarr ///
2026-08-06 14:19:41,878 - INFO     - process_samples          : Number of augmentation jobs: 1
2026-08-06 14:19:48,706 - INFO     - save_and_log_data        : Saving raw to file: VT041298-20171114_63_C3_is , Dir: /scratch/wmz2007/neuroinfo_fruitfly/fisbe/biapy-instance-scale/val/raw
2026-08-06 14:19:48,706 - INFO     - save_and_log_data        : Saving label to file: VT041298-20171114_63_C3_is, Dir: /scratch/wmz2007/neuroinfo_fruitfly/fisbe/biapy-instance-scale/val/label
2026-08-06 14:19:50,059 - INFO     - main                     : Converting test, Found (7 volumes), Processing None
2026-08-06 14:19:50,066 - INFO     - convert_split            : Save workers: 12
2026-08-06 14:19:50,066 - INFO     - convert_split            : Augmentations enabled: True
2026-08-06 14:19:50,066 - INFO     - process_samples          : /// Processing Sample [1 / 7]: JRC_SS04989-20160318_24_A2.zarr ///
2026-08-06 14:19:52,325 - INFO     - process_samples          : Number of augmentation jobs: 1
2026-08-06 14:19:56,224 - INFO     - save_and_log_data        : Saving raw to file: JRC_SS04989-20160318_24_A2_is , Dir: /scratch/wmz2007/neuroinfo_fruitfly/fisbe/biapy-instance-scale/test/raw
2026-08-06 14:19:56,224 - INFO     - save_and_log_data        : Saving label to file: JRC_SS04989-20160318_24_A2_is, Dir: /scratch/wmz2007/neuroinfo_fruitfly/fisbe/biapy-instance-scale/test/label
2026-08-06 14:19:56,224 - INFO     - process_samples          : /// Processing Sample [2 / 7]: R14A02-20180905_65_A6.zarr ///
2026-08-06 14:20:00,165 - INFO     - process_samples          : Number of augmentation jobs: 1
2026-08-06 14:20:07,600 - INFO     - save_and_log_data        : Saving raw to file: R14A02-20180905_65_A6_is , Dir: /scratch/wmz2007/neuroinfo_fruitfly/fisbe/biapy-instance-scale/test/raw
2026-08-06 14:20:07,600 - INFO     - save_and_log_data        : Saving label to file: R14A02-20180905_65_A6_is, Dir: /scratch/wmz2007/neuroinfo_fruitfly/fisbe/biapy-instance-scale/test/label
2026-08-06 14:20:07,603 - INFO     - process_samples          : /// Processing Sample [3 / 7]: R54A09-20181019_64_H1.zarr ///
2026-08-06 14:20:09,155 - INFO     - process_samples          : Number of augmentation jobs: 1
2026-08-06 14:20:11,800 - INFO     - save_and_log_data        : Saving raw to file: R54A09-20181019_64_H1_is , Dir: /scratch/wmz2007/neuroinfo_fruitfly/fisbe/biapy-instance-scale/test/raw
2026-08-06 14:20:11,800 - INFO     - save_and_log_data        : Saving label to file: R54A09-20181019_64_H1_is, Dir: /scratch/wmz2007/neuroinfo_fruitfly/fisbe/biapy-instance-scale/test/label
2026-08-06 14:20:11,801 - INFO     - process_samples          : /// Processing Sample [4 / 7]: VT011145-20171222_63_I1.zarr ///
2026-08-06 14:20:16,792 - INFO     - process_samples          : Number of augmentation jobs: 1
2026-08-06 14:20:26,280 - INFO     - save_and_log_data        : Saving raw to file: VT011145-20171222_63_I1_is , Dir: /scratch/wmz2007/neuroinfo_fruitfly/fisbe/biapy-instance-scale/test/raw
2026-08-06 14:20:26,280 - INFO     - save_and_log_data        : Saving label to file: VT011145-20171222_63_I1_is, Dir: /scratch/wmz2007/neuroinfo_fruitfly/fisbe/biapy-instance-scale/test/label
2026-08-06 14:20:26,281 - INFO     - process_samples          : /// Processing Sample [5 / 7]: VT027175-20171031_62_H3.zarr ///
2026-08-06 14:20:28,503 - INFO     - process_samples          : Number of augmentation jobs: 1
2026-08-06 14:20:32,936 - INFO     - save_and_log_data        : Saving raw to file: VT027175-20171031_62_H3_is , Dir: /scratch/wmz2007/neuroinfo_fruitfly/fisbe/biapy-instance-scale/test/raw
2026-08-06 14:20:32,936 - INFO     - save_and_log_data        : Saving label to file: VT027175-20171031_62_H3_is, Dir: /scratch/wmz2007/neuroinfo_fruitfly/fisbe/biapy-instance-scale/test/label
2026-08-06 14:20:32,937 - INFO     - process_samples          : /// Processing Sample [6 / 7]: VT027175-20171031_62_H4.zarr ///
2026-08-06 14:20:37,071 - INFO     - process_samples          : Number of augmentation jobs: 1
2026-08-06 14:20:44,004 - INFO     - save_and_log_data        : Saving raw to file: VT027175-20171031_62_H4_is , Dir: /scratch/wmz2007/neuroinfo_fruitfly/fisbe/biapy-instance-scale/test/raw
2026-08-06 14:20:44,004 - INFO     - save_and_log_data        : Saving label to file: VT027175-20171031_62_H4_is, Dir: /scratch/wmz2007/neuroinfo_fruitfly/fisbe/biapy-instance-scale/test/label
2026-08-06 14:20:44,005 - INFO     - process_samples          : /// Processing Sample [7 / 7]: VT050157-20171110_61_C1.zarr ///
2026-08-06 14:20:47,036 - INFO     - process_samples          : Number of augmentation jobs: 1
2026-08-06 14:20:52,500 - INFO     - save_and_log_data        : Saving raw to file: VT050157-20171110_61_C1_is , Dir: /scratch/wmz2007/neuroinfo_fruitfly/fisbe/biapy-instance-scale/test/raw
2026-08-06 14:20:52,500 - INFO     - save_and_log_data        : Saving label to file: VT050157-20171110_61_C1_is, Dir: /scratch/wmz2007/neuroinfo_fruitfly/fisbe/biapy-instance-scale/test/label
