Output Data to fisbe/biapy-no-aug
running BiaPy/biapy_prep_main.py
2026-08-06 13:44:31,925 - INFO     - main                     : source: /scratch/wmz2007/neuroinfo_fruitfly/fisbe/completely
2026-08-06 13:44:31,926 - INFO     - main                     : output: /scratch/wmz2007/neuroinfo_fruitfly/fisbe/biapy-no-aug
2026-08-06 13:44:31,932 - INFO     - main                     : Converting train, Found (18 volumes), Processing None
2026-08-06 13:44:31,945 - INFO     - convert_split            : Save workers: 4
2026-08-06 13:44:31,945 - INFO     - convert_split            : Augmentations enabled: False
2026-08-06 13:44:31,947 - INFO     - process_samples          : /// Processing Sample [1 / 18]: R38F04-20181005_63_G3.zarr ///
2026-08-06 13:44:31,947 - DEBUG    - _get_loop                : Creating Zarr event loop
2026-08-06 13:44:31,947 - DEBUG    - __init__                 : Using selector: EpollSelector
2026-08-06 13:44:34,261 - DEBUG    - merge_instance_masks     : merge_instance_masks
2026-08-06 13:44:34,261 - DEBUG    - merge_instance_masks     : 	before array.ndim: 4
2026-08-06 13:44:34,261 - DEBUG    - merge_instance_masks     : 	before array.shape: (2, 431, 687, 684)
2026-08-06 13:44:34,618 - DEBUG    - merge_instance_masks     : 	new merged.ndim: 3
2026-08-06 13:44:34,618 - DEBUG    - merge_instance_masks     : 	new merged.shape: (431, 687, 684)
2026-08-06 13:44:34,619 - DEBUG    - save_and_log_data        : 	Saving - raw.shape: (431, 3, 687, 684) raw_dir: /scratch/wmz2007/neuroinfo_fruitfly/fisbe/biapy-no-aug/train/raw raw_names: R38F04-20181005_63_G3.zarr
2026-08-06 13:44:34,619 - DEBUG    - save_and_log_data        : 	Saving - labels.shape: (431, 687, 684) label_dir: /scratch/wmz2007/neuroinfo_fruitfly/fisbe/biapy-no-aug/train/label label_names: R38F04-20181005_63_G3.zarr
2026-08-06 13:44:34,619 - INFO     - save_and_log_data        : Saving raw to file: R38F04-20181005_63_G3 , Dir: /scratch/wmz2007/neuroinfo_fruitfly/fisbe/biapy-no-aug/train/raw
2026-08-06 13:44:34,619 - INFO     - save_and_log_data        : Saving label to file: R38F04-20181005_63_G3, Dir: /scratch/wmz2007/neuroinfo_fruitfly/fisbe/biapy-no-aug/train/label
2026-08-06 13:44:36,083 - INFO     - process_samples          : /// Processing Sample [2 / 18]: R38F04-20181005_63_G5.zarr ///
2026-08-06 13:44:38,498 - DEBUG    - merge_instance_masks     : merge_instance_masks
2026-08-06 13:44:38,498 - DEBUG    - merge_instance_masks     : 	before array.ndim: 4
2026-08-06 13:44:38,499 - DEBUG    - merge_instance_masks     : 	before array.shape: (3, 421, 687, 684)
2026-08-06 13:44:39,011 - DEBUG    - merge_instance_masks     : 	new merged.ndim: 3
2026-08-06 13:44:39,011 - DEBUG    - merge_instance_masks     : 	new merged.shape: (421, 687, 684)
2026-08-06 13:44:39,012 - DEBUG    - save_and_log_data        : 	Saving - raw.shape: (421, 3, 687, 684) raw_dir: /scratch/wmz2007/neuroinfo_fruitfly/fisbe/biapy-no-aug/train/raw raw_names: R38F04-20181005_63_G5.zarr
2026-08-06 13:44:39,012 - DEBUG    - save_and_log_data        : 	Saving - labels.shape: (421, 687, 684) label_dir: /scratch/wmz2007/neuroinfo_fruitfly/fisbe/biapy-no-aug/train/label label_names: R38F04-20181005_63_G5.zarr
2026-08-06 13:44:39,012 - INFO     - save_and_log_data        : Saving raw to file: R38F04-20181005_63_G5 , Dir: /scratch/wmz2007/neuroinfo_fruitfly/fisbe/biapy-no-aug/train/raw
2026-08-06 13:44:39,012 - INFO     - save_and_log_data        : Saving label to file: R38F04-20181005_63_G5, Dir: /scratch/wmz2007/neuroinfo_fruitfly/fisbe/biapy-no-aug/train/label
2026-08-06 13:44:40,487 - INFO     - process_samples          : /// Processing Sample [3 / 18]: R38F04-20181005_63_H1.zarr ///
2026-08-06 13:44:42,800 - DEBUG    - merge_instance_masks     : merge_instance_masks
2026-08-06 13:44:42,801 - DEBUG    - merge_instance_masks     : 	before array.ndim: 4
2026-08-06 13:44:42,801 - DEBUG    - merge_instance_masks     : 	before array.shape: (3, 399, 687, 684)
2026-08-06 13:44:43,280 - DEBUG    - merge_instance_masks     : 	new merged.ndim: 3
2026-08-06 13:44:43,280 - DEBUG    - merge_instance_masks     : 	new merged.shape: (399, 687, 684)
2026-08-06 13:44:43,282 - DEBUG    - save_and_log_data        : 	Saving - raw.shape: (399, 3, 687, 684) raw_dir: /scratch/wmz2007/neuroinfo_fruitfly/fisbe/biapy-no-aug/train/raw raw_names: R38F04-20181005_63_H1.zarr
2026-08-06 13:44:43,282 - DEBUG    - save_and_log_data        : 	Saving - labels.shape: (399, 687, 684) label_dir: /scratch/wmz2007/neuroinfo_fruitfly/fisbe/biapy-no-aug/train/label label_names: R38F04-20181005_63_H1.zarr
2026-08-06 13:44:43,282 - INFO     - save_and_log_data        : Saving raw to file: R38F04-20181005_63_H1 , Dir: /scratch/wmz2007/neuroinfo_fruitfly/fisbe/biapy-no-aug/train/raw
2026-08-06 13:44:43,282 - INFO     - save_and_log_data        : Saving label to file: R38F04-20181005_63_H1, Dir: /scratch/wmz2007/neuroinfo_fruitfly/fisbe/biapy-no-aug/train/label
2026-08-06 13:44:44,683 - INFO     - process_samples          : /// Processing Sample [4 / 18]: R53A10-20181019_64_A4.zarr ///
2026-08-06 13:44:46,763 - DEBUG    - merge_instance_masks     : merge_instance_masks
2026-08-06 13:44:46,763 - DEBUG    - merge_instance_masks     : 	before array.ndim: 4
2026-08-06 13:44:46,763 - DEBUG    - merge_instance_masks     : 	before array.shape: (1, 410, 683, 686)
2026-08-06 13:44:46,933 - DEBUG    - merge_instance_masks     : 	new merged.ndim: 3
2026-08-06 13:44:46,933 - DEBUG    - merge_instance_masks     : 	new merged.shape: (410, 683, 686)
2026-08-06 13:44:46,934 - DEBUG    - save_and_log_data        : 	Saving - raw.shape: (410, 3, 683, 686) raw_dir: /scratch/wmz2007/neuroinfo_fruitfly/fisbe/biapy-no-aug/train/raw raw_names: R53A10-20181019_64_A4.zarr
2026-08-06 13:44:46,935 - DEBUG    - save_and_log_data        : 	Saving - labels.shape: (410, 683, 686) label_dir: /scratch/wmz2007/neuroinfo_fruitfly/fisbe/biapy-no-aug/train/label label_names: R53A10-20181019_64_A4.zarr
2026-08-06 13:44:46,935 - INFO     - save_and_log_data        : Saving raw to file: R53A10-20181019_64_A4 , Dir: /scratch/wmz2007/neuroinfo_fruitfly/fisbe/biapy-no-aug/train/raw
2026-08-06 13:44:46,935 - INFO     - save_and_log_data        : Saving label to file: R53A10-20181019_64_A4, Dir: /scratch/wmz2007/neuroinfo_fruitfly/fisbe/biapy-no-aug/train/label
2026-08-06 13:44:48,317 - INFO     - process_samples          : /// Processing Sample [5 / 18]: R75E01-20181030_64_D1.zarr ///
2026-08-06 13:44:50,624 - DEBUG    - merge_instance_masks     : merge_instance_masks
2026-08-06 13:44:50,624 - DEBUG    - merge_instance_masks     : 	before array.ndim: 4
2026-08-06 13:44:50,624 - DEBUG    - merge_instance_masks     : 	before array.shape: (3, 401, 685, 685)
2026-08-06 13:44:51,097 - DEBUG    - merge_instance_masks     : 	new merged.ndim: 3
2026-08-06 13:44:51,097 - DEBUG    - merge_instance_masks     : 	new merged.shape: (401, 685, 685)
2026-08-06 13:44:51,098 - DEBUG    - save_and_log_data        : 	Saving - raw.shape: (401, 3, 685, 685) raw_dir: /scratch/wmz2007/neuroinfo_fruitfly/fisbe/biapy-no-aug/train/raw raw_names: R75E01-20181030_64_D1.zarr
2026-08-06 13:44:51,098 - DEBUG    - save_and_log_data        : 	Saving - labels.shape: (401, 685, 685) label_dir: /scratch/wmz2007/neuroinfo_fruitfly/fisbe/biapy-no-aug/train/label label_names: R75E01-20181030_64_D1.zarr
2026-08-06 13:44:51,098 - INFO     - save_and_log_data        : Saving raw to file: R75E01-20181030_64_D1 , Dir: /scratch/wmz2007/neuroinfo_fruitfly/fisbe/biapy-no-aug/train/raw
2026-08-06 13:44:51,098 - INFO     - save_and_log_data        : Saving label to file: R75E01-20181030_64_D1, Dir: /scratch/wmz2007/neuroinfo_fruitfly/fisbe/biapy-no-aug/train/label
2026-08-06 13:44:52,543 - INFO     - process_samples          : /// Processing Sample [6 / 18]: VT008647-20171222_63_D1.zarr ///
2026-08-06 13:44:55,602 - DEBUG    - merge_instance_masks     : merge_instance_masks
2026-08-06 13:44:55,602 - DEBUG    - merge_instance_masks     : 	before array.ndim: 4
2026-08-06 13:44:55,602 - DEBUG    - merge_instance_masks     : 	before array.shape: (7, 417, 685, 685)
2026-08-06 13:44:56,716 - DEBUG    - merge_instance_masks     : 	new merged.ndim: 3
2026-08-06 13:44:56,717 - DEBUG    - merge_instance_masks     : 	new merged.shape: (417, 685, 685)
2026-08-06 13:44:56,718 - DEBUG    - save_and_log_data        : 	Saving - raw.shape: (417, 3, 685, 685) raw_dir: /scratch/wmz2007/neuroinfo_fruitfly/fisbe/biapy-no-aug/train/raw raw_names: VT008647-20171222_63_D1.zarr
2026-08-06 13:44:56,718 - DEBUG    - save_and_log_data        : 	Saving - labels.shape: (417, 685, 685) label_dir: /scratch/wmz2007/neuroinfo_fruitfly/fisbe/biapy-no-aug/train/label label_names: VT008647-20171222_63_D1.zarr
2026-08-06 13:44:56,718 - INFO     - save_and_log_data        : Saving raw to file: VT008647-20171222_63_D1 , Dir: /scratch/wmz2007/neuroinfo_fruitfly/fisbe/biapy-no-aug/train/raw
2026-08-06 13:44:56,718 - INFO     - save_and_log_data        : Saving label to file: VT008647-20171222_63_D1, Dir: /scratch/wmz2007/neuroinfo_fruitfly/fisbe/biapy-no-aug/train/label
2026-08-06 13:44:58,237 - INFO     - process_samples          : /// Processing Sample [7 / 18]: VT008647-20171222_63_D2.zarr ///
2026-08-06 13:45:01,059 - DEBUG    - merge_instance_masks     : merge_instance_masks
2026-08-06 13:45:01,059 - DEBUG    - merge_instance_masks     : 	before array.ndim: 4
2026-08-06 13:45:01,059 - DEBUG    - merge_instance_masks     : 	before array.shape: (6, 412, 685, 685)
2026-08-06 13:45:01,998 - DEBUG    - merge_instance_masks     : 	new merged.ndim: 3
2026-08-06 13:45:01,998 - DEBUG    - merge_instance_masks     : 	new merged.shape: (412, 685, 685)
2026-08-06 13:45:01,999 - DEBUG    - save_and_log_data        : 	Saving - raw.shape: (412, 3, 685, 685) raw_dir: /scratch/wmz2007/neuroinfo_fruitfly/fisbe/biapy-no-aug/train/raw raw_names: VT008647-20171222_63_D2.zarr
2026-08-06 13:45:02,000 - DEBUG    - save_and_log_data        : 	Saving - labels.shape: (412, 685, 685) label_dir: /scratch/wmz2007/neuroinfo_fruitfly/fisbe/biapy-no-aug/train/label label_names: VT008647-20171222_63_D2.zarr
2026-08-06 13:45:02,000 - INFO     - save_and_log_data        : Saving raw to file: VT008647-20171222_63_D2 , Dir: /scratch/wmz2007/neuroinfo_fruitfly/fisbe/biapy-no-aug/train/raw
2026-08-06 13:45:02,000 - INFO     - save_and_log_data        : Saving label to file: VT008647-20171222_63_D2, Dir: /scratch/wmz2007/neuroinfo_fruitfly/fisbe/biapy-no-aug/train/label
2026-08-06 13:45:03,501 - INFO     - process_samples          : /// Processing Sample [8 / 18]: VT008647-20171222_63_E1.zarr ///
2026-08-06 13:45:06,770 - DEBUG    - merge_instance_masks     : merge_instance_masks
2026-08-06 13:45:06,770 - DEBUG    - merge_instance_masks     : 	before array.ndim: 4
2026-08-06 13:45:06,770 - DEBUG    - merge_instance_masks     : 	before array.shape: (8, 416, 685, 685)
2026-08-06 13:45:08,006 - DEBUG    - merge_instance_masks     : 	new merged.ndim: 3
2026-08-06 13:45:08,006 - DEBUG    - merge_instance_masks     : 	new merged.shape: (416, 685, 685)
2026-08-06 13:45:08,007 - DEBUG    - save_and_log_data        : 	Saving - raw.shape: (416, 3, 685, 685) raw_dir: /scratch/wmz2007/neuroinfo_fruitfly/fisbe/biapy-no-aug/train/raw raw_names: VT008647-20171222_63_E1.zarr
2026-08-06 13:45:08,007 - DEBUG    - save_and_log_data        : 	Saving - labels.shape: (416, 685, 685) label_dir: /scratch/wmz2007/neuroinfo_fruitfly/fisbe/biapy-no-aug/train/label label_names: VT008647-20171222_63_E1.zarr
2026-08-06 13:45:08,007 - INFO     - save_and_log_data        : Saving raw to file: VT008647-20171222_63_E1 , Dir: /scratch/wmz2007/neuroinfo_fruitfly/fisbe/biapy-no-aug/train/raw
2026-08-06 13:45:08,007 - INFO     - save_and_log_data        : Saving label to file: VT008647-20171222_63_E1, Dir: /scratch/wmz2007/neuroinfo_fruitfly/fisbe/biapy-no-aug/train/label
2026-08-06 13:45:09,431 - INFO     - process_samples          : /// Processing Sample [9 / 18]: VT019303-20171013_65_B6.zarr ///
2026-08-06 13:45:11,532 - DEBUG    - merge_instance_masks     : merge_instance_masks
2026-08-06 13:45:11,532 - DEBUG    - merge_instance_masks     : 	before array.ndim: 4
2026-08-06 13:45:11,532 - DEBUG    - merge_instance_masks     : 	before array.shape: (3, 362, 685, 686)
2026-08-06 13:45:11,957 - DEBUG    - merge_instance_masks     : 	new merged.ndim: 3
2026-08-06 13:45:11,957 - DEBUG    - merge_instance_masks     : 	new merged.shape: (362, 685, 686)
2026-08-06 13:45:11,959 - DEBUG    - save_and_log_data        : 	Saving - raw.shape: (362, 3, 685, 686) raw_dir: /scratch/wmz2007/neuroinfo_fruitfly/fisbe/biapy-no-aug/train/raw raw_names: VT019303-20171013_65_B6.zarr
2026-08-06 13:45:11,959 - DEBUG    - save_and_log_data        : 	Saving - labels.shape: (362, 685, 686) label_dir: /scratch/wmz2007/neuroinfo_fruitfly/fisbe/biapy-no-aug/train/label label_names: VT019303-20171013_65_B6.zarr
2026-08-06 13:45:11,959 - INFO     - save_and_log_data        : Saving raw to file: VT019303-20171013_65_B6 , Dir: /scratch/wmz2007/neuroinfo_fruitfly/fisbe/biapy-no-aug/train/raw
2026-08-06 13:45:11,959 - INFO     - save_and_log_data        : Saving label to file: VT019303-20171013_65_B6, Dir: /scratch/wmz2007/neuroinfo_fruitfly/fisbe/biapy-no-aug/train/label
2026-08-06 13:45:13,218 - INFO     - process_samples          : /// Processing Sample [10 / 18]: VT019307-20171013_65_F1.zarr ///
2026-08-06 13:45:16,031 - DEBUG    - merge_instance_masks     : merge_instance_masks
2026-08-06 13:45:16,031 - DEBUG    - merge_instance_masks     : 	before array.ndim: 4
2026-08-06 13:45:16,031 - DEBUG    - merge_instance_masks     : 	before array.shape: (6, 408, 685, 686)
2026-08-06 13:45:16,955 - DEBUG    - merge_instance_masks     : 	new merged.ndim: 3
2026-08-06 13:45:16,955 - DEBUG    - merge_instance_masks     : 	new merged.shape: (408, 685, 686)
2026-08-06 13:45:16,957 - DEBUG    - save_and_log_data        : 	Saving - raw.shape: (408, 3, 685, 686) raw_dir: /scratch/wmz2007/neuroinfo_fruitfly/fisbe/biapy-no-aug/train/raw raw_names: VT019307-20171013_65_F1.zarr
2026-08-06 13:45:16,957 - DEBUG    - save_and_log_data        : 	Saving - labels.shape: (408, 685, 686) label_dir: /scratch/wmz2007/neuroinfo_fruitfly/fisbe/biapy-no-aug/train/label label_names: VT019307-20171013_65_F1.zarr
2026-08-06 13:45:16,957 - INFO     - save_and_log_data        : Saving raw to file: VT019307-20171013_65_F1 , Dir: /scratch/wmz2007/neuroinfo_fruitfly/fisbe/biapy-no-aug/train/raw
2026-08-06 13:45:16,957 - INFO     - save_and_log_data        : Saving label to file: VT019307-20171013_65_F1, Dir: /scratch/wmz2007/neuroinfo_fruitfly/fisbe/biapy-no-aug/train/label
2026-08-06 13:45:18,320 - INFO     - process_samples          : /// Processing Sample [11 / 18]: VT033051-20171128_61_E2.zarr ///
2026-08-06 13:45:20,409 - DEBUG    - merge_instance_masks     : merge_instance_masks
2026-08-06 13:45:20,409 - DEBUG    - merge_instance_masks     : 	before array.ndim: 4
2026-08-06 13:45:20,409 - DEBUG    - merge_instance_masks     : 	before array.shape: (4, 345, 683, 686)
2026-08-06 13:45:20,935 - DEBUG    - merge_instance_masks     : 	new merged.ndim: 3
2026-08-06 13:45:20,935 - DEBUG    - merge_instance_masks     : 	new merged.shape: (345, 683, 686)
2026-08-06 13:45:20,936 - DEBUG    - save_and_log_data        : 	Saving - raw.shape: (345, 3, 683, 686) raw_dir: /scratch/wmz2007/neuroinfo_fruitfly/fisbe/biapy-no-aug/train/raw raw_names: VT033051-20171128_61_E2.zarr
2026-08-06 13:45:20,936 - DEBUG    - save_and_log_data        : 	Saving - labels.shape: (345, 683, 686) label_dir: /scratch/wmz2007/neuroinfo_fruitfly/fisbe/biapy-no-aug/train/label label_names: VT033051-20171128_61_E2.zarr
2026-08-06 13:45:20,936 - INFO     - save_and_log_data        : Saving raw to file: VT033051-20171128_61_E2 , Dir: /scratch/wmz2007/neuroinfo_fruitfly/fisbe/biapy-no-aug/train/raw
2026-08-06 13:45:20,936 - INFO     - save_and_log_data        : Saving label to file: VT033051-20171128_61_E2, Dir: /scratch/wmz2007/neuroinfo_fruitfly/fisbe/biapy-no-aug/train/label
2026-08-06 13:45:22,221 - INFO     - process_samples          : /// Processing Sample [12 / 18]: VT033051-20171128_61_E4.zarr ///
2026-08-06 13:45:24,170 - DEBUG    - merge_instance_masks     : merge_instance_masks
2026-08-06 13:45:24,170 - DEBUG    - merge_instance_masks     : 	before array.ndim: 4
2026-08-06 13:45:24,170 - DEBUG    - merge_instance_masks     : 	before array.shape: (2, 379, 683, 686)
2026-08-06 13:45:24,470 - DEBUG    - merge_instance_masks     : 	new merged.ndim: 3
2026-08-06 13:45:24,470 - DEBUG    - merge_instance_masks     : 	new merged.shape: (379, 683, 686)
2026-08-06 13:45:24,471 - DEBUG    - save_and_log_data        : 	Saving - raw.shape: (379, 3, 683, 686) raw_dir: /scratch/wmz2007/neuroinfo_fruitfly/fisbe/biapy-no-aug/train/raw raw_names: VT033051-20171128_61_E4.zarr
2026-08-06 13:45:24,471 - DEBUG    - save_and_log_data        : 	Saving - labels.shape: (379, 683, 686) label_dir: /scratch/wmz2007/neuroinfo_fruitfly/fisbe/biapy-no-aug/train/label label_names: VT033051-20171128_61_E4.zarr
2026-08-06 13:45:24,471 - INFO     - save_and_log_data        : Saving raw to file: VT033051-20171128_61_E4 , Dir: /scratch/wmz2007/neuroinfo_fruitfly/fisbe/biapy-no-aug/train/raw
2026-08-06 13:45:24,471 - INFO     - save_and_log_data        : Saving label to file: VT033051-20171128_61_E4, Dir: /scratch/wmz2007/neuroinfo_fruitfly/fisbe/biapy-no-aug/train/label
2026-08-06 13:45:25,712 - INFO     - process_samples          : /// Processing Sample [13 / 18]: VT040433-20170919_63_D6.zarr ///
2026-08-06 13:45:28,542 - DEBUG    - merge_instance_masks     : merge_instance_masks
2026-08-06 13:45:28,542 - DEBUG    - merge_instance_masks     : 	before array.ndim: 4
2026-08-06 13:45:28,542 - DEBUG    - merge_instance_masks     : 	before array.shape: (8, 372, 683, 686)
2026-08-06 13:45:29,656 - DEBUG    - merge_instance_masks     : 	new merged.ndim: 3
2026-08-06 13:45:29,657 - DEBUG    - merge_instance_masks     : 	new merged.shape: (372, 683, 686)
2026-08-06 13:45:29,658 - DEBUG    - save_and_log_data        : 	Saving - raw.shape: (372, 3, 683, 686) raw_dir: /scratch/wmz2007/neuroinfo_fruitfly/fisbe/biapy-no-aug/train/raw raw_names: VT040433-20170919_63_D6.zarr
2026-08-06 13:45:29,658 - DEBUG    - save_and_log_data        : 	Saving - labels.shape: (372, 683, 686) label_dir: /scratch/wmz2007/neuroinfo_fruitfly/fisbe/biapy-no-aug/train/label label_names: VT040433-20170919_63_D6.zarr
2026-08-06 13:45:29,658 - INFO     - save_and_log_data        : Saving raw to file: VT040433-20170919_63_D6 , Dir: /scratch/wmz2007/neuroinfo_fruitfly/fisbe/biapy-no-aug/train/raw
2026-08-06 13:45:29,658 - INFO     - save_and_log_data        : Saving label to file: VT040433-20170919_63_D6, Dir: /scratch/wmz2007/neuroinfo_fruitfly/fisbe/biapy-no-aug/train/label
2026-08-06 13:45:30,943 - INFO     - process_samples          : /// Processing Sample [14 / 18]: VT047848-20171020_66_I2.zarr ///
2026-08-06 13:45:34,970 - DEBUG    - merge_instance_masks     : merge_instance_masks
2026-08-06 13:45:34,971 - DEBUG    - merge_instance_masks     : 	before array.ndim: 4
2026-08-06 13:45:34,971 - DEBUG    - merge_instance_masks     : 	before array.shape: (4, 388, 889, 863)
2026-08-06 13:45:35,954 - DEBUG    - merge_instance_masks     : 	new merged.ndim: 3
2026-08-06 13:45:35,954 - DEBUG    - merge_instance_masks     : 	new merged.shape: (388, 889, 863)
2026-08-06 13:45:35,956 - DEBUG    - save_and_log_data        : 	Saving - raw.shape: (388, 3, 889, 863) raw_dir: /scratch/wmz2007/neuroinfo_fruitfly/fisbe/biapy-no-aug/train/raw raw_names: VT047848-20171020_66_I2.zarr
2026-08-06 13:45:35,956 - DEBUG    - save_and_log_data        : 	Saving - labels.shape: (388, 889, 863) label_dir: /scratch/wmz2007/neuroinfo_fruitfly/fisbe/biapy-no-aug/train/label label_names: VT047848-20171020_66_I2.zarr
2026-08-06 13:45:35,956 - INFO     - save_and_log_data        : Saving raw to file: VT047848-20171020_66_I2 , Dir: /scratch/wmz2007/neuroinfo_fruitfly/fisbe/biapy-no-aug/train/raw
2026-08-06 13:45:35,956 - INFO     - save_and_log_data        : Saving label to file: VT047848-20171020_66_I2, Dir: /scratch/wmz2007/neuroinfo_fruitfly/fisbe/biapy-no-aug/train/label
2026-08-06 13:45:38,054 - INFO     - process_samples          : /// Processing Sample [15 / 18]: VT047848-20171020_66_I3.zarr ///
2026-08-06 13:45:40,851 - DEBUG    - merge_instance_masks     : merge_instance_masks
2026-08-06 13:45:40,852 - DEBUG    - merge_instance_masks     : 	before array.ndim: 4
2026-08-06 13:45:40,852 - DEBUG    - merge_instance_masks     : 	before array.shape: (3, 390, 1058, 907)
2026-08-06 13:45:41,802 - DEBUG    - merge_instance_masks     : 	new merged.ndim: 3
2026-08-06 13:45:41,803 - DEBUG    - merge_instance_masks     : 	new merged.shape: (390, 1058, 907)
2026-08-06 13:45:41,805 - DEBUG    - save_and_log_data        : 	Saving - raw.shape: (390, 3, 1058, 907) raw_dir: /scratch/wmz2007/neuroinfo_fruitfly/fisbe/biapy-no-aug/train/raw raw_names: VT047848-20171020_66_I3.zarr
2026-08-06 13:45:41,805 - DEBUG    - save_and_log_data        : 	Saving - labels.shape: (390, 1058, 907) label_dir: /scratch/wmz2007/neuroinfo_fruitfly/fisbe/biapy-no-aug/train/label label_names: VT047848-20171020_66_I3.zarr
2026-08-06 13:45:41,805 - INFO     - save_and_log_data        : Saving raw to file: VT047848-20171020_66_I3 , Dir: /scratch/wmz2007/neuroinfo_fruitfly/fisbe/biapy-no-aug/train/raw
2026-08-06 13:45:41,805 - INFO     - save_and_log_data        : Saving label to file: VT047848-20171020_66_I3, Dir: /scratch/wmz2007/neuroinfo_fruitfly/fisbe/biapy-no-aug/train/label
2026-08-06 13:45:44,446 - INFO     - process_samples          : /// Processing Sample [16 / 18]: VT047848-20171020_66_I5.zarr ///
2026-08-06 13:45:52,618 - DEBUG    - merge_instance_masks     : merge_instance_masks
2026-08-06 13:45:52,618 - DEBUG    - merge_instance_masks     : 	before array.ndim: 4
2026-08-06 13:45:52,618 - DEBUG    - merge_instance_masks     : 	before array.shape: (12, 401, 982, 895)
2026-08-06 13:45:56,001 - DEBUG    - merge_instance_masks     : 	new merged.ndim: 3
2026-08-06 13:45:56,001 - DEBUG    - merge_instance_masks     : 	new merged.shape: (401, 982, 895)
2026-08-06 13:45:56,003 - DEBUG    - save_and_log_data        : 	Saving - raw.shape: (401, 3, 982, 895) raw_dir: /scratch/wmz2007/neuroinfo_fruitfly/fisbe/biapy-no-aug/train/raw raw_names: VT047848-20171020_66_I5.zarr
2026-08-06 13:45:56,003 - DEBUG    - save_and_log_data        : 	Saving - labels.shape: (401, 982, 895) label_dir: /scratch/wmz2007/neuroinfo_fruitfly/fisbe/biapy-no-aug/train/label label_names: VT047848-20171020_66_I5.zarr
2026-08-06 13:45:56,003 - INFO     - save_and_log_data        : Saving raw to file: VT047848-20171020_66_I5 , Dir: /scratch/wmz2007/neuroinfo_fruitfly/fisbe/biapy-no-aug/train/raw
2026-08-06 13:45:56,003 - INFO     - save_and_log_data        : Saving label to file: VT047848-20171020_66_I5, Dir: /scratch/wmz2007/neuroinfo_fruitfly/fisbe/biapy-no-aug/train/label
2026-08-06 13:45:58,512 - INFO     - process_samples          : /// Processing Sample [17 / 18]: VT047848-20171020_66_J2.zarr ///
2026-08-06 13:46:03,443 - DEBUG    - merge_instance_masks     : merge_instance_masks
2026-08-06 13:46:03,443 - DEBUG    - merge_instance_masks     : 	before array.ndim: 4
2026-08-06 13:46:03,443 - DEBUG    - merge_instance_masks     : 	before array.shape: (5, 404, 934, 911)
2026-08-06 13:46:04,822 - DEBUG    - merge_instance_masks     : 	new merged.ndim: 3
2026-08-06 13:46:04,822 - DEBUG    - merge_instance_masks     : 	new merged.shape: (404, 934, 911)
2026-08-06 13:46:04,825 - DEBUG    - save_and_log_data        : 	Saving - raw.shape: (404, 3, 934, 911) raw_dir: /scratch/wmz2007/neuroinfo_fruitfly/fisbe/biapy-no-aug/train/raw raw_names: VT047848-20171020_66_J2.zarr
2026-08-06 13:46:04,825 - DEBUG    - save_and_log_data        : 	Saving - labels.shape: (404, 934, 911) label_dir: /scratch/wmz2007/neuroinfo_fruitfly/fisbe/biapy-no-aug/train/label label_names: VT047848-20171020_66_J2.zarr
2026-08-06 13:46:04,825 - INFO     - save_and_log_data        : Saving raw to file: VT047848-20171020_66_J2 , Dir: /scratch/wmz2007/neuroinfo_fruitfly/fisbe/biapy-no-aug/train/raw
2026-08-06 13:46:04,825 - INFO     - save_and_log_data        : Saving label to file: VT047848-20171020_66_J2, Dir: /scratch/wmz2007/neuroinfo_fruitfly/fisbe/biapy-no-aug/train/label
2026-08-06 13:46:07,304 - INFO     - process_samples          : /// Processing Sample [18 / 18]: VT061467-20180911_62_E5.zarr ///
2026-08-06 13:46:09,804 - DEBUG    - merge_instance_masks     : merge_instance_masks
2026-08-06 13:46:09,804 - DEBUG    - merge_instance_masks     : 	before array.ndim: 4
2026-08-06 13:46:09,804 - DEBUG    - merge_instance_masks     : 	before array.shape: (4, 423, 687, 684)
2026-08-06 13:46:10,451 - DEBUG    - merge_instance_masks     : 	new merged.ndim: 3
2026-08-06 13:46:10,451 - DEBUG    - merge_instance_masks     : 	new merged.shape: (423, 687, 684)
2026-08-06 13:46:10,453 - DEBUG    - save_and_log_data        : 	Saving - raw.shape: (423, 3, 687, 684) raw_dir: /scratch/wmz2007/neuroinfo_fruitfly/fisbe/biapy-no-aug/train/raw raw_names: VT061467-20180911_62_E5.zarr
2026-08-06 13:46:10,453 - DEBUG    - save_and_log_data        : 	Saving - labels.shape: (423, 687, 684) label_dir: /scratch/wmz2007/neuroinfo_fruitfly/fisbe/biapy-no-aug/train/label label_names: VT061467-20180911_62_E5.zarr
2026-08-06 13:46:10,453 - INFO     - save_and_log_data        : Saving raw to file: VT061467-20180911_62_E5 , Dir: /scratch/wmz2007/neuroinfo_fruitfly/fisbe/biapy-no-aug/train/raw
2026-08-06 13:46:10,453 - INFO     - save_and_log_data        : Saving label to file: VT061467-20180911_62_E5, Dir: /scratch/wmz2007/neuroinfo_fruitfly/fisbe/biapy-no-aug/train/label
2026-08-06 13:46:11,906 - INFO     - main                     : Converting val, Found (5 volumes), Processing None
2026-08-06 13:46:11,917 - INFO     - convert_split            : Save workers: 4
2026-08-06 13:46:11,918 - INFO     - convert_split            : Augmentations enabled: False
2026-08-06 13:46:11,919 - INFO     - process_samples          : /// Processing Sample [1 / 5]: R22C03-20180918_66_J2.zarr ///
2026-08-06 13:46:13,277 - DEBUG    - merge_instance_masks     : merge_instance_masks
2026-08-06 13:46:13,277 - DEBUG    - merge_instance_masks     : 	before array.ndim: 4
2026-08-06 13:46:13,277 - DEBUG    - merge_instance_masks     : 	before array.shape: (2, 399, 683, 686)
2026-08-06 13:46:13,588 - DEBUG    - merge_instance_masks     : 	new merged.ndim: 3
2026-08-06 13:46:13,588 - DEBUG    - merge_instance_masks     : 	new merged.shape: (399, 683, 686)
2026-08-06 13:46:13,589 - DEBUG    - save_and_log_data        : 	Saving - raw.shape: (399, 3, 683, 686) raw_dir: /scratch/wmz2007/neuroinfo_fruitfly/fisbe/biapy-no-aug/val/raw raw_names: R22C03-20180918_66_J2.zarr
2026-08-06 13:46:13,589 - DEBUG    - save_and_log_data        : 	Saving - labels.shape: (399, 683, 686) label_dir: /scratch/wmz2007/neuroinfo_fruitfly/fisbe/biapy-no-aug/val/label label_names: R22C03-20180918_66_J2.zarr
2026-08-06 13:46:13,589 - INFO     - save_and_log_data        : Saving raw to file: R22C03-20180918_66_J2 , Dir: /scratch/wmz2007/neuroinfo_fruitfly/fisbe/biapy-no-aug/val/raw
2026-08-06 13:46:13,589 - INFO     - save_and_log_data        : Saving label to file: R22C03-20180918_66_J2, Dir: /scratch/wmz2007/neuroinfo_fruitfly/fisbe/biapy-no-aug/val/label
2026-08-06 13:46:14,987 - INFO     - process_samples          : /// Processing Sample [2 / 5]: VT012403-20171128_61_B2.zarr ///
2026-08-06 13:46:17,282 - DEBUG    - merge_instance_masks     : merge_instance_masks
2026-08-06 13:46:17,282 - DEBUG    - merge_instance_masks     : 	before array.ndim: 4
2026-08-06 13:46:17,282 - DEBUG    - merge_instance_masks     : 	before array.shape: (5, 369, 683, 686)
2026-08-06 13:46:17,995 - DEBUG    - merge_instance_masks     : 	new merged.ndim: 3
2026-08-06 13:46:17,995 - DEBUG    - merge_instance_masks     : 	new merged.shape: (369, 683, 686)
2026-08-06 13:46:17,996 - DEBUG    - save_and_log_data        : 	Saving - raw.shape: (369, 3, 683, 686) raw_dir: /scratch/wmz2007/neuroinfo_fruitfly/fisbe/biapy-no-aug/val/raw raw_names: VT012403-20171128_61_B2.zarr
2026-08-06 13:46:17,996 - DEBUG    - save_and_log_data        : 	Saving - labels.shape: (369, 683, 686) label_dir: /scratch/wmz2007/neuroinfo_fruitfly/fisbe/biapy-no-aug/val/label label_names: VT012403-20171128_61_B2.zarr
2026-08-06 13:46:17,996 - INFO     - save_and_log_data        : Saving raw to file: VT012403-20171128_61_B2 , Dir: /scratch/wmz2007/neuroinfo_fruitfly/fisbe/biapy-no-aug/val/raw
2026-08-06 13:46:17,996 - INFO     - save_and_log_data        : Saving label to file: VT012403-20171128_61_B2, Dir: /scratch/wmz2007/neuroinfo_fruitfly/fisbe/biapy-no-aug/val/label
2026-08-06 13:46:19,320 - INFO     - process_samples          : /// Processing Sample [3 / 5]: VT033614-20171124_64_H1.zarr ///
2026-08-06 13:46:21,554 - DEBUG    - merge_instance_masks     : merge_instance_masks
2026-08-06 13:46:21,554 - DEBUG    - merge_instance_masks     : 	before array.ndim: 4
2026-08-06 13:46:21,554 - DEBUG    - merge_instance_masks     : 	before array.shape: (4, 379, 685, 686)
2026-08-06 13:46:22,145 - DEBUG    - merge_instance_masks     : 	new merged.ndim: 3
2026-08-06 13:46:22,145 - DEBUG    - merge_instance_masks     : 	new merged.shape: (379, 685, 686)
2026-08-06 13:46:22,146 - DEBUG    - save_and_log_data        : 	Saving - raw.shape: (379, 3, 685, 686) raw_dir: /scratch/wmz2007/neuroinfo_fruitfly/fisbe/biapy-no-aug/val/raw raw_names: VT033614-20171124_64_H1.zarr
2026-08-06 13:46:22,146 - DEBUG    - save_and_log_data        : 	Saving - labels.shape: (379, 685, 686) label_dir: /scratch/wmz2007/neuroinfo_fruitfly/fisbe/biapy-no-aug/val/label label_names: VT033614-20171124_64_H1.zarr
2026-08-06 13:46:22,146 - INFO     - save_and_log_data        : Saving raw to file: VT033614-20171124_64_H1 , Dir: /scratch/wmz2007/neuroinfo_fruitfly/fisbe/biapy-no-aug/val/raw
2026-08-06 13:46:22,146 - INFO     - save_and_log_data        : Saving label to file: VT033614-20171124_64_H1, Dir: /scratch/wmz2007/neuroinfo_fruitfly/fisbe/biapy-no-aug/val/label
2026-08-06 13:46:23,435 - INFO     - process_samples          : /// Processing Sample [4 / 5]: VT033614-20171124_64_H5.zarr ///
2026-08-06 13:46:25,735 - DEBUG    - merge_instance_masks     : merge_instance_masks
2026-08-06 13:46:25,735 - DEBUG    - merge_instance_masks     : 	before array.ndim: 4
2026-08-06 13:46:25,735 - DEBUG    - merge_instance_masks     : 	before array.shape: (3, 395, 685, 686)
2026-08-06 13:46:26,205 - DEBUG    - merge_instance_masks     : 	new merged.ndim: 3
2026-08-06 13:46:26,206 - DEBUG    - merge_instance_masks     : 	new merged.shape: (395, 685, 686)
2026-08-06 13:46:26,207 - DEBUG    - save_and_log_data        : 	Saving - raw.shape: (395, 3, 685, 686) raw_dir: /scratch/wmz2007/neuroinfo_fruitfly/fisbe/biapy-no-aug/val/raw raw_names: VT033614-20171124_64_H5.zarr
2026-08-06 13:46:26,207 - DEBUG    - save_and_log_data        : 	Saving - labels.shape: (395, 685, 686) label_dir: /scratch/wmz2007/neuroinfo_fruitfly/fisbe/biapy-no-aug/val/label label_names: VT033614-20171124_64_H5.zarr
2026-08-06 13:46:26,207 - INFO     - save_and_log_data        : Saving raw to file: VT033614-20171124_64_H5 , Dir: /scratch/wmz2007/neuroinfo_fruitfly/fisbe/biapy-no-aug/val/raw
2026-08-06 13:46:26,207 - INFO     - save_and_log_data        : Saving label to file: VT033614-20171124_64_H5, Dir: /scratch/wmz2007/neuroinfo_fruitfly/fisbe/biapy-no-aug/val/label
2026-08-06 13:46:27,651 - INFO     - process_samples          : /// Processing Sample [5 / 5]: VT041298-20171114_63_C3.zarr ///
2026-08-06 13:46:30,326 - DEBUG    - merge_instance_masks     : merge_instance_masks
2026-08-06 13:46:30,326 - DEBUG    - merge_instance_masks     : 	before array.ndim: 4
2026-08-06 13:46:30,326 - DEBUG    - merge_instance_masks     : 	before array.shape: (7, 356, 687, 684)
2026-08-06 13:46:31,258 - DEBUG    - merge_instance_masks     : 	new merged.ndim: 3
2026-08-06 13:46:31,259 - DEBUG    - merge_instance_masks     : 	new merged.shape: (356, 687, 684)
2026-08-06 13:46:31,260 - DEBUG    - save_and_log_data        : 	Saving - raw.shape: (356, 3, 687, 684) raw_dir: /scratch/wmz2007/neuroinfo_fruitfly/fisbe/biapy-no-aug/val/raw raw_names: VT041298-20171114_63_C3.zarr
2026-08-06 13:46:31,260 - DEBUG    - save_and_log_data        : 	Saving - labels.shape: (356, 687, 684) label_dir: /scratch/wmz2007/neuroinfo_fruitfly/fisbe/biapy-no-aug/val/label label_names: VT041298-20171114_63_C3.zarr
2026-08-06 13:46:31,260 - INFO     - save_and_log_data        : Saving raw to file: VT041298-20171114_63_C3 , Dir: /scratch/wmz2007/neuroinfo_fruitfly/fisbe/biapy-no-aug/val/raw
2026-08-06 13:46:31,260 - INFO     - save_and_log_data        : Saving label to file: VT041298-20171114_63_C3, Dir: /scratch/wmz2007/neuroinfo_fruitfly/fisbe/biapy-no-aug/val/label
2026-08-06 13:46:32,497 - INFO     - main                     : Converting test, Found (7 volumes), Processing None
2026-08-06 13:46:32,522 - INFO     - convert_split            : Save workers: 4
2026-08-06 13:46:32,522 - INFO     - convert_split            : Augmentations enabled: False
2026-08-06 13:46:32,525 - INFO     - process_samples          : /// Processing Sample [1 / 7]: JRC_SS04989-20160318_24_A2.zarr ///
2026-08-06 13:46:35,001 - DEBUG    - merge_instance_masks     : merge_instance_masks
2026-08-06 13:46:35,001 - DEBUG    - merge_instance_masks     : 	before array.ndim: 4
2026-08-06 13:46:35,001 - DEBUG    - merge_instance_masks     : 	before array.shape: (3, 390, 680, 680)
2026-08-06 13:46:35,444 - DEBUG    - merge_instance_masks     : 	new merged.ndim: 3
2026-08-06 13:46:35,444 - DEBUG    - merge_instance_masks     : 	new merged.shape: (390, 680, 680)
2026-08-06 13:46:35,445 - DEBUG    - save_and_log_data        : 	Saving - raw.shape: (390, 3, 680, 680) raw_dir: /scratch/wmz2007/neuroinfo_fruitfly/fisbe/biapy-no-aug/test/raw raw_names: JRC_SS04989-20160318_24_A2.zarr
2026-08-06 13:46:35,445 - DEBUG    - save_and_log_data        : 	Saving - labels.shape: (390, 680, 680) label_dir: /scratch/wmz2007/neuroinfo_fruitfly/fisbe/biapy-no-aug/test/label label_names: JRC_SS04989-20160318_24_A2.zarr
2026-08-06 13:46:35,445 - INFO     - save_and_log_data        : Saving raw to file: JRC_SS04989-20160318_24_A2 , Dir: /scratch/wmz2007/neuroinfo_fruitfly/fisbe/biapy-no-aug/test/raw
2026-08-06 13:46:35,445 - INFO     - save_and_log_data        : Saving label to file: JRC_SS04989-20160318_24_A2, Dir: /scratch/wmz2007/neuroinfo_fruitfly/fisbe/biapy-no-aug/test/label
2026-08-06 13:46:36,742 - INFO     - process_samples          : /// Processing Sample [2 / 7]: R14A02-20180905_65_A6.zarr ///
2026-08-06 13:46:39,720 - DEBUG    - merge_instance_masks     : merge_instance_masks
2026-08-06 13:46:39,720 - DEBUG    - merge_instance_masks     : 	before array.ndim: 4
2026-08-06 13:46:39,720 - DEBUG    - merge_instance_masks     : 	before array.shape: (7, 385, 685, 686)
2026-08-06 13:46:40,735 - DEBUG    - merge_instance_masks     : 	new merged.ndim: 3
2026-08-06 13:46:40,735 - DEBUG    - merge_instance_masks     : 	new merged.shape: (385, 685, 686)
2026-08-06 13:46:40,736 - DEBUG    - save_and_log_data        : 	Saving - raw.shape: (385, 3, 685, 686) raw_dir: /scratch/wmz2007/neuroinfo_fruitfly/fisbe/biapy-no-aug/test/raw raw_names: R14A02-20180905_65_A6.zarr
2026-08-06 13:46:40,736 - DEBUG    - save_and_log_data        : 	Saving - labels.shape: (385, 685, 686) label_dir: /scratch/wmz2007/neuroinfo_fruitfly/fisbe/biapy-no-aug/test/label label_names: R14A02-20180905_65_A6.zarr
2026-08-06 13:46:40,736 - INFO     - save_and_log_data        : Saving raw to file: R14A02-20180905_65_A6 , Dir: /scratch/wmz2007/neuroinfo_fruitfly/fisbe/biapy-no-aug/test/raw
2026-08-06 13:46:40,736 - INFO     - save_and_log_data        : Saving label to file: R14A02-20180905_65_A6, Dir: /scratch/wmz2007/neuroinfo_fruitfly/fisbe/biapy-no-aug/test/label
2026-08-06 13:46:42,052 - INFO     - process_samples          : /// Processing Sample [3 / 7]: R54A09-20181019_64_H1.zarr ///
2026-08-06 13:46:43,306 - DEBUG    - merge_instance_masks     : merge_instance_masks
2026-08-06 13:46:43,306 - DEBUG    - merge_instance_masks     : 	before array.ndim: 4
2026-08-06 13:46:43,306 - DEBUG    - merge_instance_masks     : 	before array.shape: (1, 430, 683, 686)
2026-08-06 13:46:43,489 - DEBUG    - merge_instance_masks     : 	new merged.ndim: 3
2026-08-06 13:46:43,489 - DEBUG    - merge_instance_masks     : 	new merged.shape: (430, 683, 686)
2026-08-06 13:46:43,490 - DEBUG    - save_and_log_data        : 	Saving - raw.shape: (430, 3, 683, 686) raw_dir: /scratch/wmz2007/neuroinfo_fruitfly/fisbe/biapy-no-aug/test/raw raw_names: R54A09-20181019_64_H1.zarr
2026-08-06 13:46:43,490 - DEBUG    - save_and_log_data        : 	Saving - labels.shape: (430, 683, 686) label_dir: /scratch/wmz2007/neuroinfo_fruitfly/fisbe/biapy-no-aug/test/label label_names: R54A09-20181019_64_H1.zarr
2026-08-06 13:46:43,490 - INFO     - save_and_log_data        : Saving raw to file: R54A09-20181019_64_H1 , Dir: /scratch/wmz2007/neuroinfo_fruitfly/fisbe/biapy-no-aug/test/raw
2026-08-06 13:46:43,490 - INFO     - save_and_log_data        : Saving label to file: R54A09-20181019_64_H1, Dir: /scratch/wmz2007/neuroinfo_fruitfly/fisbe/biapy-no-aug/test/label
2026-08-06 13:46:44,920 - INFO     - process_samples          : /// Processing Sample [4 / 7]: VT011145-20171222_63_I1.zarr ///
2026-08-06 13:46:48,396 - DEBUG    - merge_instance_masks     : merge_instance_masks
2026-08-06 13:46:48,396 - DEBUG    - merge_instance_masks     : 	before array.ndim: 4
2026-08-06 13:46:48,396 - DEBUG    - merge_instance_masks     : 	before array.shape: (9, 417, 685, 685)
2026-08-06 13:46:49,807 - DEBUG    - merge_instance_masks     : 	new merged.ndim: 3
2026-08-06 13:46:49,807 - DEBUG    - merge_instance_masks     : 	new merged.shape: (417, 685, 685)
2026-08-06 13:46:49,808 - DEBUG    - save_and_log_data        : 	Saving - raw.shape: (417, 3, 685, 685) raw_dir: /scratch/wmz2007/neuroinfo_fruitfly/fisbe/biapy-no-aug/test/raw raw_names: VT011145-20171222_63_I1.zarr
2026-08-06 13:46:49,808 - DEBUG    - save_and_log_data        : 	Saving - labels.shape: (417, 685, 685) label_dir: /scratch/wmz2007/neuroinfo_fruitfly/fisbe/biapy-no-aug/test/label label_names: VT011145-20171222_63_I1.zarr
2026-08-06 13:46:49,808 - INFO     - save_and_log_data        : Saving raw to file: VT011145-20171222_63_I1 , Dir: /scratch/wmz2007/neuroinfo_fruitfly/fisbe/biapy-no-aug/test/raw
2026-08-06 13:46:49,808 - INFO     - save_and_log_data        : Saving label to file: VT011145-20171222_63_I1, Dir: /scratch/wmz2007/neuroinfo_fruitfly/fisbe/biapy-no-aug/test/label
2026-08-06 13:46:51,300 - INFO     - process_samples          : /// Processing Sample [5 / 7]: VT027175-20171031_62_H3.zarr ///
2026-08-06 13:46:52,903 - DEBUG    - merge_instance_masks     : merge_instance_masks
2026-08-06 13:46:52,903 - DEBUG    - merge_instance_masks     : 	before array.ndim: 4
2026-08-06 13:46:52,903 - DEBUG    - merge_instance_masks     : 	before array.shape: (3, 425, 687, 684)
2026-08-06 13:46:53,402 - DEBUG    - merge_instance_masks     : 	new merged.ndim: 3
2026-08-06 13:46:53,402 - DEBUG    - merge_instance_masks     : 	new merged.shape: (425, 687, 684)
2026-08-06 13:46:53,403 - DEBUG    - save_and_log_data        : 	Saving - raw.shape: (425, 3, 687, 684) raw_dir: /scratch/wmz2007/neuroinfo_fruitfly/fisbe/biapy-no-aug/test/raw raw_names: VT027175-20171031_62_H3.zarr
2026-08-06 13:46:53,404 - DEBUG    - save_and_log_data        : 	Saving - labels.shape: (425, 687, 684) label_dir: /scratch/wmz2007/neuroinfo_fruitfly/fisbe/biapy-no-aug/test/label label_names: VT027175-20171031_62_H3.zarr
2026-08-06 13:46:53,404 - INFO     - save_and_log_data        : Saving raw to file: VT027175-20171031_62_H3 , Dir: /scratch/wmz2007/neuroinfo_fruitfly/fisbe/biapy-no-aug/test/raw
2026-08-06 13:46:53,404 - INFO     - save_and_log_data        : Saving label to file: VT027175-20171031_62_H3, Dir: /scratch/wmz2007/neuroinfo_fruitfly/fisbe/biapy-no-aug/test/label
2026-08-06 13:46:54,886 - INFO     - process_samples          : /// Processing Sample [6 / 7]: VT027175-20171031_62_H4.zarr ///
2026-08-06 13:46:57,674 - DEBUG    - merge_instance_masks     : merge_instance_masks
2026-08-06 13:46:57,674 - DEBUG    - merge_instance_masks     : 	before array.ndim: 4
2026-08-06 13:46:57,674 - DEBUG    - merge_instance_masks     : 	before array.shape: (6, 409, 687, 684)
2026-08-06 13:46:58,607 - DEBUG    - merge_instance_masks     : 	new merged.ndim: 3
2026-08-06 13:46:58,608 - DEBUG    - merge_instance_masks     : 	new merged.shape: (409, 687, 684)
2026-08-06 13:46:58,609 - DEBUG    - save_and_log_data        : 	Saving - raw.shape: (409, 3, 687, 684) raw_dir: /scratch/wmz2007/neuroinfo_fruitfly/fisbe/biapy-no-aug/test/raw raw_names: VT027175-20171031_62_H4.zarr
2026-08-06 13:46:58,609 - DEBUG    - save_and_log_data        : 	Saving - labels.shape: (409, 687, 684) label_dir: /scratch/wmz2007/neuroinfo_fruitfly/fisbe/biapy-no-aug/test/label label_names: VT027175-20171031_62_H4.zarr
2026-08-06 13:46:58,609 - INFO     - save_and_log_data        : Saving raw to file: VT027175-20171031_62_H4 , Dir: /scratch/wmz2007/neuroinfo_fruitfly/fisbe/biapy-no-aug/test/raw
2026-08-06 13:46:58,609 - INFO     - save_and_log_data        : Saving label to file: VT027175-20171031_62_H4, Dir: /scratch/wmz2007/neuroinfo_fruitfly/fisbe/biapy-no-aug/test/label
2026-08-06 13:47:00,069 - INFO     - process_samples          : /// Processing Sample [7 / 7]: VT050157-20171110_61_C1.zarr ///
2026-08-06 13:47:02,376 - DEBUG    - merge_instance_masks     : merge_instance_masks
2026-08-06 13:47:02,376 - DEBUG    - merge_instance_masks     : 	before array.ndim: 4
2026-08-06 13:47:02,376 - DEBUG    - merge_instance_masks     : 	before array.shape: (5, 377, 683, 686)
2026-08-06 13:47:03,095 - DEBUG    - merge_instance_masks     : 	new merged.ndim: 3
2026-08-06 13:47:03,095 - DEBUG    - merge_instance_masks     : 	new merged.shape: (377, 683, 686)
2026-08-06 13:47:03,096 - DEBUG    - save_and_log_data        : 	Saving - raw.shape: (377, 3, 683, 686) raw_dir: /scratch/wmz2007/neuroinfo_fruitfly/fisbe/biapy-no-aug/test/raw raw_names: VT050157-20171110_61_C1.zarr
2026-08-06 13:47:03,096 - DEBUG    - save_and_log_data        : 	Saving - labels.shape: (377, 683, 686) label_dir: /scratch/wmz2007/neuroinfo_fruitfly/fisbe/biapy-no-aug/test/label label_names: VT050157-20171110_61_C1.zarr
2026-08-06 13:47:03,096 - INFO     - save_and_log_data        : Saving raw to file: VT050157-20171110_61_C1 , Dir: /scratch/wmz2007/neuroinfo_fruitfly/fisbe/biapy-no-aug/test/raw
2026-08-06 13:47:03,096 - INFO     - save_and_log_data        : Saving label to file: VT050157-20171110_61_C1, Dir: /scratch/wmz2007/neuroinfo_fruitfly/fisbe/biapy-no-aug/test/label
