SBATCH Run: augment_small
running ./BiaPy/biapy.sh
Chosen config folder: augment_small
Chosen config file ./BiaPy/configs/augment_small/train_augment_small.yaml
Date     : 2026-07-23 08:48:01
Arguments: Namespace(config='./BiaPy/configs/augment_small/train_augment_small.yaml', result_dir='./metrics/biapy', name='augment_small', run_id=1, gpu='0', world_size=1, local_rank=-1, dist_on_itp=False, dist_url='env://', dist_backend='nccl')
Job      : augment_small_1
BiaPy    : 3.6.8
Python   : 3.11.15 | packaged by conda-forge | (main, Jun 11 2026, 03:34:02) [GCC 14.3.0]
PyTorch  : 2.10.0
The following changes were made in order to adapt the input configuration:
Not using distributed mode
[08:48:02.379429] WARNING: seems that the channels requested are custom so BiaPy did not fill some varibles by default.
You will need to fill the following variables:
    - PROBLEM.INSTANCE_SEG.WATERSHED.SEED_CHANNELS
    - PROBLEM.INSTANCE_SEG.WATERSHED.SEED_CHANNELS_THRESH
    - PROBLEM.INSTANCE_SEG.WATERSHED.TOPOGRAPHIC_SURFACE_CHANNEL
    - PROBLEM.INSTANCE_SEG.WATERSHED.GROWTH_MASK_CHANNELS
    - PROBLEM.INSTANCE_SEG.WATERSHED.GROWTH_MASK_CHANNELS_THRESH

[08:48:02.424500] Configuration details:
[08:48:02.424528] AUGMENTOR:
  AFFINE_MODE: reflect
  AUG_NUM_SAMPLES: 10
  AUG_SAMPLES: True
  BRIGHTNESS: False
  BRIGHTNESS_FACTOR: (-0.1, 0.1)
  CBLUR_DOWN_RANGE: (2, 8)
  CBLUR_INSIDE: True
  CBLUR_SIZE: (0.2, 0.4)
  CHANNEL_SHUFFLE: False
  CMIX_SIZE: (0.2, 0.4)
  CNOISE_NB_ITERATIONS: (1, 3)
  CNOISE_SCALE: (0.05, 0.1)
  CNOISE_SIZE: (0.2, 0.4)
  CONTRAST: False
  CONTRAST_FACTOR: (-0.1, 0.1)
  COUT_APPLY_TO_MASK: False
  COUT_CVAL: 0.0
  COUT_NB_ITERATIONS: (1, 3)
  COUT_SIZE: (0.05, 0.3)
  CUTBLUR: False
  CUTMIX: False
  CUTNOISE: False
  CUTOUT: False
  DA_PROB: 0.5
  DRAW_GRID: True
  DROPOUT: False
  DROP_RANGE: (0, 0.2)
  ELASTIC: False
  ENABLE: True
  E_ALPHA: (12, 16)
  E_MODE: constant
  E_SIGMA: 4
  GAMMA_CONTRAST: False
  GAUSSIAN_NOISE: False
  GAUSSIAN_NOISE_MEAN: 0.0
  GAUSSIAN_NOISE_USE_INPUT_IMG_MEAN_AND_VAR: False
  GAUSSIAN_NOISE_VAR: 0.05
  GC_GAMMA: (1.25, 1.75)
  GRAYSCALE: False
  GRIDMASK: False
  GRID_D_RANGE: (0.4, 1)
  GRID_INVERT: False
  GRID_RATIO: 0.6
  GRID_ROTATE: 1.0
  G_BLUR: False
  G_SIGMA: (1.0, 2.0)
  HFLIP: True
  MB_KERNEL: (3, 7)
  MEDIAN_BLUR: False
  MISALIGNMENT: False
  MISSING_SECTIONS: False
  MISSP_CHANNEL_PB: 0.5
  MISSP_ITERATIONS: (10, 30)
  MOTB_K_RANGE: (8, 12)
  MOTION_BLUR: False
  MS_DISPLACEMENT: 16
  MS_ROTATE_RATIO: 0.5
  PEPPER: False
  PEPPER_AMOUNT: 0.05
  POISSON_NOISE: False
  RANDOM_ROT: True
  RANDOM_ROT_RANGE: (-180, 180)
  ROT90: False
  SALT: False
  SALT_AMOUNT: 0.05
  SALT_AND_PEPPER: False
  SALT_AND_PEPPER_AMOUNT: 0.05
  SALT_AND_PEPPER_PROP: 0.5
  SHEAR: False
  SHEAR_RANGE: (-20, 20)
  SHIFT: False
  SHIFT_RANGE: (0.1, 0.2)
  SHUFFLE_TRAIN_DATA_EACH_EPOCH: True
  SHUFFLE_VAL_DATA_EACH_EPOCH: False
  VFLIP: True
  ZFLIP: True
  ZOOM: False
  ZOOM_IN_Z: False
  ZOOM_RANGE: (0.8, 1.2)
DATA:
  CHECK_GENERATORS: False
  FILTER_BY_IMAGE: False
  FORCE_RGB: False
  NORMALIZATION:
    MEASURE_BY: image
    PERC_CLIP:
      ENABLE: False
      LOWER_PERC: -1.0
      LOWER_VALUE: -1.0
      UPPER_PERC: -1.0
      UPPER_VALUE: -1.0
    TYPE: zero_mean_unit_variance
    ZERO_MEAN_UNIT_VAR:
      MEAN_VAL: -1.0
      STD_VAL: -1.0
  N_CLASSES: 2
  PATCH_SIZE: (20, 128, 128, 3)
  PREPROCESS:
    CANNY:
      ENABLE: False
      HIGH_THRESHOLD: None
      LOW_THRESHOLD: None
    CLAHE:
      CLIP_LIMIT: 0.01
      ENABLE: False
      KERNEL_SIZE: None
    GAUSSIAN_BLUR:
      CHANNEL_AXIS: None
      ENABLE: False
      MODE: nearest
      SIGMA: 1
    MATCH_HISTOGRAM:
      ENABLE: False
      REFERENCE_PATH: user_data/test/x
    MEDIAN_BLUR:
      ENABLE: False
      KERNEL_SIZE: (3, 3, 1)
    RESIZE:
      ANTI_ALIASING: False
      CLIP: True
      CVAL: 0.0
      ENABLE: False
      MODE: reflect
      ORDER: 1
      OUTPUT_SHAPE: (512, 512)
      PRESERVE_RANGE: True
    TEST: False
    TRAIN: False
    VAL: False
    ZOOM:
      ENABLE: False
      ZOOM_FACTOR: [1, 1, 1, 1, 1]
  REFLECT_TO_COMPLETE_SHAPE: False
  SAVE_FILTERED_IMAGES: False
  SAVE_FILTERED_IMAGES_NUM: 3
  TEST:
    ARGMAX_TO_OUTPUT: True
    BINARY_MASKS: fisbe/aug_biapy_small/test/raw/../bin_mask
    CHECK_DATA: True
    DETECTION_MASK_DIR: fisbe/aug_biapy_small/test/label_detection_masks_2
    FILTER_SAMPLES:
      ENABLE: False
      NORM_BEFORE: False
      PROPS: []
      SIGNS: []
      VALUES: []
    GT_PATH: fisbe/aug_biapy_small/test/label
    INPUT_IMG_AXES_ORDER: CZYX
    INPUT_MASK_AXES_ORDER: CZYX
    INPUT_ZARR_MULTIPLE_DATA: False
    INPUT_ZARR_MULTIPLE_DATA_GT_PATH: 
    INPUT_ZARR_MULTIPLE_DATA_ID_PATH: annotations.ids
    INPUT_ZARR_MULTIPLE_DATA_LOCATIONS_PATH: annotations.locations
    INPUT_ZARR_MULTIPLE_DATA_PARTNERS_PATH: annotations.presynaptic_site.partners
    INPUT_ZARR_MULTIPLE_DATA_RAW_PATH: 
    INPUT_ZARR_MULTIPLE_DATA_RESOLUTION_PATH: volumes.raw
    INSTANCE_CHANNELS_MASK_DIR: fisbe/aug_biapy_small/test/label_F.erosion-0.dilation-0_C.mode-thick_Db.norm-True.mask_values-True_Dn.closing_size-3.norm-True.mask_values-True.decline_power-3
    IN_MEMORY: False
    LOAD_GT: True
    MEDIAN_PADDING: False
    OVERLAP: (0, 0, 0)
    PADDING: (4, 16, 16)
    PATH: fisbe/aug_biapy_small/test/raw
    RESOLUTION: (1, 1, 1)
    SSL_SOURCE_DIR: fisbe/aug_biapy_small/test/raw_ssl_source
    USE_VAL_AS_TEST: False
  TRAIN:
    CHECK_DATA: True
    DETECTION_MASK_DIR: fisbe/aug_biapy_small/train/label_detection_masks_2
    FILTER_SAMPLES:
      ENABLE: False
      NORM_BEFORE: False
      PROPS: []
      SIGNS: []
      VALUES: []
    GT_PATH: fisbe/aug_biapy_small/train/label
    INPUT_IMG_AXES_ORDER: CZYX
    INPUT_MASK_AXES_ORDER: CZYX
    INPUT_ZARR_MULTIPLE_DATA: False
    INPUT_ZARR_MULTIPLE_DATA_GT_PATH: 
    INPUT_ZARR_MULTIPLE_DATA_ID_PATH: annotations.ids
    INPUT_ZARR_MULTIPLE_DATA_LOCATIONS_PATH: annotations.locations
    INPUT_ZARR_MULTIPLE_DATA_PARTNERS_PATH: annotations.presynaptic_site.partners
    INPUT_ZARR_MULTIPLE_DATA_RAW_PATH: 
    INPUT_ZARR_MULTIPLE_DATA_RESOLUTION_PATH: volumes.raw
    INSTANCE_CHANNELS_MASK_DIR: fisbe/aug_biapy_small/train/label_F.erosion-0.dilation-0_C.mode-thick_Db.norm-True.mask_values-True_Dn.closing_size-3.norm-True.mask_values-True.decline_power-3
    IN_MEMORY: False
    OVERLAP: (0, 0, 0)
    PADDING: (0, 0, 0)
    PATH: fisbe/aug_biapy_small/train/raw
    RESOLUTION: (1, 1, 1)
    SSL_SOURCE_DIR: fisbe/aug_biapy_small/train/raw_ssl_source
  VAL:
    CROSS_VAL: False
    CROSS_VAL_FOLD: 1
    CROSS_VAL_NFOLD: 5
    DETECTION_MASK_DIR: user_data/val/y_detection_masks_2
    DIST_EVAL: True
    FILTER_SAMPLES:
      ENABLE: False
      NORM_BEFORE: False
      PROPS: []
      SIGNS: []
      VALUES: []
    FROM_TRAIN: True
    GT_PATH: user_data/val/y
    INPUT_IMG_AXES_ORDER: TZCYX
    INPUT_MASK_AXES_ORDER: TZCYX
    INPUT_ZARR_MULTIPLE_DATA: False
    INPUT_ZARR_MULTIPLE_DATA_GT_PATH: 
    INPUT_ZARR_MULTIPLE_DATA_ID_PATH: annotations.ids
    INPUT_ZARR_MULTIPLE_DATA_LOCATIONS_PATH: annotations.locations
    INPUT_ZARR_MULTIPLE_DATA_PARTNERS_PATH: annotations.presynaptic_site.partners
    INPUT_ZARR_MULTIPLE_DATA_RAW_PATH: 
    INPUT_ZARR_MULTIPLE_DATA_RESOLUTION_PATH: volumes.raw
    INSTANCE_CHANNELS_MASK_DIR: user_data/val/y_F.erosion-0.dilation-0_C.mode-thick_Db.norm-True.mask_values-True_Dn.closing_size-3.norm-True.mask_values-True.decline_power-3
    IN_MEMORY: True
    OVERLAP: (0, 0, 0)
    PADDING: (0, 0, 0)
    PATH: user_data/val/x
    RANDOM: True
    RESOLUTION: (1, 1, 1)
    SPLIT_TRAIN: 0.1
    SSL_SOURCE_DIR: user_data/val/x_ssl_source
LOG:
  CHART_CREATION_FREQ: 5
  LOG_DIR: ./metrics/biapy/augment_small/train_logs
  LOG_FILE_PREFIX: augment_small_1
  TENSORBOARD_LOG_DIR: ./metrics/biapy/augment_small/results/augment_small_1/tensorboard
LOSS:
  CLASS_REBALANCE: none
  CLASS_WEIGHTS: []
  CONTRAST:
    ENABLE: False
    MEMORY_SIZE: 5000
    PIXEL_UPD_FREQ: 10
    PROJ_DIM: 256
  IGNORE_INDEX: -1
  TYPE: 
  WEIGHTS: [0.66, 0.34]
MODEL:
  ACTIVATION: ELU
  ARCHITECTURE: unet
  BMZ:
    EXPORT:
      AUTHORS: []
      CITE: []
      DATASET_INFO: [{}]
      DESCRIPTION: 
      DOCUMENTATION: 
      ENABLE: False
      LICENSE: CC-BY-4.0
      MODEL_NAME: 
      MODEL_VERSION: 0.1.0
      REUSE_BMZ_CONFIG: False
      TAGS: []
    SOURCE_MODEL_ID: 
  CONVNEXT_LAYERS: [2, 2, 2, 2, 2]
  CONVNEXT_LAYER_SCALE: 1e-06
  CONVNEXT_SD_PROB: 0.1
  CONVNEXT_STEM_K_SIZE: 2
  DROPOUT_VALUES: [0.0, 0.0, 0.0, 0.0, 0.0]
  FEATURE_MAPS: [16, 32, 64, 128, 256]
  HRNET:
    BLOCK_TYPE: BASIC
    CUSTOM: False
    HEAD_TYPE: FCN
    STAGE2:
      NUM_BLOCKS: [4, 4]
      NUM_BRANCHES: 2
      NUM_CHANNELS: [18, 36]
      NUM_MODULES: 1
    STAGE3:
      NUM_BLOCKS: [4, 4, 4]
      NUM_BRANCHES: 3
      NUM_CHANNELS: [18, 36, 72]
      NUM_MODULES: 4
    STAGE4:
      NUM_BLOCKS: [4, 4, 4, 4]
      NUM_BRANCHES: 4
      NUM_CHANNELS: [18, 36, 72, 144]
      NUM_MODULES: 3
    Z_DOWN: True
  ISOTROPY: [True, True, True, True, True]
  KERNEL_SIZE: 3
  LARGER_IO: False
  LOAD_CHECKPOINT: False
  LOAD_CHECKPOINT_EPOCH: best_on_val
  LOAD_CHECKPOINT_ONLY_WEIGHTS: True
  LOAD_MODEL_FROM_CHECKPOINT: True
  MAE_DEC_HIDDEN_SIZE: 512
  MAE_DEC_MLP_DIMS: 2048
  MAE_DEC_NUM_HEADS: 16
  MAE_DEC_NUM_LAYERS: 8
  MAE_MASK_RATIO: 0.5
  MAE_MASK_TYPE: grid
  NORMALIZATION: bn
  OUT_CHECKPOINT_FORMAT: pth
  RCAN_CONV_FILTERS: 16
  RCAN_RCAB_BLOCK_NUM: 20
  RCAN_REDUCTION_RATIO: 16
  RCAN_RG_BLOCK_NUM: 10
  RCAN_UPSCALING_LAYER: True
  SAVE_CKPT_FREQ: -1
  SKIP_UNMATCHED_LAYERS: False
  SOURCE: biapy
  TORCHVISION_MODEL_NAME: 
  UNETR_DEC_ACTIVATION: relu
  UNETR_DEC_KERNEL_SIZE: 3
  UNETR_VIT_HIDD_MULT: 3
  UNETR_VIT_NUM_FILTERS: 16
  UNET_SR_UPSAMPLE_POSITION: pre
  UPSAMPLE_LAYER: convtranspose
  VIT_EMBED_DIM: 768
  VIT_MLP_RATIO: 4.0
  VIT_MODEL: custom
  VIT_NORM_EPS: 1e-06
  VIT_NUM_HEADS: 12
  VIT_NUM_LAYERS: 12
  VIT_TOKEN_SIZE: 16
  Z_DOWN: [1, 1, 1, 1]
PATHS:
  BMZ_EXPORT_PATH: ./metrics/biapy/augment_small/results/augment_small_1/BMZ_files
  CHARTS: ./metrics/biapy/augment_small/results/augment_small_1/charts
  CHECKPOINT: ./metrics/biapy/augment_small/checkpoints
  CHECKPOINT_FILE: 
  DA_SAMPLES: ./metrics/biapy/augment_small/results/augment_small_1/aug
  FIL_SAMPLES_DIR: ./metrics/biapy/augment_small/results/augment_small_1/filtering_information
  GEN_CHECKS: ./metrics/biapy/augment_small/results/augment_small_1/gen_check
  GEN_MASK_CHECKS: ./metrics/biapy/augment_small/results/augment_small_1/gen_mask_check
  MAE_OUT_DIR: ./metrics/biapy/augment_small/results/augment_small_1/MAE_checks
  PROB_MAP_DIR: ./metrics/biapy/augment_small/prob_map
  PROB_MAP_FILENAME: prob_map.npy
  PROFILER: ./metrics/biapy/augment_small/results/augment_small_1/profiler
  RESULT_DIR:
    AS_3D_STACK: ./metrics/biapy/augment_small/results/augment_small_1/as_3d_stack
    AS_3D_STACK_BIN: ./metrics/biapy/augment_small/results/augment_small_1/as_3d_stack_binarized
    AS_3D_STACK_POST_PROCESSING: ./metrics/biapy/augment_small/results/augment_small_1/as_3d_stack_post_processing
    DET_ASSOC_POINTS: ./metrics/biapy/augment_small/results/augment_small_1/point_associations
    DET_LOCAL_MAX_COORDS_CHECK: ./metrics/biapy/augment_small/results/augment_small_1/per_image_local_max_check
    DET_LOCAL_MAX_COORDS_CHECK_POST_PROCESSING: ./metrics/biapy/augment_small/results/augment_small_1/per_image_local_max_check_post_processing
    FULL_IMAGE: ./metrics/biapy/augment_small/results/augment_small_1/full_image
    FULL_IMAGE_BIN: ./metrics/biapy/augment_small/results/augment_small_1/full_image_binarized
    FULL_IMAGE_INSTANCES: ./metrics/biapy/augment_small/results/augment_small_1/full_image_instances
    FULL_IMAGE_POST_PROCESSING: ./metrics/biapy/augment_small/results/augment_small_1/full_image_post_processing
    INST_ASSOC_POINTS: ./metrics/biapy/augment_small/results/augment_small_1/instance_associations
    PATH: ./metrics/biapy/augment_small/results/augment_small_1
    PER_IMAGE: ./metrics/biapy/augment_small/results/augment_small_1/per_image
    PER_IMAGE_BIN: ./metrics/biapy/augment_small/results/augment_small_1/per_image_binarized
    PER_IMAGE_INSTANCES: ./metrics/biapy/augment_small/results/augment_small_1/per_image_instances
    PER_IMAGE_POST_PROCESSING: ./metrics/biapy/augment_small/results/augment_small_1/per_image_post_processing
  TEST_FULL_GT_H5: fisbe/aug_biapy_small/test/label/h5
  TEST_INSTANCE_CHANNELS_CHECK: ./metrics/biapy/augment_small/results/augment_small_1/test_FCDbDn_instance_channels
  TRAIN_INSTANCE_CHANNELS_CHECK: ./metrics/biapy/augment_small/results/augment_small_1/train_FCDbDn_instance_channels
  VAL_INSTANCE_CHANNELS_CHECK: ./metrics/biapy/augment_small/results/augment_small_1/val_FCDbDn_instance_channels
  WATERSHED_DIR: ./metrics/biapy/augment_small/results/augment_small_1/watershed
PROBLEM:
  DENOISING:
    LOAD_GT_DATA: False
    N2V_MANIPULATOR: uniform_withCP
    N2V_NEIGHBORHOOD_RADIUS: 5
    N2V_PERC_PIX: 0.198
    N2V_STRUCTMASK: False
  DETECTION:
    CENTRAL_POINT_DILATION: [2]
    CHECK_POINTS_CREATED: True
    DATA_CHECK_MW: False
  IMAGE_TO_IMAGE:
    MULTIPLE_RAW_ONE_TARGET_LOADER: False
  INSTANCE_SEG:
    BORDER_EXTRA_WEIGHTS: 
    DATA_CHANNELS: ['F', 'C', 'Db', 'Dn']
    DATA_CHANNELS_EXTRA_OPTS: [{'F': {'erosion': 0, 'dilation': 0}, 'C': {'mode': 'thick'}, 'Db': {'norm': True, 'mask_values': True}, 'Dn': {'closing_size': 3, 'norm': True, 'mask_values': True, 'decline_power': 3}}]
    DATA_CHANNELS_LOSSES: ['bce', 'bce', 'l1', 'l1']
    DATA_CHANNEL_WEIGHTS: (1, 1, 1, 1)
    EMBEDSEG:
      MIN_MASK_SUM: 0
      MIN_OBJECT_SIZE: 100
      MIN_UNCLUSTERED_SUM: 0
      SEED_THRESH: 0.5
    INSTANCE_CREATION_PROCESS: watershed
    STARDIST:
      NMS_IOU_THRESH: 0.3
      PROB_THRESH: 0.4
    SYNAPSES:
      BLOB_LOG_MAX_SIGMA: 10
      BLOB_LOG_MIN_SIGMA: 5
      BLOB_LOG_NUM_SIGMA: 2
      EXCLUDE_BORDER: False
      MIN_TH_TO_BE_PEAK: 0.2
      PEAK_LOCAL_MAX_MIN_DISTANCE: 1
      POINT_CREATION_FUNCTION: peak_local_max
      POSTSITE_DILATION: [2, 4, 4]
      POSTSITE_DILATION_DISTANCE_CHANNELS: [3, 10, 10]
      REMOVE_CLOSE_POINTS_RADIUS_BY_MASK: False
      REMOVE_CLOSE_POST_POINTS_RADIUS: 0
      REMOVE_CLOSE_PRE_POINTS_RADIUS: 0
      TH_TYPE: auto
    TYPE: regular
    WATERSHED:
      BY_2D_SLICES: False
      DATA_CHECK_MW: True
      DATA_REMOVE_BEFORE_MW: True
      DATA_REMOVE_SMALL_OBJ_BEFORE: 500
      ERODE_AND_DILATE_GROWTH_MASK: True
      FORE_DILATION_RADIUS: 1
      FORE_EROSION_RADIUS: 1
      GROWTH_MASK_CHANNELS: ['F']
      GROWTH_MASK_CHANNELS_THRESH: ['auto']
      SEED_CHANNELS: ['F', 'Db']
      SEED_CHANNELS_THRESH: ['auto', 'auto']
      SEED_MORPH_RADIUS: [1, 1]
      SEED_MORPH_SEQUENCE: ['erode', 'dilate']
      TOPOGRAPHIC_SURFACE_CHANNEL: Db
  NDIM: 3D
  PRINT_OLD_KEY_CHANGES: True
  SELF_SUPERVISED:
    NOISE: 0.2
    PRETEXT_TASK: crappify
    RESIZING_FACTOR: 4
  SEMANTIC_SEG:
    IGNORE_CLASS_ID: 0
  SUPER_RESOLUTION:
    UPSCALING: (1, 1, 1)
  TYPE: INSTANCE_SEG
SYSTEM:
  DEVICE: cpu
  NUM_CPUS: 128
  NUM_GPUS: 1
  NUM_WORKERS: -1
  PIN_MEM: True
  SEED: 0
TEST:
  ANALIZE_2D_IMGS_AS_3D_STACK: False
  AUGMENTATION: False
  AUGMENTATION_MODE: mean
  BY_CHUNKS:
    ENABLE: False
    FLUSH_EACH: 100
    SAVE_OUT_TIF: False
    WORKFLOW_PROCESS:
      ENABLE: True
      TYPE: chunk_by_chunk
  DET_BLOB_LOG_MAX_SIGMA: 10
  DET_BLOB_LOG_MIN_SIGMA: 5
  DET_BLOB_LOG_NUM_SIGMA: 2
  DET_EXCLUDE_BORDER: False
  DET_IGNORE_POINTS_OUTSIDE_BOX: []
  DET_MIN_TH_TO_BE_PEAK: 0.2
  DET_PEAK_LOCAL_MAX_MIN_DISTANCE: 1
  DET_POINT_CREATION_FUNCTION: peak_local_max
  DET_TH_TYPE: manual
  DET_TOLERANCE: 10
  ENABLE: False
  FULL_IMG: False
  MATCHING_STATS: True
  MATCHING_STATS_THS: [0.3, 0.5, 0.75]
  MATCHING_STATS_THS_COLORED_IMG: []
  METRICS: ['iou']
  METRICS_IN_CPU: True
  POST_PROCESSING:
    APPLY_MASK: False
    DET_WATERSHED: False
    DET_WATERSHED_DONUTS_CLASSES: [-1]
    DET_WATERSHED_DONUTS_NUCLEUS_DIAMETER: 30
    DET_WATERSHED_DONUTS_PATCH: [13, 120, 120]
    DET_WATERSHED_FIRST_DILATION: [-1, -1]
    INSTANCE_REFINEMENT:
      ENABLE: True
      OPERATIONS: ['remove_small_objects']
      VALUES: [500]
    MEASURE_PROPERTIES:
      ENABLE: False
      EXTRA_PROPS: []
      REMOVE_BY_PROPERTIES:
        ENABLE: False
        PROPS: []
        SIGNS: []
        VALUES: []
    MEDIAN_FILTER: False
    MEDIAN_FILTER_AXIS: []
    MEDIAN_FILTER_SIZE: []
    REMOVE_CLOSE_POINTS: False
    REMOVE_CLOSE_POINTS_RADIUS: 0
    REPARE_LARGE_BLOBS_SIZE: -1
    VORONOI_ON_MASK: False
    VORONOI_TH: 0.0
  REDUCE_MEMORY: False
  REUSE_PREDICTIONS: False
  SAVE_MODEL_RAW_OUTPUT: True
  VERBOSE: True
TRAIN:
  ACCUM_ITER: 1
  BATCH_SIZE: 30
  CHECKPOINT_MONITOR: val_loss
  ENABLE: True
  EPOCHS: 30
  LR: 0.001
  LR_SCHEDULER:
    MIN_LR: -1.0
    NAME: onecycle
    REDUCEONPLATEAU_FACTOR: 0.5
    REDUCEONPLATEAU_PATIENCE: -1
    WARMUP_COSINE_DECAY_EPOCHS: -1
  METRICS: ['iou']
  OPTIMIZER: ADAMW
  OPT_BETAS: (0.9, 0.999)
  PATIENCE: 10
  VERBOSE: False
  W_DECAY: 0.02
[08:48:09.465260] *~~~~~~~~~~~~~~~~~~~~~~~~~~~~~~~~~~~~~~~~~~~~~~~~~~*
[08:48:09.465319] Initializing Instance_Segmentation_Workflow
[08:48:09.465327] *~~~~~~~~~~~~~~~~~~~~~~~~~~~~~~~~~~~~~~~~~~~~~~~~~~*

[08:48:09.841433] Creating normalization module . . .
[08:48:09.841574] Normalization: using mean None and std: None
[08:48:09.841653] ###########################
[08:48:09.841661] #  PREPARE INSTANCE DATA  #
[08:48:09.841666] ###########################
[08:48:09.843272] DATA.TRAIN.GT_PATH changed from fisbe/aug_biapy_small/train/label to fisbe/aug_biapy_small/train/label_F.erosion-0.dilation-0_C.mode-thick_Db.norm-True.mask_values-True_Dn.closing_size-3.norm-True.mask_values-True.decline_power-3
[08:48:09.843633] ##########################
[08:48:09.843650] #   LOAD TRAINING DATA   #
[08:48:09.843656] ##########################
[08:48:09.843745] ### LOAD ###
[08:48:09.850093] Gathering raw images for training data . . .
[08:48:09.850136] WARNING: normalization by image is not possible when using Zarr/H5 files. It will be done by patch instead.
[08:48:11.427449] Gathering labels for training data . . .
[08:48:13.414729] Checking training raw and label images' shapes . . .
[08:48:13.481956] Creating validation data from train . . .
[08:48:21.976412] Raw samples chosen for training (first 10 only): [0 1 2 3 4 5 6 7 8 9...]
[08:48:21.976532] Raw samples chosen for validation (first 10 only): [14 18 24 28 29 34 38 48 54 60 ...]
[08:48:21.976541] * Loading validation images . . .
