running ./BiaPy/biapy.sh
Chosen config folder: augment_small
Chosen config file ./BiaPy/configs/augment_small/train_augment_small.yaml
Date     : 2026-07-22 21:25:13
Arguments: Namespace(config='./BiaPy/configs/augment_small/train_augment_small.yaml', result_dir='./metrics/biapy', name='augment_small', run_id=1, gpu='0', world_size=1, local_rank=-1, dist_on_itp=False, dist_url='env://', dist_backend='nccl')
Job      : augment_small_1
BiaPy    : 3.6.8
Python   : 3.11.15 | packaged by conda-forge | (main, Jun 11 2026, 03:34:02) [GCC 14.3.0]
PyTorch  : 2.10.0
The following changes were made in order to adapt the input configuration:
Not using distributed mode
[21:25:14.341575] WARNING: seems that the channels requested are custom so BiaPy did not fill some varibles by default.
You will need to fill the following variables:
    - PROBLEM.INSTANCE_SEG.WATERSHED.SEED_CHANNELS
    - PROBLEM.INSTANCE_SEG.WATERSHED.SEED_CHANNELS_THRESH
    - PROBLEM.INSTANCE_SEG.WATERSHED.TOPOGRAPHIC_SURFACE_CHANNEL
    - PROBLEM.INSTANCE_SEG.WATERSHED.GROWTH_MASK_CHANNELS
    - PROBLEM.INSTANCE_SEG.WATERSHED.GROWTH_MASK_CHANNELS_THRESH

[21:25:14.350811] Configuration details:
[21:25:14.350833] AUGMENTOR:
  AFFINE_MODE: reflect
  AUG_NUM_SAMPLES: 10
  AUG_SAMPLES: True
  BRIGHTNESS: False
  BRIGHTNESS_FACTOR: (-0.1, 0.1)
  CBLUR_DOWN_RANGE: (2, 8)
  CBLUR_INSIDE: True
  CBLUR_SIZE: (0.2, 0.4)
  CHANNEL_SHUFFLE: False
  CMIX_SIZE: (0.2, 0.4)
  CNOISE_NB_ITERATIONS: (1, 3)
  CNOISE_SCALE: (0.05, 0.1)
  CNOISE_SIZE: (0.2, 0.4)
  CONTRAST: False
  CONTRAST_FACTOR: (-0.1, 0.1)
  COUT_APPLY_TO_MASK: False
  COUT_CVAL: 0.0
  COUT_NB_ITERATIONS: (1, 3)
  COUT_SIZE: (0.05, 0.3)
  CUTBLUR: False
  CUTMIX: False
  CUTNOISE: False
  CUTOUT: False
  DA_PROB: 0.5
  DRAW_GRID: True
  DROPOUT: False
  DROP_RANGE: (0, 0.2)
  ELASTIC: False
  ENABLE: True
  E_ALPHA: (12, 16)
  E_MODE: constant
  E_SIGMA: 4
  GAMMA_CONTRAST: False
  GAUSSIAN_NOISE: False
  GAUSSIAN_NOISE_MEAN: 0.0
  GAUSSIAN_NOISE_USE_INPUT_IMG_MEAN_AND_VAR: False
  GAUSSIAN_NOISE_VAR: 0.05
  GC_GAMMA: (1.25, 1.75)
  GRAYSCALE: False
  GRIDMASK: False
  GRID_D_RANGE: (0.4, 1)
  GRID_INVERT: False
  GRID_RATIO: 0.6
  GRID_ROTATE: 1.0
  G_BLUR: False
  G_SIGMA: (1.0, 2.0)
  HFLIP: True
  MB_KERNEL: (3, 7)
  MEDIAN_BLUR: False
  MISALIGNMENT: False
  MISSING_SECTIONS: False
  MISSP_CHANNEL_PB: 0.5
  MISSP_ITERATIONS: (10, 30)
  MOTB_K_RANGE: (8, 12)
  MOTION_BLUR: False
  MS_DISPLACEMENT: 16
  MS_ROTATE_RATIO: 0.5
  PEPPER: False
  PEPPER_AMOUNT: 0.05
  POISSON_NOISE: False
  RANDOM_ROT: True
  RANDOM_ROT_RANGE: (-180, 180)
  ROT90: False
  SALT: False
  SALT_AMOUNT: 0.05
  SALT_AND_PEPPER: False
  SALT_AND_PEPPER_AMOUNT: 0.05
  SALT_AND_PEPPER_PROP: 0.5
  SHEAR: False
  SHEAR_RANGE: (-20, 20)
  SHIFT: False
  SHIFT_RANGE: (0.1, 0.2)
  SHUFFLE_TRAIN_DATA_EACH_EPOCH: True
  SHUFFLE_VAL_DATA_EACH_EPOCH: False
  VFLIP: True
  ZFLIP: True
  ZOOM: False
  ZOOM_IN_Z: False
  ZOOM_RANGE: (0.8, 1.2)
DATA:
  CHECK_GENERATORS: False
  FILTER_BY_IMAGE: False
  FORCE_RGB: False
  NORMALIZATION:
    MEASURE_BY: image
    PERC_CLIP:
      ENABLE: False
      LOWER_PERC: -1.0
      LOWER_VALUE: -1.0
      UPPER_PERC: -1.0
      UPPER_VALUE: -1.0
    TYPE: zero_mean_unit_variance
    ZERO_MEAN_UNIT_VAR:
      MEAN_VAL: -1.0
      STD_VAL: -1.0
  N_CLASSES: 2
  PATCH_SIZE: (20, 128, 128, 3)
  PREPROCESS:
    CANNY:
      ENABLE: False
      HIGH_THRESHOLD: None
      LOW_THRESHOLD: None
    CLAHE:
      CLIP_LIMIT: 0.01
      ENABLE: False
      KERNEL_SIZE: None
    GAUSSIAN_BLUR:
      CHANNEL_AXIS: None
      ENABLE: False
      MODE: nearest
      SIGMA: 1
    MATCH_HISTOGRAM:
      ENABLE: False
      REFERENCE_PATH: user_data/test/x
    MEDIAN_BLUR:
      ENABLE: False
      KERNEL_SIZE: (3, 3, 1)
    RESIZE:
      ANTI_ALIASING: False
      CLIP: True
      CVAL: 0.0
      ENABLE: False
      MODE: reflect
      ORDER: 1
      OUTPUT_SHAPE: (512, 512)
      PRESERVE_RANGE: True
    TEST: False
    TRAIN: False
    VAL: False
    ZOOM:
      ENABLE: False
      ZOOM_FACTOR: [1, 1, 1, 1, 1]
  REFLECT_TO_COMPLETE_SHAPE: False
  SAVE_FILTERED_IMAGES: False
  SAVE_FILTERED_IMAGES_NUM: 3
  TEST:
    ARGMAX_TO_OUTPUT: True
    BINARY_MASKS: fisbe/aug_biapy_small/test/raw/../bin_mask
    CHECK_DATA: True
    DETECTION_MASK_DIR: fisbe/aug_biapy_small/test/label_detection_masks_2
    FILTER_SAMPLES:
      ENABLE: False
      NORM_BEFORE: False
      PROPS: []
      SIGNS: []
      VALUES: []
    GT_PATH: fisbe/aug_biapy_small/test/label
    INPUT_IMG_AXES_ORDER: CZYX
    INPUT_MASK_AXES_ORDER: CZYX
    INPUT_ZARR_MULTIPLE_DATA: False
    INPUT_ZARR_MULTIPLE_DATA_GT_PATH: 
    INPUT_ZARR_MULTIPLE_DATA_ID_PATH: annotations.ids
    INPUT_ZARR_MULTIPLE_DATA_LOCATIONS_PATH: annotations.locations
    INPUT_ZARR_MULTIPLE_DATA_PARTNERS_PATH: annotations.presynaptic_site.partners
    INPUT_ZARR_MULTIPLE_DATA_RAW_PATH: 
    INPUT_ZARR_MULTIPLE_DATA_RESOLUTION_PATH: volumes.raw
    INSTANCE_CHANNELS_MASK_DIR: fisbe/aug_biapy_small/test/label_F.erosion-0.dilation-0_C.mode-thick_Db.norm-True.mask_values-True_Dn.closing_size-3.norm-True.mask_values-True.decline_power-3
    IN_MEMORY: True
    LOAD_GT: True
    MEDIAN_PADDING: False
    OVERLAP: (0, 0, 0)
    PADDING: (4, 16, 16)
    PATH: fisbe/aug_biapy_small/test/raw
    RESOLUTION: (1, 1, 1)
    SSL_SOURCE_DIR: fisbe/aug_biapy_small/test/raw_ssl_source
    USE_VAL_AS_TEST: False
  TRAIN:
    CHECK_DATA: True
    DETECTION_MASK_DIR: fisbe/aug_biapy_small/train/label_detection_masks_2
    FILTER_SAMPLES:
      ENABLE: False
      NORM_BEFORE: False
      PROPS: []
      SIGNS: []
      VALUES: []
    GT_PATH: fisbe/aug_biapy_small/train/label
    INPUT_IMG_AXES_ORDER: CZYX
    INPUT_MASK_AXES_ORDER: CZYX
    INPUT_ZARR_MULTIPLE_DATA: False
    INPUT_ZARR_MULTIPLE_DATA_GT_PATH: 
    INPUT_ZARR_MULTIPLE_DATA_ID_PATH: annotations.ids
    INPUT_ZARR_MULTIPLE_DATA_LOCATIONS_PATH: annotations.locations
    INPUT_ZARR_MULTIPLE_DATA_PARTNERS_PATH: annotations.presynaptic_site.partners
    INPUT_ZARR_MULTIPLE_DATA_RAW_PATH: 
    INPUT_ZARR_MULTIPLE_DATA_RESOLUTION_PATH: volumes.raw
    INSTANCE_CHANNELS_MASK_DIR: fisbe/aug_biapy_small/train/label_F.erosion-0.dilation-0_C.mode-thick_Db.norm-True.mask_values-True_Dn.closing_size-3.norm-True.mask_values-True.decline_power-3
    IN_MEMORY: True
    OVERLAP: (0, 0, 0)
    PADDING: (0, 0, 0)
    PATH: fisbe/aug_biapy_small/train/raw
    RESOLUTION: (1, 1, 1)
    SSL_SOURCE_DIR: fisbe/aug_biapy_small/train/raw_ssl_source
  VAL:
    CROSS_VAL: False
    CROSS_VAL_FOLD: 1
    CROSS_VAL_NFOLD: 5
    DETECTION_MASK_DIR: user_data/val/y_detection_masks_2
    DIST_EVAL: True
    FILTER_SAMPLES:
      ENABLE: False
      NORM_BEFORE: False
      PROPS: []
      SIGNS: []
      VALUES: []
    FROM_TRAIN: True
    GT_PATH: user_data/val/y
    INPUT_IMG_AXES_ORDER: TZCYX
    INPUT_MASK_AXES_ORDER: TZCYX
    INPUT_ZARR_MULTIPLE_DATA: False
    INPUT_ZARR_MULTIPLE_DATA_GT_PATH: 
    INPUT_ZARR_MULTIPLE_DATA_ID_PATH: annotations.ids
    INPUT_ZARR_MULTIPLE_DATA_LOCATIONS_PATH: annotations.locations
    INPUT_ZARR_MULTIPLE_DATA_PARTNERS_PATH: annotations.presynaptic_site.partners
    INPUT_ZARR_MULTIPLE_DATA_RAW_PATH: 
    INPUT_ZARR_MULTIPLE_DATA_RESOLUTION_PATH: volumes.raw
    INSTANCE_CHANNELS_MASK_DIR: user_data/val/y_F.erosion-0.dilation-0_C.mode-thick_Db.norm-True.mask_values-True_Dn.closing_size-3.norm-True.mask_values-True.decline_power-3
    IN_MEMORY: True
    OVERLAP: (0, 0, 0)
    PADDING: (0, 0, 0)
    PATH: user_data/val/x
    RANDOM: True
    RESOLUTION: (1, 1, 1)
    SPLIT_TRAIN: 0.1
    SSL_SOURCE_DIR: user_data/val/x_ssl_source
LOG:
  CHART_CREATION_FREQ: 5
  LOG_DIR: ./metrics/biapy/augment_small/train_logs
  LOG_FILE_PREFIX: augment_small_1
  TENSORBOARD_LOG_DIR: ./metrics/biapy/augment_small/results/augment_small_1/tensorboard
LOSS:
  CLASS_REBALANCE: none
  CLASS_WEIGHTS: []
  CONTRAST:
    ENABLE: False
    MEMORY_SIZE: 5000
    PIXEL_UPD_FREQ: 10
    PROJ_DIM: 256
  IGNORE_INDEX: -1
  TYPE: 
  WEIGHTS: [0.66, 0.34]
MODEL:
  ACTIVATION: ELU
  ARCHITECTURE: unet
  BMZ:
    EXPORT:
      AUTHORS: []
      CITE: []
      DATASET_INFO: [{}]
      DESCRIPTION: 
      DOCUMENTATION: 
      ENABLE: False
      LICENSE: CC-BY-4.0
      MODEL_NAME: 
      MODEL_VERSION: 0.1.0
      REUSE_BMZ_CONFIG: False
      TAGS: []
    SOURCE_MODEL_ID: 
  CONVNEXT_LAYERS: [2, 2, 2, 2, 2]
  CONVNEXT_LAYER_SCALE: 1e-06
  CONVNEXT_SD_PROB: 0.1
  CONVNEXT_STEM_K_SIZE: 2
  DROPOUT_VALUES: [0.0, 0.0, 0.0, 0.0, 0.0]
  FEATURE_MAPS: [16, 32, 64, 128, 256]
  HRNET:
    BLOCK_TYPE: BASIC
    CUSTOM: False
    HEAD_TYPE: FCN
    STAGE2:
      NUM_BLOCKS: [4, 4]
      NUM_BRANCHES: 2
      NUM_CHANNELS: [18, 36]
      NUM_MODULES: 1
    STAGE3:
      NUM_BLOCKS: [4, 4, 4]
      NUM_BRANCHES: 3
      NUM_CHANNELS: [18, 36, 72]
      NUM_MODULES: 4
    STAGE4:
      NUM_BLOCKS: [4, 4, 4, 4]
      NUM_BRANCHES: 4
      NUM_CHANNELS: [18, 36, 72, 144]
      NUM_MODULES: 3
    Z_DOWN: True
  ISOTROPY: [True, True, True, True, True]
  KERNEL_SIZE: 3
  LARGER_IO: False
  LOAD_CHECKPOINT: False
  LOAD_CHECKPOINT_EPOCH: best_on_val
  LOAD_CHECKPOINT_ONLY_WEIGHTS: True
  LOAD_MODEL_FROM_CHECKPOINT: True
  MAE_DEC_HIDDEN_SIZE: 512
  MAE_DEC_MLP_DIMS: 2048
  MAE_DEC_NUM_HEADS: 16
  MAE_DEC_NUM_LAYERS: 8
  MAE_MASK_RATIO: 0.5
  MAE_MASK_TYPE: grid
  NORMALIZATION: bn
  OUT_CHECKPOINT_FORMAT: pth
  RCAN_CONV_FILTERS: 16
  RCAN_RCAB_BLOCK_NUM: 20
  RCAN_REDUCTION_RATIO: 16
  RCAN_RG_BLOCK_NUM: 10
  RCAN_UPSCALING_LAYER: True
  SAVE_CKPT_FREQ: -1
  SKIP_UNMATCHED_LAYERS: False
  SOURCE: biapy
  TORCHVISION_MODEL_NAME: 
  UNETR_DEC_ACTIVATION: relu
  UNETR_DEC_KERNEL_SIZE: 3
  UNETR_VIT_HIDD_MULT: 3
  UNETR_VIT_NUM_FILTERS: 16
  UNET_SR_UPSAMPLE_POSITION: pre
  UPSAMPLE_LAYER: convtranspose
  VIT_EMBED_DIM: 768
  VIT_MLP_RATIO: 4.0
  VIT_MODEL: custom
  VIT_NORM_EPS: 1e-06
  VIT_NUM_HEADS: 12
  VIT_NUM_LAYERS: 12
  VIT_TOKEN_SIZE: 16
  Z_DOWN: [1, 1, 1, 1]
PATHS:
  BMZ_EXPORT_PATH: ./metrics/biapy/augment_small/results/augment_small_1/BMZ_files
  CHARTS: ./metrics/biapy/augment_small/results/augment_small_1/charts
  CHECKPOINT: ./metrics/biapy/augment_small/checkpoints
  CHECKPOINT_FILE: 
  DA_SAMPLES: ./metrics/biapy/augment_small/results/augment_small_1/aug
  FIL_SAMPLES_DIR: ./metrics/biapy/augment_small/results/augment_small_1/filtering_information
  GEN_CHECKS: ./metrics/biapy/augment_small/results/augment_small_1/gen_check
  GEN_MASK_CHECKS: ./metrics/biapy/augment_small/results/augment_small_1/gen_mask_check
  MAE_OUT_DIR: ./metrics/biapy/augment_small/results/augment_small_1/MAE_checks
  PROB_MAP_DIR: ./metrics/biapy/augment_small/prob_map
  PROB_MAP_FILENAME: prob_map.npy
  PROFILER: ./metrics/biapy/augment_small/results/augment_small_1/profiler
  RESULT_DIR:
    AS_3D_STACK: ./metrics/biapy/augment_small/results/augment_small_1/as_3d_stack
    AS_3D_STACK_BIN: ./metrics/biapy/augment_small/results/augment_small_1/as_3d_stack_binarized
    AS_3D_STACK_POST_PROCESSING: ./metrics/biapy/augment_small/results/augment_small_1/as_3d_stack_post_processing
    DET_ASSOC_POINTS: ./metrics/biapy/augment_small/results/augment_small_1/point_associations
    DET_LOCAL_MAX_COORDS_CHECK: ./metrics/biapy/augment_small/results/augment_small_1/per_image_local_max_check
    DET_LOCAL_MAX_COORDS_CHECK_POST_PROCESSING: ./metrics/biapy/augment_small/results/augment_small_1/per_image_local_max_check_post_processing
    FULL_IMAGE: ./metrics/biapy/augment_small/results/augment_small_1/full_image
    FULL_IMAGE_BIN: ./metrics/biapy/augment_small/results/augment_small_1/full_image_binarized
    FULL_IMAGE_INSTANCES: ./metrics/biapy/augment_small/results/augment_small_1/full_image_instances
    FULL_IMAGE_POST_PROCESSING: ./metrics/biapy/augment_small/results/augment_small_1/full_image_post_processing
    INST_ASSOC_POINTS: ./metrics/biapy/augment_small/results/augment_small_1/instance_associations
    PATH: ./metrics/biapy/augment_small/results/augment_small_1
    PER_IMAGE: ./metrics/biapy/augment_small/results/augment_small_1/per_image
    PER_IMAGE_BIN: ./metrics/biapy/augment_small/results/augment_small_1/per_image_binarized
    PER_IMAGE_INSTANCES: ./metrics/biapy/augment_small/results/augment_small_1/per_image_instances
    PER_IMAGE_POST_PROCESSING: ./metrics/biapy/augment_small/results/augment_small_1/per_image_post_processing
  TEST_FULL_GT_H5: fisbe/aug_biapy_small/test/label/h5
  TEST_INSTANCE_CHANNELS_CHECK: ./metrics/biapy/augment_small/results/augment_small_1/test_FCDbDn_instance_channels
  TRAIN_INSTANCE_CHANNELS_CHECK: ./metrics/biapy/augment_small/results/augment_small_1/train_FCDbDn_instance_channels
  VAL_INSTANCE_CHANNELS_CHECK: ./metrics/biapy/augment_small/results/augment_small_1/val_FCDbDn_instance_channels
  WATERSHED_DIR: ./metrics/biapy/augment_small/results/augment_small_1/watershed
PROBLEM:
  DENOISING:
    LOAD_GT_DATA: False
    N2V_MANIPULATOR: uniform_withCP
    N2V_NEIGHBORHOOD_RADIUS: 5
    N2V_PERC_PIX: 0.198
    N2V_STRUCTMASK: False
  DETECTION:
    CENTRAL_POINT_DILATION: [2]
    CHECK_POINTS_CREATED: True
    DATA_CHECK_MW: False
  IMAGE_TO_IMAGE:
    MULTIPLE_RAW_ONE_TARGET_LOADER: False
  INSTANCE_SEG:
    BORDER_EXTRA_WEIGHTS: 
    DATA_CHANNELS: ['F', 'C', 'Db', 'Dn']
    DATA_CHANNELS_EXTRA_OPTS: [{'F': {'erosion': 0, 'dilation': 0}, 'C': {'mode': 'thick'}, 'Db': {'norm': True, 'mask_values': True}, 'Dn': {'closing_size': 3, 'norm': True, 'mask_values': True, 'decline_power': 3}}]
    DATA_CHANNELS_LOSSES: ['bce', 'bce', 'l1', 'l1']
    DATA_CHANNEL_WEIGHTS: (1, 1, 1, 1)
    EMBEDSEG:
      MIN_MASK_SUM: 0
      MIN_OBJECT_SIZE: 100
      MIN_UNCLUSTERED_SUM: 0
      SEED_THRESH: 0.5
    INSTANCE_CREATION_PROCESS: watershed
    STARDIST:
      NMS_IOU_THRESH: 0.3
      PROB_THRESH: 0.4
    SYNAPSES:
      BLOB_LOG_MAX_SIGMA: 10
      BLOB_LOG_MIN_SIGMA: 5
      BLOB_LOG_NUM_SIGMA: 2
      EXCLUDE_BORDER: False
      MIN_TH_TO_BE_PEAK: 0.2
      PEAK_LOCAL_MAX_MIN_DISTANCE: 1
      POINT_CREATION_FUNCTION: peak_local_max
      POSTSITE_DILATION: [2, 4, 4]
      POSTSITE_DILATION_DISTANCE_CHANNELS: [3, 10, 10]
      REMOVE_CLOSE_POINTS_RADIUS_BY_MASK: False
      REMOVE_CLOSE_POST_POINTS_RADIUS: 0
      REMOVE_CLOSE_PRE_POINTS_RADIUS: 0
      TH_TYPE: auto
    TYPE: regular
    WATERSHED:
      BY_2D_SLICES: False
      DATA_CHECK_MW: True
      DATA_REMOVE_BEFORE_MW: True
      DATA_REMOVE_SMALL_OBJ_BEFORE: 500
      ERODE_AND_DILATE_GROWTH_MASK: True
      FORE_DILATION_RADIUS: 1
      FORE_EROSION_RADIUS: 1
      GROWTH_MASK_CHANNELS: ['F']
      GROWTH_MASK_CHANNELS_THRESH: ['auto']
      SEED_CHANNELS: ['F', 'Db']
      SEED_CHANNELS_THRESH: ['auto', 'auto']
      SEED_MORPH_RADIUS: [1, 1]
      SEED_MORPH_SEQUENCE: ['erode', 'dilate']
      TOPOGRAPHIC_SURFACE_CHANNEL: Db
  NDIM: 3D
  PRINT_OLD_KEY_CHANGES: True
  SELF_SUPERVISED:
    NOISE: 0.2
    PRETEXT_TASK: crappify
    RESIZING_FACTOR: 4
  SEMANTIC_SEG:
    IGNORE_CLASS_ID: 0
  SUPER_RESOLUTION:
    UPSCALING: (1, 1, 1)
  TYPE: INSTANCE_SEG
SYSTEM:
  DEVICE: cpu
  NUM_CPUS: 128
  NUM_GPUS: 1
  NUM_WORKERS: -1
  PIN_MEM: True
  SEED: 0
TEST:
  ANALIZE_2D_IMGS_AS_3D_STACK: False
  AUGMENTATION: False
  AUGMENTATION_MODE: mean
  BY_CHUNKS:
    ENABLE: False
    FLUSH_EACH: 100
    SAVE_OUT_TIF: False
    WORKFLOW_PROCESS:
      ENABLE: True
      TYPE: chunk_by_chunk
  DET_BLOB_LOG_MAX_SIGMA: 10
  DET_BLOB_LOG_MIN_SIGMA: 5
  DET_BLOB_LOG_NUM_SIGMA: 2
  DET_EXCLUDE_BORDER: False
  DET_IGNORE_POINTS_OUTSIDE_BOX: []
  DET_MIN_TH_TO_BE_PEAK: 0.2
  DET_PEAK_LOCAL_MAX_MIN_DISTANCE: 1
  DET_POINT_CREATION_FUNCTION: peak_local_max
  DET_TH_TYPE: manual
  DET_TOLERANCE: 10
  ENABLE: False
  FULL_IMG: False
  MATCHING_STATS: True
  MATCHING_STATS_THS: [0.3, 0.5, 0.75]
  MATCHING_STATS_THS_COLORED_IMG: []
  METRICS: ['iou']
  METRICS_IN_CPU: True
  POST_PROCESSING:
    APPLY_MASK: False
    DET_WATERSHED: False
    DET_WATERSHED_DONUTS_CLASSES: [-1]
    DET_WATERSHED_DONUTS_NUCLEUS_DIAMETER: 30
    DET_WATERSHED_DONUTS_PATCH: [13, 120, 120]
    DET_WATERSHED_FIRST_DILATION: [-1, -1]
    INSTANCE_REFINEMENT:
      ENABLE: True
      OPERATIONS: ['remove_small_objects']
      VALUES: [500]
    MEASURE_PROPERTIES:
      ENABLE: False
      EXTRA_PROPS: []
      REMOVE_BY_PROPERTIES:
        ENABLE: False
        PROPS: []
        SIGNS: []
        VALUES: []
    MEDIAN_FILTER: False
    MEDIAN_FILTER_AXIS: []
    MEDIAN_FILTER_SIZE: []
    REMOVE_CLOSE_POINTS: False
    REMOVE_CLOSE_POINTS_RADIUS: 0
    REPARE_LARGE_BLOBS_SIZE: -1
    VORONOI_ON_MASK: False
    VORONOI_TH: 0.0
  REDUCE_MEMORY: False
  REUSE_PREDICTIONS: False
  SAVE_MODEL_RAW_OUTPUT: True
  VERBOSE: True
TRAIN:
  ACCUM_ITER: 1
  BATCH_SIZE: 30
  CHECKPOINT_MONITOR: val_loss
  ENABLE: True
  EPOCHS: 30
  LR: 0.001
  LR_SCHEDULER:
    MIN_LR: -1.0
    NAME: onecycle
    REDUCEONPLATEAU_FACTOR: 0.5
    REDUCEONPLATEAU_PATIENCE: -1
    WARMUP_COSINE_DECAY_EPOCHS: -1
  METRICS: ['iou']
  OPTIMIZER: ADAMW
  OPT_BETAS: (0.9, 0.999)
  PATIENCE: 10
  VERBOSE: False
  W_DECAY: 0.02
[21:25:20.020746] *~~~~~~~~~~~~~~~~~~~~~~~~~~~~~~~~~~~~~~~~~~~~~~~~~~*
[21:25:20.020769] Initializing Instance_Segmentation_Workflow
[21:25:20.020775] *~~~~~~~~~~~~~~~~~~~~~~~~~~~~~~~~~~~~~~~~~~~~~~~~~~*

[21:25:20.322210] Creating normalization module . . .
[21:25:20.322253] Normalization: using mean None and std: None
[21:25:20.322294] ###########################
[21:25:20.322300] #  PREPARE INSTANCE DATA  #
[21:25:20.322304] ###########################
[21:25:20.322997] You select to create ['F', 'C', 'Db', 'Dn'] channels from given instance labels and no file is detected in fisbe/aug_biapy_small/train/label_F.erosion-0.dilation-0_C.mode-thick_Db.norm-True.mask_values-True_Dn.closing_size-3.norm-True.mask_values-True.decline_power-3 . So let's prepare the data. This process will be done just once!
[21:25:20.330640] Working with Zarr files . . .
[21:25:20.330689] Reading Zarr/H5 file: fisbe/aug_biapy_small/train/label/VT047848-20171020_66_I5.zarr_seg_r0-k1-c021.zarr
[21:25:20.574708] ### 3D-OV-CROP ###
[21:25:20.574733] Cropping (1, 401, 982, 895) images into (20, 128, 128, 1) with overlapping (axis order: CZYX). . .
[21:25:20.574739] Minimum overlap selected: (0, 0, 0)
[21:25:20.574743] Padding: (0, 0, 0)
[21:25:20.574761] Real overlapping (%): (0.0, 0.046875, 0.0)
[21:25:20.574767] Real overlapping (pixels): (0.0, 6.0, 0.0)
[21:25:20.574772] (21, 7, 8) patches per (z,y,x) axis
[21:25:20.574795] List of volume IDs to be processed by each GPU: [[0, 1, 2, 3, 4, 5, 6, 7, 8, 9, 10, 11, 12, 13, 14, 15, 16, 17, 18, 19, 20]]
[21:25:20.574805] Positions of each volume in Z axis: {0: [0, 20], 1: [20, 40], 2: [40, 60], 3: [60, 80], 4: [80, 100], 5: [100, 120], 6: [120, 140], 7: [140, 160], 8: [160, 180], 9: [180, 200], 10: [200, 220], 11: [220, 240], 12: [240, 260], 13: [260, 280], 14: [280, 300], 15: [300, 320], 16: [320, 340], 17: [340, 360], 18: [360, 380], 19: [380, 400], 20: [400, 401]}
[21:25:20.574811] Rank 0: Total number of patches: 1176 - (21, 7, 8) patches per (z,y,x) axis (per GPU)
[21:26:09.096534] Reading Zarr/H5 file: fisbe/aug_biapy_small/train/label/VT047848-20171020_66_I5.zarr_seg_r0-k1-c120.zarr
[21:26:09.109338] ### 3D-OV-CROP ###
[21:26:09.109364] Cropping (1, 401, 982, 895) images into (20, 128, 128, 1) with overlapping (axis order: CZYX). . .
[21:26:09.109370] Minimum overlap selected: (0, 0, 0)
[21:26:09.109374] Padding: (0, 0, 0)
[21:26:09.109391] Real overlapping (%): (0.0, 0.046875, 0.0)
[21:26:09.109396] Real overlapping (pixels): (0.0, 6.0, 0.0)
[21:26:09.109401] (21, 7, 8) patches per (z,y,x) axis
[21:26:09.109414] List of volume IDs to be processed by each GPU: [[0, 1, 2, 3, 4, 5, 6, 7, 8, 9, 10, 11, 12, 13, 14, 15, 16, 17, 18, 19, 20]]
[21:26:09.109425] Positions of each volume in Z axis: {0: [0, 20], 1: [20, 40], 2: [40, 60], 3: [60, 80], 4: [80, 100], 5: [100, 120], 6: [120, 140], 7: [140, 160], 8: [160, 180], 9: [180, 200], 10: [200, 220], 11: [220, 240], 12: [240, 260], 13: [260, 280], 14: [280, 300], 15: [300, 320], 16: [320, 340], 17: [340, 360], 18: [360, 380], 19: [380, 400], 20: [400, 401]}
[21:26:09.109431] Rank 0: Total number of patches: 1176 - (21, 7, 8) patches per (z,y,x) axis (per GPU)
[21:26:57.590707] Reading Zarr/H5 file: fisbe/aug_biapy_small/train/label/VT047848-20171020_66_I5.zarr_seg_r0-k1-c210.zarr
[21:26:57.606675] ### 3D-OV-CROP ###
[21:26:57.606701] Cropping (1, 401, 982, 895) images into (20, 128, 128, 1) with overlapping (axis order: CZYX). . .
[21:26:57.606712] Minimum overlap selected: (0, 0, 0)
[21:26:57.606717] Padding: (0, 0, 0)
[21:26:57.606732] Real overlapping (%): (0.0, 0.046875, 0.0)
[21:26:57.606737] Real overlapping (pixels): (0.0, 6.0, 0.0)
[21:26:57.606741] (21, 7, 8) patches per (z,y,x) axis
[21:26:57.606754] List of volume IDs to be processed by each GPU: [[0, 1, 2, 3, 4, 5, 6, 7, 8, 9, 10, 11, 12, 13, 14, 15, 16, 17, 18, 19, 20]]
[21:26:57.606764] Positions of each volume in Z axis: {0: [0, 20], 1: [20, 40], 2: [40, 60], 3: [60, 80], 4: [80, 100], 5: [100, 120], 6: [120, 140], 7: [140, 160], 8: [160, 180], 9: [180, 200], 10: [200, 220], 11: [220, 240], 12: [240, 260], 13: [260, 280], 14: [280, 300], 15: [300, 320], 16: [320, 340], 17: [340, 360], 18: [360, 380], 19: [380, 400], 20: [400, 401]}
[21:26:57.606769] Rank 0: Total number of patches: 1176 - (21, 7, 8) patches per (z,y,x) axis (per GPU)
[21:27:44.552242] Reading Zarr/H5 file: fisbe/aug_biapy_small/train/label/VT047848-20171020_66_I5.zarr_seg_r0-k2-c102.zarr
[21:27:44.566401] ### 3D-OV-CROP ###
[21:27:44.566425] Cropping (1, 401, 982, 895) images into (20, 128, 128, 1) with overlapping (axis order: CZYX). . .
[21:27:44.566431] Minimum overlap selected: (0, 0, 0)
[21:27:44.566435] Padding: (0, 0, 0)
[21:27:44.566448] Real overlapping (%): (0.0, 0.046875, 0.0)
[21:27:44.566454] Real overlapping (pixels): (0.0, 6.0, 0.0)
[21:27:44.566458] (21, 7, 8) patches per (z,y,x) axis
[21:27:44.566473] List of volume IDs to be processed by each GPU: [[0, 1, 2, 3, 4, 5, 6, 7, 8, 9, 10, 11, 12, 13, 14, 15, 16, 17, 18, 19, 20]]
[21:27:44.566492] Positions of each volume in Z axis: {0: [0, 20], 1: [20, 40], 2: [40, 60], 3: [60, 80], 4: [80, 100], 5: [100, 120], 6: [120, 140], 7: [140, 160], 8: [160, 180], 9: [180, 200], 10: [200, 220], 11: [220, 240], 12: [240, 260], 13: [260, 280], 14: [280, 300], 15: [300, 320], 16: [320, 340], 17: [340, 360], 18: [360, 380], 19: [380, 400], 20: [400, 401]}
[21:27:44.566497] Rank 0: Total number of patches: 1176 - (21, 7, 8) patches per (z,y,x) axis (per GPU)
[21:28:36.236214] Reading Zarr/H5 file: fisbe/aug_biapy_small/train/label/VT047848-20171020_66_I5.zarr_seg_r0-k2-c120.zarr
[21:28:36.251529] ### 3D-OV-CROP ###
[21:28:36.251555] Cropping (1, 401, 982, 895) images into (20, 128, 128, 1) with overlapping (axis order: CZYX). . .
[21:28:36.251561] Minimum overlap selected: (0, 0, 0)
[21:28:36.251565] Padding: (0, 0, 0)
[21:28:36.251581] Real overlapping (%): (0.0, 0.046875, 0.0)
[21:28:36.251587] Real overlapping (pixels): (0.0, 6.0, 0.0)
[21:28:36.251592] (21, 7, 8) patches per (z,y,x) axis
[21:28:36.251605] List of volume IDs to be processed by each GPU: [[0, 1, 2, 3, 4, 5, 6, 7, 8, 9, 10, 11, 12, 13, 14, 15, 16, 17, 18, 19, 20]]
[21:28:36.251618] Positions of each volume in Z axis: {0: [0, 20], 1: [20, 40], 2: [40, 60], 3: [60, 80], 4: [80, 100], 5: [100, 120], 6: [120, 140], 7: [140, 160], 8: [160, 180], 9: [180, 200], 10: [200, 220], 11: [220, 240], 12: [240, 260], 13: [260, 280], 14: [280, 300], 15: [300, 320], 16: [320, 340], 17: [340, 360], 18: [360, 380], 19: [380, 400], 20: [400, 401]}
[21:28:36.251623] Rank 0: Total number of patches: 1176 - (21, 7, 8) patches per (z,y,x) axis (per GPU)
[21:29:21.981996] Reading Zarr/H5 file: fisbe/aug_biapy_small/train/label/VT047848-20171020_66_I5.zarr_seg_r0-k2-c210.zarr
[21:29:21.999239] ### 3D-OV-CROP ###
[21:29:21.999264] Cropping (1, 401, 982, 895) images into (20, 128, 128, 1) with overlapping (axis order: CZYX). . .
[21:29:21.999270] Minimum overlap selected: (0, 0, 0)
[21:29:21.999274] Padding: (0, 0, 0)
[21:29:21.999289] Real overlapping (%): (0.0, 0.046875, 0.0)
[21:29:21.999294] Real overlapping (pixels): (0.0, 6.0, 0.0)
[21:29:21.999299] (21, 7, 8) patches per (z,y,x) axis
[21:29:21.999314] List of volume IDs to be processed by each GPU: [[0, 1, 2, 3, 4, 5, 6, 7, 8, 9, 10, 11, 12, 13, 14, 15, 16, 17, 18, 19, 20]]
[21:29:21.999327] Positions of each volume in Z axis: {0: [0, 20], 1: [20, 40], 2: [40, 60], 3: [60, 80], 4: [80, 100], 5: [100, 120], 6: [120, 140], 7: [140, 160], 8: [160, 180], 9: [180, 200], 10: [200, 220], 11: [220, 240], 12: [240, 260], 13: [260, 280], 14: [280, 300], 15: [300, 320], 16: [320, 340], 17: [340, 360], 18: [360, 380], 19: [380, 400], 20: [400, 401]}
[21:29:21.999336] Rank 0: Total number of patches: 1176 - (21, 7, 8) patches per (z,y,x) axis (per GPU)
[21:30:09.832574] Reading Zarr/H5 file: fisbe/aug_biapy_small/train/label/VT047848-20171020_66_I5.zarr_seg_r0-k3-c012.zarr
[21:30:09.851716] ### 3D-OV-CROP ###
[21:30:09.851741] Cropping (1, 982, 401, 895) images into (20, 128, 128, 1) with overlapping (axis order: CZYX). . .
[21:30:09.851747] Minimum overlap selected: (0, 0, 0)
[21:30:09.851751] Padding: (0, 0, 0)
[21:30:09.851766] Real overlapping (%): (0.0, 0.2890625, 0.0)
[21:30:09.851771] Real overlapping (pixels): (0.0, 37.0, 0.0)
[21:30:09.851775] (50, 7, 4) patches per (z,y,x) axis
[21:30:09.851799] List of volume IDs to be processed by each GPU: [[0, 1, 2, 3, 4, 5, 6, 7, 8, 9, 10, 11, 12, 13, 14, 15, 16, 17, 18, 19, 20, 21, 22, 23, 24, 25, 26, 27, 28, 29, 30, 31, 32, 33, 34, 35, 36, 37, 38, 39, 40, 41, 42, 43, 44, 45, 46, 47, 48, 49]]
[21:30:09.851816] Positions of each volume in Z axis: {0: [0, 20], 1: [20, 40], 2: [40, 60], 3: [60, 80], 4: [80, 100], 5: [100, 120], 6: [120, 140], 7: [140, 160], 8: [160, 180], 9: [180, 200], 10: [200, 220], 11: [220, 240], 12: [240, 260], 13: [260, 280], 14: [280, 300], 15: [300, 320], 16: [320, 340], 17: [340, 360], 18: [360, 380], 19: [380, 400], 20: [400, 420], 21: [420, 440], 22: [440, 460], 23: [460, 480], 24: [480, 500], 25: [500, 520], 26: [520, 540], 27: [540, 560], 28: [560, 580], 29: [580, 600], 30: [600, 620], 31: [620, 640], 32: [640, 660], 33: [660, 680], 34: [680, 700], 35: [700, 720], 36: [720, 740], 37: [740, 760], 38: [760, 780], 39: [780, 800], 40: [800, 820], 41: [820, 840], 42: [840, 860], 43: [860, 880], 44: [880, 900], 45: [900, 920], 46: [920, 940], 47: [940, 960], 48: [960, 980], 49: [980, 982]}
[21:30:09.851823] Rank 0: Total number of patches: 1400 - (50, 7, 4) patches per (z,y,x) axis (per GPU)
[21:31:17.850693] Reading Zarr/H5 file: fisbe/aug_biapy_small/train/label/VT047848-20171020_66_I5.zarr_seg_r0-k3-c021.zarr
[21:31:17.863656] ### 3D-OV-CROP ###
[21:31:17.863681] Cropping (1, 982, 401, 895) images into (20, 128, 128, 1) with overlapping (axis order: CZYX). . .
[21:31:17.863686] Minimum overlap selected: (0, 0, 0)
[21:31:17.863691] Padding: (0, 0, 0)
[21:31:17.863706] Real overlapping (%): (0.0, 0.2890625, 0.0)
[21:31:17.863711] Real overlapping (pixels): (0.0, 37.0, 0.0)
[21:31:17.863716] (50, 7, 4) patches per (z,y,x) axis
[21:31:17.863735] List of volume IDs to be processed by each GPU: [[0, 1, 2, 3, 4, 5, 6, 7, 8, 9, 10, 11, 12, 13, 14, 15, 16, 17, 18, 19, 20, 21, 22, 23, 24, 25, 26, 27, 28, 29, 30, 31, 32, 33, 34, 35, 36, 37, 38, 39, 40, 41, 42, 43, 44, 45, 46, 47, 48, 49]]
[21:31:17.863752] Positions of each volume in Z axis: {0: [0, 20], 1: [20, 40], 2: [40, 60], 3: [60, 80], 4: [80, 100], 5: [100, 120], 6: [120, 140], 7: [140, 160], 8: [160, 180], 9: [180, 200], 10: [200, 220], 11: [220, 240], 12: [240, 260], 13: [260, 280], 14: [280, 300], 15: [300, 320], 16: [320, 340], 17: [340, 360], 18: [360, 380], 19: [380, 400], 20: [400, 420], 21: [420, 440], 22: [440, 460], 23: [460, 480], 24: [480, 500], 25: [500, 520], 26: [520, 540], 27: [540, 560], 28: [560, 580], 29: [580, 600], 30: [600, 620], 31: [620, 640], 32: [640, 660], 33: [660, 680], 34: [680, 700], 35: [700, 720], 36: [720, 740], 37: [740, 760], 38: [760, 780], 39: [780, 800], 40: [800, 820], 41: [820, 840], 42: [840, 860], 43: [860, 880], 44: [880, 900], 45: [900, 920], 46: [920, 940], 47: [940, 960], 48: [960, 980], 49: [980, 982]}
[21:31:17.863757] Rank 0: Total number of patches: 1400 - (50, 7, 4) patches per (z,y,x) axis (per GPU)
[21:32:22.690765] Reading Zarr/H5 file: fisbe/aug_biapy_small/train/label/VT047848-20171020_66_I5.zarr_seg_r0-k3-c120.zarr
[21:32:22.714766] ### 3D-OV-CROP ###
[21:32:22.714790] Cropping (1, 982, 401, 895) images into (20, 128, 128, 1) with overlapping (axis order: CZYX). . .
[21:32:22.714796] Minimum overlap selected: (0, 0, 0)
[21:32:22.714806] Padding: (0, 0, 0)
[21:32:22.714819] Real overlapping (%): (0.0, 0.2890625, 0.0)
[21:32:22.714825] Real overlapping (pixels): (0.0, 37.0, 0.0)
[21:32:22.714829] (50, 7, 4) patches per (z,y,x) axis
[21:32:22.714847] List of volume IDs to be processed by each GPU: [[0, 1, 2, 3, 4, 5, 6, 7, 8, 9, 10, 11, 12, 13, 14, 15, 16, 17, 18, 19, 20, 21, 22, 23, 24, 25, 26, 27, 28, 29, 30, 31, 32, 33, 34, 35, 36, 37, 38, 39, 40, 41, 42, 43, 44, 45, 46, 47, 48, 49]]
[21:32:22.714863] Positions of each volume in Z axis: {0: [0, 20], 1: [20, 40], 2: [40, 60], 3: [60, 80], 4: [80, 100], 5: [100, 120], 6: [120, 140], 7: [140, 160], 8: [160, 180], 9: [180, 200], 10: [200, 220], 11: [220, 240], 12: [240, 260], 13: [260, 280], 14: [280, 300], 15: [300, 320], 16: [320, 340], 17: [340, 360], 18: [360, 380], 19: [380, 400], 20: [400, 420], 21: [420, 440], 22: [440, 460], 23: [460, 480], 24: [480, 500], 25: [500, 520], 26: [520, 540], 27: [540, 560], 28: [560, 580], 29: [580, 600], 30: [600, 620], 31: [620, 640], 32: [640, 660], 33: [660, 680], 34: [680, 700], 35: [700, 720], 36: [720, 740], 37: [740, 760], 38: [760, 780], 39: [780, 800], 40: [800, 820], 41: [820, 840], 42: [840, 860], 43: [860, 880], 44: [880, 900], 45: [900, 920], 46: [920, 940], 47: [940, 960], 48: [960, 980], 49: [980, 982]}
[21:32:22.714869] Rank 0: Total number of patches: 1400 - (50, 7, 4) patches per (z,y,x) axis (per GPU)
[21:33:29.421258] Reading Zarr/H5 file: fisbe/aug_biapy_small/train/label/VT047848-20171020_66_I5.zarr_seg_r1-k1-c021.zarr
[21:33:29.435217] ### 3D-OV-CROP ###
[21:33:29.435244] Cropping (1, 401, 982, 895) images into (20, 128, 128, 1) with overlapping (axis order: CZYX). . .
[21:33:29.435250] Minimum overlap selected: (0, 0, 0)
[21:33:29.435254] Padding: (0, 0, 0)
[21:33:29.435270] Real overlapping (%): (0.0, 0.046875, 0.0)
[21:33:29.435275] Real overlapping (pixels): (0.0, 6.0, 0.0)
[21:33:29.435280] (21, 7, 8) patches per (z,y,x) axis
[21:33:29.435296] List of volume IDs to be processed by each GPU: [[0, 1, 2, 3, 4, 5, 6, 7, 8, 9, 10, 11, 12, 13, 14, 15, 16, 17, 18, 19, 20]]
[21:33:29.435310] Positions of each volume in Z axis: {0: [0, 20], 1: [20, 40], 2: [40, 60], 3: [60, 80], 4: [80, 100], 5: [100, 120], 6: [120, 140], 7: [140, 160], 8: [160, 180], 9: [180, 200], 10: [200, 220], 11: [220, 240], 12: [240, 260], 13: [260, 280], 14: [280, 300], 15: [300, 320], 16: [320, 340], 17: [340, 360], 18: [360, 380], 19: [380, 400], 20: [400, 401]}
[21:33:29.435316] Rank 0: Total number of patches: 1176 - (21, 7, 8) patches per (z,y,x) axis (per GPU)
[21:34:18.821494] Reading Zarr/H5 file: fisbe/aug_biapy_small/train/label/VT047848-20171020_66_I5.zarr_seg_r1-k1-c102.zarr
[21:34:18.831266] ### 3D-OV-CROP ###
[21:34:18.831290] Cropping (1, 401, 982, 895) images into (20, 128, 128, 1) with overlapping (axis order: CZYX). . .
[21:34:18.831295] Minimum overlap selected: (0, 0, 0)
[21:34:18.831300] Padding: (0, 0, 0)
[21:34:18.831314] Real overlapping (%): (0.0, 0.046875, 0.0)
[21:34:18.831319] Real overlapping (pixels): (0.0, 6.0, 0.0)
[21:34:18.831323] (21, 7, 8) patches per (z,y,x) axis
[21:34:18.831336] List of volume IDs to be processed by each GPU: [[0, 1, 2, 3, 4, 5, 6, 7, 8, 9, 10, 11, 12, 13, 14, 15, 16, 17, 18, 19, 20]]
[21:34:18.831346] Positions of each volume in Z axis: {0: [0, 20], 1: [20, 40], 2: [40, 60], 3: [60, 80], 4: [80, 100], 5: [100, 120], 6: [120, 140], 7: [140, 160], 8: [160, 180], 9: [180, 200], 10: [200, 220], 11: [220, 240], 12: [240, 260], 13: [260, 280], 14: [280, 300], 15: [300, 320], 16: [320, 340], 17: [340, 360], 18: [360, 380], 19: [380, 400], 20: [400, 401]}
[21:34:18.831351] Rank 0: Total number of patches: 1176 - (21, 7, 8) patches per (z,y,x) axis (per GPU)
[21:35:05.810949] Reading Zarr/H5 file: fisbe/aug_biapy_small/train/label/VT047848-20171020_66_I5.zarr_seg_r1-k1-c120.zarr
[21:35:05.821459] ### 3D-OV-CROP ###
[21:35:05.821483] Cropping (1, 401, 982, 895) images into (20, 128, 128, 1) with overlapping (axis order: CZYX). . .
[21:35:05.821495] Minimum overlap selected: (0, 0, 0)
[21:35:05.821505] Padding: (0, 0, 0)
[21:35:05.821518] Real overlapping (%): (0.0, 0.046875, 0.0)
[21:35:05.821523] Real overlapping (pixels): (0.0, 6.0, 0.0)
[21:35:05.821528] (21, 7, 8) patches per (z,y,x) axis
[21:35:05.821540] List of volume IDs to be processed by each GPU: [[0, 1, 2, 3, 4, 5, 6, 7, 8, 9, 10, 11, 12, 13, 14, 15, 16, 17, 18, 19, 20]]
[21:35:05.821550] Positions of each volume in Z axis: {0: [0, 20], 1: [20, 40], 2: [40, 60], 3: [60, 80], 4: [80, 100], 5: [100, 120], 6: [120, 140], 7: [140, 160], 8: [160, 180], 9: [180, 200], 10: [200, 220], 11: [220, 240], 12: [240, 260], 13: [260, 280], 14: [280, 300], 15: [300, 320], 16: [320, 340], 17: [340, 360], 18: [360, 380], 19: [380, 400], 20: [400, 401]}
[21:35:05.821556] Rank 0: Total number of patches: 1176 - (21, 7, 8) patches per (z,y,x) axis (per GPU)
[21:35:53.578759] Reading Zarr/H5 file: fisbe/aug_biapy_small/train/label/VT047848-20171020_66_I5.zarr_seg_r1-k2-c021.zarr
[21:35:53.591430] ### 3D-OV-CROP ###
[21:35:53.591454] Cropping (1, 401, 982, 895) images into (20, 128, 128, 1) with overlapping (axis order: CZYX). . .
[21:35:53.591459] Minimum overlap selected: (0, 0, 0)
[21:35:53.591464] Padding: (0, 0, 0)
[21:35:53.591477] Real overlapping (%): (0.0, 0.046875, 0.0)
[21:35:53.591483] Real overlapping (pixels): (0.0, 6.0, 0.0)
[21:35:53.591493] (21, 7, 8) patches per (z,y,x) axis
[21:35:53.591508] List of volume IDs to be processed by each GPU: [[0, 1, 2, 3, 4, 5, 6, 7, 8, 9, 10, 11, 12, 13, 14, 15, 16, 17, 18, 19, 20]]
[21:35:53.591520] Positions of each volume in Z axis: {0: [0, 20], 1: [20, 40], 2: [40, 60], 3: [60, 80], 4: [80, 100], 5: [100, 120], 6: [120, 140], 7: [140, 160], 8: [160, 180], 9: [180, 200], 10: [200, 220], 11: [220, 240], 12: [240, 260], 13: [260, 280], 14: [280, 300], 15: [300, 320], 16: [320, 340], 17: [340, 360], 18: [360, 380], 19: [380, 400], 20: [400, 401]}
[21:35:53.591525] Rank 0: Total number of patches: 1176 - (21, 7, 8) patches per (z,y,x) axis (per GPU)
[21:36:42.819981] Reading Zarr/H5 file: fisbe/aug_biapy_small/train/label/VT047848-20171020_66_I5.zarr_seg_r1-k2-c120.zarr
[21:36:42.831466] ### 3D-OV-CROP ###
[21:36:42.831496] Cropping (1, 401, 982, 895) images into (20, 128, 128, 1) with overlapping (axis order: CZYX). . .
[21:36:42.831501] Minimum overlap selected: (0, 0, 0)
[21:36:42.831506] Padding: (0, 0, 0)
[21:36:42.831520] Real overlapping (%): (0.0, 0.046875, 0.0)
[21:36:42.831525] Real overlapping (pixels): (0.0, 6.0, 0.0)
[21:36:42.831530] (21, 7, 8) patches per (z,y,x) axis
[21:36:42.831543] List of volume IDs to be processed by each GPU: [[0, 1, 2, 3, 4, 5, 6, 7, 8, 9, 10, 11, 12, 13, 14, 15, 16, 17, 18, 19, 20]]
[21:36:42.831553] Positions of each volume in Z axis: {0: [0, 20], 1: [20, 40], 2: [40, 60], 3: [60, 80], 4: [80, 100], 5: [100, 120], 6: [120, 140], 7: [140, 160], 8: [160, 180], 9: [180, 200], 10: [200, 220], 11: [220, 240], 12: [240, 260], 13: [260, 280], 14: [280, 300], 15: [300, 320], 16: [320, 340], 17: [340, 360], 18: [360, 380], 19: [380, 400], 20: [400, 401]}
[21:36:42.831559] Rank 0: Total number of patches: 1176 - (21, 7, 8) patches per (z,y,x) axis (per GPU)
[21:37:30.351195] Reading Zarr/H5 file: fisbe/aug_biapy_small/train/label/VT047848-20171020_66_I5.zarr_seg_r1-k2-c201.zarr
[21:37:30.378441] ### 3D-OV-CROP ###
[21:37:30.378467] Cropping (1, 401, 982, 895) images into (20, 128, 128, 1) with overlapping (axis order: CZYX). . .
[21:37:30.378472] Minimum overlap selected: (0, 0, 0)
[21:37:30.378477] Padding: (0, 0, 0)
[21:37:30.378498] Real overlapping (%): (0.0, 0.046875, 0.0)
[21:37:30.378503] Real overlapping (pixels): (0.0, 6.0, 0.0)
[21:37:30.378508] (21, 7, 8) patches per (z,y,x) axis
[21:37:30.378524] List of volume IDs to be processed by each GPU: [[0, 1, 2, 3, 4, 5, 6, 7, 8, 9, 10, 11, 12, 13, 14, 15, 16, 17, 18, 19, 20]]
[21:37:30.378537] Positions of each volume in Z axis: {0: [0, 20], 1: [20, 40], 2: [40, 60], 3: [60, 80], 4: [80, 100], 5: [100, 120], 6: [120, 140], 7: [140, 160], 8: [160, 180], 9: [180, 200], 10: [200, 220], 11: [220, 240], 12: [240, 260], 13: [260, 280], 14: [280, 300], 15: [300, 320], 16: [320, 340], 17: [340, 360], 18: [360, 380], 19: [380, 400], 20: [400, 401]}
[21:37:30.378547] Rank 0: Total number of patches: 1176 - (21, 7, 8) patches per (z,y,x) axis (per GPU)
[21:38:19.419876] Reading Zarr/H5 file: fisbe/aug_biapy_small/train/label/VT047848-20171020_66_I5.zarr_seg_r1-k3-c012.zarr
[21:38:19.429749] ### 3D-OV-CROP ###
[21:38:19.429773] Cropping (1, 895, 982, 401) images into (20, 128, 128, 1) with overlapping (axis order: CZYX). . .
[21:38:19.429779] Minimum overlap selected: (0, 0, 0)
[21:38:19.429783] Padding: (0, 0, 0)
[21:38:19.429798] Real overlapping (%): (0.0, 0.046875, 0.2890625)
[21:38:19.429803] Real overlapping (pixels): (0.0, 6.0, 37.0)
[21:38:19.429808] (45, 4, 8) patches per (z,y,x) axis
[21:38:19.429828] List of volume IDs to be processed by each GPU: [[0, 1, 2, 3, 4, 5, 6, 7, 8, 9, 10, 11, 12, 13, 14, 15, 16, 17, 18, 19, 20, 21, 22, 23, 24, 25, 26, 27, 28, 29, 30, 31, 32, 33, 34, 35, 36, 37, 38, 39, 40, 41, 42, 43, 44]]
[21:38:19.429845] Positions of each volume in Z axis: {0: [0, 20], 1: [20, 40], 2: [40, 60], 3: [60, 80], 4: [80, 100], 5: [100, 120], 6: [120, 140], 7: [140, 160], 8: [160, 180], 9: [180, 200], 10: [200, 220], 11: [220, 240], 12: [240, 260], 13: [260, 280], 14: [280, 300], 15: [300, 320], 16: [320, 340], 17: [340, 360], 18: [360, 380], 19: [380, 400], 20: [400, 420], 21: [420, 440], 22: [440, 460], 23: [460, 480], 24: [480, 500], 25: [500, 520], 26: [520, 540], 27: [540, 560], 28: [560, 580], 29: [580, 600], 30: [600, 620], 31: [620, 640], 32: [640, 660], 33: [660, 680], 34: [680, 700], 35: [700, 720], 36: [720, 740], 37: [740, 760], 38: [760, 780], 39: [780, 800], 40: [800, 820], 41: [820, 840], 42: [840, 860], 43: [860, 880], 44: [880, 895]}
[21:38:19.429851] Rank 0: Total number of patches: 1440 - (45, 4, 8) patches per (z,y,x) axis (per GPU)
[21:39:20.431725] Reading Zarr/H5 file: fisbe/aug_biapy_small/train/label/VT047848-20171020_66_I5.zarr_seg_r1-k3-c102.zarr
[21:39:20.444408] ### 3D-OV-CROP ###
[21:39:20.444431] Cropping (1, 895, 982, 401) images into (20, 128, 128, 1) with overlapping (axis order: CZYX). . .
[21:39:20.444437] Minimum overlap selected: (0, 0, 0)
[21:39:20.444442] Padding: (0, 0, 0)
[21:39:20.444455] Real overlapping (%): (0.0, 0.046875, 0.2890625)
[21:39:20.444461] Real overlapping (pixels): (0.0, 6.0, 37.0)
[21:39:20.444466] (45, 4, 8) patches per (z,y,x) axis
[21:39:20.444496] List of volume IDs to be processed by each GPU: [[0, 1, 2, 3, 4, 5, 6, 7, 8, 9, 10, 11, 12, 13, 14, 15, 16, 17, 18, 19, 20, 21, 22, 23, 24, 25, 26, 27, 28, 29, 30, 31, 32, 33, 34, 35, 36, 37, 38, 39, 40, 41, 42, 43, 44]]
[21:39:20.444510] Positions of each volume in Z axis: {0: [0, 20], 1: [20, 40], 2: [40, 60], 3: [60, 80], 4: [80, 100], 5: [100, 120], 6: [120, 140], 7: [140, 160], 8: [160, 180], 9: [180, 200], 10: [200, 220], 11: [220, 240], 12: [240, 260], 13: [260, 280], 14: [280, 300], 15: [300, 320], 16: [320, 340], 17: [340, 360], 18: [360, 380], 19: [380, 400], 20: [400, 420], 21: [420, 440], 22: [440, 460], 23: [460, 480], 24: [480, 500], 25: [500, 520], 26: [520, 540], 27: [540, 560], 28: [560, 580], 29: [580, 600], 30: [600, 620], 31: [620, 640], 32: [640, 660], 33: [660, 680], 34: [680, 700], 35: [700, 720], 36: [720, 740], 37: [740, 760], 38: [760, 780], 39: [780, 800], 40: [800, 820], 41: [820, 840], 42: [840, 860], 43: [860, 880], 44: [880, 895]}
[21:39:20.444516] Rank 0: Total number of patches: 1440 - (45, 4, 8) patches per (z,y,x) axis (per GPU)
[21:40:18.726803] Reading Zarr/H5 file: fisbe/aug_biapy_small/train/label/VT047848-20171020_66_I5.zarr_seg_r1-k3-c201.zarr
[21:40:18.737276] ### 3D-OV-CROP ###
[21:40:18.737300] Cropping (1, 895, 982, 401) images into (20, 128, 128, 1) with overlapping (axis order: CZYX). . .
[21:40:18.737306] Minimum overlap selected: (0, 0, 0)
[21:40:18.737310] Padding: (0, 0, 0)
[21:40:18.737324] Real overlapping (%): (0.0, 0.046875, 0.2890625)
[21:40:18.737329] Real overlapping (pixels): (0.0, 6.0, 37.0)
[21:40:18.737334] (45, 4, 8) patches per (z,y,x) axis
[21:40:18.737352] List of volume IDs to be processed by each GPU: [[0, 1, 2, 3, 4, 5, 6, 7, 8, 9, 10, 11, 12, 13, 14, 15, 16, 17, 18, 19, 20, 21, 22, 23, 24, 25, 26, 27, 28, 29, 30, 31, 32, 33, 34, 35, 36, 37, 38, 39, 40, 41, 42, 43, 44]]
[21:40:18.737378] Positions of each volume in Z axis: {0: [0, 20], 1: [20, 40], 2: [40, 60], 3: [60, 80], 4: [80, 100], 5: [100, 120], 6: [120, 140], 7: [140, 160], 8: [160, 180], 9: [180, 200], 10: [200, 220], 11: [220, 240], 12: [240, 260], 13: [260, 280], 14: [280, 300], 15: [300, 320], 16: [320, 340], 17: [340, 360], 18: [360, 380], 19: [380, 400], 20: [400, 420], 21: [420, 440], 22: [440, 460], 23: [460, 480], 24: [480, 500], 25: [500, 520], 26: [520, 540], 27: [540, 560], 28: [560, 580], 29: [580, 600], 30: [600, 620], 31: [620, 640], 32: [640, 660], 33: [660, 680], 34: [680, 700], 35: [700, 720], 36: [720, 740], 37: [740, 760], 38: [760, 780], 39: [780, 800], 40: [800, 820], 41: [820, 840], 42: [840, 860], 43: [860, 880], 44: [880, 895]}
[21:40:18.737384] Rank 0: Total number of patches: 1440 - (45, 4, 8) patches per (z,y,x) axis (per GPU)
[21:41:21.080317] Reading Zarr/H5 file: fisbe/aug_biapy_small/train/label/VT047848-20171020_66_I5.zarr_seg_r2-k1-c021.zarr
[21:41:21.091347] ### 3D-OV-CROP ###
[21:41:21.091371] Cropping (1, 401, 982, 895) images into (20, 128, 128, 1) with overlapping (axis order: CZYX). . .
[21:41:21.091377] Minimum overlap selected: (0, 0, 0)
[21:41:21.091381] Padding: (0, 0, 0)
[21:41:21.091395] Real overlapping (%): (0.0, 0.046875, 0.0)
[21:41:21.091400] Real overlapping (pixels): (0.0, 6.0, 0.0)
[21:41:21.091405] (21, 7, 8) patches per (z,y,x) axis
[21:41:21.091417] List of volume IDs to be processed by each GPU: [[0, 1, 2, 3, 4, 5, 6, 7, 8, 9, 10, 11, 12, 13, 14, 15, 16, 17, 18, 19, 20]]
[21:41:21.091427] Positions of each volume in Z axis: {0: [0, 20], 1: [20, 40], 2: [40, 60], 3: [60, 80], 4: [80, 100], 5: [100, 120], 6: [120, 140], 7: [140, 160], 8: [160, 180], 9: [180, 200], 10: [200, 220], 11: [220, 240], 12: [240, 260], 13: [260, 280], 14: [280, 300], 15: [300, 320], 16: [320, 340], 17: [340, 360], 18: [360, 380], 19: [380, 400], 20: [400, 401]}
[21:41:21.091432] Rank 0: Total number of patches: 1176 - (21, 7, 8) patches per (z,y,x) axis (per GPU)
[21:42:08.138714] Reading Zarr/H5 file: fisbe/aug_biapy_small/train/label/VT047848-20171020_66_I5.zarr_seg_r2-k1-c102.zarr
[21:42:08.148478] ### 3D-OV-CROP ###
[21:42:08.148511] Cropping (1, 401, 982, 895) images into (20, 128, 128, 1) with overlapping (axis order: CZYX). . .
[21:42:08.148517] Minimum overlap selected: (0, 0, 0)
[21:42:08.148522] Padding: (0, 0, 0)
[21:42:08.148536] Real overlapping (%): (0.0, 0.046875, 0.0)
[21:42:08.148541] Real overlapping (pixels): (0.0, 6.0, 0.0)
[21:42:08.148546] (21, 7, 8) patches per (z,y,x) axis
[21:42:08.148558] List of volume IDs to be processed by each GPU: [[0, 1, 2, 3, 4, 5, 6, 7, 8, 9, 10, 11, 12, 13, 14, 15, 16, 17, 18, 19, 20]]
[21:42:08.148568] Positions of each volume in Z axis: {0: [0, 20], 1: [20, 40], 2: [40, 60], 3: [60, 80], 4: [80, 100], 5: [100, 120], 6: [120, 140], 7: [140, 160], 8: [160, 180], 9: [180, 200], 10: [200, 220], 11: [220, 240], 12: [240, 260], 13: [260, 280], 14: [280, 300], 15: [300, 320], 16: [320, 340], 17: [340, 360], 18: [360, 380], 19: [380, 400], 20: [400, 401]}
[21:42:08.148574] Rank 0: Total number of patches: 1176 - (21, 7, 8) patches per (z,y,x) axis (per GPU)
[21:42:55.179779] Reading Zarr/H5 file: fisbe/aug_biapy_small/train/label/VT047848-20171020_66_I5.zarr_seg_r2-k1-c210.zarr
[21:42:55.191098] ### 3D-OV-CROP ###
[21:42:55.191122] Cropping (1, 401, 982, 895) images into (20, 128, 128, 1) with overlapping (axis order: CZYX). . .
[21:42:55.191128] Minimum overlap selected: (0, 0, 0)
[21:42:55.191132] Padding: (0, 0, 0)
[21:42:55.191146] Real overlapping (%): (0.0, 0.046875, 0.0)
[21:42:55.191151] Real overlapping (pixels): (0.0, 6.0, 0.0)
[21:42:55.191156] (21, 7, 8) patches per (z,y,x) axis
[21:42:55.191169] List of volume IDs to be processed by each GPU: [[0, 1, 2, 3, 4, 5, 6, 7, 8, 9, 10, 11, 12, 13, 14, 15, 16, 17, 18, 19, 20]]
[21:42:55.191184] Positions of each volume in Z axis: {0: [0, 20], 1: [20, 40], 2: [40, 60], 3: [60, 80], 4: [80, 100], 5: [100, 120], 6: [120, 140], 7: [140, 160], 8: [160, 180], 9: [180, 200], 10: [200, 220], 11: [220, 240], 12: [240, 260], 13: [260, 280], 14: [280, 300], 15: [300, 320], 16: [320, 340], 17: [340, 360], 18: [360, 380], 19: [380, 400], 20: [400, 401]}
[21:42:55.191189] Rank 0: Total number of patches: 1176 - (21, 7, 8) patches per (z,y,x) axis (per GPU)
[21:43:43.838327] Reading Zarr/H5 file: fisbe/aug_biapy_small/train/label/VT047848-20171020_66_I5.zarr_seg_r2-k2-c012.zarr
[21:43:43.851637] ### 3D-OV-CROP ###
[21:43:43.851662] Cropping (1, 401, 982, 895) images into (20, 128, 128, 1) with overlapping (axis order: CZYX). . .
[21:43:43.851668] Minimum overlap selected: (0, 0, 0)
[21:43:43.851672] Padding: (0, 0, 0)
[21:43:43.851687] Real overlapping (%): (0.0, 0.046875, 0.0)
[21:43:43.851692] Real overlapping (pixels): (0.0, 6.0, 0.0)
[21:43:43.851697] (21, 7, 8) patches per (z,y,x) axis
[21:43:43.851709] List of volume IDs to be processed by each GPU: [[0, 1, 2, 3, 4, 5, 6, 7, 8, 9, 10, 11, 12, 13, 14, 15, 16, 17, 18, 19, 20]]
[21:43:43.851719] Positions of each volume in Z axis: {0: [0, 20], 1: [20, 40], 2: [40, 60], 3: [60, 80], 4: [80, 100], 5: [100, 120], 6: [120, 140], 7: [140, 160], 8: [160, 180], 9: [180, 200], 10: [200, 220], 11: [220, 240], 12: [240, 260], 13: [260, 280], 14: [280, 300], 15: [300, 320], 16: [320, 340], 17: [340, 360], 18: [360, 380], 19: [380, 400], 20: [400, 401]}
[21:43:43.851725] Rank 0: Total number of patches: 1176 - (21, 7, 8) patches per (z,y,x) axis (per GPU)
[21:44:29.270065] Reading Zarr/H5 file: fisbe/aug_biapy_small/train/label/VT047848-20171020_66_I5.zarr_seg_r2-k2-c102.zarr
[21:44:29.295076] ### 3D-OV-CROP ###
[21:44:29.295100] Cropping (1, 401, 982, 895) images into (20, 128, 128, 1) with overlapping (axis order: CZYX). . .
[21:44:29.295106] Minimum overlap selected: (0, 0, 0)
[21:44:29.295111] Padding: (0, 0, 0)
[21:44:29.295124] Real overlapping (%): (0.0, 0.046875, 0.0)
[21:44:29.295130] Real overlapping (pixels): (0.0, 6.0, 0.0)
[21:44:29.295134] (21, 7, 8) patches per (z,y,x) axis
[21:44:29.295147] List of volume IDs to be processed by each GPU: [[0, 1, 2, 3, 4, 5, 6, 7, 8, 9, 10, 11, 12, 13, 14, 15, 16, 17, 18, 19, 20]]
[21:44:29.295157] Positions of each volume in Z axis: {0: [0, 20], 1: [20, 40], 2: [40, 60], 3: [60, 80], 4: [80, 100], 5: [100, 120], 6: [120, 140], 7: [140, 160], 8: [160, 180], 9: [180, 200], 10: [200, 220], 11: [220, 240], 12: [240, 260], 13: [260, 280], 14: [280, 300], 15: [300, 320], 16: [320, 340], 17: [340, 360], 18: [360, 380], 19: [380, 400], 20: [400, 401]}
[21:44:29.295162] Rank 0: Total number of patches: 1176 - (21, 7, 8) patches per (z,y,x) axis (per GPU)
[21:45:16.225170] Reading Zarr/H5 file: fisbe/aug_biapy_small/train/label/VT047848-20171020_66_I5.zarr_seg_r2-k2-c120.zarr
[21:45:16.236558] ### 3D-OV-CROP ###
[21:45:16.236582] Cropping (1, 401, 982, 895) images into (20, 128, 128, 1) with overlapping (axis order: CZYX). . .
[21:45:16.236587] Minimum overlap selected: (0, 0, 0)
[21:45:16.236592] Padding: (0, 0, 0)
[21:45:16.236606] Real overlapping (%): (0.0, 0.046875, 0.0)
[21:45:16.236611] Real overlapping (pixels): (0.0, 6.0, 0.0)
[21:45:16.236616] (21, 7, 8) patches per (z,y,x) axis
[21:45:16.236629] List of volume IDs to be processed by each GPU: [[0, 1, 2, 3, 4, 5, 6, 7, 8, 9, 10, 11, 12, 13, 14, 15, 16, 17, 18, 19, 20]]
[21:45:16.236639] Positions of each volume in Z axis: {0: [0, 20], 1: [20, 40], 2: [40, 60], 3: [60, 80], 4: [80, 100], 5: [100, 120], 6: [120, 140], 7: [140, 160], 8: [160, 180], 9: [180, 200], 10: [200, 220], 11: [220, 240], 12: [240, 260], 13: [260, 280], 14: [280, 300], 15: [300, 320], 16: [320, 340], 17: [340, 360], 18: [360, 380], 19: [380, 400], 20: [400, 401]}
[21:45:16.236644] Rank 0: Total number of patches: 1176 - (21, 7, 8) patches per (z,y,x) axis (per GPU)
[21:46:05.743176] Reading Zarr/H5 file: fisbe/aug_biapy_small/train/label/VT047848-20171020_66_I5.zarr_seg_r2-k3-c012.zarr
[21:46:05.756335] ### 3D-OV-CROP ###
[21:46:05.756363] Cropping (1, 401, 895, 982) images into (20, 128, 128, 1) with overlapping (axis order: CZYX). . .
[21:46:05.756369] Minimum overlap selected: (0, 0, 0)
[21:46:05.756374] Padding: (0, 0, 0)
[21:46:05.756388] Real overlapping (%): (0.0, 0.0, 0.046875)
[21:46:05.756393] Real overlapping (pixels): (0.0, 0.0, 6.0)
[21:46:05.756398] (21, 8, 7) patches per (z,y,x) axis
[21:46:05.756411] List of volume IDs to be processed by each GPU: [[0, 1, 2, 3, 4, 5, 6, 7, 8, 9, 10, 11, 12, 13, 14, 15, 16, 17, 18, 19, 20]]
[21:46:05.756420] Positions of each volume in Z axis: {0: [0, 20], 1: [20, 40], 2: [40, 60], 3: [60, 80], 4: [80, 100], 5: [100, 120], 6: [120, 140], 7: [140, 160], 8: [160, 180], 9: [180, 200], 10: [200, 220], 11: [220, 240], 12: [240, 260], 13: [260, 280], 14: [280, 300], 15: [300, 320], 16: [320, 340], 17: [340, 360], 18: [360, 380], 19: [380, 400], 20: [400, 401]}
[21:46:05.756425] Rank 0: Total number of patches: 1176 - (21, 8, 7) patches per (z,y,x) axis (per GPU)
[21:46:56.261329] Reading Zarr/H5 file: fisbe/aug_biapy_small/train/label/VT047848-20171020_66_I5.zarr_seg_r2-k3-c102.zarr
[21:46:56.275654] ### 3D-OV-CROP ###
[21:46:56.275678] Cropping (1, 401, 895, 982) images into (20, 128, 128, 1) with overlapping (axis order: CZYX). . .
[21:46:56.275684] Minimum overlap selected: (0, 0, 0)
[21:46:56.275688] Padding: (0, 0, 0)
[21:46:56.275703] Real overlapping (%): (0.0, 0.0, 0.046875)
[21:46:56.275708] Real overlapping (pixels): (0.0, 0.0, 6.0)
[21:46:56.275712] (21, 8, 7) patches per (z,y,x) axis
[21:46:56.275725] List of volume IDs to be processed by each GPU: [[0, 1, 2, 3, 4, 5, 6, 7, 8, 9, 10, 11, 12, 13, 14, 15, 16, 17, 18, 19, 20]]
[21:46:56.275735] Positions of each volume in Z axis: {0: [0, 20], 1: [20, 40], 2: [40, 60], 3: [60, 80], 4: [80, 100], 5: [100, 120], 6: [120, 140], 7: [140, 160], 8: [160, 180], 9: [180, 200], 10: [200, 220], 11: [220, 240], 12: [240, 260], 13: [260, 280], 14: [280, 300], 15: [300, 320], 16: [320, 340], 17: [340, 360], 18: [360, 380], 19: [380, 400], 20: [400, 401]}
[21:46:56.275740] Rank 0: Total number of patches: 1176 - (21, 8, 7) patches per (z,y,x) axis (per GPU)
[21:47:45.337927] Reading Zarr/H5 file: fisbe/aug_biapy_small/train/label/VT047848-20171020_66_I5.zarr_seg_r2-k3-c201.zarr
[21:47:45.347217] ### 3D-OV-CROP ###
[21:47:45.347241] Cropping (1, 401, 895, 982) images into (20, 128, 128, 1) with overlapping (axis order: CZYX). . .
[21:47:45.347247] Minimum overlap selected: (0, 0, 0)
[21:47:45.347251] Padding: (0, 0, 0)
[21:47:45.347265] Real overlapping (%): (0.0, 0.0, 0.046875)
[21:47:45.347271] Real overlapping (pixels): (0.0, 0.0, 6.0)
[21:47:45.347275] (21, 8, 7) patches per (z,y,x) axis
[21:47:45.347288] List of volume IDs to be processed by each GPU: [[0, 1, 2, 3, 4, 5, 6, 7, 8, 9, 10, 11, 12, 13, 14, 15, 16, 17, 18, 19, 20]]
[21:47:45.347298] Positions of each volume in Z axis: {0: [0, 20], 1: [20, 40], 2: [40, 60], 3: [60, 80], 4: [80, 100], 5: [100, 120], 6: [120, 140], 7: [140, 160], 8: [160, 180], 9: [180, 200], 10: [200, 220], 11: [220, 240], 12: [240, 260], 13: [260, 280], 14: [280, 300], 15: [300, 320], 16: [320, 340], 17: [340, 360], 18: [360, 380], 19: [380, 400], 20: [400, 401]}
[21:47:45.347303] Rank 0: Total number of patches: 1176 - (21, 8, 7) patches per (z,y,x) axis (per GPU)
[21:48:33.909286] Reading Zarr/H5 file: fisbe/aug_biapy_small/train/label/VT047848-20171020_66_J2.zarr_seg_r0-k0-c102.zarr
[21:48:33.931586] ### 3D-OV-CROP ###
[21:48:33.931610] Cropping (1, 404, 934, 911) images into (20, 128, 128, 1) with overlapping (axis order: CZYX). . .
[21:48:33.931616] Minimum overlap selected: (0, 0, 0)
[21:48:33.931620] Padding: (0, 0, 0)
[21:48:33.931634] Real overlapping (%): (0.0, 0.09375, 0.125)
[21:48:33.931640] Real overlapping (pixels): (0.0, 12.0, 16.0)
[21:48:33.931644] (21, 8, 8) patches per (z,y,x) axis
[21:48:33.931657] List of volume IDs to be processed by each GPU: [[0, 1, 2, 3, 4, 5, 6, 7, 8, 9, 10, 11, 12, 13, 14, 15, 16, 17, 18, 19, 20]]
[21:48:33.931667] Positions of each volume in Z axis: {0: [0, 20], 1: [20, 40], 2: [40, 60], 3: [60, 80], 4: [80, 100], 5: [100, 120], 6: [120, 140], 7: [140, 160], 8: [160, 180], 9: [180, 200], 10: [200, 220], 11: [220, 240], 12: [240, 260], 13: [260, 280], 14: [280, 300], 15: [300, 320], 16: [320, 340], 17: [340, 360], 18: [360, 380], 19: [380, 400], 20: [400, 404]}
[21:48:33.931677] Rank 0: Total number of patches: 1344 - (21, 8, 8) patches per (z,y,x) axis (per GPU)
[21:49:28.822661] Reading Zarr/H5 file: fisbe/aug_biapy_small/train/label/VT047848-20171020_66_J2.zarr_seg_r0-k0-c201.zarr
[21:49:28.835990] ### 3D-OV-CROP ###
[21:49:28.836014] Cropping (1, 404, 934, 911) images into (20, 128, 128, 1) with overlapping (axis order: CZYX). . .
[21:49:28.836020] Minimum overlap selected: (0, 0, 0)
[21:49:28.836024] Padding: (0, 0, 0)
[21:49:28.836038] Real overlapping (%): (0.0, 0.09375, 0.125)
[21:49:28.836044] Real overlapping (pixels): (0.0, 12.0, 16.0)
[21:49:28.836048] (21, 8, 8) patches per (z,y,x) axis
[21:49:28.836060] List of volume IDs to be processed by each GPU: [[0, 1, 2, 3, 4, 5, 6, 7, 8, 9, 10, 11, 12, 13, 14, 15, 16, 17, 18, 19, 20]]
[21:49:28.836070] Positions of each volume in Z axis: {0: [0, 20], 1: [20, 40], 2: [40, 60], 3: [60, 80], 4: [80, 100], 5: [100, 120], 6: [120, 140], 7: [140, 160], 8: [160, 180], 9: [180, 200], 10: [200, 220], 11: [220, 240], 12: [240, 260], 13: [260, 280], 14: [280, 300], 15: [300, 320], 16: [320, 340], 17: [340, 360], 18: [360, 380], 19: [380, 400], 20: [400, 404]}
[21:49:28.836075] Rank 0: Total number of patches: 1344 - (21, 8, 8) patches per (z,y,x) axis (per GPU)
[21:50:16.898126] Reading Zarr/H5 file: fisbe/aug_biapy_small/train/label/VT047848-20171020_66_J2.zarr_seg_r0-k0-c210.zarr
[21:50:16.908651] ### 3D-OV-CROP ###
[21:50:16.908675] Cropping (1, 404, 934, 911) images into (20, 128, 128, 1) with overlapping (axis order: CZYX). . .
[21:50:16.908681] Minimum overlap selected: (0, 0, 0)
[21:50:16.908685] Padding: (0, 0, 0)
[21:50:16.908699] Real overlapping (%): (0.0, 0.09375, 0.125)
[21:50:16.908705] Real overlapping (pixels): (0.0, 12.0, 16.0)
[21:50:16.908710] (21, 8, 8) patches per (z,y,x) axis
[21:50:16.908723] List of volume IDs to be processed by each GPU: [[0, 1, 2, 3, 4, 5, 6, 7, 8, 9, 10, 11, 12, 13, 14, 15, 16, 17, 18, 19, 20]]
[21:50:16.908732] Positions of each volume in Z axis: {0: [0, 20], 1: [20, 40], 2: [40, 60], 3: [60, 80], 4: [80, 100], 5: [100, 120], 6: [120, 140], 7: [140, 160], 8: [160, 180], 9: [180, 200], 10: [200, 220], 11: [220, 240], 12: [240, 260], 13: [260, 280], 14: [280, 300], 15: [300, 320], 16: [320, 340], 17: [340, 360], 18: [360, 380], 19: [380, 400], 20: [400, 404]}
[21:50:16.908737] Rank 0: Total number of patches: 1344 - (21, 8, 8) patches per (z,y,x) axis (per GPU)
[21:51:08.451608] Reading Zarr/H5 file: fisbe/aug_biapy_small/train/label/VT047848-20171020_66_J2.zarr_seg_r0-k1-c012.zarr
[21:51:08.471732] ### 3D-OV-CROP ###
[21:51:08.471757] Cropping (1, 934, 404, 911) images into (20, 128, 128, 1) with overlapping (axis order: CZYX). . .
[21:51:08.471763] Minimum overlap selected: (0, 0, 0)
[21:51:08.471768] Padding: (0, 0, 0)
[21:51:08.471782] Real overlapping (%): (0.0, 0.28125, 0.125)
[21:51:08.471787] Real overlapping (pixels): (0.0, 36.0, 16.0)
[21:51:08.471792] (47, 8, 4) patches per (z,y,x) axis
[21:51:08.471813] List of volume IDs to be processed by each GPU: [[0, 1, 2, 3, 4, 5, 6, 7, 8, 9, 10, 11, 12, 13, 14, 15, 16, 17, 18, 19, 20, 21, 22, 23, 24, 25, 26, 27, 28, 29, 30, 31, 32, 33, 34, 35, 36, 37, 38, 39, 40, 41, 42, 43, 44, 45, 46]]
[21:51:08.471832] Positions of each volume in Z axis: {0: [0, 20], 1: [20, 40], 2: [40, 60], 3: [60, 80], 4: [80, 100], 5: [100, 120], 6: [120, 140], 7: [140, 160], 8: [160, 180], 9: [180, 200], 10: [200, 220], 11: [220, 240], 12: [240, 260], 13: [260, 280], 14: [280, 300], 15: [300, 320], 16: [320, 340], 17: [340, 360], 18: [360, 380], 19: [380, 400], 20: [400, 420], 21: [420, 440], 22: [440, 460], 23: [460, 480], 24: [480, 500], 25: [500, 520], 26: [520, 540], 27: [540, 560], 28: [560, 580], 29: [580, 600], 30: [600, 620], 31: [620, 640], 32: [640, 660], 33: [660, 680], 34: [680, 700], 35: [700, 720], 36: [720, 740], 37: [740, 760], 38: [760, 780], 39: [780, 800], 40: [800, 820], 41: [820, 840], 42: [840, 860], 43: [860, 880], 44: [880, 900], 45: [900, 920], 46: [920, 934]}
[21:51:08.471844] Rank 0: Total number of patches: 1504 - (47, 8, 4) patches per (z,y,x) axis (per GPU)
[21:52:08.912070] Reading Zarr/H5 file: fisbe/aug_biapy_small/train/label/VT047848-20171020_66_J2.zarr_seg_r0-k1-c021.zarr
[21:52:08.922482] ### 3D-OV-CROP ###
[21:52:08.922515] Cropping (1, 934, 404, 911) images into (20, 128, 128, 1) with overlapping (axis order: CZYX). . .
[21:52:08.922521] Minimum overlap selected: (0, 0, 0)
[21:52:08.922525] Padding: (0, 0, 0)
[21:52:08.922540] Real overlapping (%): (0.0, 0.28125, 0.125)
[21:52:08.922545] Real overlapping (pixels): (0.0, 36.0, 16.0)
[21:52:08.922550] (47, 8, 4) patches per (z,y,x) axis
[21:52:08.922569] List of volume IDs to be processed by each GPU: [[0, 1, 2, 3, 4, 5, 6, 7, 8, 9, 10, 11, 12, 13, 14, 15, 16, 17, 18, 19, 20, 21, 22, 23, 24, 25, 26, 27, 28, 29, 30, 31, 32, 33, 34, 35, 36, 37, 38, 39, 40, 41, 42, 43, 44, 45, 46]]
[21:52:08.922585] Positions of each volume in Z axis: {0: [0, 20], 1: [20, 40], 2: [40, 60], 3: [60, 80], 4: [80, 100], 5: [100, 120], 6: [120, 140], 7: [140, 160], 8: [160, 180], 9: [180, 200], 10: [200, 220], 11: [220, 240], 12: [240, 260], 13: [260, 280], 14: [280, 300], 15: [300, 320], 16: [320, 340], 17: [340, 360], 18: [360, 380], 19: [380, 400], 20: [400, 420], 21: [420, 440], 22: [440, 460], 23: [460, 480], 24: [480, 500], 25: [500, 520], 26: [520, 540], 27: [540, 560], 28: [560, 580], 29: [580, 600], 30: [600, 620], 31: [620, 640], 32: [640, 660], 33: [660, 680], 34: [680, 700], 35: [700, 720], 36: [720, 740], 37: [740, 760], 38: [760, 780], 39: [780, 800], 40: [800, 820], 41: [820, 840], 42: [840, 860], 43: [860, 880], 44: [880, 900], 45: [900, 920], 46: [920, 934]}
[21:52:08.922591] Rank 0: Total number of patches: 1504 - (47, 8, 4) patches per (z,y,x) axis (per GPU)
[21:53:13.842325] Reading Zarr/H5 file: fisbe/aug_biapy_small/train/label/VT047848-20171020_66_J2.zarr_seg_r0-k1-c210.zarr
[21:53:13.870743] ### 3D-OV-CROP ###
[21:53:13.870767] Cropping (1, 934, 404, 911) images into (20, 128, 128, 1) with overlapping (axis order: CZYX). . .
[21:53:13.870773] Minimum overlap selected: (0, 0, 0)
[21:53:13.870777] Padding: (0, 0, 0)
[21:53:13.870792] Real overlapping (%): (0.0, 0.28125, 0.125)
[21:53:13.870797] Real overlapping (pixels): (0.0, 36.0, 16.0)
[21:53:13.870802] (47, 8, 4) patches per (z,y,x) axis
[21:53:13.870820] List of volume IDs to be processed by each GPU: [[0, 1, 2, 3, 4, 5, 6, 7, 8, 9, 10, 11, 12, 13, 14, 15, 16, 17, 18, 19, 20, 21, 22, 23, 24, 25, 26, 27, 28, 29, 30, 31, 32, 33, 34, 35, 36, 37, 38, 39, 40, 41, 42, 43, 44, 45, 46]]
[21:53:13.870835] Positions of each volume in Z axis: {0: [0, 20], 1: [20, 40], 2: [40, 60], 3: [60, 80], 4: [80, 100], 5: [100, 120], 6: [120, 140], 7: [140, 160], 8: [160, 180], 9: [180, 200], 10: [200, 220], 11: [220, 240], 12: [240, 260], 13: [260, 280], 14: [280, 300], 15: [300, 320], 16: [320, 340], 17: [340, 360], 18: [360, 380], 19: [380, 400], 20: [400, 420], 21: [420, 440], 22: [440, 460], 23: [460, 480], 24: [480, 500], 25: [500, 520], 26: [520, 540], 27: [540, 560], 28: [560, 580], 29: [580, 600], 30: [600, 620], 31: [620, 640], 32: [640, 660], 33: [660, 680], 34: [680, 700], 35: [700, 720], 36: [720, 740], 37: [740, 760], 38: [760, 780], 39: [780, 800], 40: [800, 820], 41: [820, 840], 42: [840, 860], 43: [860, 880], 44: [880, 900], 45: [900, 920], 46: [920, 934]}
[21:53:13.870840] Rank 0: Total number of patches: 1504 - (47, 8, 4) patches per (z,y,x) axis (per GPU)
[21:55:08.882605] Reading Zarr/H5 file: fisbe/aug_biapy_small/train/label/VT047848-20171020_66_J2.zarr_seg_r0-k3-c012.zarr
[21:55:08.896201] ### 3D-OV-CROP ###
[21:55:08.896225] Cropping (1, 404, 934, 911) images into (20, 128, 128, 1) with overlapping (axis order: CZYX). . .
[21:55:08.896231] Minimum overlap selected: (0, 0, 0)
[21:55:08.896235] Padding: (0, 0, 0)
[21:55:08.896249] Real overlapping (%): (0.0, 0.09375, 0.125)
[21:55:08.896259] Real overlapping (pixels): (0.0, 12.0, 16.0)
[21:55:08.896264] (21, 8, 8) patches per (z,y,x) axis
[21:55:08.896277] List of volume IDs to be processed by each GPU: [[0, 1, 2, 3, 4, 5, 6, 7, 8, 9, 10, 11, 12, 13, 14, 15, 16, 17, 18, 19, 20]]
[21:55:08.896286] Positions of each volume in Z axis: {0: [0, 20], 1: [20, 40], 2: [40, 60], 3: [60, 80], 4: [80, 100], 5: [100, 120], 6: [120, 140], 7: [140, 160], 8: [160, 180], 9: [180, 200], 10: [200, 220], 11: [220, 240], 12: [240, 260], 13: [260, 280], 14: [280, 300], 15: [300, 320], 16: [320, 340], 17: [340, 360], 18: [360, 380], 19: [380, 400], 20: [400, 404]}
[21:55:08.896292] Rank 0: Total number of patches: 1344 - (21, 8, 8) patches per (z,y,x) axis (per GPU)
[21:55:58.251500] Reading Zarr/H5 file: fisbe/aug_biapy_small/train/label/VT047848-20171020_66_J2.zarr_seg_r0-k3-c021.zarr
[21:55:58.263020] ### 3D-OV-CROP ###
[21:55:58.263044] Cropping (1, 404, 934, 911) images into (20, 128, 128, 1) with overlapping (axis order: CZYX). . .
[21:55:58.263050] Minimum overlap selected: (0, 0, 0)
[21:55:58.263054] Padding: (0, 0, 0)
[21:55:58.263068] Real overlapping (%): (0.0, 0.09375, 0.125)
[21:55:58.263074] Real overlapping (pixels): (0.0, 12.0, 16.0)
[21:55:58.263078] (21, 8, 8) patches per (z,y,x) axis
[21:55:58.263091] List of volume IDs to be processed by each GPU: [[0, 1, 2, 3, 4, 5, 6, 7, 8, 9, 10, 11, 12, 13, 14, 15, 16, 17, 18, 19, 20]]
[21:55:58.263101] Positions of each volume in Z axis: {0: [0, 20], 1: [20, 40], 2: [40, 60], 3: [60, 80], 4: [80, 100], 5: [100, 120], 6: [120, 140], 7: [140, 160], 8: [160, 180], 9: [180, 200], 10: [200, 220], 11: [220, 240], 12: [240, 260], 13: [260, 280], 14: [280, 300], 15: [300, 320], 16: [320, 340], 17: [340, 360], 18: [360, 380], 19: [380, 400], 20: [400, 404]}
[21:55:58.263107] Rank 0: Total number of patches: 1344 - (21, 8, 8) patches per (z,y,x) axis (per GPU)
[21:56:47.456884] Reading Zarr/H5 file: fisbe/aug_biapy_small/train/label/VT047848-20171020_66_J2.zarr_seg_r0-k3-c210.zarr
[21:56:47.470962] ### 3D-OV-CROP ###
[21:56:47.470975] Cropping (1, 404, 934, 911) images into (20, 128, 128, 1) with overlapping (axis order: CZYX). . .
[21:56:47.470980] Minimum overlap selected: (0, 0, 0)
[21:56:47.470985] Padding: (0, 0, 0)
[21:56:47.470997] Real overlapping (%): (0.0, 0.09375, 0.125)
[21:56:47.471003] Real overlapping (pixels): (0.0, 12.0, 16.0)
[21:56:47.471007] (21, 8, 8) patches per (z,y,x) axis
[21:56:47.471020] List of volume IDs to be processed by each GPU: [[0, 1, 2, 3, 4, 5, 6, 7, 8, 9, 10, 11, 12, 13, 14, 15, 16, 17, 18, 19, 20]]
[21:56:47.471029] Positions of each volume in Z axis: {0: [0, 20], 1: [20, 40], 2: [40, 60], 3: [60, 80], 4: [80, 100], 5: [100, 120], 6: [120, 140], 7: [140, 160], 8: [160, 180], 9: [180, 200], 10: [200, 220], 11: [220, 240], 12: [240, 260], 13: [260, 280], 14: [280, 300], 15: [300, 320], 16: [320, 340], 17: [340, 360], 18: [360, 380], 19: [380, 400], 20: [400, 404]}
[21:56:47.471035] Rank 0: Total number of patches: 1344 - (21, 8, 8) patches per (z,y,x) axis (per GPU)
[21:57:39.398136] Reading Zarr/H5 file: fisbe/aug_biapy_small/train/label/VT047848-20171020_66_J2.zarr_seg_r1-k0-c021.zarr
[21:57:39.410702] ### 3D-OV-CROP ###
[21:57:39.410727] Cropping (1, 404, 934, 911) images into (20, 128, 128, 1) with overlapping (axis order: CZYX). . .
[21:57:39.410733] Minimum overlap selected: (0, 0, 0)
[21:57:39.410737] Padding: (0, 0, 0)
[21:57:39.410752] Real overlapping (%): (0.0, 0.09375, 0.125)
[21:57:39.410757] Real overlapping (pixels): (0.0, 12.0, 16.0)
[21:57:39.410762] (21, 8, 8) patches per (z,y,x) axis
[21:57:39.410774] List of volume IDs to be processed by each GPU: [[0, 1, 2, 3, 4, 5, 6, 7, 8, 9, 10, 11, 12, 13, 14, 15, 16, 17, 18, 19, 20]]
[21:57:39.410784] Positions of each volume in Z axis: {0: [0, 20], 1: [20, 40], 2: [40, 60], 3: [60, 80], 4: [80, 100], 5: [100, 120], 6: [120, 140], 7: [140, 160], 8: [160, 180], 9: [180, 200], 10: [200, 220], 11: [220, 240], 12: [240, 260], 13: [260, 280], 14: [280, 300], 15: [300, 320], 16: [320, 340], 17: [340, 360], 18: [360, 380], 19: [380, 400], 20: [400, 404]}
[21:57:39.410794] Rank 0: Total number of patches: 1344 - (21, 8, 8) patches per (z,y,x) axis (per GPU)
[21:58:29.489383] Reading Zarr/H5 file: fisbe/aug_biapy_small/train/label/VT047848-20171020_66_J2.zarr_seg_r1-k0-c102.zarr
[21:58:29.502465] ### 3D-OV-CROP ###
[21:58:29.502496] Cropping (1, 404, 934, 911) images into (20, 128, 128, 1) with overlapping (axis order: CZYX). . .
[21:58:29.502502] Minimum overlap selected: (0, 0, 0)
[21:58:29.502506] Padding: (0, 0, 0)
[21:58:29.502521] Real overlapping (%): (0.0, 0.09375, 0.125)
[21:58:29.502526] Real overlapping (pixels): (0.0, 12.0, 16.0)
[21:58:29.502531] (21, 8, 8) patches per (z,y,x) axis
[21:58:29.502545] List of volume IDs to be processed by each GPU: [[0, 1, 2, 3, 4, 5, 6, 7, 8, 9, 10, 11, 12, 13, 14, 15, 16, 17, 18, 19, 20]]
[21:58:29.502554] Positions of each volume in Z axis: {0: [0, 20], 1: [20, 40], 2: [40, 60], 3: [60, 80], 4: [80, 100], 5: [100, 120], 6: [120, 140], 7: [140, 160], 8: [160, 180], 9: [180, 200], 10: [200, 220], 11: [220, 240], 12: [240, 260], 13: [260, 280], 14: [280, 300], 15: [300, 320], 16: [320, 340], 17: [340, 360], 18: [360, 380], 19: [380, 400], 20: [400, 404]}
[21:58:29.502559] Rank 0: Total number of patches: 1344 - (21, 8, 8) patches per (z,y,x) axis (per GPU)
[21:59:18.018705] Reading Zarr/H5 file: fisbe/aug_biapy_small/train/label/VT047848-20171020_66_J2.zarr_seg_r1-k0-c210.zarr
[21:59:18.027125] ### 3D-OV-CROP ###
[21:59:18.027149] Cropping (1, 404, 934, 911) images into (20, 128, 128, 1) with overlapping (axis order: CZYX). . .
[21:59:18.027155] Minimum overlap selected: (0, 0, 0)
[21:59:18.027159] Padding: (0, 0, 0)
[21:59:18.027174] Real overlapping (%): (0.0, 0.09375, 0.125)
[21:59:18.027179] Real overlapping (pixels): (0.0, 12.0, 16.0)
[21:59:18.027183] (21, 8, 8) patches per (z,y,x) axis
[21:59:18.027197] List of volume IDs to be processed by each GPU: [[0, 1, 2, 3, 4, 5, 6, 7, 8, 9, 10, 11, 12, 13, 14, 15, 16, 17, 18, 19, 20]]
[21:59:18.027206] Positions of each volume in Z axis: {0: [0, 20], 1: [20, 40], 2: [40, 60], 3: [60, 80], 4: [80, 100], 5: [100, 120], 6: [120, 140], 7: [140, 160], 8: [160, 180], 9: [180, 200], 10: [200, 220], 11: [220, 240], 12: [240, 260], 13: [260, 280], 14: [280, 300], 15: [300, 320], 16: [320, 340], 17: [340, 360], 18: [360, 380], 19: [380, 400], 20: [400, 404]}
[21:59:18.027212] Rank 0: Total number of patches: 1344 - (21, 8, 8) patches per (z,y,x) axis (per GPU)
[22:00:08.505307] Reading Zarr/H5 file: fisbe/aug_biapy_small/train/label/VT047848-20171020_66_J2.zarr_seg_r1-k1-c021.zarr
[22:00:08.518228] ### 3D-OV-CROP ###
[22:00:08.518251] Cropping (1, 911, 934, 404) images into (20, 128, 128, 1) with overlapping (axis order: CZYX). . .
[22:00:08.518257] Minimum overlap selected: (0, 0, 0)
[22:00:08.518261] Padding: (0, 0, 0)
[22:00:08.518275] Real overlapping (%): (0.0, 0.09375, 0.28125)
[22:00:08.518281] Real overlapping (pixels): (0.0, 12.0, 36.0)
[22:00:08.518285] (46, 4, 8) patches per (z,y,x) axis
[22:00:08.518306] List of volume IDs to be processed by each GPU: [[0, 1, 2, 3, 4, 5, 6, 7, 8, 9, 10, 11, 12, 13, 14, 15, 16, 17, 18, 19, 20, 21, 22, 23, 24, 25, 26, 27, 28, 29, 30, 31, 32, 33, 34, 35, 36, 37, 38, 39, 40, 41, 42, 43, 44, 45]]
[22:00:08.518322] Positions of each volume in Z axis: {0: [0, 20], 1: [20, 40], 2: [40, 60], 3: [60, 80], 4: [80, 100], 5: [100, 120], 6: [120, 140], 7: [140, 160], 8: [160, 180], 9: [180, 200], 10: [200, 220], 11: [220, 240], 12: [240, 260], 13: [260, 280], 14: [280, 300], 15: [300, 320], 16: [320, 340], 17: [340, 360], 18: [360, 380], 19: [380, 400], 20: [400, 420], 21: [420, 440], 22: [440, 460], 23: [460, 480], 24: [480, 500], 25: [500, 520], 26: [520, 540], 27: [540, 560], 28: [560, 580], 29: [580, 600], 30: [600, 620], 31: [620, 640], 32: [640, 660], 33: [660, 680], 34: [680, 700], 35: [700, 720], 36: [720, 740], 37: [740, 760], 38: [760, 780], 39: [780, 800], 40: [800, 820], 41: [820, 840], 42: [840, 860], 43: [860, 880], 44: [880, 900], 45: [900, 911]}
[22:00:08.518327] Rank 0: Total number of patches: 1472 - (46, 4, 8) patches per (z,y,x) axis (per GPU)
[22:01:13.337629] Reading Zarr/H5 file: fisbe/aug_biapy_small/train/label/VT047848-20171020_66_J2.zarr_seg_r1-k1-c102.zarr
[22:01:13.347317] ### 3D-OV-CROP ###
[22:01:13.347347] Cropping (1, 911, 934, 404) images into (20, 128, 128, 1) with overlapping (axis order: CZYX). . .
[22:01:13.347353] Minimum overlap selected: (0, 0, 0)
[22:01:13.347357] Padding: (0, 0, 0)
[22:01:13.347371] Real overlapping (%): (0.0, 0.09375, 0.28125)
[22:01:13.347377] Real overlapping (pixels): (0.0, 12.0, 36.0)
[22:01:13.347381] (46, 4, 8) patches per (z,y,x) axis
[22:01:13.347400] List of volume IDs to be processed by each GPU: [[0, 1, 2, 3, 4, 5, 6, 7, 8, 9, 10, 11, 12, 13, 14, 15, 16, 17, 18, 19, 20, 21, 22, 23, 24, 25, 26, 27, 28, 29, 30, 31, 32, 33, 34, 35, 36, 37, 38, 39, 40, 41, 42, 43, 44, 45]]
[22:01:13.347414] Positions of each volume in Z axis: {0: [0, 20], 1: [20, 40], 2: [40, 60], 3: [60, 80], 4: [80, 100], 5: [100, 120], 6: [120, 140], 7: [140, 160], 8: [160, 180], 9: [180, 200], 10: [200, 220], 11: [220, 240], 12: [240, 260], 13: [260, 280], 14: [280, 300], 15: [300, 320], 16: [320, 340], 17: [340, 360], 18: [360, 380], 19: [380, 400], 20: [400, 420], 21: [420, 440], 22: [440, 460], 23: [460, 480], 24: [480, 500], 25: [500, 520], 26: [520, 540], 27: [540, 560], 28: [560, 580], 29: [580, 600], 30: [600, 620], 31: [620, 640], 32: [640, 660], 33: [660, 680], 34: [680, 700], 35: [700, 720], 36: [720, 740], 37: [740, 760], 38: [760, 780], 39: [780, 800], 40: [800, 820], 41: [820, 840], 42: [840, 860], 43: [860, 880], 44: [880, 900], 45: [900, 911]}
[22:01:13.347420] Rank 0: Total number of patches: 1472 - (46, 4, 8) patches per (z,y,x) axis (per GPU)
[22:02:22.122395] Reading Zarr/H5 file: fisbe/aug_biapy_small/train/label/VT047848-20171020_66_J2.zarr_seg_r1-k1-c210.zarr
[22:02:22.132591] ### 3D-OV-CROP ###
[22:02:22.132617] Cropping (1, 911, 934, 404) images into (20, 128, 128, 1) with overlapping (axis order: CZYX). . .
[22:02:22.132623] Minimum overlap selected: (0, 0, 0)
[22:02:22.132627] Padding: (0, 0, 0)
[22:02:22.132641] Real overlapping (%): (0.0, 0.09375, 0.28125)
[22:02:22.132647] Real overlapping (pixels): (0.0, 12.0, 36.0)
[22:02:22.132651] (46, 4, 8) patches per (z,y,x) axis
[22:02:22.132669] List of volume IDs to be processed by each GPU: [[0, 1, 2, 3, 4, 5, 6, 7, 8, 9, 10, 11, 12, 13, 14, 15, 16, 17, 18, 19, 20, 21, 22, 23, 24, 25, 26, 27, 28, 29, 30, 31, 32, 33, 34, 35, 36, 37, 38, 39, 40, 41, 42, 43, 44, 45]]
[22:02:22.132683] Positions of each volume in Z axis: {0: [0, 20], 1: [20, 40], 2: [40, 60], 3: [60, 80], 4: [80, 100], 5: [100, 120], 6: [120, 140], 7: [140, 160], 8: [160, 180], 9: [180, 200], 10: [200, 220], 11: [220, 240], 12: [240, 260], 13: [260, 280], 14: [280, 300], 15: [300, 320], 16: [320, 340], 17: [340, 360], 18: [360, 380], 19: [380, 400], 20: [400, 420], 21: [420, 440], 22: [440, 460], 23: [460, 480], 24: [480, 500], 25: [500, 520], 26: [520, 540], 27: [540, 560], 28: [560, 580], 29: [580, 600], 30: [600, 620], 31: [620, 640], 32: [640, 660], 33: [660, 680], 34: [680, 700], 35: [700, 720], 36: [720, 740], 37: [740, 760], 38: [760, 780], 39: [780, 800], 40: [800, 820], 41: [820, 840], 42: [840, 860], 43: [860, 880], 44: [880, 900], 45: [900, 911]}
[22:02:22.132689] Rank 0: Total number of patches: 1472 - (46, 4, 8) patches per (z,y,x) axis (per GPU)
[22:03:24.900707] Reading Zarr/H5 file: fisbe/aug_biapy_small/train/label/VT047848-20171020_66_J2.zarr_seg_r1-k3-c102.zarr
[22:03:24.910444] ### 3D-OV-CROP ###
[22:03:24.910469] Cropping (1, 404, 934, 911) images into (20, 128, 128, 1) with overlapping (axis order: CZYX). . .
[22:03:24.910475] Minimum overlap selected: (0, 0, 0)
[22:03:24.910480] Padding: (0, 0, 0)
[22:03:24.910502] Real overlapping (%): (0.0, 0.09375, 0.125)
[22:03:24.910507] Real overlapping (pixels): (0.0, 12.0, 16.0)
[22:03:24.910512] (21, 8, 8) patches per (z,y,x) axis
[22:03:24.910526] List of volume IDs to be processed by each GPU: [[0, 1, 2, 3, 4, 5, 6, 7, 8, 9, 10, 11, 12, 13, 14, 15, 16, 17, 18, 19, 20]]
[22:03:24.910540] Positions of each volume in Z axis: {0: [0, 20], 1: [20, 40], 2: [40, 60], 3: [60, 80], 4: [80, 100], 5: [100, 120], 6: [120, 140], 7: [140, 160], 8: [160, 180], 9: [180, 200], 10: [200, 220], 11: [220, 240], 12: [240, 260], 13: [260, 280], 14: [280, 300], 15: [300, 320], 16: [320, 340], 17: [340, 360], 18: [360, 380], 19: [380, 400], 20: [400, 404]}
[22:03:24.910545] Rank 0: Total number of patches: 1344 - (21, 8, 8) patches per (z,y,x) axis (per GPU)
[22:04:10.118332] Reading Zarr/H5 file: fisbe/aug_biapy_small/train/label/VT047848-20171020_66_J2.zarr_seg_r1-k3-c201.zarr
[22:04:10.133054] ### 3D-OV-CROP ###
[22:04:10.133079] Cropping (1, 404, 934, 911) images into (20, 128, 128, 1) with overlapping (axis order: CZYX). . .
[22:04:10.133085] Minimum overlap selected: (0, 0, 0)
[22:04:10.133089] Padding: (0, 0, 0)
[22:04:10.133103] Real overlapping (%): (0.0, 0.09375, 0.125)
[22:04:10.133109] Real overlapping (pixels): (0.0, 12.0, 16.0)
[22:04:10.133113] (21, 8, 8) patches per (z,y,x) axis
[22:04:10.133126] List of volume IDs to be processed by each GPU: [[0, 1, 2, 3, 4, 5, 6, 7, 8, 9, 10, 11, 12, 13, 14, 15, 16, 17, 18, 19, 20]]
[22:04:10.133136] Positions of each volume in Z axis: {0: [0, 20], 1: [20, 40], 2: [40, 60], 3: [60, 80], 4: [80, 100], 5: [100, 120], 6: [120, 140], 7: [140, 160], 8: [160, 180], 9: [180, 200], 10: [200, 220], 11: [220, 240], 12: [240, 260], 13: [260, 280], 14: [280, 300], 15: [300, 320], 16: [320, 340], 17: [340, 360], 18: [360, 380], 19: [380, 400], 20: [400, 404]}
[22:04:10.133141] Rank 0: Total number of patches: 1344 - (21, 8, 8) patches per (z,y,x) axis (per GPU)
[22:04:54.866479] Reading Zarr/H5 file: fisbe/aug_biapy_small/train/label/VT047848-20171020_66_J2.zarr_seg_r1-k3-c210.zarr
[22:04:54.879632] ### 3D-OV-CROP ###
[22:04:54.879657] Cropping (1, 404, 934, 911) images into (20, 128, 128, 1) with overlapping (axis order: CZYX). . .
[22:04:54.879663] Minimum overlap selected: (0, 0, 0)
[22:04:54.879667] Padding: (0, 0, 0)
[22:04:54.879682] Real overlapping (%): (0.0, 0.09375, 0.125)
[22:04:54.879687] Real overlapping (pixels): (0.0, 12.0, 16.0)
[22:04:54.879692] (21, 8, 8) patches per (z,y,x) axis
[22:04:54.879705] List of volume IDs to be processed by each GPU: [[0, 1, 2, 3, 4, 5, 6, 7, 8, 9, 10, 11, 12, 13, 14, 15, 16, 17, 18, 19, 20]]
[22:04:54.879715] Positions of each volume in Z axis: {0: [0, 20], 1: [20, 40], 2: [40, 60], 3: [60, 80], 4: [80, 100], 5: [100, 120], 6: [120, 140], 7: [140, 160], 8: [160, 180], 9: [180, 200], 10: [200, 220], 11: [220, 240], 12: [240, 260], 13: [260, 280], 14: [280, 300], 15: [300, 320], 16: [320, 340], 17: [340, 360], 18: [360, 380], 19: [380, 400], 20: [400, 404]}
[22:04:54.879720] Rank 0: Total number of patches: 1344 - (21, 8, 8) patches per (z,y,x) axis (per GPU)
[22:05:38.088215] Reading Zarr/H5 file: fisbe/aug_biapy_small/train/label/VT047848-20171020_66_J2.zarr_seg_r2-k0-c012.zarr
[22:05:38.098957] ### 3D-OV-CROP ###
[22:05:38.098982] Cropping (1, 404, 934, 911) images into (20, 128, 128, 1) with overlapping (axis order: CZYX). . .
[22:05:38.098988] Minimum overlap selected: (0, 0, 0)
[22:05:38.098992] Padding: (0, 0, 0)
[22:05:38.099007] Real overlapping (%): (0.0, 0.09375, 0.125)
[22:05:38.099013] Real overlapping (pixels): (0.0, 12.0, 16.0)
[22:05:38.099017] (21, 8, 8) patches per (z,y,x) axis
[22:05:38.099031] List of volume IDs to be processed by each GPU: [[0, 1, 2, 3, 4, 5, 6, 7, 8, 9, 10, 11, 12, 13, 14, 15, 16, 17, 18, 19, 20]]
[22:05:38.099040] Positions of each volume in Z axis: {0: [0, 20], 1: [20, 40], 2: [40, 60], 3: [60, 80], 4: [80, 100], 5: [100, 120], 6: [120, 140], 7: [140, 160], 8: [160, 180], 9: [180, 200], 10: [200, 220], 11: [220, 240], 12: [240, 260], 13: [260, 280], 14: [280, 300], 15: [300, 320], 16: [320, 340], 17: [340, 360], 18: [360, 380], 19: [380, 400], 20: [400, 404]}
[22:05:38.099046] Rank 0: Total number of patches: 1344 - (21, 8, 8) patches per (z,y,x) axis (per GPU)
[22:06:22.644257] Reading Zarr/H5 file: fisbe/aug_biapy_small/train/label/VT047848-20171020_66_J2.zarr_seg_r2-k0-c201.zarr
[22:06:22.654204] ### 3D-OV-CROP ###
[22:06:22.654228] Cropping (1, 404, 934, 911) images into (20, 128, 128, 1) with overlapping (axis order: CZYX). . .
[22:06:22.654234] Minimum overlap selected: (0, 0, 0)
[22:06:22.654239] Padding: (0, 0, 0)
[22:06:22.654253] Real overlapping (%): (0.0, 0.09375, 0.125)
[22:06:22.654258] Real overlapping (pixels): (0.0, 12.0, 16.0)
[22:06:22.654263] (21, 8, 8) patches per (z,y,x) axis
[22:06:22.654276] List of volume IDs to be processed by each GPU: [[0, 1, 2, 3, 4, 5, 6, 7, 8, 9, 10, 11, 12, 13, 14, 15, 16, 17, 18, 19, 20]]
[22:06:22.654285] Positions of each volume in Z axis: {0: [0, 20], 1: [20, 40], 2: [40, 60], 3: [60, 80], 4: [80, 100], 5: [100, 120], 6: [120, 140], 7: [140, 160], 8: [160, 180], 9: [180, 200], 10: [200, 220], 11: [220, 240], 12: [240, 260], 13: [260, 280], 14: [280, 300], 15: [300, 320], 16: [320, 340], 17: [340, 360], 18: [360, 380], 19: [380, 400], 20: [400, 404]}
[22:06:22.654291] Rank 0: Total number of patches: 1344 - (21, 8, 8) patches per (z,y,x) axis (per GPU)
[22:07:05.569674] Reading Zarr/H5 file: fisbe/aug_biapy_small/train/label/VT047848-20171020_66_J2.zarr_seg_r2-k0-c210.zarr
[22:07:05.579918] ### 3D-OV-CROP ###
[22:07:05.579943] Cropping (1, 404, 934, 911) images into (20, 128, 128, 1) with overlapping (axis order: CZYX). . .
[22:07:05.579948] Minimum overlap selected: (0, 0, 0)
[22:07:05.579953] Padding: (0, 0, 0)
[22:07:05.579967] Real overlapping (%): (0.0, 0.09375, 0.125)
[22:07:05.579972] Real overlapping (pixels): (0.0, 12.0, 16.0)
[22:07:05.579977] (21, 8, 8) patches per (z,y,x) axis
[22:07:05.579990] List of volume IDs to be processed by each GPU: [[0, 1, 2, 3, 4, 5, 6, 7, 8, 9, 10, 11, 12, 13, 14, 15, 16, 17, 18, 19, 20]]
[22:07:05.580000] Positions of each volume in Z axis: {0: [0, 20], 1: [20, 40], 2: [40, 60], 3: [60, 80], 4: [80, 100], 5: [100, 120], 6: [120, 140], 7: [140, 160], 8: [160, 180], 9: [180, 200], 10: [200, 220], 11: [220, 240], 12: [240, 260], 13: [260, 280], 14: [280, 300], 15: [300, 320], 16: [320, 340], 17: [340, 360], 18: [360, 380], 19: [380, 400], 20: [400, 404]}
[22:07:05.580005] Rank 0: Total number of patches: 1344 - (21, 8, 8) patches per (z,y,x) axis (per GPU)
[22:07:48.588650] Reading Zarr/H5 file: fisbe/aug_biapy_small/train/label/VT047848-20171020_66_J2.zarr_seg_r2-k1-c012.zarr
[22:07:48.599059] ### 3D-OV-CROP ###
[22:07:48.599083] Cropping (1, 404, 911, 934) images into (20, 128, 128, 1) with overlapping (axis order: CZYX). . .
[22:07:48.599088] Minimum overlap selected: (0, 0, 0)
[22:07:48.599093] Padding: (0, 0, 0)
[22:07:48.599107] Real overlapping (%): (0.0, 0.125, 0.09375)
[22:07:48.599113] Real overlapping (pixels): (0.0, 16.0, 12.0)
[22:07:48.599117] (21, 8, 8) patches per (z,y,x) axis
[22:07:48.599130] List of volume IDs to be processed by each GPU: [[0, 1, 2, 3, 4, 5, 6, 7, 8, 9, 10, 11, 12, 13, 14, 15, 16, 17, 18, 19, 20]]
[22:07:48.599140] Positions of each volume in Z axis: {0: [0, 20], 1: [20, 40], 2: [40, 60], 3: [60, 80], 4: [80, 100], 5: [100, 120], 6: [120, 140], 7: [140, 160], 8: [160, 180], 9: [180, 200], 10: [200, 220], 11: [220, 240], 12: [240, 260], 13: [260, 280], 14: [280, 300], 15: [300, 320], 16: [320, 340], 17: [340, 360], 18: [360, 380], 19: [380, 400], 20: [400, 404]}
[22:07:48.599145] Rank 0: Total number of patches: 1344 - (21, 8, 8) patches per (z,y,x) axis (per GPU)
[22:08:33.246565] Reading Zarr/H5 file: fisbe/aug_biapy_small/train/label/VT047848-20171020_66_J2.zarr_seg_r2-k1-c021.zarr
[22:08:33.256905] ### 3D-OV-CROP ###
[22:08:33.256930] Cropping (1, 404, 911, 934) images into (20, 128, 128, 1) with overlapping (axis order: CZYX). . .
[22:08:33.256936] Minimum overlap selected: (0, 0, 0)
[22:08:33.256940] Padding: (0, 0, 0)
[22:08:33.256954] Real overlapping (%): (0.0, 0.125, 0.09375)
[22:08:33.256960] Real overlapping (pixels): (0.0, 16.0, 12.0)
[22:08:33.256964] (21, 8, 8) patches per (z,y,x) axis
[22:08:33.256977] List of volume IDs to be processed by each GPU: [[0, 1, 2, 3, 4, 5, 6, 7, 8, 9, 10, 11, 12, 13, 14, 15, 16, 17, 18, 19, 20]]
[22:08:33.256987] Positions of each volume in Z axis: {0: [0, 20], 1: [20, 40], 2: [40, 60], 3: [60, 80], 4: [80, 100], 5: [100, 120], 6: [120, 140], 7: [140, 160], 8: [160, 180], 9: [180, 200], 10: [200, 220], 11: [220, 240], 12: [240, 260], 13: [260, 280], 14: [280, 300], 15: [300, 320], 16: [320, 340], 17: [340, 360], 18: [360, 380], 19: [380, 400], 20: [400, 404]}
[22:08:33.256997] Rank 0: Total number of patches: 1344 - (21, 8, 8) patches per (z,y,x) axis (per GPU)
[22:09:17.434733] Reading Zarr/H5 file: fisbe/aug_biapy_small/train/label/VT047848-20171020_66_J2.zarr_seg_r2-k1-c201.zarr
[22:09:17.446704] ### 3D-OV-CROP ###
[22:09:17.446718] Cropping (1, 404, 911, 934) images into (20, 128, 128, 1) with overlapping (axis order: CZYX). . .
[22:09:17.446723] Minimum overlap selected: (0, 0, 0)
[22:09:17.446728] Padding: (0, 0, 0)
[22:09:17.446740] Real overlapping (%): (0.0, 0.125, 0.09375)
[22:09:17.446746] Real overlapping (pixels): (0.0, 16.0, 12.0)
[22:09:17.446750] (21, 8, 8) patches per (z,y,x) axis
[22:09:17.446762] List of volume IDs to be processed by each GPU: [[0, 1, 2, 3, 4, 5, 6, 7, 8, 9, 10, 11, 12, 13, 14, 15, 16, 17, 18, 19, 20]]
[22:09:17.446772] Positions of each volume in Z axis: {0: [0, 20], 1: [20, 40], 2: [40, 60], 3: [60, 80], 4: [80, 100], 5: [100, 120], 6: [120, 140], 7: [140, 160], 8: [160, 180], 9: [180, 200], 10: [200, 220], 11: [220, 240], 12: [240, 260], 13: [260, 280], 14: [280, 300], 15: [300, 320], 16: [320, 340], 17: [340, 360], 18: [360, 380], 19: [380, 400], 20: [400, 404]}
[22:09:17.446778] Rank 0: Total number of patches: 1344 - (21, 8, 8) patches per (z,y,x) axis (per GPU)
[22:10:00.029680] Reading Zarr/H5 file: fisbe/aug_biapy_small/train/label/VT047848-20171020_66_J2.zarr_seg_r2-k3-c012.zarr
[22:10:00.042013] ### 3D-OV-CROP ###
[22:10:00.042038] Cropping (1, 404, 934, 911) images into (20, 128, 128, 1) with overlapping (axis order: CZYX). . .
[22:10:00.042044] Minimum overlap selected: (0, 0, 0)
[22:10:00.042048] Padding: (0, 0, 0)
[22:10:00.042062] Real overlapping (%): (0.0, 0.09375, 0.125)
[22:10:00.042068] Real overlapping (pixels): (0.0, 12.0, 16.0)
[22:10:00.042073] (21, 8, 8) patches per (z,y,x) axis
[22:10:00.042086] List of volume IDs to be processed by each GPU: [[0, 1, 2, 3, 4, 5, 6, 7, 8, 9, 10, 11, 12, 13, 14, 15, 16, 17, 18, 19, 20]]
[22:10:00.042096] Positions of each volume in Z axis: {0: [0, 20], 1: [20, 40], 2: [40, 60], 3: [60, 80], 4: [80, 100], 5: [100, 120], 6: [120, 140], 7: [140, 160], 8: [160, 180], 9: [180, 200], 10: [200, 220], 11: [220, 240], 12: [240, 260], 13: [260, 280], 14: [280, 300], 15: [300, 320], 16: [320, 340], 17: [340, 360], 18: [360, 380], 19: [380, 400], 20: [400, 404]}
[22:10:00.042102] Rank 0: Total number of patches: 1344 - (21, 8, 8) patches per (z,y,x) axis (per GPU)
[22:11:24.761194] Reading Zarr/H5 file: fisbe/aug_biapy_small/train/label/VT047848-20171020_66_J2.zarr_seg_r2-k3-c021.zarr
[22:11:24.773219] ### 3D-OV-CROP ###
[22:11:24.773243] Cropping (1, 404, 934, 911) images into (20, 128, 128, 1) with overlapping (axis order: CZYX). . .
[22:11:24.773249] Minimum overlap selected: (0, 0, 0)
[22:11:24.773254] Padding: (0, 0, 0)
[22:11:24.773269] Real overlapping (%): (0.0, 0.09375, 0.125)
[22:11:24.773274] Real overlapping (pixels): (0.0, 12.0, 16.0)
[22:11:24.773279] (21, 8, 8) patches per (z,y,x) axis
[22:11:24.773292] List of volume IDs to be processed by each GPU: [[0, 1, 2, 3, 4, 5, 6, 7, 8, 9, 10, 11, 12, 13, 14, 15, 16, 17, 18, 19, 20]]
[22:11:24.773302] Positions of each volume in Z axis: {0: [0, 20], 1: [20, 40], 2: [40, 60], 3: [60, 80], 4: [80, 100], 5: [100, 120], 6: [120, 140], 7: [140, 160], 8: [160, 180], 9: [180, 200], 10: [200, 220], 11: [220, 240], 12: [240, 260], 13: [260, 280], 14: [280, 300], 15: [300, 320], 16: [320, 340], 17: [340, 360], 18: [360, 380], 19: [380, 400], 20: [400, 404]}
[22:11:24.773308] Rank 0: Total number of patches: 1344 - (21, 8, 8) patches per (z,y,x) axis (per GPU)
[22:12:07.726001] Reading Zarr/H5 file: fisbe/aug_biapy_small/train/label/VT047848-20171020_66_J2.zarr_seg_r2-k3-c120.zarr
[22:12:07.736050] ### 3D-OV-CROP ###
[22:12:07.736080] Cropping (1, 404, 934, 911) images into (20, 128, 128, 1) with overlapping (axis order: CZYX). . .
[22:12:07.736086] Minimum overlap selected: (0, 0, 0)
[22:12:07.736090] Padding: (0, 0, 0)
[22:12:07.736105] Real overlapping (%): (0.0, 0.09375, 0.125)
[22:12:07.736111] Real overlapping (pixels): (0.0, 12.0, 16.0)
[22:12:07.736116] (21, 8, 8) patches per (z,y,x) axis
[22:12:07.736129] List of volume IDs to be processed by each GPU: [[0, 1, 2, 3, 4, 5, 6, 7, 8, 9, 10, 11, 12, 13, 14, 15, 16, 17, 18, 19, 20]]
[22:12:07.736139] Positions of each volume in Z axis: {0: [0, 20], 1: [20, 40], 2: [40, 60], 3: [60, 80], 4: [80, 100], 5: [100, 120], 6: [120, 140], 7: [140, 160], 8: [160, 180], 9: [180, 200], 10: [200, 220], 11: [220, 240], 12: [240, 260], 13: [260, 280], 14: [280, 300], 15: [300, 320], 16: [320, 340], 17: [340, 360], 18: [360, 380], 19: [380, 400], 20: [400, 404]}
[22:12:07.736144] Rank 0: Total number of patches: 1344 - (21, 8, 8) patches per (z,y,x) axis (per GPU)
[22:12:50.759653] Creating Y_train channels . . .
[06:53:33.924060] DATA.TRAIN.GT_PATH changed from fisbe/aug_biapy_small/train/label to fisbe/aug_biapy_small/train/label_F.erosion-0.dilation-0_C.mode-thick_Db.norm-True.mask_values-True_Dn.closing_size-3.norm-True.mask_values-True.decline_power-3
[06:53:33.925146] ##########################
[06:53:33.925159] #   LOAD TRAINING DATA   #
[06:53:33.925164] ##########################
[06:53:33.925238] ### LOAD ###
[06:53:33.934466] Gathering raw images for training data . . .
[06:53:33.934508] WARNING: normalization by image is not possible when using Zarr/H5 files. It will be done by patch instead.
[06:53:34.799823] Gathering labels for training data . . .
[06:53:36.081291] Checking training raw and label images' shapes . . .
[06:53:36.126869] Creating validation data from train . . .
[06:53:40.286506] Raw samples chosen for training (first 10 only): [0 1 2 3 4 5 6 7 8 9...]
[06:53:40.286569] Raw samples chosen for validation (first 10 only): [14 18 24 28 29 34 38 48 54 60 ...]
[06:53:40.286575] * Loading train images . . .
