Output Data to fisbe/biapy-channel-scale
running BiaPy/biapy_prep_main.py
2026-08-06 14:15:30,349 - INFO     - main                     : source: /scratch/wmz2007/neuroinfo_fruitfly/fisbe/completely
2026-08-06 14:15:30,349 - INFO     - main                     : output: /scratch/wmz2007/neuroinfo_fruitfly/fisbe/biapy-channel-scale
2026-08-06 14:15:30,353 - INFO     - main                     : Converting train, Found (18 volumes), Processing None
2026-08-06 14:15:30,365 - INFO     - convert_split            : Save workers: 12
2026-08-06 14:15:30,366 - INFO     - convert_split            : Augmentations enabled: True
2026-08-06 14:15:30,366 - INFO     - process_samples          : /// Processing Sample [1 / 18]: R38F04-20181005_63_G3.zarr ///
2026-08-06 14:15:32,823 - INFO     - process_samples          : Number of augmentation jobs: 1
2026-08-06 14:15:34,973 - INFO     - save_and_log_data        : Saving raw to file: R38F04-20181005_63_G3_cs1.44_1.49_1.37 , Dir: /scratch/wmz2007/neuroinfo_fruitfly/fisbe/biapy-channel-scale/train/raw
2026-08-06 14:15:34,973 - INFO     - save_and_log_data        : Saving label to file: R38F04-20181005_63_G3_cs1.44_1.49_1.37, Dir: /scratch/wmz2007/neuroinfo_fruitfly/fisbe/biapy-channel-scale/train/label
2026-08-06 14:15:34,973 - INFO     - process_samples          : /// Processing Sample [2 / 18]: R38F04-20181005_63_G5.zarr ///
2026-08-06 14:15:38,121 - INFO     - process_samples          : Number of augmentation jobs: 1
2026-08-06 14:15:40,155 - INFO     - save_and_log_data        : Saving raw to file: R38F04-20181005_63_G5_cs0.88_0.55_0.36 , Dir: /scratch/wmz2007/neuroinfo_fruitfly/fisbe/biapy-channel-scale/train/raw
2026-08-06 14:15:40,155 - INFO     - save_and_log_data        : Saving label to file: R38F04-20181005_63_G5_cs0.88_0.55_0.36, Dir: /scratch/wmz2007/neuroinfo_fruitfly/fisbe/biapy-channel-scale/train/label
2026-08-06 14:15:40,155 - INFO     - process_samples          : /// Processing Sample [3 / 18]: R38F04-20181005_63_H1.zarr ///
2026-08-06 14:15:43,075 - INFO     - process_samples          : Number of augmentation jobs: 1
2026-08-06 14:15:44,988 - INFO     - save_and_log_data        : Saving raw to file: R38F04-20181005_63_H1_cs1.03_1.14_1.06 , Dir: /scratch/wmz2007/neuroinfo_fruitfly/fisbe/biapy-channel-scale/train/raw
2026-08-06 14:15:44,988 - INFO     - process_samples          : /// Processing Sample [4 / 18]: R53A10-20181019_64_A4.zarr ///
2026-08-06 14:15:44,989 - INFO     - save_and_log_data        : Saving label to file: R38F04-20181005_63_H1_cs1.03_1.14_1.06, Dir: /scratch/wmz2007/neuroinfo_fruitfly/fisbe/biapy-channel-scale/train/label
2026-08-06 14:15:47,578 - INFO     - process_samples          : Number of augmentation jobs: 1
2026-08-06 14:15:49,539 - INFO     - save_and_log_data        : Saving raw to file: R53A10-20181019_64_A4_cs0.27_1.36_0.30 , Dir: /scratch/wmz2007/neuroinfo_fruitfly/fisbe/biapy-channel-scale/train/raw
2026-08-06 14:15:49,539 - INFO     - save_and_log_data        : Saving label to file: R53A10-20181019_64_A4_cs0.27_1.36_0.30, Dir: /scratch/wmz2007/neuroinfo_fruitfly/fisbe/biapy-channel-scale/train/label
2026-08-06 14:15:49,539 - INFO     - process_samples          : /// Processing Sample [5 / 18]: R75E01-20181030_64_D1.zarr ///
2026-08-06 14:15:52,655 - INFO     - process_samples          : Number of augmentation jobs: 1
2026-08-06 14:15:54,703 - INFO     - save_and_log_data        : Saving raw to file: R75E01-20181030_64_D1_cs0.50_0.59_0.68 , Dir: /scratch/wmz2007/neuroinfo_fruitfly/fisbe/biapy-channel-scale/train/raw
2026-08-06 14:15:54,703 - INFO     - save_and_log_data        : Saving label to file: R75E01-20181030_64_D1_cs0.50_0.59_0.68, Dir: /scratch/wmz2007/neuroinfo_fruitfly/fisbe/biapy-channel-scale/train/label
2026-08-06 14:15:54,704 - INFO     - process_samples          : /// Processing Sample [6 / 18]: VT008647-20171222_63_D1.zarr ///
2026-08-06 14:15:59,329 - INFO     - process_samples          : Number of augmentation jobs: 1
2026-08-06 14:16:01,554 - INFO     - save_and_log_data        : Saving raw to file: VT008647-20171222_63_D1_cs1.05_0.38_0.41 , Dir: /scratch/wmz2007/neuroinfo_fruitfly/fisbe/biapy-channel-scale/train/raw
2026-08-06 14:16:01,555 - INFO     - save_and_log_data        : Saving label to file: VT008647-20171222_63_D1_cs1.05_0.38_0.41, Dir: /scratch/wmz2007/neuroinfo_fruitfly/fisbe/biapy-channel-scale/train/label
2026-08-06 14:16:01,558 - INFO     - process_samples          : /// Processing Sample [7 / 18]: VT008647-20171222_63_D2.zarr ///
2026-08-06 14:16:05,795 - INFO     - process_samples          : Number of augmentation jobs: 1
2026-08-06 14:16:07,891 - INFO     - save_and_log_data        : Saving raw to file: VT008647-20171222_63_D2_cs0.83_1.48_1.17 , Dir: /scratch/wmz2007/neuroinfo_fruitfly/fisbe/biapy-channel-scale/train/raw
2026-08-06 14:16:07,891 - INFO     - save_and_log_data        : Saving label to file: VT008647-20171222_63_D2_cs0.83_1.48_1.17, Dir: /scratch/wmz2007/neuroinfo_fruitfly/fisbe/biapy-channel-scale/train/label
2026-08-06 14:16:07,892 - INFO     - process_samples          : /// Processing Sample [8 / 18]: VT008647-20171222_63_E1.zarr ///
2026-08-06 14:16:12,851 - INFO     - process_samples          : Number of augmentation jobs: 1
2026-08-06 14:16:16,009 - INFO     - save_and_log_data        : Saving raw to file: VT008647-20171222_63_E1_cs1.31_0.67_1.18 , Dir: /scratch/wmz2007/neuroinfo_fruitfly/fisbe/biapy-channel-scale/train/raw
2026-08-06 14:16:16,010 - INFO     - save_and_log_data        : Saving label to file: VT008647-20171222_63_E1_cs1.31_0.67_1.18, Dir: /scratch/wmz2007/neuroinfo_fruitfly/fisbe/biapy-channel-scale/train/label
2026-08-06 14:16:16,010 - INFO     - process_samples          : /// Processing Sample [9 / 18]: VT019303-20171013_65_B6.zarr ///
2026-08-06 14:16:18,804 - INFO     - process_samples          : Number of augmentation jobs: 1
2026-08-06 14:16:20,626 - INFO     - save_and_log_data        : Saving raw to file: VT019303-20171013_65_B6_cs0.32_0.99_0.85 , Dir: /scratch/wmz2007/neuroinfo_fruitfly/fisbe/biapy-channel-scale/train/raw
2026-08-06 14:16:20,627 - INFO     - save_and_log_data        : Saving label to file: VT019303-20171013_65_B6_cs0.32_0.99_0.85, Dir: /scratch/wmz2007/neuroinfo_fruitfly/fisbe/biapy-channel-scale/train/label
2026-08-06 14:16:20,627 - INFO     - process_samples          : /// Processing Sample [10 / 18]: VT019307-20171013_65_F1.zarr ///
2026-08-06 14:16:24,759 - INFO     - process_samples          : Number of augmentation jobs: 1
2026-08-06 14:16:28,155 - INFO     - save_and_log_data        : Saving raw to file: VT019307-20171013_65_F1_cs0.72_0.74_0.96 , Dir: /scratch/wmz2007/neuroinfo_fruitfly/fisbe/biapy-channel-scale/train/raw
2026-08-06 14:16:28,155 - INFO     - save_and_log_data        : Saving label to file: VT019307-20171013_65_F1_cs0.72_0.74_0.96, Dir: /scratch/wmz2007/neuroinfo_fruitfly/fisbe/biapy-channel-scale/train/label
2026-08-06 14:16:28,155 - INFO     - process_samples          : /// Processing Sample [11 / 18]: VT033051-20171128_61_E2.zarr ///
2026-08-06 14:16:31,318 - INFO     - process_samples          : Number of augmentation jobs: 1
2026-08-06 14:16:33,076 - INFO     - save_and_log_data        : Saving raw to file: VT033051-20171128_61_E2_cs1.23_1.49_0.74 , Dir: /scratch/wmz2007/neuroinfo_fruitfly/fisbe/biapy-channel-scale/train/raw
2026-08-06 14:16:33,076 - INFO     - save_and_log_data        : Saving label to file: VT033051-20171128_61_E2_cs1.23_1.49_0.74, Dir: /scratch/wmz2007/neuroinfo_fruitfly/fisbe/biapy-channel-scale/train/label
2026-08-06 14:16:33,078 - INFO     - process_samples          : /// Processing Sample [12 / 18]: VT033051-20171128_61_E4.zarr ///
2026-08-06 14:16:35,814 - INFO     - process_samples          : Number of augmentation jobs: 1
2026-08-06 14:16:38,158 - INFO     - save_and_log_data        : Saving raw to file: VT033051-20171128_61_E4_cs0.35_0.34_0.32 , Dir: /scratch/wmz2007/neuroinfo_fruitfly/fisbe/biapy-channel-scale/train/raw
2026-08-06 14:16:38,159 - INFO     - save_and_log_data        : Saving label to file: VT033051-20171128_61_E4_cs0.35_0.34_0.32, Dir: /scratch/wmz2007/neuroinfo_fruitfly/fisbe/biapy-channel-scale/train/label
2026-08-06 14:16:38,162 - INFO     - process_samples          : /// Processing Sample [13 / 18]: VT040433-20170919_63_D6.zarr ///
2026-08-06 14:16:42,580 - INFO     - process_samples          : Number of augmentation jobs: 1
2026-08-06 14:16:46,581 - INFO     - save_and_log_data        : Saving raw to file: VT040433-20170919_63_D6_cs0.27_1.40_0.97 , Dir: /scratch/wmz2007/neuroinfo_fruitfly/fisbe/biapy-channel-scale/train/raw
2026-08-06 14:16:46,581 - INFO     - save_and_log_data        : Saving label to file: VT040433-20170919_63_D6_cs0.27_1.40_0.97, Dir: /scratch/wmz2007/neuroinfo_fruitfly/fisbe/biapy-channel-scale/train/label
2026-08-06 14:16:46,581 - INFO     - process_samples          : /// Processing Sample [14 / 18]: VT047848-20171020_66_I2.zarr ///
2026-08-06 14:16:52,050 - INFO     - process_samples          : Number of augmentation jobs: 1
2026-08-06 14:16:59,995 - INFO     - save_and_log_data        : Saving raw to file: VT047848-20171020_66_I2_cs0.86_1.33_0.71 , Dir: /scratch/wmz2007/neuroinfo_fruitfly/fisbe/biapy-channel-scale/train/raw
2026-08-06 14:16:59,996 - INFO     - save_and_log_data        : Saving label to file: VT047848-20171020_66_I2_cs0.86_1.33_0.71, Dir: /scratch/wmz2007/neuroinfo_fruitfly/fisbe/biapy-channel-scale/train/label
2026-08-06 14:16:59,996 - INFO     - process_samples          : /// Processing Sample [15 / 18]: VT047848-20171020_66_I3.zarr ///
2026-08-06 14:17:04,389 - INFO     - process_samples          : Number of augmentation jobs: 1
2026-08-06 14:17:13,890 - INFO     - save_and_log_data        : Saving raw to file: VT047848-20171020_66_I3_cs0.74_0.44_0.97 , Dir: /scratch/wmz2007/neuroinfo_fruitfly/fisbe/biapy-channel-scale/train/raw
2026-08-06 14:17:13,890 - INFO     - save_and_log_data        : Saving label to file: VT047848-20171020_66_I3_cs0.74_0.44_0.97, Dir: /scratch/wmz2007/neuroinfo_fruitfly/fisbe/biapy-channel-scale/train/label
2026-08-06 14:17:13,890 - INFO     - process_samples          : /// Processing Sample [16 / 18]: VT047848-20171020_66_I5.zarr ///
2026-08-06 14:17:25,819 - INFO     - process_samples          : Number of augmentation jobs: 1
2026-08-06 14:17:33,184 - INFO     - save_and_log_data        : Saving raw to file: VT047848-20171020_66_I5_cs1.22_1.03_0.46 , Dir: /scratch/wmz2007/neuroinfo_fruitfly/fisbe/biapy-channel-scale/train/raw
2026-08-06 14:17:33,185 - INFO     - save_and_log_data        : Saving label to file: VT047848-20171020_66_I5_cs1.22_1.03_0.46, Dir: /scratch/wmz2007/neuroinfo_fruitfly/fisbe/biapy-channel-scale/train/label
2026-08-06 14:17:33,189 - INFO     - process_samples          : /// Processing Sample [17 / 18]: VT047848-20171020_66_J2.zarr ///
2026-08-06 14:17:40,402 - INFO     - process_samples          : Number of augmentation jobs: 1
2026-08-06 14:17:44,093 - INFO     - save_and_log_data        : Saving raw to file: VT047848-20171020_66_J2_cs0.39_0.63_0.39 , Dir: /scratch/wmz2007/neuroinfo_fruitfly/fisbe/biapy-channel-scale/train/raw
2026-08-06 14:17:44,093 - INFO     - save_and_log_data        : Saving label to file: VT047848-20171020_66_J2_cs0.39_0.63_0.39, Dir: /scratch/wmz2007/neuroinfo_fruitfly/fisbe/biapy-channel-scale/train/label
2026-08-06 14:17:44,095 - INFO     - process_samples          : /// Processing Sample [18 / 18]: VT061467-20180911_62_E5.zarr ///
2026-08-06 14:17:48,208 - INFO     - process_samples          : Number of augmentation jobs: 1
2026-08-06 14:17:50,340 - INFO     - save_and_log_data        : Saving raw to file: VT061467-20180911_62_E5_cs0.92_0.93_0.87 , Dir: /scratch/wmz2007/neuroinfo_fruitfly/fisbe/biapy-channel-scale/train/raw
2026-08-06 14:17:50,340 - INFO     - save_and_log_data        : Saving label to file: VT061467-20180911_62_E5_cs0.92_0.93_0.87, Dir: /scratch/wmz2007/neuroinfo_fruitfly/fisbe/biapy-channel-scale/train/label
2026-08-06 14:17:51,865 - INFO     - main                     : Converting val, Found (5 volumes), Processing None
2026-08-06 14:17:51,872 - INFO     - convert_split            : Save workers: 12
2026-08-06 14:17:51,872 - INFO     - convert_split            : Augmentations enabled: True
2026-08-06 14:17:51,873 - INFO     - process_samples          : /// Processing Sample [1 / 5]: R22C03-20180918_66_J2.zarr ///
2026-08-06 14:17:53,482 - INFO     - process_samples          : Number of augmentation jobs: 1
2026-08-06 14:17:55,497 - INFO     - save_and_log_data        : Saving raw to file: R22C03-20180918_66_J2_cs0.68_0.64_1.15 , Dir: /scratch/wmz2007/neuroinfo_fruitfly/fisbe/biapy-channel-scale/val/raw
2026-08-06 14:17:55,498 - INFO     - save_and_log_data        : Saving label to file: R22C03-20180918_66_J2_cs0.68_0.64_1.15, Dir: /scratch/wmz2007/neuroinfo_fruitfly/fisbe/biapy-channel-scale/val/label
2026-08-06 14:17:55,498 - INFO     - process_samples          : /// Processing Sample [2 / 5]: VT012403-20171128_61_B2.zarr ///
2026-08-06 14:17:59,055 - INFO     - process_samples          : Number of augmentation jobs: 1
2026-08-06 14:18:00,909 - INFO     - save_and_log_data        : Saving raw to file: VT012403-20171128_61_B2_cs0.60_0.54_0.52 , Dir: /scratch/wmz2007/neuroinfo_fruitfly/fisbe/biapy-channel-scale/val/raw
2026-08-06 14:18:00,909 - INFO     - save_and_log_data        : Saving label to file: VT012403-20171128_61_B2_cs0.60_0.54_0.52, Dir: /scratch/wmz2007/neuroinfo_fruitfly/fisbe/biapy-channel-scale/val/label
2026-08-06 14:18:00,910 - INFO     - process_samples          : /// Processing Sample [3 / 5]: VT033614-20171124_64_H1.zarr ///
2026-08-06 14:18:04,059 - INFO     - process_samples          : Number of augmentation jobs: 1
2026-08-06 14:18:05,979 - INFO     - save_and_log_data        : Saving raw to file: VT033614-20171124_64_H1_cs0.43_0.42_1.47 , Dir: /scratch/wmz2007/neuroinfo_fruitfly/fisbe/biapy-channel-scale/val/raw
2026-08-06 14:18:05,980 - INFO     - save_and_log_data        : Saving label to file: VT033614-20171124_64_H1_cs0.43_0.42_1.47, Dir: /scratch/wmz2007/neuroinfo_fruitfly/fisbe/biapy-channel-scale/val/label
2026-08-06 14:18:05,981 - INFO     - process_samples          : /// Processing Sample [4 / 5]: VT033614-20171124_64_H5.zarr ///
2026-08-06 14:18:09,303 - INFO     - process_samples          : Number of augmentation jobs: 1
2026-08-06 14:18:11,301 - INFO     - save_and_log_data        : Saving raw to file: VT033614-20171124_64_H5_cs0.36_1.36_0.48 , Dir: /scratch/wmz2007/neuroinfo_fruitfly/fisbe/biapy-channel-scale/val/raw
2026-08-06 14:18:11,301 - INFO     - save_and_log_data        : Saving label to file: VT033614-20171124_64_H5_cs0.36_1.36_0.48, Dir: /scratch/wmz2007/neuroinfo_fruitfly/fisbe/biapy-channel-scale/val/label
2026-08-06 14:18:11,302 - INFO     - process_samples          : /// Processing Sample [5 / 5]: VT041298-20171114_63_C3.zarr ///
2026-08-06 14:18:15,301 - INFO     - process_samples          : Number of augmentation jobs: 1
2026-08-06 14:18:17,105 - INFO     - save_and_log_data        : Saving raw to file: VT041298-20171114_63_C3_cs0.42_1.02_0.58 , Dir: /scratch/wmz2007/neuroinfo_fruitfly/fisbe/biapy-channel-scale/val/raw
2026-08-06 14:18:17,105 - INFO     - save_and_log_data        : Saving label to file: VT041298-20171114_63_C3_cs0.42_1.02_0.58, Dir: /scratch/wmz2007/neuroinfo_fruitfly/fisbe/biapy-channel-scale/val/label
2026-08-06 14:18:18,261 - INFO     - main                     : Converting test, Found (7 volumes), Processing None
2026-08-06 14:18:18,271 - INFO     - convert_split            : Save workers: 12
2026-08-06 14:18:18,271 - INFO     - convert_split            : Augmentations enabled: True
2026-08-06 14:18:18,272 - INFO     - process_samples          : /// Processing Sample [1 / 7]: JRC_SS04989-20160318_24_A2.zarr ///
2026-08-06 14:18:20,619 - INFO     - process_samples          : Number of augmentation jobs: 1
2026-08-06 14:18:22,565 - INFO     - save_and_log_data        : Saving raw to file: JRC_SS04989-20160318_24_A2_cs0.85_1.17_0.68 , Dir: /scratch/wmz2007/neuroinfo_fruitfly/fisbe/biapy-channel-scale/test/raw
2026-08-06 14:18:22,565 - INFO     - save_and_log_data        : Saving label to file: JRC_SS04989-20160318_24_A2_cs0.85_1.17_0.68, Dir: /scratch/wmz2007/neuroinfo_fruitfly/fisbe/biapy-channel-scale/test/label
2026-08-06 14:18:22,566 - INFO     - process_samples          : /// Processing Sample [2 / 7]: R14A02-20180905_65_A6.zarr ///
2026-08-06 14:18:26,814 - INFO     - process_samples          : Number of augmentation jobs: 1
2026-08-06 14:18:28,751 - INFO     - save_and_log_data        : Saving raw to file: R14A02-20180905_65_A6_cs0.96_0.87_0.91 , Dir: /scratch/wmz2007/neuroinfo_fruitfly/fisbe/biapy-channel-scale/test/raw
2026-08-06 14:18:28,751 - INFO     - save_and_log_data        : Saving label to file: R14A02-20180905_65_A6_cs0.96_0.87_0.91, Dir: /scratch/wmz2007/neuroinfo_fruitfly/fisbe/biapy-channel-scale/test/label
2026-08-06 14:18:28,751 - INFO     - process_samples          : /// Processing Sample [3 / 7]: R54A09-20181019_64_H1.zarr ///
2026-08-06 14:18:30,547 - INFO     - process_samples          : Number of augmentation jobs: 1
2026-08-06 14:18:33,375 - INFO     - save_and_log_data        : Saving raw to file: R54A09-20181019_64_H1_cs0.35_0.80_0.73 , Dir: /scratch/wmz2007/neuroinfo_fruitfly/fisbe/biapy-channel-scale/test/raw
2026-08-06 14:18:33,375 - INFO     - save_and_log_data        : Saving label to file: R54A09-20181019_64_H1_cs0.35_0.80_0.73, Dir: /scratch/wmz2007/neuroinfo_fruitfly/fisbe/biapy-channel-scale/test/label
2026-08-06 14:18:33,376 - INFO     - process_samples          : /// Processing Sample [4 / 7]: VT011145-20171222_63_I1.zarr ///
2026-08-06 14:18:38,610 - INFO     - process_samples          : Number of augmentation jobs: 1
2026-08-06 14:18:43,174 - INFO     - save_and_log_data        : Saving raw to file: VT011145-20171222_63_I1_cs0.76_1.36_0.65 , Dir: /scratch/wmz2007/neuroinfo_fruitfly/fisbe/biapy-channel-scale/test/raw
2026-08-06 14:18:43,175 - INFO     - save_and_log_data        : Saving label to file: VT011145-20171222_63_I1_cs0.76_1.36_0.65, Dir: /scratch/wmz2007/neuroinfo_fruitfly/fisbe/biapy-channel-scale/test/label
2026-08-06 14:18:43,175 - INFO     - process_samples          : /// Processing Sample [5 / 7]: VT027175-20171031_62_H3.zarr ///
2026-08-06 14:18:45,548 - INFO     - process_samples          : Number of augmentation jobs: 1
2026-08-06 14:18:49,240 - INFO     - save_and_log_data        : Saving raw to file: VT027175-20171031_62_H3_cs0.30_0.68_0.77 , Dir: /scratch/wmz2007/neuroinfo_fruitfly/fisbe/biapy-channel-scale/test/raw
2026-08-06 14:18:49,241 - INFO     - save_and_log_data        : Saving label to file: VT027175-20171031_62_H3_cs0.30_0.68_0.77, Dir: /scratch/wmz2007/neuroinfo_fruitfly/fisbe/biapy-channel-scale/test/label
2026-08-06 14:18:49,242 - INFO     - process_samples          : /// Processing Sample [6 / 7]: VT027175-20171031_62_H4.zarr ///
2026-08-06 14:18:53,341 - INFO     - process_samples          : Number of augmentation jobs: 1
2026-08-06 14:18:57,221 - INFO     - save_and_log_data        : Saving raw to file: VT027175-20171031_62_H4_cs0.81_0.91_0.91 , Dir: /scratch/wmz2007/neuroinfo_fruitfly/fisbe/biapy-channel-scale/test/raw
2026-08-06 14:18:57,221 - INFO     - save_and_log_data        : Saving label to file: VT027175-20171031_62_H4_cs0.81_0.91_0.91, Dir: /scratch/wmz2007/neuroinfo_fruitfly/fisbe/biapy-channel-scale/test/label
2026-08-06 14:18:57,222 - INFO     - process_samples          : /// Processing Sample [7 / 7]: VT050157-20171110_61_C1.zarr ///
2026-08-06 14:19:00,626 - INFO     - process_samples          : Number of augmentation jobs: 1
2026-08-06 14:19:03,648 - INFO     - save_and_log_data        : Saving raw to file: VT050157-20171110_61_C1_cs0.82_1.09_0.32 , Dir: /scratch/wmz2007/neuroinfo_fruitfly/fisbe/biapy-channel-scale/test/raw
2026-08-06 14:19:03,649 - INFO     - save_and_log_data        : Saving label to file: VT050157-20171110_61_C1_cs0.82_1.09_0.32, Dir: /scratch/wmz2007/neuroinfo_fruitfly/fisbe/biapy-channel-scale/test/label
