Output Data to fisbe/biapy-no-aug
running BiaPy/biapy_prep_main.py
2026-08-06 14:12:19,967 - INFO     - main                     : source: /scratch/wmz2007/neuroinfo_fruitfly/fisbe/completely
2026-08-06 14:12:19,968 - INFO     - main                     : output: /scratch/wmz2007/neuroinfo_fruitfly/fisbe/biapy-no-aug
2026-08-06 14:12:19,972 - INFO     - main                     : Converting train, Found (18 volumes), Processing None
2026-08-06 14:12:19,982 - INFO     - convert_split            : Save workers: 12
2026-08-06 14:12:19,982 - INFO     - convert_split            : Augmentations enabled: False
2026-08-06 14:12:19,983 - INFO     - process_samples          : /// Processing Sample [1 / 18]: R38F04-20181005_63_G3.zarr ///
2026-08-06 14:12:23,486 - INFO     - save_and_log_data        : Saving raw to file: R38F04-20181005_63_G3 , Dir: /scratch/wmz2007/neuroinfo_fruitfly/fisbe/biapy-no-aug/train/raw
2026-08-06 14:12:23,486 - INFO     - save_and_log_data        : Saving label to file: R38F04-20181005_63_G3, Dir: /scratch/wmz2007/neuroinfo_fruitfly/fisbe/biapy-no-aug/train/label
2026-08-06 14:12:25,707 - INFO     - process_samples          : /// Processing Sample [2 / 18]: R38F04-20181005_63_G5.zarr ///
2026-08-06 14:12:30,264 - INFO     - save_and_log_data        : Saving raw to file: R38F04-20181005_63_G5 , Dir: /scratch/wmz2007/neuroinfo_fruitfly/fisbe/biapy-no-aug/train/raw
2026-08-06 14:12:30,264 - INFO     - save_and_log_data        : Saving label to file: R38F04-20181005_63_G5, Dir: /scratch/wmz2007/neuroinfo_fruitfly/fisbe/biapy-no-aug/train/label
2026-08-06 14:12:32,080 - INFO     - process_samples          : /// Processing Sample [3 / 18]: R38F04-20181005_63_H1.zarr ///
2026-08-06 14:12:34,617 - INFO     - save_and_log_data        : Saving raw to file: R38F04-20181005_63_H1 , Dir: /scratch/wmz2007/neuroinfo_fruitfly/fisbe/biapy-no-aug/train/raw
2026-08-06 14:12:34,617 - INFO     - save_and_log_data        : Saving label to file: R38F04-20181005_63_H1, Dir: /scratch/wmz2007/neuroinfo_fruitfly/fisbe/biapy-no-aug/train/label
2026-08-06 14:12:36,150 - INFO     - process_samples          : /// Processing Sample [4 / 18]: R53A10-20181019_64_A4.zarr ///
2026-08-06 14:12:38,224 - INFO     - save_and_log_data        : Saving raw to file: R53A10-20181019_64_A4 , Dir: /scratch/wmz2007/neuroinfo_fruitfly/fisbe/biapy-no-aug/train/raw
2026-08-06 14:12:38,225 - INFO     - save_and_log_data        : Saving label to file: R53A10-20181019_64_A4, Dir: /scratch/wmz2007/neuroinfo_fruitfly/fisbe/biapy-no-aug/train/label
2026-08-06 14:12:40,145 - INFO     - process_samples          : /// Processing Sample [5 / 18]: R75E01-20181030_64_D1.zarr ///
2026-08-06 14:12:43,100 - INFO     - save_and_log_data        : Saving raw to file: R75E01-20181030_64_D1 , Dir: /scratch/wmz2007/neuroinfo_fruitfly/fisbe/biapy-no-aug/train/raw
2026-08-06 14:12:43,100 - INFO     - save_and_log_data        : Saving label to file: R75E01-20181030_64_D1, Dir: /scratch/wmz2007/neuroinfo_fruitfly/fisbe/biapy-no-aug/train/label
2026-08-06 14:12:44,994 - INFO     - process_samples          : /// Processing Sample [6 / 18]: VT008647-20171222_63_D1.zarr ///
2026-08-06 14:12:50,475 - INFO     - save_and_log_data        : Saving raw to file: VT008647-20171222_63_D1 , Dir: /scratch/wmz2007/neuroinfo_fruitfly/fisbe/biapy-no-aug/train/raw
2026-08-06 14:12:50,475 - INFO     - save_and_log_data        : Saving label to file: VT008647-20171222_63_D1, Dir: /scratch/wmz2007/neuroinfo_fruitfly/fisbe/biapy-no-aug/train/label
2026-08-06 14:12:52,271 - INFO     - process_samples          : /// Processing Sample [7 / 18]: VT008647-20171222_63_D2.zarr ///
2026-08-06 14:12:56,303 - INFO     - save_and_log_data        : Saving raw to file: VT008647-20171222_63_D2 , Dir: /scratch/wmz2007/neuroinfo_fruitfly/fisbe/biapy-no-aug/train/raw
2026-08-06 14:12:56,304 - INFO     - save_and_log_data        : Saving label to file: VT008647-20171222_63_D2, Dir: /scratch/wmz2007/neuroinfo_fruitfly/fisbe/biapy-no-aug/train/label
2026-08-06 14:12:57,823 - INFO     - process_samples          : /// Processing Sample [8 / 18]: VT008647-20171222_63_E1.zarr ///
2026-08-06 14:13:01,856 - INFO     - save_and_log_data        : Saving raw to file: VT008647-20171222_63_E1 , Dir: /scratch/wmz2007/neuroinfo_fruitfly/fisbe/biapy-no-aug/train/raw
2026-08-06 14:13:01,856 - INFO     - save_and_log_data        : Saving label to file: VT008647-20171222_63_E1, Dir: /scratch/wmz2007/neuroinfo_fruitfly/fisbe/biapy-no-aug/train/label
2026-08-06 14:13:03,348 - INFO     - process_samples          : /// Processing Sample [9 / 18]: VT019303-20171013_65_B6.zarr ///
2026-08-06 14:13:05,445 - INFO     - save_and_log_data        : Saving raw to file: VT019303-20171013_65_B6 , Dir: /scratch/wmz2007/neuroinfo_fruitfly/fisbe/biapy-no-aug/train/raw
2026-08-06 14:13:05,445 - INFO     - save_and_log_data        : Saving label to file: VT019303-20171013_65_B6, Dir: /scratch/wmz2007/neuroinfo_fruitfly/fisbe/biapy-no-aug/train/label
2026-08-06 14:13:06,709 - INFO     - process_samples          : /// Processing Sample [10 / 18]: VT019307-20171013_65_F1.zarr ///
2026-08-06 14:13:10,005 - INFO     - save_and_log_data        : Saving raw to file: VT019307-20171013_65_F1 , Dir: /scratch/wmz2007/neuroinfo_fruitfly/fisbe/biapy-no-aug/train/raw
2026-08-06 14:13:10,006 - INFO     - save_and_log_data        : Saving label to file: VT019307-20171013_65_F1, Dir: /scratch/wmz2007/neuroinfo_fruitfly/fisbe/biapy-no-aug/train/label
2026-08-06 14:13:11,482 - INFO     - process_samples          : /// Processing Sample [11 / 18]: VT033051-20171128_61_E2.zarr ///
2026-08-06 14:13:13,778 - INFO     - save_and_log_data        : Saving raw to file: VT033051-20171128_61_E2 , Dir: /scratch/wmz2007/neuroinfo_fruitfly/fisbe/biapy-no-aug/train/raw
2026-08-06 14:13:13,778 - INFO     - save_and_log_data        : Saving label to file: VT033051-20171128_61_E2, Dir: /scratch/wmz2007/neuroinfo_fruitfly/fisbe/biapy-no-aug/train/label
2026-08-06 14:13:14,880 - INFO     - process_samples          : /// Processing Sample [12 / 18]: VT033051-20171128_61_E4.zarr ///
2026-08-06 14:13:16,836 - INFO     - save_and_log_data        : Saving raw to file: VT033051-20171128_61_E4 , Dir: /scratch/wmz2007/neuroinfo_fruitfly/fisbe/biapy-no-aug/train/raw
2026-08-06 14:13:16,836 - INFO     - save_and_log_data        : Saving label to file: VT033051-20171128_61_E4, Dir: /scratch/wmz2007/neuroinfo_fruitfly/fisbe/biapy-no-aug/train/label
2026-08-06 14:13:18,123 - INFO     - process_samples          : /// Processing Sample [13 / 18]: VT040433-20170919_63_D6.zarr ///
2026-08-06 14:13:21,693 - INFO     - save_and_log_data        : Saving raw to file: VT040433-20170919_63_D6 , Dir: /scratch/wmz2007/neuroinfo_fruitfly/fisbe/biapy-no-aug/train/raw
2026-08-06 14:13:21,694 - INFO     - save_and_log_data        : Saving label to file: VT040433-20170919_63_D6, Dir: /scratch/wmz2007/neuroinfo_fruitfly/fisbe/biapy-no-aug/train/label
2026-08-06 14:13:22,982 - INFO     - process_samples          : /// Processing Sample [14 / 18]: VT047848-20171020_66_I2.zarr ///
2026-08-06 14:13:27,297 - INFO     - save_and_log_data        : Saving raw to file: VT047848-20171020_66_I2 , Dir: /scratch/wmz2007/neuroinfo_fruitfly/fisbe/biapy-no-aug/train/raw
2026-08-06 14:13:27,297 - INFO     - save_and_log_data        : Saving label to file: VT047848-20171020_66_I2, Dir: /scratch/wmz2007/neuroinfo_fruitfly/fisbe/biapy-no-aug/train/label
2026-08-06 14:13:29,390 - INFO     - process_samples          : /// Processing Sample [15 / 18]: VT047848-20171020_66_I3.zarr ///
2026-08-06 14:13:32,907 - INFO     - save_and_log_data        : Saving raw to file: VT047848-20171020_66_I3 , Dir: /scratch/wmz2007/neuroinfo_fruitfly/fisbe/biapy-no-aug/train/raw
2026-08-06 14:13:32,908 - INFO     - save_and_log_data        : Saving label to file: VT047848-20171020_66_I3, Dir: /scratch/wmz2007/neuroinfo_fruitfly/fisbe/biapy-no-aug/train/label
2026-08-06 14:13:35,530 - INFO     - process_samples          : /// Processing Sample [16 / 18]: VT047848-20171020_66_I5.zarr ///
2026-08-06 14:13:48,045 - INFO     - save_and_log_data        : Saving raw to file: VT047848-20171020_66_I5 , Dir: /scratch/wmz2007/neuroinfo_fruitfly/fisbe/biapy-no-aug/train/raw
2026-08-06 14:13:48,045 - INFO     - save_and_log_data        : Saving label to file: VT047848-20171020_66_I5, Dir: /scratch/wmz2007/neuroinfo_fruitfly/fisbe/biapy-no-aug/train/label
2026-08-06 14:13:50,599 - INFO     - process_samples          : /// Processing Sample [17 / 18]: VT047848-20171020_66_J2.zarr ///
2026-08-06 14:13:56,406 - INFO     - save_and_log_data        : Saving raw to file: VT047848-20171020_66_J2 , Dir: /scratch/wmz2007/neuroinfo_fruitfly/fisbe/biapy-no-aug/train/raw
2026-08-06 14:13:56,406 - INFO     - save_and_log_data        : Saving label to file: VT047848-20171020_66_J2, Dir: /scratch/wmz2007/neuroinfo_fruitfly/fisbe/biapy-no-aug/train/label
2026-08-06 14:13:58,866 - INFO     - process_samples          : /// Processing Sample [18 / 18]: VT061467-20180911_62_E5.zarr ///
2026-08-06 14:14:01,682 - INFO     - save_and_log_data        : Saving raw to file: VT061467-20180911_62_E5 , Dir: /scratch/wmz2007/neuroinfo_fruitfly/fisbe/biapy-no-aug/train/raw
2026-08-06 14:14:01,682 - INFO     - save_and_log_data        : Saving label to file: VT061467-20180911_62_E5, Dir: /scratch/wmz2007/neuroinfo_fruitfly/fisbe/biapy-no-aug/train/label
2026-08-06 14:14:03,095 - INFO     - main                     : Converting val, Found (5 volumes), Processing None
2026-08-06 14:14:03,103 - INFO     - convert_split            : Save workers: 12
2026-08-06 14:14:03,103 - INFO     - convert_split            : Augmentations enabled: False
2026-08-06 14:14:03,104 - INFO     - process_samples          : /// Processing Sample [1 / 5]: R22C03-20180918_66_J2.zarr ///
2026-08-06 14:14:04,650 - INFO     - save_and_log_data        : Saving raw to file: R22C03-20180918_66_J2 , Dir: /scratch/wmz2007/neuroinfo_fruitfly/fisbe/biapy-no-aug/val/raw
2026-08-06 14:14:04,651 - INFO     - save_and_log_data        : Saving label to file: R22C03-20180918_66_J2, Dir: /scratch/wmz2007/neuroinfo_fruitfly/fisbe/biapy-no-aug/val/label
2026-08-06 14:14:06,001 - INFO     - process_samples          : /// Processing Sample [2 / 5]: VT012403-20171128_61_B2.zarr ///
2026-08-06 14:14:08,718 - INFO     - save_and_log_data        : Saving raw to file: VT012403-20171128_61_B2 , Dir: /scratch/wmz2007/neuroinfo_fruitfly/fisbe/biapy-no-aug/val/raw
2026-08-06 14:14:08,718 - INFO     - save_and_log_data        : Saving label to file: VT012403-20171128_61_B2, Dir: /scratch/wmz2007/neuroinfo_fruitfly/fisbe/biapy-no-aug/val/label
2026-08-06 14:14:09,905 - INFO     - process_samples          : /// Processing Sample [3 / 5]: VT033614-20171124_64_H1.zarr ///
2026-08-06 14:14:12,323 - INFO     - save_and_log_data        : Saving raw to file: VT033614-20171124_64_H1 , Dir: /scratch/wmz2007/neuroinfo_fruitfly/fisbe/biapy-no-aug/val/raw
2026-08-06 14:14:12,323 - INFO     - save_and_log_data        : Saving label to file: VT033614-20171124_64_H1, Dir: /scratch/wmz2007/neuroinfo_fruitfly/fisbe/biapy-no-aug/val/label
2026-08-06 14:14:13,569 - INFO     - process_samples          : /// Processing Sample [4 / 5]: VT033614-20171124_64_H5.zarr ///
2026-08-06 14:14:15,897 - INFO     - save_and_log_data        : Saving raw to file: VT033614-20171124_64_H5 , Dir: /scratch/wmz2007/neuroinfo_fruitfly/fisbe/biapy-no-aug/val/raw
2026-08-06 14:14:15,897 - INFO     - save_and_log_data        : Saving label to file: VT033614-20171124_64_H5, Dir: /scratch/wmz2007/neuroinfo_fruitfly/fisbe/biapy-no-aug/val/label
2026-08-06 14:14:17,163 - INFO     - process_samples          : /// Processing Sample [5 / 5]: VT041298-20171114_63_C3.zarr ///
2026-08-06 14:14:20,383 - INFO     - save_and_log_data        : Saving raw to file: VT041298-20171114_63_C3 , Dir: /scratch/wmz2007/neuroinfo_fruitfly/fisbe/biapy-no-aug/val/raw
2026-08-06 14:14:20,383 - INFO     - save_and_log_data        : Saving label to file: VT041298-20171114_63_C3, Dir: /scratch/wmz2007/neuroinfo_fruitfly/fisbe/biapy-no-aug/val/label
2026-08-06 14:14:21,556 - INFO     - main                     : Converting test, Found (7 volumes), Processing None
2026-08-06 14:14:21,565 - INFO     - convert_split            : Save workers: 12
2026-08-06 14:14:21,565 - INFO     - convert_split            : Augmentations enabled: False
2026-08-06 14:14:21,566 - INFO     - process_samples          : /// Processing Sample [1 / 7]: JRC_SS04989-20160318_24_A2.zarr ///
2026-08-06 14:14:23,885 - INFO     - save_and_log_data        : Saving raw to file: JRC_SS04989-20160318_24_A2 , Dir: /scratch/wmz2007/neuroinfo_fruitfly/fisbe/biapy-no-aug/test/raw
2026-08-06 14:14:23,885 - INFO     - save_and_log_data        : Saving label to file: JRC_SS04989-20160318_24_A2, Dir: /scratch/wmz2007/neuroinfo_fruitfly/fisbe/biapy-no-aug/test/label
2026-08-06 14:14:25,236 - INFO     - process_samples          : /// Processing Sample [2 / 7]: R14A02-20180905_65_A6.zarr ///
2026-08-06 14:14:28,927 - INFO     - save_and_log_data        : Saving raw to file: R14A02-20180905_65_A6 , Dir: /scratch/wmz2007/neuroinfo_fruitfly/fisbe/biapy-no-aug/test/raw
2026-08-06 14:14:28,927 - INFO     - save_and_log_data        : Saving label to file: R14A02-20180905_65_A6, Dir: /scratch/wmz2007/neuroinfo_fruitfly/fisbe/biapy-no-aug/test/label
2026-08-06 14:14:30,427 - INFO     - process_samples          : /// Processing Sample [3 / 7]: R54A09-20181019_64_H1.zarr ///
2026-08-06 14:14:31,900 - INFO     - save_and_log_data        : Saving raw to file: R54A09-20181019_64_H1 , Dir: /scratch/wmz2007/neuroinfo_fruitfly/fisbe/biapy-no-aug/test/raw
2026-08-06 14:14:31,901 - INFO     - save_and_log_data        : Saving label to file: R54A09-20181019_64_H1, Dir: /scratch/wmz2007/neuroinfo_fruitfly/fisbe/biapy-no-aug/test/label
2026-08-06 14:14:33,410 - INFO     - process_samples          : /// Processing Sample [4 / 7]: VT011145-20171222_63_I1.zarr ///
2026-08-06 14:14:38,476 - INFO     - save_and_log_data        : Saving raw to file: VT011145-20171222_63_I1 , Dir: /scratch/wmz2007/neuroinfo_fruitfly/fisbe/biapy-no-aug/test/raw
2026-08-06 14:14:38,476 - INFO     - save_and_log_data        : Saving label to file: VT011145-20171222_63_I1, Dir: /scratch/wmz2007/neuroinfo_fruitfly/fisbe/biapy-no-aug/test/label
2026-08-06 14:14:40,122 - INFO     - process_samples          : /// Processing Sample [5 / 7]: VT027175-20171031_62_H3.zarr ///
2026-08-06 14:14:42,451 - INFO     - save_and_log_data        : Saving raw to file: VT027175-20171031_62_H3 , Dir: /scratch/wmz2007/neuroinfo_fruitfly/fisbe/biapy-no-aug/test/raw
2026-08-06 14:14:42,451 - INFO     - save_and_log_data        : Saving label to file: VT027175-20171031_62_H3, Dir: /scratch/wmz2007/neuroinfo_fruitfly/fisbe/biapy-no-aug/test/label
2026-08-06 14:14:44,102 - INFO     - process_samples          : /// Processing Sample [6 / 7]: VT027175-20171031_62_H4.zarr ///
2026-08-06 14:14:48,243 - INFO     - save_and_log_data        : Saving raw to file: VT027175-20171031_62_H4 , Dir: /scratch/wmz2007/neuroinfo_fruitfly/fisbe/biapy-no-aug/test/raw
2026-08-06 14:14:48,243 - INFO     - save_and_log_data        : Saving label to file: VT027175-20171031_62_H4, Dir: /scratch/wmz2007/neuroinfo_fruitfly/fisbe/biapy-no-aug/test/label
2026-08-06 14:14:49,863 - INFO     - process_samples          : /// Processing Sample [7 / 7]: VT050157-20171110_61_C1.zarr ///
2026-08-06 14:14:53,352 - INFO     - save_and_log_data        : Saving raw to file: VT050157-20171110_61_C1 , Dir: /scratch/wmz2007/neuroinfo_fruitfly/fisbe/biapy-no-aug/test/raw
2026-08-06 14:14:53,352 - INFO     - save_and_log_data        : Saving label to file: VT050157-20171110_61_C1, Dir: /scratch/wmz2007/neuroinfo_fruitfly/fisbe/biapy-no-aug/test/label
