Output Data to fisbe/biapy-instance-scale
running BiaPy/biapy_prep_main.py
2026-08-11 20:17:48,530 - INFO     - main                     : source: /scratch/wmz2007/neuroinfo_fruitfly/fisbe/completely
2026-08-11 20:17:48,531 - INFO     - main                     : output: /scratch/wmz2007/neuroinfo_fruitfly/fisbe/biapy-instance-scale
2026-08-11 20:17:48,535 - INFO     - main                     : Converting train, Found (18 volumes), Processing None
2026-08-11 20:17:48,545 - INFO     - convert_split            : Save workers: 12
2026-08-11 20:17:48,545 - INFO     - convert_split            : Augmentations enabled: True
2026-08-11 20:17:48,545 - INFO     - process_samples          : /// Processing Sample [1 / 18]: R38F04-20181005_63_G3.zarr ///
2026-08-11 20:17:51,705 - INFO     - process_samples          : Number of augmentation jobs: 4
2026-08-11 20:17:55,654 - INFO     - save_and_log_data        : Saving raw to file: R38F04-20181005_63_G3_is0 , Dir: /scratch/wmz2007/neuroinfo_fruitfly/fisbe/biapy-instance-scale/train/raw
2026-08-11 20:17:55,654 - INFO     - save_and_log_data        : Saving label to file: R38F04-20181005_63_G3_is0, Dir: /scratch/wmz2007/neuroinfo_fruitfly/fisbe/biapy-instance-scale/train/label
2026-08-11 20:17:59,807 - INFO     - save_and_log_data        : Saving raw to file: R38F04-20181005_63_G3_is1 , Dir: /scratch/wmz2007/neuroinfo_fruitfly/fisbe/biapy-instance-scale/train/raw
2026-08-11 20:17:59,807 - INFO     - save_and_log_data        : Saving label to file: R38F04-20181005_63_G3_is1, Dir: /scratch/wmz2007/neuroinfo_fruitfly/fisbe/biapy-instance-scale/train/label
2026-08-11 20:18:03,981 - INFO     - save_and_log_data        : Saving raw to file: R38F04-20181005_63_G3_is2 , Dir: /scratch/wmz2007/neuroinfo_fruitfly/fisbe/biapy-instance-scale/train/raw
2026-08-11 20:18:03,981 - INFO     - save_and_log_data        : Saving label to file: R38F04-20181005_63_G3_is2, Dir: /scratch/wmz2007/neuroinfo_fruitfly/fisbe/biapy-instance-scale/train/label
2026-08-11 20:18:08,017 - INFO     - save_and_log_data        : Saving raw to file: R38F04-20181005_63_G3_is3 , Dir: /scratch/wmz2007/neuroinfo_fruitfly/fisbe/biapy-instance-scale/train/raw
2026-08-11 20:18:08,017 - INFO     - save_and_log_data        : Saving label to file: R38F04-20181005_63_G3_is3, Dir: /scratch/wmz2007/neuroinfo_fruitfly/fisbe/biapy-instance-scale/train/label
2026-08-11 20:18:08,018 - INFO     - process_samples          : /// Processing Sample [2 / 18]: R38F04-20181005_63_G5.zarr ///
2026-08-11 20:18:12,040 - INFO     - process_samples          : Number of augmentation jobs: 4
2026-08-11 20:18:16,763 - INFO     - save_and_log_data        : Saving raw to file: R38F04-20181005_63_G5_is0 , Dir: /scratch/wmz2007/neuroinfo_fruitfly/fisbe/biapy-instance-scale/train/raw
2026-08-11 20:18:16,763 - INFO     - save_and_log_data        : Saving label to file: R38F04-20181005_63_G5_is0, Dir: /scratch/wmz2007/neuroinfo_fruitfly/fisbe/biapy-instance-scale/train/label
2026-08-11 20:18:21,765 - INFO     - save_and_log_data        : Saving raw to file: R38F04-20181005_63_G5_is1 , Dir: /scratch/wmz2007/neuroinfo_fruitfly/fisbe/biapy-instance-scale/train/raw
2026-08-11 20:18:21,765 - INFO     - save_and_log_data        : Saving label to file: R38F04-20181005_63_G5_is1, Dir: /scratch/wmz2007/neuroinfo_fruitfly/fisbe/biapy-instance-scale/train/label
2026-08-11 20:18:26,687 - INFO     - save_and_log_data        : Saving raw to file: R38F04-20181005_63_G5_is2 , Dir: /scratch/wmz2007/neuroinfo_fruitfly/fisbe/biapy-instance-scale/train/raw
2026-08-11 20:18:26,687 - INFO     - save_and_log_data        : Saving label to file: R38F04-20181005_63_G5_is2, Dir: /scratch/wmz2007/neuroinfo_fruitfly/fisbe/biapy-instance-scale/train/label
2026-08-11 20:18:31,569 - INFO     - save_and_log_data        : Saving raw to file: R38F04-20181005_63_G5_is3 , Dir: /scratch/wmz2007/neuroinfo_fruitfly/fisbe/biapy-instance-scale/train/raw
2026-08-11 20:18:31,569 - INFO     - save_and_log_data        : Saving label to file: R38F04-20181005_63_G5_is3, Dir: /scratch/wmz2007/neuroinfo_fruitfly/fisbe/biapy-instance-scale/train/label
2026-08-11 20:18:31,570 - INFO     - process_samples          : /// Processing Sample [3 / 18]: R38F04-20181005_63_H1.zarr ///
2026-08-11 20:18:35,230 - INFO     - process_samples          : Number of augmentation jobs: 4
2026-08-11 20:18:39,651 - INFO     - save_and_log_data        : Saving raw to file: R38F04-20181005_63_H1_is0 , Dir: /scratch/wmz2007/neuroinfo_fruitfly/fisbe/biapy-instance-scale/train/raw
2026-08-11 20:18:39,651 - INFO     - save_and_log_data        : Saving label to file: R38F04-20181005_63_H1_is0, Dir: /scratch/wmz2007/neuroinfo_fruitfly/fisbe/biapy-instance-scale/train/label
2026-08-11 20:18:44,338 - INFO     - save_and_log_data        : Saving raw to file: R38F04-20181005_63_H1_is1 , Dir: /scratch/wmz2007/neuroinfo_fruitfly/fisbe/biapy-instance-scale/train/raw
2026-08-11 20:18:44,338 - INFO     - save_and_log_data        : Saving label to file: R38F04-20181005_63_H1_is1, Dir: /scratch/wmz2007/neuroinfo_fruitfly/fisbe/biapy-instance-scale/train/label
2026-08-11 20:18:48,960 - INFO     - save_and_log_data        : Saving raw to file: R38F04-20181005_63_H1_is2 , Dir: /scratch/wmz2007/neuroinfo_fruitfly/fisbe/biapy-instance-scale/train/raw
2026-08-11 20:18:48,960 - INFO     - save_and_log_data        : Saving label to file: R38F04-20181005_63_H1_is2, Dir: /scratch/wmz2007/neuroinfo_fruitfly/fisbe/biapy-instance-scale/train/label
2026-08-11 20:18:56,329 - INFO     - save_and_log_data        : Saving raw to file: R38F04-20181005_63_H1_is3 , Dir: /scratch/wmz2007/neuroinfo_fruitfly/fisbe/biapy-instance-scale/train/raw
2026-08-11 20:18:56,329 - INFO     - save_and_log_data        : Saving label to file: R38F04-20181005_63_H1_is3, Dir: /scratch/wmz2007/neuroinfo_fruitfly/fisbe/biapy-instance-scale/train/label
2026-08-11 20:18:56,330 - INFO     - process_samples          : /// Processing Sample [4 / 18]: R53A10-20181019_64_A4.zarr ///
2026-08-11 20:18:59,287 - INFO     - process_samples          : Number of augmentation jobs: 4
2026-08-11 20:19:03,554 - INFO     - save_and_log_data        : Saving raw to file: R53A10-20181019_64_A4_is0 , Dir: /scratch/wmz2007/neuroinfo_fruitfly/fisbe/biapy-instance-scale/train/raw
2026-08-11 20:19:03,555 - INFO     - save_and_log_data        : Saving label to file: R53A10-20181019_64_A4_is0, Dir: /scratch/wmz2007/neuroinfo_fruitfly/fisbe/biapy-instance-scale/train/label
2026-08-11 20:19:07,551 - INFO     - save_and_log_data        : Saving raw to file: R53A10-20181019_64_A4_is1 , Dir: /scratch/wmz2007/neuroinfo_fruitfly/fisbe/biapy-instance-scale/train/raw
2026-08-11 20:19:07,551 - INFO     - save_and_log_data        : Saving label to file: R53A10-20181019_64_A4_is1, Dir: /scratch/wmz2007/neuroinfo_fruitfly/fisbe/biapy-instance-scale/train/label
2026-08-11 20:19:11,593 - INFO     - save_and_log_data        : Saving raw to file: R53A10-20181019_64_A4_is2 , Dir: /scratch/wmz2007/neuroinfo_fruitfly/fisbe/biapy-instance-scale/train/raw
2026-08-11 20:19:11,593 - INFO     - save_and_log_data        : Saving label to file: R53A10-20181019_64_A4_is2, Dir: /scratch/wmz2007/neuroinfo_fruitfly/fisbe/biapy-instance-scale/train/label
2026-08-11 20:19:15,710 - INFO     - save_and_log_data        : Saving raw to file: R53A10-20181019_64_A4_is3 , Dir: /scratch/wmz2007/neuroinfo_fruitfly/fisbe/biapy-instance-scale/train/raw
2026-08-11 20:19:15,710 - INFO     - save_and_log_data        : Saving label to file: R53A10-20181019_64_A4_is3, Dir: /scratch/wmz2007/neuroinfo_fruitfly/fisbe/biapy-instance-scale/train/label
2026-08-11 20:19:15,712 - INFO     - process_samples          : /// Processing Sample [5 / 18]: R75E01-20181030_64_D1.zarr ///
2026-08-11 20:19:20,460 - INFO     - process_samples          : Number of augmentation jobs: 4
2026-08-11 20:19:30,389 - INFO     - save_and_log_data        : Saving raw to file: R75E01-20181030_64_D1_is0 , Dir: /scratch/wmz2007/neuroinfo_fruitfly/fisbe/biapy-instance-scale/train/raw
2026-08-11 20:19:30,390 - INFO     - save_and_log_data        : Saving label to file: R75E01-20181030_64_D1_is0, Dir: /scratch/wmz2007/neuroinfo_fruitfly/fisbe/biapy-instance-scale/train/label
2026-08-11 20:19:39,675 - INFO     - save_and_log_data        : Saving raw to file: R75E01-20181030_64_D1_is1 , Dir: /scratch/wmz2007/neuroinfo_fruitfly/fisbe/biapy-instance-scale/train/raw
2026-08-11 20:19:39,675 - INFO     - save_and_log_data        : Saving label to file: R75E01-20181030_64_D1_is1, Dir: /scratch/wmz2007/neuroinfo_fruitfly/fisbe/biapy-instance-scale/train/label
2026-08-11 20:19:47,823 - INFO     - save_and_log_data        : Saving raw to file: R75E01-20181030_64_D1_is2 , Dir: /scratch/wmz2007/neuroinfo_fruitfly/fisbe/biapy-instance-scale/train/raw
2026-08-11 20:19:47,824 - INFO     - save_and_log_data        : Saving label to file: R75E01-20181030_64_D1_is2, Dir: /scratch/wmz2007/neuroinfo_fruitfly/fisbe/biapy-instance-scale/train/label
2026-08-11 20:19:55,222 - INFO     - save_and_log_data        : Saving raw to file: R75E01-20181030_64_D1_is3 , Dir: /scratch/wmz2007/neuroinfo_fruitfly/fisbe/biapy-instance-scale/train/raw
2026-08-11 20:19:55,222 - INFO     - save_and_log_data        : Saving label to file: R75E01-20181030_64_D1_is3, Dir: /scratch/wmz2007/neuroinfo_fruitfly/fisbe/biapy-instance-scale/train/label
2026-08-11 20:19:55,223 - INFO     - process_samples          : /// Processing Sample [6 / 18]: VT008647-20171222_63_D1.zarr ///
2026-08-11 20:20:01,253 - INFO     - process_samples          : Number of augmentation jobs: 4
2026-08-11 20:20:14,905 - INFO     - save_and_log_data        : Saving raw to file: VT008647-20171222_63_D1_is0 , Dir: /scratch/wmz2007/neuroinfo_fruitfly/fisbe/biapy-instance-scale/train/raw
2026-08-11 20:20:14,905 - INFO     - save_and_log_data        : Saving label to file: VT008647-20171222_63_D1_is0, Dir: /scratch/wmz2007/neuroinfo_fruitfly/fisbe/biapy-instance-scale/train/label
2026-08-11 20:20:28,544 - INFO     - save_and_log_data        : Saving raw to file: VT008647-20171222_63_D1_is1 , Dir: /scratch/wmz2007/neuroinfo_fruitfly/fisbe/biapy-instance-scale/train/raw
2026-08-11 20:20:28,544 - INFO     - save_and_log_data        : Saving label to file: VT008647-20171222_63_D1_is1, Dir: /scratch/wmz2007/neuroinfo_fruitfly/fisbe/biapy-instance-scale/train/label
2026-08-11 20:20:42,532 - INFO     - save_and_log_data        : Saving raw to file: VT008647-20171222_63_D1_is2 , Dir: /scratch/wmz2007/neuroinfo_fruitfly/fisbe/biapy-instance-scale/train/raw
2026-08-11 20:20:42,532 - INFO     - save_and_log_data        : Saving label to file: VT008647-20171222_63_D1_is2, Dir: /scratch/wmz2007/neuroinfo_fruitfly/fisbe/biapy-instance-scale/train/label
2026-08-11 20:20:56,118 - INFO     - save_and_log_data        : Saving raw to file: VT008647-20171222_63_D1_is3 , Dir: /scratch/wmz2007/neuroinfo_fruitfly/fisbe/biapy-instance-scale/train/raw
2026-08-11 20:20:56,119 - INFO     - process_samples          : /// Processing Sample [7 / 18]: VT008647-20171222_63_D2.zarr ///
2026-08-11 20:20:56,119 - INFO     - save_and_log_data        : Saving label to file: VT008647-20171222_63_D1_is3, Dir: /scratch/wmz2007/neuroinfo_fruitfly/fisbe/biapy-instance-scale/train/label
2026-08-11 20:21:01,932 - INFO     - process_samples          : Number of augmentation jobs: 4
2026-08-11 20:21:10,384 - INFO     - save_and_log_data        : Saving raw to file: VT008647-20171222_63_D2_is0 , Dir: /scratch/wmz2007/neuroinfo_fruitfly/fisbe/biapy-instance-scale/train/raw
2026-08-11 20:21:10,384 - INFO     - save_and_log_data        : Saving label to file: VT008647-20171222_63_D2_is0, Dir: /scratch/wmz2007/neuroinfo_fruitfly/fisbe/biapy-instance-scale/train/label
2026-08-11 20:21:18,834 - INFO     - save_and_log_data        : Saving raw to file: VT008647-20171222_63_D2_is1 , Dir: /scratch/wmz2007/neuroinfo_fruitfly/fisbe/biapy-instance-scale/train/raw
2026-08-11 20:21:18,835 - INFO     - save_and_log_data        : Saving label to file: VT008647-20171222_63_D2_is1, Dir: /scratch/wmz2007/neuroinfo_fruitfly/fisbe/biapy-instance-scale/train/label
2026-08-11 20:21:27,412 - INFO     - save_and_log_data        : Saving raw to file: VT008647-20171222_63_D2_is2 , Dir: /scratch/wmz2007/neuroinfo_fruitfly/fisbe/biapy-instance-scale/train/raw
2026-08-11 20:21:27,413 - INFO     - save_and_log_data        : Saving label to file: VT008647-20171222_63_D2_is2, Dir: /scratch/wmz2007/neuroinfo_fruitfly/fisbe/biapy-instance-scale/train/label
2026-08-11 20:21:36,011 - INFO     - save_and_log_data        : Saving raw to file: VT008647-20171222_63_D2_is3 , Dir: /scratch/wmz2007/neuroinfo_fruitfly/fisbe/biapy-instance-scale/train/raw
2026-08-11 20:21:36,011 - INFO     - save_and_log_data        : Saving label to file: VT008647-20171222_63_D2_is3, Dir: /scratch/wmz2007/neuroinfo_fruitfly/fisbe/biapy-instance-scale/train/label
2026-08-11 20:21:36,012 - INFO     - process_samples          : /// Processing Sample [8 / 18]: VT008647-20171222_63_E1.zarr ///
2026-08-11 20:21:42,346 - INFO     - process_samples          : Number of augmentation jobs: 4
2026-08-11 20:21:52,710 - INFO     - save_and_log_data        : Saving raw to file: VT008647-20171222_63_E1_is0 , Dir: /scratch/wmz2007/neuroinfo_fruitfly/fisbe/biapy-instance-scale/train/raw
2026-08-11 20:21:52,710 - INFO     - save_and_log_data        : Saving label to file: VT008647-20171222_63_E1_is0, Dir: /scratch/wmz2007/neuroinfo_fruitfly/fisbe/biapy-instance-scale/train/label
2026-08-11 20:22:03,161 - INFO     - save_and_log_data        : Saving raw to file: VT008647-20171222_63_E1_is1 , Dir: /scratch/wmz2007/neuroinfo_fruitfly/fisbe/biapy-instance-scale/train/raw
2026-08-11 20:22:03,161 - INFO     - save_and_log_data        : Saving label to file: VT008647-20171222_63_E1_is1, Dir: /scratch/wmz2007/neuroinfo_fruitfly/fisbe/biapy-instance-scale/train/label
2026-08-11 20:22:13,658 - INFO     - save_and_log_data        : Saving raw to file: VT008647-20171222_63_E1_is2 , Dir: /scratch/wmz2007/neuroinfo_fruitfly/fisbe/biapy-instance-scale/train/raw
2026-08-11 20:22:13,658 - INFO     - save_and_log_data        : Saving label to file: VT008647-20171222_63_E1_is2, Dir: /scratch/wmz2007/neuroinfo_fruitfly/fisbe/biapy-instance-scale/train/label
2026-08-11 20:22:24,320 - INFO     - save_and_log_data        : Saving raw to file: VT008647-20171222_63_E1_is3 , Dir: /scratch/wmz2007/neuroinfo_fruitfly/fisbe/biapy-instance-scale/train/raw
2026-08-11 20:22:24,321 - INFO     - save_and_log_data        : Saving label to file: VT008647-20171222_63_E1_is3, Dir: /scratch/wmz2007/neuroinfo_fruitfly/fisbe/biapy-instance-scale/train/label
2026-08-11 20:22:24,321 - INFO     - process_samples          : /// Processing Sample [9 / 18]: VT019303-20171013_65_B6.zarr ///
2026-08-11 20:22:27,689 - INFO     - process_samples          : Number of augmentation jobs: 4
2026-08-11 20:22:32,378 - INFO     - save_and_log_data        : Saving raw to file: VT019303-20171013_65_B6_is0 , Dir: /scratch/wmz2007/neuroinfo_fruitfly/fisbe/biapy-instance-scale/train/raw
2026-08-11 20:22:32,378 - INFO     - save_and_log_data        : Saving label to file: VT019303-20171013_65_B6_is0, Dir: /scratch/wmz2007/neuroinfo_fruitfly/fisbe/biapy-instance-scale/train/label
2026-08-11 20:22:37,307 - INFO     - save_and_log_data        : Saving raw to file: VT019303-20171013_65_B6_is1 , Dir: /scratch/wmz2007/neuroinfo_fruitfly/fisbe/biapy-instance-scale/train/raw
2026-08-11 20:22:37,307 - INFO     - save_and_log_data        : Saving label to file: VT019303-20171013_65_B6_is1, Dir: /scratch/wmz2007/neuroinfo_fruitfly/fisbe/biapy-instance-scale/train/label
2026-08-11 20:22:42,192 - INFO     - save_and_log_data        : Saving raw to file: VT019303-20171013_65_B6_is2 , Dir: /scratch/wmz2007/neuroinfo_fruitfly/fisbe/biapy-instance-scale/train/raw
2026-08-11 20:22:42,193 - INFO     - save_and_log_data        : Saving label to file: VT019303-20171013_65_B6_is2, Dir: /scratch/wmz2007/neuroinfo_fruitfly/fisbe/biapy-instance-scale/train/label
2026-08-11 20:22:47,248 - INFO     - save_and_log_data        : Saving raw to file: VT019303-20171013_65_B6_is3 , Dir: /scratch/wmz2007/neuroinfo_fruitfly/fisbe/biapy-instance-scale/train/raw
2026-08-11 20:22:47,248 - INFO     - save_and_log_data        : Saving label to file: VT019303-20171013_65_B6_is3, Dir: /scratch/wmz2007/neuroinfo_fruitfly/fisbe/biapy-instance-scale/train/label
2026-08-11 20:22:47,248 - INFO     - process_samples          : /// Processing Sample [10 / 18]: VT019307-20171013_65_F1.zarr ///
2026-08-11 20:22:52,905 - INFO     - process_samples          : Number of augmentation jobs: 4
2026-08-11 20:23:01,167 - INFO     - save_and_log_data        : Saving raw to file: VT019307-20171013_65_F1_is0 , Dir: /scratch/wmz2007/neuroinfo_fruitfly/fisbe/biapy-instance-scale/train/raw
2026-08-11 20:23:01,167 - INFO     - save_and_log_data        : Saving label to file: VT019307-20171013_65_F1_is0, Dir: /scratch/wmz2007/neuroinfo_fruitfly/fisbe/biapy-instance-scale/train/label
2026-08-11 20:23:09,619 - INFO     - save_and_log_data        : Saving raw to file: VT019307-20171013_65_F1_is1 , Dir: /scratch/wmz2007/neuroinfo_fruitfly/fisbe/biapy-instance-scale/train/raw
2026-08-11 20:23:09,619 - INFO     - save_and_log_data        : Saving label to file: VT019307-20171013_65_F1_is1, Dir: /scratch/wmz2007/neuroinfo_fruitfly/fisbe/biapy-instance-scale/train/label
2026-08-11 20:23:18,205 - INFO     - save_and_log_data        : Saving raw to file: VT019307-20171013_65_F1_is2 , Dir: /scratch/wmz2007/neuroinfo_fruitfly/fisbe/biapy-instance-scale/train/raw
2026-08-11 20:23:18,205 - INFO     - save_and_log_data        : Saving label to file: VT019307-20171013_65_F1_is2, Dir: /scratch/wmz2007/neuroinfo_fruitfly/fisbe/biapy-instance-scale/train/label
2026-08-11 20:23:26,683 - INFO     - save_and_log_data        : Saving raw to file: VT019307-20171013_65_F1_is3 , Dir: /scratch/wmz2007/neuroinfo_fruitfly/fisbe/biapy-instance-scale/train/raw
2026-08-11 20:23:26,683 - INFO     - save_and_log_data        : Saving label to file: VT019307-20171013_65_F1_is3, Dir: /scratch/wmz2007/neuroinfo_fruitfly/fisbe/biapy-instance-scale/train/label
2026-08-11 20:23:26,684 - INFO     - process_samples          : /// Processing Sample [11 / 18]: VT033051-20171128_61_E2.zarr ///
2026-08-11 20:23:30,058 - INFO     - process_samples          : Number of augmentation jobs: 4
2026-08-11 20:23:35,336 - INFO     - save_and_log_data        : Saving raw to file: VT033051-20171128_61_E2_is0 , Dir: /scratch/wmz2007/neuroinfo_fruitfly/fisbe/biapy-instance-scale/train/raw
2026-08-11 20:23:35,337 - INFO     - save_and_log_data        : Saving label to file: VT033051-20171128_61_E2_is0, Dir: /scratch/wmz2007/neuroinfo_fruitfly/fisbe/biapy-instance-scale/train/label
2026-08-11 20:23:40,831 - INFO     - save_and_log_data        : Saving raw to file: VT033051-20171128_61_E2_is1 , Dir: /scratch/wmz2007/neuroinfo_fruitfly/fisbe/biapy-instance-scale/train/raw
2026-08-11 20:23:40,832 - INFO     - save_and_log_data        : Saving label to file: VT033051-20171128_61_E2_is1, Dir: /scratch/wmz2007/neuroinfo_fruitfly/fisbe/biapy-instance-scale/train/label
2026-08-11 20:23:46,286 - INFO     - save_and_log_data        : Saving raw to file: VT033051-20171128_61_E2_is2 , Dir: /scratch/wmz2007/neuroinfo_fruitfly/fisbe/biapy-instance-scale/train/raw
2026-08-11 20:23:46,286 - INFO     - save_and_log_data        : Saving label to file: VT033051-20171128_61_E2_is2, Dir: /scratch/wmz2007/neuroinfo_fruitfly/fisbe/biapy-instance-scale/train/label
2026-08-11 20:23:51,832 - INFO     - save_and_log_data        : Saving raw to file: VT033051-20171128_61_E2_is3 , Dir: /scratch/wmz2007/neuroinfo_fruitfly/fisbe/biapy-instance-scale/train/raw
2026-08-11 20:23:51,833 - INFO     - save_and_log_data        : Saving label to file: VT033051-20171128_61_E2_is3, Dir: /scratch/wmz2007/neuroinfo_fruitfly/fisbe/biapy-instance-scale/train/label
2026-08-11 20:23:51,833 - INFO     - process_samples          : /// Processing Sample [12 / 18]: VT033051-20171128_61_E4.zarr ///
2026-08-11 20:23:55,015 - INFO     - process_samples          : Number of augmentation jobs: 4
2026-08-11 20:23:59,048 - INFO     - save_and_log_data        : Saving raw to file: VT033051-20171128_61_E4_is0 , Dir: /scratch/wmz2007/neuroinfo_fruitfly/fisbe/biapy-instance-scale/train/raw
2026-08-11 20:23:59,048 - INFO     - save_and_log_data        : Saving label to file: VT033051-20171128_61_E4_is0, Dir: /scratch/wmz2007/neuroinfo_fruitfly/fisbe/biapy-instance-scale/train/label
2026-08-11 20:24:03,258 - INFO     - save_and_log_data        : Saving raw to file: VT033051-20171128_61_E4_is1 , Dir: /scratch/wmz2007/neuroinfo_fruitfly/fisbe/biapy-instance-scale/train/raw
2026-08-11 20:24:03,258 - INFO     - save_and_log_data        : Saving label to file: VT033051-20171128_61_E4_is1, Dir: /scratch/wmz2007/neuroinfo_fruitfly/fisbe/biapy-instance-scale/train/label
2026-08-11 20:24:07,513 - INFO     - save_and_log_data        : Saving raw to file: VT033051-20171128_61_E4_is2 , Dir: /scratch/wmz2007/neuroinfo_fruitfly/fisbe/biapy-instance-scale/train/raw
2026-08-11 20:24:07,513 - INFO     - save_and_log_data        : Saving label to file: VT033051-20171128_61_E4_is2, Dir: /scratch/wmz2007/neuroinfo_fruitfly/fisbe/biapy-instance-scale/train/label
2026-08-11 20:24:11,671 - INFO     - save_and_log_data        : Saving raw to file: VT033051-20171128_61_E4_is3 , Dir: /scratch/wmz2007/neuroinfo_fruitfly/fisbe/biapy-instance-scale/train/raw
2026-08-11 20:24:11,671 - INFO     - save_and_log_data        : Saving label to file: VT033051-20171128_61_E4_is3, Dir: /scratch/wmz2007/neuroinfo_fruitfly/fisbe/biapy-instance-scale/train/label
2026-08-11 20:24:11,671 - INFO     - process_samples          : /// Processing Sample [13 / 18]: VT040433-20170919_63_D6.zarr ///
2026-08-11 20:24:17,937 - INFO     - process_samples          : Number of augmentation jobs: 4
2026-08-11 20:24:27,335 - INFO     - save_and_log_data        : Saving raw to file: VT040433-20170919_63_D6_is0 , Dir: /scratch/wmz2007/neuroinfo_fruitfly/fisbe/biapy-instance-scale/train/raw
2026-08-11 20:24:27,335 - INFO     - save_and_log_data        : Saving label to file: VT040433-20170919_63_D6_is0, Dir: /scratch/wmz2007/neuroinfo_fruitfly/fisbe/biapy-instance-scale/train/label
2026-08-11 20:24:36,959 - INFO     - save_and_log_data        : Saving raw to file: VT040433-20170919_63_D6_is1 , Dir: /scratch/wmz2007/neuroinfo_fruitfly/fisbe/biapy-instance-scale/train/raw
2026-08-11 20:24:36,959 - INFO     - save_and_log_data        : Saving label to file: VT040433-20170919_63_D6_is1, Dir: /scratch/wmz2007/neuroinfo_fruitfly/fisbe/biapy-instance-scale/train/label
2026-08-11 20:24:46,684 - INFO     - save_and_log_data        : Saving raw to file: VT040433-20170919_63_D6_is2 , Dir: /scratch/wmz2007/neuroinfo_fruitfly/fisbe/biapy-instance-scale/train/raw
2026-08-11 20:24:46,685 - INFO     - save_and_log_data        : Saving label to file: VT040433-20170919_63_D6_is2, Dir: /scratch/wmz2007/neuroinfo_fruitfly/fisbe/biapy-instance-scale/train/label
2026-08-11 20:24:56,217 - INFO     - save_and_log_data        : Saving raw to file: VT040433-20170919_63_D6_is3 , Dir: /scratch/wmz2007/neuroinfo_fruitfly/fisbe/biapy-instance-scale/train/raw
2026-08-11 20:24:56,217 - INFO     - save_and_log_data        : Saving label to file: VT040433-20170919_63_D6_is3, Dir: /scratch/wmz2007/neuroinfo_fruitfly/fisbe/biapy-instance-scale/train/label
2026-08-11 20:24:56,218 - INFO     - process_samples          : /// Processing Sample [14 / 18]: VT047848-20171020_66_I2.zarr ///
2026-08-11 20:25:02,935 - INFO     - process_samples          : Number of augmentation jobs: 4
2026-08-11 20:25:12,742 - INFO     - save_and_log_data        : Saving raw to file: VT047848-20171020_66_I2_is0 , Dir: /scratch/wmz2007/neuroinfo_fruitfly/fisbe/biapy-instance-scale/train/raw
2026-08-11 20:25:12,742 - INFO     - save_and_log_data        : Saving label to file: VT047848-20171020_66_I2_is0, Dir: /scratch/wmz2007/neuroinfo_fruitfly/fisbe/biapy-instance-scale/train/label
2026-08-11 20:25:22,921 - INFO     - save_and_log_data        : Saving raw to file: VT047848-20171020_66_I2_is1 , Dir: /scratch/wmz2007/neuroinfo_fruitfly/fisbe/biapy-instance-scale/train/raw
2026-08-11 20:25:22,922 - INFO     - save_and_log_data        : Saving label to file: VT047848-20171020_66_I2_is1, Dir: /scratch/wmz2007/neuroinfo_fruitfly/fisbe/biapy-instance-scale/train/label
2026-08-11 20:25:33,071 - INFO     - save_and_log_data        : Saving raw to file: VT047848-20171020_66_I2_is2 , Dir: /scratch/wmz2007/neuroinfo_fruitfly/fisbe/biapy-instance-scale/train/raw
2026-08-11 20:25:33,071 - INFO     - save_and_log_data        : Saving label to file: VT047848-20171020_66_I2_is2, Dir: /scratch/wmz2007/neuroinfo_fruitfly/fisbe/biapy-instance-scale/train/label
2026-08-11 20:25:43,130 - INFO     - save_and_log_data        : Saving raw to file: VT047848-20171020_66_I2_is3 , Dir: /scratch/wmz2007/neuroinfo_fruitfly/fisbe/biapy-instance-scale/train/raw
2026-08-11 20:25:43,130 - INFO     - save_and_log_data        : Saving label to file: VT047848-20171020_66_I2_is3, Dir: /scratch/wmz2007/neuroinfo_fruitfly/fisbe/biapy-instance-scale/train/label
2026-08-11 20:25:43,132 - INFO     - process_samples          : /// Processing Sample [15 / 18]: VT047848-20171020_66_I3.zarr ///
2026-08-11 20:25:48,790 - INFO     - process_samples          : Number of augmentation jobs: 4
2026-08-11 20:25:59,158 - INFO     - save_and_log_data        : Saving raw to file: VT047848-20171020_66_I3_is0 , Dir: /scratch/wmz2007/neuroinfo_fruitfly/fisbe/biapy-instance-scale/train/raw
2026-08-11 20:25:59,158 - INFO     - save_and_log_data        : Saving label to file: VT047848-20171020_66_I3_is0, Dir: /scratch/wmz2007/neuroinfo_fruitfly/fisbe/biapy-instance-scale/train/label
2026-08-11 20:26:09,902 - INFO     - save_and_log_data        : Saving raw to file: VT047848-20171020_66_I3_is1 , Dir: /scratch/wmz2007/neuroinfo_fruitfly/fisbe/biapy-instance-scale/train/raw
2026-08-11 20:26:09,902 - INFO     - save_and_log_data        : Saving label to file: VT047848-20171020_66_I3_is1, Dir: /scratch/wmz2007/neuroinfo_fruitfly/fisbe/biapy-instance-scale/train/label
2026-08-11 20:26:20,752 - INFO     - save_and_log_data        : Saving raw to file: VT047848-20171020_66_I3_is2 , Dir: /scratch/wmz2007/neuroinfo_fruitfly/fisbe/biapy-instance-scale/train/raw
2026-08-11 20:26:20,752 - INFO     - save_and_log_data        : Saving label to file: VT047848-20171020_66_I3_is2, Dir: /scratch/wmz2007/neuroinfo_fruitfly/fisbe/biapy-instance-scale/train/label
2026-08-11 20:26:31,496 - INFO     - save_and_log_data        : Saving raw to file: VT047848-20171020_66_I3_is3 , Dir: /scratch/wmz2007/neuroinfo_fruitfly/fisbe/biapy-instance-scale/train/raw
2026-08-11 20:26:31,496 - INFO     - save_and_log_data        : Saving label to file: VT047848-20171020_66_I3_is3, Dir: /scratch/wmz2007/neuroinfo_fruitfly/fisbe/biapy-instance-scale/train/label
2026-08-11 20:26:31,497 - INFO     - process_samples          : /// Processing Sample [16 / 18]: VT047848-20171020_66_I5.zarr ///
2026-08-11 20:26:47,974 - INFO     - process_samples          : Number of augmentation jobs: 4
2026-08-11 20:27:15,965 - INFO     - save_and_log_data        : Saving raw to file: VT047848-20171020_66_I5_is0 , Dir: /scratch/wmz2007/neuroinfo_fruitfly/fisbe/biapy-instance-scale/train/raw
2026-08-11 20:27:15,965 - INFO     - save_and_log_data        : Saving label to file: VT047848-20171020_66_I5_is0, Dir: /scratch/wmz2007/neuroinfo_fruitfly/fisbe/biapy-instance-scale/train/label
2026-08-11 20:27:43,654 - INFO     - save_and_log_data        : Saving raw to file: VT047848-20171020_66_I5_is1 , Dir: /scratch/wmz2007/neuroinfo_fruitfly/fisbe/biapy-instance-scale/train/raw
2026-08-11 20:27:43,654 - INFO     - save_and_log_data        : Saving label to file: VT047848-20171020_66_I5_is1, Dir: /scratch/wmz2007/neuroinfo_fruitfly/fisbe/biapy-instance-scale/train/label
2026-08-11 20:28:13,408 - INFO     - save_and_log_data        : Saving raw to file: VT047848-20171020_66_I5_is2 , Dir: /scratch/wmz2007/neuroinfo_fruitfly/fisbe/biapy-instance-scale/train/raw
2026-08-11 20:28:13,408 - INFO     - save_and_log_data        : Saving label to file: VT047848-20171020_66_I5_is2, Dir: /scratch/wmz2007/neuroinfo_fruitfly/fisbe/biapy-instance-scale/train/label
2026-08-11 20:28:42,059 - INFO     - save_and_log_data        : Saving raw to file: VT047848-20171020_66_I5_is3 , Dir: /scratch/wmz2007/neuroinfo_fruitfly/fisbe/biapy-instance-scale/train/raw
2026-08-11 20:28:42,059 - INFO     - process_samples          : /// Processing Sample [17 / 18]: VT047848-20171020_66_J2.zarr ///
2026-08-11 20:28:42,060 - INFO     - save_and_log_data        : Saving label to file: VT047848-20171020_66_I5_is3, Dir: /scratch/wmz2007/neuroinfo_fruitfly/fisbe/biapy-instance-scale/train/label
2026-08-11 20:28:51,566 - INFO     - process_samples          : Number of augmentation jobs: 4
2026-08-11 20:29:04,623 - INFO     - save_and_log_data        : Saving raw to file: VT047848-20171020_66_J2_is0 , Dir: /scratch/wmz2007/neuroinfo_fruitfly/fisbe/biapy-instance-scale/train/raw
2026-08-11 20:29:04,623 - INFO     - save_and_log_data        : Saving label to file: VT047848-20171020_66_J2_is0, Dir: /scratch/wmz2007/neuroinfo_fruitfly/fisbe/biapy-instance-scale/train/label
2026-08-11 20:29:18,611 - INFO     - save_and_log_data        : Saving raw to file: VT047848-20171020_66_J2_is1 , Dir: /scratch/wmz2007/neuroinfo_fruitfly/fisbe/biapy-instance-scale/train/raw
2026-08-11 20:29:18,611 - INFO     - save_and_log_data        : Saving label to file: VT047848-20171020_66_J2_is1, Dir: /scratch/wmz2007/neuroinfo_fruitfly/fisbe/biapy-instance-scale/train/label
2026-08-11 20:29:32,904 - INFO     - save_and_log_data        : Saving raw to file: VT047848-20171020_66_J2_is2 , Dir: /scratch/wmz2007/neuroinfo_fruitfly/fisbe/biapy-instance-scale/train/raw
2026-08-11 20:29:32,904 - INFO     - save_and_log_data        : Saving label to file: VT047848-20171020_66_J2_is2, Dir: /scratch/wmz2007/neuroinfo_fruitfly/fisbe/biapy-instance-scale/train/label
2026-08-11 20:29:47,937 - INFO     - save_and_log_data        : Saving raw to file: VT047848-20171020_66_J2_is3 , Dir: /scratch/wmz2007/neuroinfo_fruitfly/fisbe/biapy-instance-scale/train/raw
2026-08-11 20:29:47,938 - INFO     - save_and_log_data        : Saving label to file: VT047848-20171020_66_J2_is3, Dir: /scratch/wmz2007/neuroinfo_fruitfly/fisbe/biapy-instance-scale/train/label
2026-08-11 20:29:47,940 - INFO     - process_samples          : /// Processing Sample [18 / 18]: VT061467-20180911_62_E5.zarr ///
2026-08-11 20:29:52,864 - INFO     - process_samples          : Number of augmentation jobs: 4
2026-08-11 20:29:59,431 - INFO     - save_and_log_data        : Saving raw to file: VT061467-20180911_62_E5_is0 , Dir: /scratch/wmz2007/neuroinfo_fruitfly/fisbe/biapy-instance-scale/train/raw
2026-08-11 20:29:59,431 - INFO     - save_and_log_data        : Saving label to file: VT061467-20180911_62_E5_is0, Dir: /scratch/wmz2007/neuroinfo_fruitfly/fisbe/biapy-instance-scale/train/label
2026-08-11 20:30:06,201 - INFO     - save_and_log_data        : Saving raw to file: VT061467-20180911_62_E5_is1 , Dir: /scratch/wmz2007/neuroinfo_fruitfly/fisbe/biapy-instance-scale/train/raw
2026-08-11 20:30:06,202 - INFO     - save_and_log_data        : Saving label to file: VT061467-20180911_62_E5_is1, Dir: /scratch/wmz2007/neuroinfo_fruitfly/fisbe/biapy-instance-scale/train/label
2026-08-11 20:30:12,920 - INFO     - save_and_log_data        : Saving raw to file: VT061467-20180911_62_E5_is2 , Dir: /scratch/wmz2007/neuroinfo_fruitfly/fisbe/biapy-instance-scale/train/raw
2026-08-11 20:30:12,920 - INFO     - save_and_log_data        : Saving label to file: VT061467-20180911_62_E5_is2, Dir: /scratch/wmz2007/neuroinfo_fruitfly/fisbe/biapy-instance-scale/train/label
2026-08-11 20:30:19,709 - INFO     - save_and_log_data        : Saving raw to file: VT061467-20180911_62_E5_is3 , Dir: /scratch/wmz2007/neuroinfo_fruitfly/fisbe/biapy-instance-scale/train/raw
2026-08-11 20:30:19,709 - INFO     - save_and_log_data        : Saving label to file: VT061467-20180911_62_E5_is3, Dir: /scratch/wmz2007/neuroinfo_fruitfly/fisbe/biapy-instance-scale/train/label
2026-08-11 20:30:21,555 - INFO     - main                     : Converting val, Found (5 volumes), Processing None
2026-08-11 20:30:21,564 - INFO     - convert_split            : Save workers: 12
2026-08-11 20:30:21,564 - INFO     - convert_split            : Augmentations enabled: True
2026-08-11 20:30:21,565 - INFO     - process_samples          : /// Processing Sample [1 / 5]: R22C03-20180918_66_J2.zarr ///
2026-08-11 20:30:23,544 - INFO     - process_samples          : Number of augmentation jobs: 4
2026-08-11 20:30:27,663 - INFO     - save_and_log_data        : Saving raw to file: R22C03-20180918_66_J2_is0 , Dir: /scratch/wmz2007/neuroinfo_fruitfly/fisbe/biapy-instance-scale/val/raw
2026-08-11 20:30:27,664 - INFO     - save_and_log_data        : Saving label to file: R22C03-20180918_66_J2_is0, Dir: /scratch/wmz2007/neuroinfo_fruitfly/fisbe/biapy-instance-scale/val/label
2026-08-11 20:30:31,928 - INFO     - save_and_log_data        : Saving raw to file: R22C03-20180918_66_J2_is1 , Dir: /scratch/wmz2007/neuroinfo_fruitfly/fisbe/biapy-instance-scale/val/raw
2026-08-11 20:30:31,929 - INFO     - save_and_log_data        : Saving label to file: R22C03-20180918_66_J2_is1, Dir: /scratch/wmz2007/neuroinfo_fruitfly/fisbe/biapy-instance-scale/val/label
2026-08-11 20:30:36,179 - INFO     - save_and_log_data        : Saving raw to file: R22C03-20180918_66_J2_is2 , Dir: /scratch/wmz2007/neuroinfo_fruitfly/fisbe/biapy-instance-scale/val/raw
2026-08-11 20:30:36,179 - INFO     - save_and_log_data        : Saving label to file: R22C03-20180918_66_J2_is2, Dir: /scratch/wmz2007/neuroinfo_fruitfly/fisbe/biapy-instance-scale/val/label
2026-08-11 20:30:40,490 - INFO     - save_and_log_data        : Saving raw to file: R22C03-20180918_66_J2_is3 , Dir: /scratch/wmz2007/neuroinfo_fruitfly/fisbe/biapy-instance-scale/val/raw
2026-08-11 20:30:40,490 - INFO     - save_and_log_data        : Saving label to file: R22C03-20180918_66_J2_is3, Dir: /scratch/wmz2007/neuroinfo_fruitfly/fisbe/biapy-instance-scale/val/label
2026-08-11 20:30:40,490 - INFO     - process_samples          : /// Processing Sample [2 / 5]: VT012403-20171128_61_B2.zarr ///
2026-08-11 20:30:44,861 - INFO     - process_samples          : Number of augmentation jobs: 4
2026-08-11 20:30:51,441 - INFO     - save_and_log_data        : Saving raw to file: VT012403-20171128_61_B2_is0 , Dir: /scratch/wmz2007/neuroinfo_fruitfly/fisbe/biapy-instance-scale/val/raw
2026-08-11 20:30:51,441 - INFO     - save_and_log_data        : Saving label to file: VT012403-20171128_61_B2_is0, Dir: /scratch/wmz2007/neuroinfo_fruitfly/fisbe/biapy-instance-scale/val/label
2026-08-11 20:30:58,268 - INFO     - save_and_log_data        : Saving raw to file: VT012403-20171128_61_B2_is1 , Dir: /scratch/wmz2007/neuroinfo_fruitfly/fisbe/biapy-instance-scale/val/raw
2026-08-11 20:30:58,268 - INFO     - save_and_log_data        : Saving label to file: VT012403-20171128_61_B2_is1, Dir: /scratch/wmz2007/neuroinfo_fruitfly/fisbe/biapy-instance-scale/val/label
2026-08-11 20:31:05,599 - INFO     - save_and_log_data        : Saving raw to file: VT012403-20171128_61_B2_is2 , Dir: /scratch/wmz2007/neuroinfo_fruitfly/fisbe/biapy-instance-scale/val/raw
2026-08-11 20:31:05,599 - INFO     - save_and_log_data        : Saving label to file: VT012403-20171128_61_B2_is2, Dir: /scratch/wmz2007/neuroinfo_fruitfly/fisbe/biapy-instance-scale/val/label
2026-08-11 20:31:13,745 - INFO     - save_and_log_data        : Saving raw to file: VT012403-20171128_61_B2_is3 , Dir: /scratch/wmz2007/neuroinfo_fruitfly/fisbe/biapy-instance-scale/val/raw
2026-08-11 20:31:13,745 - INFO     - save_and_log_data        : Saving label to file: VT012403-20171128_61_B2_is3, Dir: /scratch/wmz2007/neuroinfo_fruitfly/fisbe/biapy-instance-scale/val/label
2026-08-11 20:31:13,746 - INFO     - process_samples          : /// Processing Sample [3 / 5]: VT033614-20171124_64_H1.zarr ///
2026-08-11 20:31:17,459 - INFO     - process_samples          : Number of augmentation jobs: 4
2026-08-11 20:31:24,649 - INFO     - save_and_log_data        : Saving raw to file: VT033614-20171124_64_H1_is0 , Dir: /scratch/wmz2007/neuroinfo_fruitfly/fisbe/biapy-instance-scale/val/raw
2026-08-11 20:31:24,649 - INFO     - save_and_log_data        : Saving label to file: VT033614-20171124_64_H1_is0, Dir: /scratch/wmz2007/neuroinfo_fruitfly/fisbe/biapy-instance-scale/val/label
2026-08-11 20:31:31,860 - INFO     - save_and_log_data        : Saving raw to file: VT033614-20171124_64_H1_is1 , Dir: /scratch/wmz2007/neuroinfo_fruitfly/fisbe/biapy-instance-scale/val/raw
2026-08-11 20:31:31,860 - INFO     - save_and_log_data        : Saving label to file: VT033614-20171124_64_H1_is1, Dir: /scratch/wmz2007/neuroinfo_fruitfly/fisbe/biapy-instance-scale/val/label
2026-08-11 20:31:38,396 - INFO     - save_and_log_data        : Saving raw to file: VT033614-20171124_64_H1_is2 , Dir: /scratch/wmz2007/neuroinfo_fruitfly/fisbe/biapy-instance-scale/val/raw
2026-08-11 20:31:38,396 - INFO     - save_and_log_data        : Saving label to file: VT033614-20171124_64_H1_is2, Dir: /scratch/wmz2007/neuroinfo_fruitfly/fisbe/biapy-instance-scale/val/label
2026-08-11 20:31:44,472 - INFO     - save_and_log_data        : Saving raw to file: VT033614-20171124_64_H1_is3 , Dir: /scratch/wmz2007/neuroinfo_fruitfly/fisbe/biapy-instance-scale/val/raw
2026-08-11 20:31:44,473 - INFO     - save_and_log_data        : Saving label to file: VT033614-20171124_64_H1_is3, Dir: /scratch/wmz2007/neuroinfo_fruitfly/fisbe/biapy-instance-scale/val/label
2026-08-11 20:31:44,473 - INFO     - process_samples          : /// Processing Sample [4 / 5]: VT033614-20171124_64_H5.zarr ///
2026-08-11 20:31:48,035 - INFO     - process_samples          : Number of augmentation jobs: 4
2026-08-11 20:31:53,292 - INFO     - save_and_log_data        : Saving raw to file: VT033614-20171124_64_H5_is0 , Dir: /scratch/wmz2007/neuroinfo_fruitfly/fisbe/biapy-instance-scale/val/raw
2026-08-11 20:31:53,292 - INFO     - save_and_log_data        : Saving label to file: VT033614-20171124_64_H5_is0, Dir: /scratch/wmz2007/neuroinfo_fruitfly/fisbe/biapy-instance-scale/val/label
2026-08-11 20:31:58,630 - INFO     - save_and_log_data        : Saving raw to file: VT033614-20171124_64_H5_is1 , Dir: /scratch/wmz2007/neuroinfo_fruitfly/fisbe/biapy-instance-scale/val/raw
2026-08-11 20:31:58,630 - INFO     - save_and_log_data        : Saving label to file: VT033614-20171124_64_H5_is1, Dir: /scratch/wmz2007/neuroinfo_fruitfly/fisbe/biapy-instance-scale/val/label
2026-08-11 20:32:05,364 - INFO     - save_and_log_data        : Saving raw to file: VT033614-20171124_64_H5_is2 , Dir: /scratch/wmz2007/neuroinfo_fruitfly/fisbe/biapy-instance-scale/val/raw
2026-08-11 20:32:05,364 - INFO     - save_and_log_data        : Saving label to file: VT033614-20171124_64_H5_is2, Dir: /scratch/wmz2007/neuroinfo_fruitfly/fisbe/biapy-instance-scale/val/label
2026-08-11 20:32:12,290 - INFO     - save_and_log_data        : Saving raw to file: VT033614-20171124_64_H5_is3 , Dir: /scratch/wmz2007/neuroinfo_fruitfly/fisbe/biapy-instance-scale/val/raw
2026-08-11 20:32:12,290 - INFO     - save_and_log_data        : Saving label to file: VT033614-20171124_64_H5_is3, Dir: /scratch/wmz2007/neuroinfo_fruitfly/fisbe/biapy-instance-scale/val/label
2026-08-11 20:32:12,291 - INFO     - process_samples          : /// Processing Sample [5 / 5]: VT041298-20171114_63_C3.zarr ///
2026-08-11 20:32:17,377 - INFO     - process_samples          : Number of augmentation jobs: 4
2026-08-11 20:32:27,180 - INFO     - save_and_log_data        : Saving raw to file: VT041298-20171114_63_C3_is0 , Dir: /scratch/wmz2007/neuroinfo_fruitfly/fisbe/biapy-instance-scale/val/raw
2026-08-11 20:32:27,180 - INFO     - save_and_log_data        : Saving label to file: VT041298-20171114_63_C3_is0, Dir: /scratch/wmz2007/neuroinfo_fruitfly/fisbe/biapy-instance-scale/val/label
2026-08-11 20:32:36,442 - INFO     - save_and_log_data        : Saving raw to file: VT041298-20171114_63_C3_is1 , Dir: /scratch/wmz2007/neuroinfo_fruitfly/fisbe/biapy-instance-scale/val/raw
2026-08-11 20:32:36,442 - INFO     - save_and_log_data        : Saving label to file: VT041298-20171114_63_C3_is1, Dir: /scratch/wmz2007/neuroinfo_fruitfly/fisbe/biapy-instance-scale/val/label
2026-08-11 20:32:45,137 - INFO     - save_and_log_data        : Saving raw to file: VT041298-20171114_63_C3_is2 , Dir: /scratch/wmz2007/neuroinfo_fruitfly/fisbe/biapy-instance-scale/val/raw
2026-08-11 20:32:45,138 - INFO     - save_and_log_data        : Saving label to file: VT041298-20171114_63_C3_is2, Dir: /scratch/wmz2007/neuroinfo_fruitfly/fisbe/biapy-instance-scale/val/label
2026-08-11 20:32:53,543 - INFO     - save_and_log_data        : Saving raw to file: VT041298-20171114_63_C3_is3 , Dir: /scratch/wmz2007/neuroinfo_fruitfly/fisbe/biapy-instance-scale/val/raw
2026-08-11 20:32:53,544 - INFO     - save_and_log_data        : Saving label to file: VT041298-20171114_63_C3_is3, Dir: /scratch/wmz2007/neuroinfo_fruitfly/fisbe/biapy-instance-scale/val/label
2026-08-11 20:32:55,094 - INFO     - main                     : Converting test, Found (7 volumes), Processing None
2026-08-11 20:32:55,103 - INFO     - convert_split            : Save workers: 12
2026-08-11 20:32:55,103 - INFO     - convert_split            : Augmentations enabled: True
2026-08-11 20:32:55,104 - INFO     - process_samples          : /// Processing Sample [1 / 7]: JRC_SS04989-20160318_24_A2.zarr ///
2026-08-11 20:32:58,274 - INFO     - process_samples          : Number of augmentation jobs: 4
2026-08-11 20:33:03,299 - INFO     - save_and_log_data        : Saving raw to file: JRC_SS04989-20160318_24_A2_is0 , Dir: /scratch/wmz2007/neuroinfo_fruitfly/fisbe/biapy-instance-scale/test/raw
2026-08-11 20:33:03,299 - INFO     - save_and_log_data        : Saving label to file: JRC_SS04989-20160318_24_A2_is0, Dir: /scratch/wmz2007/neuroinfo_fruitfly/fisbe/biapy-instance-scale/test/label
2026-08-11 20:33:08,545 - INFO     - save_and_log_data        : Saving raw to file: JRC_SS04989-20160318_24_A2_is1 , Dir: /scratch/wmz2007/neuroinfo_fruitfly/fisbe/biapy-instance-scale/test/raw
2026-08-11 20:33:08,546 - INFO     - save_and_log_data        : Saving label to file: JRC_SS04989-20160318_24_A2_is1, Dir: /scratch/wmz2007/neuroinfo_fruitfly/fisbe/biapy-instance-scale/test/label
2026-08-11 20:33:13,691 - INFO     - save_and_log_data        : Saving raw to file: JRC_SS04989-20160318_24_A2_is2 , Dir: /scratch/wmz2007/neuroinfo_fruitfly/fisbe/biapy-instance-scale/test/raw
2026-08-11 20:33:13,691 - INFO     - save_and_log_data        : Saving label to file: JRC_SS04989-20160318_24_A2_is2, Dir: /scratch/wmz2007/neuroinfo_fruitfly/fisbe/biapy-instance-scale/test/label
2026-08-11 20:33:20,032 - INFO     - save_and_log_data        : Saving raw to file: JRC_SS04989-20160318_24_A2_is3 , Dir: /scratch/wmz2007/neuroinfo_fruitfly/fisbe/biapy-instance-scale/test/raw
2026-08-11 20:33:20,032 - INFO     - save_and_log_data        : Saving label to file: JRC_SS04989-20160318_24_A2_is3, Dir: /scratch/wmz2007/neuroinfo_fruitfly/fisbe/biapy-instance-scale/test/label
2026-08-11 20:33:20,033 - INFO     - process_samples          : /// Processing Sample [2 / 7]: R14A02-20180905_65_A6.zarr ///
2026-08-11 20:33:25,774 - INFO     - process_samples          : Number of augmentation jobs: 4
2026-08-11 20:33:36,619 - INFO     - save_and_log_data        : Saving raw to file: R14A02-20180905_65_A6_is0 , Dir: /scratch/wmz2007/neuroinfo_fruitfly/fisbe/biapy-instance-scale/test/raw
2026-08-11 20:33:36,619 - INFO     - save_and_log_data        : Saving label to file: R14A02-20180905_65_A6_is0, Dir: /scratch/wmz2007/neuroinfo_fruitfly/fisbe/biapy-instance-scale/test/label
2026-08-11 20:33:47,369 - INFO     - save_and_log_data        : Saving raw to file: R14A02-20180905_65_A6_is1 , Dir: /scratch/wmz2007/neuroinfo_fruitfly/fisbe/biapy-instance-scale/test/raw
2026-08-11 20:33:47,369 - INFO     - save_and_log_data        : Saving label to file: R14A02-20180905_65_A6_is1, Dir: /scratch/wmz2007/neuroinfo_fruitfly/fisbe/biapy-instance-scale/test/label
2026-08-11 20:33:56,681 - INFO     - save_and_log_data        : Saving raw to file: R14A02-20180905_65_A6_is2 , Dir: /scratch/wmz2007/neuroinfo_fruitfly/fisbe/biapy-instance-scale/test/raw
2026-08-11 20:33:56,681 - INFO     - save_and_log_data        : Saving label to file: R14A02-20180905_65_A6_is2, Dir: /scratch/wmz2007/neuroinfo_fruitfly/fisbe/biapy-instance-scale/test/label
2026-08-11 20:34:06,047 - INFO     - save_and_log_data        : Saving raw to file: R14A02-20180905_65_A6_is3 , Dir: /scratch/wmz2007/neuroinfo_fruitfly/fisbe/biapy-instance-scale/test/raw
2026-08-11 20:34:06,048 - INFO     - save_and_log_data        : Saving label to file: R14A02-20180905_65_A6_is3, Dir: /scratch/wmz2007/neuroinfo_fruitfly/fisbe/biapy-instance-scale/test/label
2026-08-11 20:34:06,049 - INFO     - process_samples          : /// Processing Sample [3 / 7]: R54A09-20181019_64_H1.zarr ///
2026-08-11 20:34:08,189 - INFO     - process_samples          : Number of augmentation jobs: 4
2026-08-11 20:34:11,727 - INFO     - save_and_log_data        : Saving raw to file: R54A09-20181019_64_H1_is0 , Dir: /scratch/wmz2007/neuroinfo_fruitfly/fisbe/biapy-instance-scale/test/raw
2026-08-11 20:34:11,727 - INFO     - save_and_log_data        : Saving label to file: R54A09-20181019_64_H1_is0, Dir: /scratch/wmz2007/neuroinfo_fruitfly/fisbe/biapy-instance-scale/test/label
2026-08-11 20:34:15,316 - INFO     - save_and_log_data        : Saving raw to file: R54A09-20181019_64_H1_is1 , Dir: /scratch/wmz2007/neuroinfo_fruitfly/fisbe/biapy-instance-scale/test/raw
2026-08-11 20:34:15,316 - INFO     - save_and_log_data        : Saving label to file: R54A09-20181019_64_H1_is1, Dir: /scratch/wmz2007/neuroinfo_fruitfly/fisbe/biapy-instance-scale/test/label
2026-08-11 20:34:19,323 - INFO     - save_and_log_data        : Saving raw to file: R54A09-20181019_64_H1_is2 , Dir: /scratch/wmz2007/neuroinfo_fruitfly/fisbe/biapy-instance-scale/test/raw
2026-08-11 20:34:19,323 - INFO     - save_and_log_data        : Saving label to file: R54A09-20181019_64_H1_is2, Dir: /scratch/wmz2007/neuroinfo_fruitfly/fisbe/biapy-instance-scale/test/label
2026-08-11 20:34:23,310 - INFO     - save_and_log_data        : Saving raw to file: R54A09-20181019_64_H1_is3 , Dir: /scratch/wmz2007/neuroinfo_fruitfly/fisbe/biapy-instance-scale/test/raw
2026-08-11 20:34:23,310 - INFO     - save_and_log_data        : Saving label to file: R54A09-20181019_64_H1_is3, Dir: /scratch/wmz2007/neuroinfo_fruitfly/fisbe/biapy-instance-scale/test/label
2026-08-11 20:34:23,311 - INFO     - process_samples          : /// Processing Sample [4 / 7]: VT011145-20171222_63_I1.zarr ///
2026-08-11 20:34:30,060 - INFO     - process_samples          : Number of augmentation jobs: 4
2026-08-11 20:34:41,725 - INFO     - save_and_log_data        : Saving raw to file: VT011145-20171222_63_I1_is0 , Dir: /scratch/wmz2007/neuroinfo_fruitfly/fisbe/biapy-instance-scale/test/raw
2026-08-11 20:34:41,726 - INFO     - save_and_log_data        : Saving label to file: VT011145-20171222_63_I1_is0, Dir: /scratch/wmz2007/neuroinfo_fruitfly/fisbe/biapy-instance-scale/test/label
2026-08-11 20:34:53,547 - INFO     - save_and_log_data        : Saving raw to file: VT011145-20171222_63_I1_is1 , Dir: /scratch/wmz2007/neuroinfo_fruitfly/fisbe/biapy-instance-scale/test/raw
2026-08-11 20:34:53,547 - INFO     - save_and_log_data        : Saving label to file: VT011145-20171222_63_I1_is1, Dir: /scratch/wmz2007/neuroinfo_fruitfly/fisbe/biapy-instance-scale/test/label
2026-08-11 20:35:05,307 - INFO     - save_and_log_data        : Saving raw to file: VT011145-20171222_63_I1_is2 , Dir: /scratch/wmz2007/neuroinfo_fruitfly/fisbe/biapy-instance-scale/test/raw
2026-08-11 20:35:05,307 - INFO     - save_and_log_data        : Saving label to file: VT011145-20171222_63_I1_is2, Dir: /scratch/wmz2007/neuroinfo_fruitfly/fisbe/biapy-instance-scale/test/label
2026-08-11 20:35:17,071 - INFO     - save_and_log_data        : Saving raw to file: VT011145-20171222_63_I1_is3 , Dir: /scratch/wmz2007/neuroinfo_fruitfly/fisbe/biapy-instance-scale/test/raw
2026-08-11 20:35:17,072 - INFO     - save_and_log_data        : Saving label to file: VT011145-20171222_63_I1_is3, Dir: /scratch/wmz2007/neuroinfo_fruitfly/fisbe/biapy-instance-scale/test/label
2026-08-11 20:35:17,072 - INFO     - process_samples          : /// Processing Sample [5 / 7]: VT027175-20171031_62_H3.zarr ///
2026-08-11 20:35:20,023 - INFO     - process_samples          : Number of augmentation jobs: 4
2026-08-11 20:35:25,549 - INFO     - save_and_log_data        : Saving raw to file: VT027175-20171031_62_H3_is0 , Dir: /scratch/wmz2007/neuroinfo_fruitfly/fisbe/biapy-instance-scale/test/raw
2026-08-11 20:35:25,549 - INFO     - save_and_log_data        : Saving label to file: VT027175-20171031_62_H3_is0, Dir: /scratch/wmz2007/neuroinfo_fruitfly/fisbe/biapy-instance-scale/test/label
2026-08-11 20:35:31,285 - INFO     - save_and_log_data        : Saving raw to file: VT027175-20171031_62_H3_is1 , Dir: /scratch/wmz2007/neuroinfo_fruitfly/fisbe/biapy-instance-scale/test/raw
2026-08-11 20:35:31,286 - INFO     - save_and_log_data        : Saving label to file: VT027175-20171031_62_H3_is1, Dir: /scratch/wmz2007/neuroinfo_fruitfly/fisbe/biapy-instance-scale/test/label
2026-08-11 20:35:37,820 - INFO     - save_and_log_data        : Saving raw to file: VT027175-20171031_62_H3_is2 , Dir: /scratch/wmz2007/neuroinfo_fruitfly/fisbe/biapy-instance-scale/test/raw
2026-08-11 20:35:37,821 - INFO     - save_and_log_data        : Saving label to file: VT027175-20171031_62_H3_is2, Dir: /scratch/wmz2007/neuroinfo_fruitfly/fisbe/biapy-instance-scale/test/label
2026-08-11 20:35:44,332 - INFO     - save_and_log_data        : Saving raw to file: VT027175-20171031_62_H3_is3 , Dir: /scratch/wmz2007/neuroinfo_fruitfly/fisbe/biapy-instance-scale/test/raw
2026-08-11 20:35:44,332 - INFO     - save_and_log_data        : Saving label to file: VT027175-20171031_62_H3_is3, Dir: /scratch/wmz2007/neuroinfo_fruitfly/fisbe/biapy-instance-scale/test/label
2026-08-11 20:35:44,333 - INFO     - process_samples          : /// Processing Sample [6 / 7]: VT027175-20171031_62_H4.zarr ///
2026-08-11 20:35:49,605 - INFO     - process_samples          : Number of augmentation jobs: 4
2026-08-11 20:35:59,254 - INFO     - save_and_log_data        : Saving raw to file: VT027175-20171031_62_H4_is0 , Dir: /scratch/wmz2007/neuroinfo_fruitfly/fisbe/biapy-instance-scale/test/raw
2026-08-11 20:35:59,255 - INFO     - save_and_log_data        : Saving label to file: VT027175-20171031_62_H4_is0, Dir: /scratch/wmz2007/neuroinfo_fruitfly/fisbe/biapy-instance-scale/test/label
2026-08-11 20:36:08,809 - INFO     - save_and_log_data        : Saving raw to file: VT027175-20171031_62_H4_is1 , Dir: /scratch/wmz2007/neuroinfo_fruitfly/fisbe/biapy-instance-scale/test/raw
2026-08-11 20:36:08,809 - INFO     - save_and_log_data        : Saving label to file: VT027175-20171031_62_H4_is1, Dir: /scratch/wmz2007/neuroinfo_fruitfly/fisbe/biapy-instance-scale/test/label
2026-08-11 20:36:17,966 - INFO     - save_and_log_data        : Saving raw to file: VT027175-20171031_62_H4_is2 , Dir: /scratch/wmz2007/neuroinfo_fruitfly/fisbe/biapy-instance-scale/test/raw
2026-08-11 20:36:17,967 - INFO     - save_and_log_data        : Saving label to file: VT027175-20171031_62_H4_is2, Dir: /scratch/wmz2007/neuroinfo_fruitfly/fisbe/biapy-instance-scale/test/label
2026-08-11 20:36:26,717 - INFO     - save_and_log_data        : Saving raw to file: VT027175-20171031_62_H4_is3 , Dir: /scratch/wmz2007/neuroinfo_fruitfly/fisbe/biapy-instance-scale/test/raw
2026-08-11 20:36:26,717 - INFO     - save_and_log_data        : Saving label to file: VT027175-20171031_62_H4_is3, Dir: /scratch/wmz2007/neuroinfo_fruitfly/fisbe/biapy-instance-scale/test/label
2026-08-11 20:36:26,718 - INFO     - process_samples          : /// Processing Sample [7 / 7]: VT050157-20171110_61_C1.zarr ///
2026-08-11 20:36:31,552 - INFO     - process_samples          : Number of augmentation jobs: 4
2026-08-11 20:36:38,290 - INFO     - save_and_log_data        : Saving raw to file: VT050157-20171110_61_C1_is0 , Dir: /scratch/wmz2007/neuroinfo_fruitfly/fisbe/biapy-instance-scale/test/raw
2026-08-11 20:36:38,290 - INFO     - save_and_log_data        : Saving label to file: VT050157-20171110_61_C1_is0, Dir: /scratch/wmz2007/neuroinfo_fruitfly/fisbe/biapy-instance-scale/test/label
2026-08-11 20:36:45,129 - INFO     - save_and_log_data        : Saving raw to file: VT050157-20171110_61_C1_is1 , Dir: /scratch/wmz2007/neuroinfo_fruitfly/fisbe/biapy-instance-scale/test/raw
2026-08-11 20:36:45,129 - INFO     - save_and_log_data        : Saving label to file: VT050157-20171110_61_C1_is1, Dir: /scratch/wmz2007/neuroinfo_fruitfly/fisbe/biapy-instance-scale/test/label
2026-08-11 20:36:52,461 - INFO     - save_and_log_data        : Saving raw to file: VT050157-20171110_61_C1_is2 , Dir: /scratch/wmz2007/neuroinfo_fruitfly/fisbe/biapy-instance-scale/test/raw
2026-08-11 20:36:52,461 - INFO     - save_and_log_data        : Saving label to file: VT050157-20171110_61_C1_is2, Dir: /scratch/wmz2007/neuroinfo_fruitfly/fisbe/biapy-instance-scale/test/label
2026-08-11 20:37:00,166 - INFO     - save_and_log_data        : Saving raw to file: VT050157-20171110_61_C1_is3 , Dir: /scratch/wmz2007/neuroinfo_fruitfly/fisbe/biapy-instance-scale/test/raw
2026-08-11 20:37:00,166 - INFO     - save_and_log_data        : Saving label to file: VT050157-20171110_61_C1_is3, Dir: /scratch/wmz2007/neuroinfo_fruitfly/fisbe/biapy-instance-scale/test/label
