Output Data to fisbe/biapy-py_data
running BiaPy/biapy_prep_tiff.py
2026-07-24 12:11:46,062 - INFO     - main                     : Removing directory: /scratch/wmz2007/neuroinfo_fruitfly/fisbe/biapy-py_data/test
2026-07-24 12:11:46,139 - INFO     - main                     : Converting test, Found (7 volumes), Processing None
2026-07-24 12:11:46,149 - INFO     - convert_split            : Processing Sample [1 / 7]: JRC_SS04989-20160318_24_A2.zarr
2026-07-24 12:12:03,033 - DEBUG    - merge_instance_masks     : merge_instance_masks
2026-07-24 12:12:03,033 - DEBUG    - merge_instance_masks     : 	before array.ndim: 4
2026-07-24 12:12:03,033 - DEBUG    - merge_instance_masks     : 	before array.shape: (3, 390, 680, 680)
2026-07-24 12:12:03,494 - DEBUG    - merge_instance_masks     : 	new merged.ndim: 3
2026-07-24 12:12:03,495 - DEBUG    - merge_instance_masks     : 	new merged.shape: (390, 680, 680)
2026-07-24 12:12:03,497 - DEBUG    - convert_split            : 	Saving - raw.shape: (1, 390, 680, 680, 3) raw_dir: /scratch/wmz2007/neuroinfo_fruitfly/fisbe/biapy-py_data/test/raw raw_names: JRC_SS04989-20160318_24_A2.zarr
2026-07-24 12:12:03,497 - DEBUG    - convert_split            : 	Saving - labels.shape: (1, 390, 680, 680, 1) lage_dir: /scratch/wmz2007/neuroinfo_fruitfly/fisbe/biapy-py_data/test/label label_names: JRC_SS04989-20160318_24_A2.zarr
Saving (1, 390, 680, 680, 3) data as .tif in folder: /scratch/wmz2007/neuroinfo_fruitfly/fisbe/biapy-py_data/test/raw
Saving (1, 390, 680, 680, 1) data as .tif in folder: /scratch/wmz2007/neuroinfo_fruitfly/fisbe/biapy-py_data/test/label
2026-07-24 12:12:25,031 - INFO     - convert_split            : Processing Sample [2 / 7]: R14A02-20180905_65_A6.zarr
2026-07-24 12:12:43,633 - DEBUG    - merge_instance_masks     : merge_instance_masks
2026-07-24 12:12:43,634 - DEBUG    - merge_instance_masks     : 	before array.ndim: 4
2026-07-24 12:12:43,634 - DEBUG    - merge_instance_masks     : 	before array.shape: (7, 385, 685, 686)
2026-07-24 12:12:44,664 - DEBUG    - merge_instance_masks     : 	new merged.ndim: 3
2026-07-24 12:12:44,664 - DEBUG    - merge_instance_masks     : 	new merged.shape: (385, 685, 686)
2026-07-24 12:12:44,668 - DEBUG    - convert_split            : 	Saving - raw.shape: (1, 385, 685, 686, 3) raw_dir: /scratch/wmz2007/neuroinfo_fruitfly/fisbe/biapy-py_data/test/raw raw_names: R14A02-20180905_65_A6.zarr
2026-07-24 12:12:44,668 - DEBUG    - convert_split            : 	Saving - labels.shape: (1, 385, 685, 686, 1) lage_dir: /scratch/wmz2007/neuroinfo_fruitfly/fisbe/biapy-py_data/test/label label_names: R14A02-20180905_65_A6.zarr
Saving (1, 385, 685, 686, 3) data as .tif in folder: /scratch/wmz2007/neuroinfo_fruitfly/fisbe/biapy-py_data/test/raw
Saving (1, 385, 685, 686, 1) data as .tif in folder: /scratch/wmz2007/neuroinfo_fruitfly/fisbe/biapy-py_data/test/label
2026-07-24 12:13:07,053 - INFO     - convert_split            : Processing Sample [3 / 7]: R54A09-20181019_64_H1.zarr
2026-07-24 12:13:13,483 - DEBUG    - merge_instance_masks     : merge_instance_masks
2026-07-24 12:13:13,483 - DEBUG    - merge_instance_masks     : 	before array.ndim: 4
2026-07-24 12:13:13,483 - DEBUG    - merge_instance_masks     : 	before array.shape: (1, 430, 683, 686)
2026-07-24 12:13:13,670 - DEBUG    - merge_instance_masks     : 	new merged.ndim: 3
2026-07-24 12:13:13,670 - DEBUG    - merge_instance_masks     : 	new merged.shape: (430, 683, 686)
2026-07-24 12:13:13,671 - DEBUG    - convert_split            : 	Saving - raw.shape: (1, 430, 683, 686, 3) raw_dir: /scratch/wmz2007/neuroinfo_fruitfly/fisbe/biapy-py_data/test/raw raw_names: R54A09-20181019_64_H1.zarr
2026-07-24 12:13:13,671 - DEBUG    - convert_split            : 	Saving - labels.shape: (1, 430, 683, 686, 1) lage_dir: /scratch/wmz2007/neuroinfo_fruitfly/fisbe/biapy-py_data/test/label label_names: R54A09-20181019_64_H1.zarr
Saving (1, 430, 683, 686, 3) data as .tif in folder: /scratch/wmz2007/neuroinfo_fruitfly/fisbe/biapy-py_data/test/raw
Saving (1, 430, 683, 686, 1) data as .tif in folder: /scratch/wmz2007/neuroinfo_fruitfly/fisbe/biapy-py_data/test/label
2026-07-24 12:13:29,862 - INFO     - convert_split            : Processing Sample [4 / 7]: VT011145-20171222_63_I1.zarr
2026-07-24 12:13:47,604 - DEBUG    - merge_instance_masks     : merge_instance_masks
2026-07-24 12:13:47,605 - DEBUG    - merge_instance_masks     : 	before array.ndim: 4
2026-07-24 12:13:47,605 - DEBUG    - merge_instance_masks     : 	before array.shape: (9, 417, 685, 685)
2026-07-24 12:13:49,047 - DEBUG    - merge_instance_masks     : 	new merged.ndim: 3
2026-07-24 12:13:49,047 - DEBUG    - merge_instance_masks     : 	new merged.shape: (417, 685, 685)
2026-07-24 12:13:49,052 - DEBUG    - convert_split            : 	Saving - raw.shape: (1, 417, 685, 685, 3) raw_dir: /scratch/wmz2007/neuroinfo_fruitfly/fisbe/biapy-py_data/test/raw raw_names: VT011145-20171222_63_I1.zarr
2026-07-24 12:13:49,052 - DEBUG    - convert_split            : 	Saving - labels.shape: (1, 417, 685, 685, 1) lage_dir: /scratch/wmz2007/neuroinfo_fruitfly/fisbe/biapy-py_data/test/label label_names: VT011145-20171222_63_I1.zarr
Saving (1, 417, 685, 685, 3) data as .tif in folder: /scratch/wmz2007/neuroinfo_fruitfly/fisbe/biapy-py_data/test/raw
Saving (1, 417, 685, 685, 1) data as .tif in folder: /scratch/wmz2007/neuroinfo_fruitfly/fisbe/biapy-py_data/test/label
2026-07-24 12:14:14,346 - INFO     - convert_split            : Processing Sample [5 / 7]: VT027175-20171031_62_H3.zarr
2026-07-24 12:14:23,282 - DEBUG    - merge_instance_masks     : merge_instance_masks
2026-07-24 12:14:23,282 - DEBUG    - merge_instance_masks     : 	before array.ndim: 4
2026-07-24 12:14:23,283 - DEBUG    - merge_instance_masks     : 	before array.shape: (3, 425, 687, 684)
2026-07-24 12:14:23,791 - DEBUG    - merge_instance_masks     : 	new merged.ndim: 3
2026-07-24 12:14:23,791 - DEBUG    - merge_instance_masks     : 	new merged.shape: (425, 687, 684)
2026-07-24 12:14:23,793 - DEBUG    - convert_split            : 	Saving - raw.shape: (1, 425, 687, 684, 3) raw_dir: /scratch/wmz2007/neuroinfo_fruitfly/fisbe/biapy-py_data/test/raw raw_names: VT027175-20171031_62_H3.zarr
2026-07-24 12:14:23,793 - DEBUG    - convert_split            : 	Saving - labels.shape: (1, 425, 687, 684, 1) lage_dir: /scratch/wmz2007/neuroinfo_fruitfly/fisbe/biapy-py_data/test/label label_names: VT027175-20171031_62_H3.zarr
Saving (1, 425, 687, 684, 3) data as .tif in folder: /scratch/wmz2007/neuroinfo_fruitfly/fisbe/biapy-py_data/test/raw
Saving (1, 425, 687, 684, 1) data as .tif in folder: /scratch/wmz2007/neuroinfo_fruitfly/fisbe/biapy-py_data/test/label
2026-07-24 12:14:54,107 - INFO     - convert_split            : Processing Sample [6 / 7]: VT027175-20171031_62_H4.zarr
2026-07-24 12:15:11,926 - DEBUG    - merge_instance_masks     : merge_instance_masks
2026-07-24 12:15:11,926 - DEBUG    - merge_instance_masks     : 	before array.ndim: 4
2026-07-24 12:15:11,926 - DEBUG    - merge_instance_masks     : 	before array.shape: (6, 409, 687, 684)
2026-07-24 12:15:12,911 - DEBUG    - merge_instance_masks     : 	new merged.ndim: 3
2026-07-24 12:15:12,911 - DEBUG    - merge_instance_masks     : 	new merged.shape: (409, 687, 684)
2026-07-24 12:15:12,914 - DEBUG    - convert_split            : 	Saving - raw.shape: (1, 409, 687, 684, 3) raw_dir: /scratch/wmz2007/neuroinfo_fruitfly/fisbe/biapy-py_data/test/raw raw_names: VT027175-20171031_62_H4.zarr
2026-07-24 12:15:12,914 - DEBUG    - convert_split            : 	Saving - labels.shape: (1, 409, 687, 684, 1) lage_dir: /scratch/wmz2007/neuroinfo_fruitfly/fisbe/biapy-py_data/test/label label_names: VT027175-20171031_62_H4.zarr
Saving (1, 409, 687, 684, 3) data as .tif in folder: /scratch/wmz2007/neuroinfo_fruitfly/fisbe/biapy-py_data/test/raw
Saving (1, 409, 687, 684, 1) data as .tif in folder: /scratch/wmz2007/neuroinfo_fruitfly/fisbe/biapy-py_data/test/label
2026-07-24 12:15:45,799 - INFO     - convert_split            : Processing Sample [7 / 7]: VT050157-20171110_61_C1.zarr
2026-07-24 12:16:00,480 - DEBUG    - merge_instance_masks     : merge_instance_masks
2026-07-24 12:16:00,480 - DEBUG    - merge_instance_masks     : 	before array.ndim: 4
2026-07-24 12:16:00,481 - DEBUG    - merge_instance_masks     : 	before array.shape: (5, 377, 683, 686)
2026-07-24 12:16:01,213 - DEBUG    - merge_instance_masks     : 	new merged.ndim: 3
2026-07-24 12:16:01,213 - DEBUG    - merge_instance_masks     : 	new merged.shape: (377, 683, 686)
2026-07-24 12:16:01,216 - DEBUG    - convert_split            : 	Saving - raw.shape: (1, 377, 683, 686, 3) raw_dir: /scratch/wmz2007/neuroinfo_fruitfly/fisbe/biapy-py_data/test/raw raw_names: VT050157-20171110_61_C1.zarr
2026-07-24 12:16:01,216 - DEBUG    - convert_split            : 	Saving - labels.shape: (1, 377, 683, 686, 1) lage_dir: /scratch/wmz2007/neuroinfo_fruitfly/fisbe/biapy-py_data/test/label label_names: VT050157-20171110_61_C1.zarr
Saving (1, 377, 683, 686, 3) data as .tif in folder: /scratch/wmz2007/neuroinfo_fruitfly/fisbe/biapy-py_data/test/raw
Saving (1, 377, 683, 686, 1) data as .tif in folder: /scratch/wmz2007/neuroinfo_fruitfly/fisbe/biapy-py_data/test/label
2026-07-24 12:16:27,811 - INFO     - main                     : Removing directory: /scratch/wmz2007/neuroinfo_fruitfly/fisbe/biapy-py_data/train
2026-07-24 12:16:28,016 - INFO     - main                     : Converting train, Found (18 volumes), Processing None
2026-07-24 12:16:28,030 - INFO     - convert_split            : Processing Sample [1 / 18]: R38F04-20181005_63_G3.zarr
2026-07-24 12:16:49,347 - DEBUG    - merge_instance_masks     : merge_instance_masks
2026-07-24 12:16:49,347 - DEBUG    - merge_instance_masks     : 	before array.ndim: 4
2026-07-24 12:16:49,347 - DEBUG    - merge_instance_masks     : 	before array.shape: (2, 431, 687, 684)
2026-07-24 12:16:49,703 - DEBUG    - merge_instance_masks     : 	new merged.ndim: 3
2026-07-24 12:16:49,703 - DEBUG    - merge_instance_masks     : 	new merged.shape: (431, 687, 684)
2026-07-24 12:16:49,705 - DEBUG    - convert_split            : 	Saving - raw.shape: (1, 431, 687, 684, 3) raw_dir: /scratch/wmz2007/neuroinfo_fruitfly/fisbe/biapy-py_data/train/raw raw_names: R38F04-20181005_63_G3.zarr
2026-07-24 12:16:49,705 - DEBUG    - convert_split            : 	Saving - labels.shape: (1, 431, 687, 684, 1) lage_dir: /scratch/wmz2007/neuroinfo_fruitfly/fisbe/biapy-py_data/train/label label_names: R38F04-20181005_63_G3.zarr
Saving (1, 431, 687, 684, 3) data as .tif in folder: /scratch/wmz2007/neuroinfo_fruitfly/fisbe/biapy-py_data/train/raw
Saving (1, 431, 687, 684, 1) data as .tif in folder: /scratch/wmz2007/neuroinfo_fruitfly/fisbe/biapy-py_data/train/label
2026-07-24 12:17:12,425 - INFO     - convert_split            : Processing Sample [2 / 18]: R38F04-20181005_63_G5.zarr
2026-07-24 12:17:29,127 - DEBUG    - merge_instance_masks     : merge_instance_masks
2026-07-24 12:17:29,127 - DEBUG    - merge_instance_masks     : 	before array.ndim: 4
2026-07-24 12:17:29,127 - DEBUG    - merge_instance_masks     : 	before array.shape: (3, 421, 687, 684)
2026-07-24 12:17:29,635 - DEBUG    - merge_instance_masks     : 	new merged.ndim: 3
2026-07-24 12:17:29,635 - DEBUG    - merge_instance_masks     : 	new merged.shape: (421, 687, 684)
2026-07-24 12:17:29,637 - DEBUG    - convert_split            : 	Saving - raw.shape: (1, 421, 687, 684, 3) raw_dir: /scratch/wmz2007/neuroinfo_fruitfly/fisbe/biapy-py_data/train/raw raw_names: R38F04-20181005_63_G5.zarr
2026-07-24 12:17:29,637 - DEBUG    - convert_split            : 	Saving - labels.shape: (1, 421, 687, 684, 1) lage_dir: /scratch/wmz2007/neuroinfo_fruitfly/fisbe/biapy-py_data/train/label label_names: R38F04-20181005_63_G5.zarr
Saving (1, 421, 687, 684, 3) data as .tif in folder: /scratch/wmz2007/neuroinfo_fruitfly/fisbe/biapy-py_data/train/raw
Saving (1, 421, 687, 684, 1) data as .tif in folder: /scratch/wmz2007/neuroinfo_fruitfly/fisbe/biapy-py_data/train/label
2026-07-24 12:17:53,336 - INFO     - convert_split            : Processing Sample [3 / 18]: R38F04-20181005_63_H1.zarr
2026-07-24 12:18:10,333 - DEBUG    - merge_instance_masks     : merge_instance_masks
2026-07-24 12:18:10,333 - DEBUG    - merge_instance_masks     : 	before array.ndim: 4
2026-07-24 12:18:10,333 - DEBUG    - merge_instance_masks     : 	before array.shape: (3, 399, 687, 684)
2026-07-24 12:18:10,824 - DEBUG    - merge_instance_masks     : 	new merged.ndim: 3
2026-07-24 12:18:10,824 - DEBUG    - merge_instance_masks     : 	new merged.shape: (399, 687, 684)
2026-07-24 12:18:10,826 - DEBUG    - convert_split            : 	Saving - raw.shape: (1, 399, 687, 684, 3) raw_dir: /scratch/wmz2007/neuroinfo_fruitfly/fisbe/biapy-py_data/train/raw raw_names: R38F04-20181005_63_H1.zarr
2026-07-24 12:18:10,826 - DEBUG    - convert_split            : 	Saving - labels.shape: (1, 399, 687, 684, 1) lage_dir: /scratch/wmz2007/neuroinfo_fruitfly/fisbe/biapy-py_data/train/label label_names: R38F04-20181005_63_H1.zarr
Saving (1, 399, 687, 684, 3) data as .tif in folder: /scratch/wmz2007/neuroinfo_fruitfly/fisbe/biapy-py_data/train/raw
Saving (1, 399, 687, 684, 1) data as .tif in folder: /scratch/wmz2007/neuroinfo_fruitfly/fisbe/biapy-py_data/train/label
2026-07-24 12:18:33,325 - INFO     - convert_split            : Processing Sample [4 / 18]: R53A10-20181019_64_A4.zarr
2026-07-24 12:18:49,019 - DEBUG    - merge_instance_masks     : merge_instance_masks
2026-07-24 12:18:49,019 - DEBUG    - merge_instance_masks     : 	before array.ndim: 4
2026-07-24 12:18:49,019 - DEBUG    - merge_instance_masks     : 	before array.shape: (1, 410, 683, 686)
2026-07-24 12:18:49,194 - DEBUG    - merge_instance_masks     : 	new merged.ndim: 3
2026-07-24 12:18:49,194 - DEBUG    - merge_instance_masks     : 	new merged.shape: (410, 683, 686)
2026-07-24 12:18:49,195 - DEBUG    - convert_split            : 	Saving - raw.shape: (1, 410, 683, 686, 3) raw_dir: /scratch/wmz2007/neuroinfo_fruitfly/fisbe/biapy-py_data/train/raw raw_names: R53A10-20181019_64_A4.zarr
2026-07-24 12:18:49,196 - DEBUG    - convert_split            : 	Saving - labels.shape: (1, 410, 683, 686, 1) lage_dir: /scratch/wmz2007/neuroinfo_fruitfly/fisbe/biapy-py_data/train/label label_names: R53A10-20181019_64_A4.zarr
Saving (1, 410, 683, 686, 3) data as .tif in folder: /scratch/wmz2007/neuroinfo_fruitfly/fisbe/biapy-py_data/train/raw
Saving (1, 410, 683, 686, 1) data as .tif in folder: /scratch/wmz2007/neuroinfo_fruitfly/fisbe/biapy-py_data/train/label
2026-07-24 12:19:13,010 - INFO     - convert_split            : Processing Sample [5 / 18]: R75E01-20181030_64_D1.zarr
2026-07-24 12:19:30,392 - DEBUG    - merge_instance_masks     : merge_instance_masks
2026-07-24 12:19:30,393 - DEBUG    - merge_instance_masks     : 	before array.ndim: 4
2026-07-24 12:19:30,393 - DEBUG    - merge_instance_masks     : 	before array.shape: (3, 401, 685, 685)
2026-07-24 12:19:30,871 - DEBUG    - merge_instance_masks     : 	new merged.ndim: 3
2026-07-24 12:19:30,871 - DEBUG    - merge_instance_masks     : 	new merged.shape: (401, 685, 685)
2026-07-24 12:19:30,873 - DEBUG    - convert_split            : 	Saving - raw.shape: (1, 401, 685, 685, 3) raw_dir: /scratch/wmz2007/neuroinfo_fruitfly/fisbe/biapy-py_data/train/raw raw_names: R75E01-20181030_64_D1.zarr
2026-07-24 12:19:30,873 - DEBUG    - convert_split            : 	Saving - labels.shape: (1, 401, 685, 685, 1) lage_dir: /scratch/wmz2007/neuroinfo_fruitfly/fisbe/biapy-py_data/train/label label_names: R75E01-20181030_64_D1.zarr
Saving (1, 401, 685, 685, 3) data as .tif in folder: /scratch/wmz2007/neuroinfo_fruitfly/fisbe/biapy-py_data/train/raw
Saving (1, 401, 685, 685, 1) data as .tif in folder: /scratch/wmz2007/neuroinfo_fruitfly/fisbe/biapy-py_data/train/label
2026-07-24 12:19:54,589 - INFO     - convert_split            : Processing Sample [6 / 18]: VT008647-20171222_63_D1.zarr
2026-07-24 12:20:13,567 - DEBUG    - merge_instance_masks     : merge_instance_masks
2026-07-24 12:20:13,567 - DEBUG    - merge_instance_masks     : 	before array.ndim: 4
2026-07-24 12:20:13,567 - DEBUG    - merge_instance_masks     : 	before array.shape: (7, 417, 685, 685)
2026-07-24 12:20:14,685 - DEBUG    - merge_instance_masks     : 	new merged.ndim: 3
2026-07-24 12:20:14,685 - DEBUG    - merge_instance_masks     : 	new merged.shape: (417, 685, 685)
2026-07-24 12:20:14,688 - DEBUG    - convert_split            : 	Saving - raw.shape: (1, 417, 685, 685, 3) raw_dir: /scratch/wmz2007/neuroinfo_fruitfly/fisbe/biapy-py_data/train/raw raw_names: VT008647-20171222_63_D1.zarr
2026-07-24 12:20:14,688 - DEBUG    - convert_split            : 	Saving - labels.shape: (1, 417, 685, 685, 1) lage_dir: /scratch/wmz2007/neuroinfo_fruitfly/fisbe/biapy-py_data/train/label label_names: VT008647-20171222_63_D1.zarr
Saving (1, 417, 685, 685, 3) data as .tif in folder: /scratch/wmz2007/neuroinfo_fruitfly/fisbe/biapy-py_data/train/raw
Saving (1, 417, 685, 685, 1) data as .tif in folder: /scratch/wmz2007/neuroinfo_fruitfly/fisbe/biapy-py_data/train/label
2026-07-24 12:20:41,728 - INFO     - convert_split            : Processing Sample [7 / 18]: VT008647-20171222_63_D2.zarr
2026-07-24 12:20:59,368 - DEBUG    - merge_instance_masks     : merge_instance_masks
2026-07-24 12:20:59,368 - DEBUG    - merge_instance_masks     : 	before array.ndim: 4
2026-07-24 12:20:59,368 - DEBUG    - merge_instance_masks     : 	before array.shape: (6, 412, 685, 685)
2026-07-24 12:21:00,331 - DEBUG    - merge_instance_masks     : 	new merged.ndim: 3
2026-07-24 12:21:00,331 - DEBUG    - merge_instance_masks     : 	new merged.shape: (412, 685, 685)
2026-07-24 12:21:00,334 - DEBUG    - convert_split            : 	Saving - raw.shape: (1, 412, 685, 685, 3) raw_dir: /scratch/wmz2007/neuroinfo_fruitfly/fisbe/biapy-py_data/train/raw raw_names: VT008647-20171222_63_D2.zarr
2026-07-24 12:21:00,334 - DEBUG    - convert_split            : 	Saving - labels.shape: (1, 412, 685, 685, 1) lage_dir: /scratch/wmz2007/neuroinfo_fruitfly/fisbe/biapy-py_data/train/label label_names: VT008647-20171222_63_D2.zarr
Saving (1, 412, 685, 685, 3) data as .tif in folder: /scratch/wmz2007/neuroinfo_fruitfly/fisbe/biapy-py_data/train/raw
Saving (1, 412, 685, 685, 1) data as .tif in folder: /scratch/wmz2007/neuroinfo_fruitfly/fisbe/biapy-py_data/train/label
2026-07-24 12:21:30,900 - INFO     - convert_split            : Processing Sample [8 / 18]: VT008647-20171222_63_E1.zarr
2026-07-24 12:21:49,169 - DEBUG    - merge_instance_masks     : merge_instance_masks
2026-07-24 12:21:49,169 - DEBUG    - merge_instance_masks     : 	before array.ndim: 4
2026-07-24 12:21:49,169 - DEBUG    - merge_instance_masks     : 	before array.shape: (8, 416, 685, 685)
2026-07-24 12:21:50,453 - DEBUG    - merge_instance_masks     : 	new merged.ndim: 3
2026-07-24 12:21:50,453 - DEBUG    - merge_instance_masks     : 	new merged.shape: (416, 685, 685)
2026-07-24 12:21:50,457 - DEBUG    - convert_split            : 	Saving - raw.shape: (1, 416, 685, 685, 3) raw_dir: /scratch/wmz2007/neuroinfo_fruitfly/fisbe/biapy-py_data/train/raw raw_names: VT008647-20171222_63_E1.zarr
2026-07-24 12:21:50,457 - DEBUG    - convert_split            : 	Saving - labels.shape: (1, 416, 685, 685, 1) lage_dir: /scratch/wmz2007/neuroinfo_fruitfly/fisbe/biapy-py_data/train/label label_names: VT008647-20171222_63_E1.zarr
Saving (1, 416, 685, 685, 3) data as .tif in folder: /scratch/wmz2007/neuroinfo_fruitfly/fisbe/biapy-py_data/train/raw
Saving (1, 416, 685, 685, 1) data as .tif in folder: /scratch/wmz2007/neuroinfo_fruitfly/fisbe/biapy-py_data/train/label
2026-07-24 12:22:17,316 - INFO     - convert_split            : Processing Sample [9 / 18]: VT019303-20171013_65_B6.zarr
2026-07-24 12:22:31,444 - DEBUG    - merge_instance_masks     : merge_instance_masks
2026-07-24 12:22:31,444 - DEBUG    - merge_instance_masks     : 	before array.ndim: 4
2026-07-24 12:22:31,444 - DEBUG    - merge_instance_masks     : 	before array.shape: (3, 362, 685, 686)
2026-07-24 12:22:31,881 - DEBUG    - merge_instance_masks     : 	new merged.ndim: 3
2026-07-24 12:22:31,882 - DEBUG    - merge_instance_masks     : 	new merged.shape: (362, 685, 686)
2026-07-24 12:22:31,883 - DEBUG    - convert_split            : 	Saving - raw.shape: (1, 362, 685, 686, 3) raw_dir: /scratch/wmz2007/neuroinfo_fruitfly/fisbe/biapy-py_data/train/raw raw_names: VT019303-20171013_65_B6.zarr
2026-07-24 12:22:31,883 - DEBUG    - convert_split            : 	Saving - labels.shape: (1, 362, 685, 686, 1) lage_dir: /scratch/wmz2007/neuroinfo_fruitfly/fisbe/biapy-py_data/train/label label_names: VT019303-20171013_65_B6.zarr
Saving (1, 362, 685, 686, 3) data as .tif in folder: /scratch/wmz2007/neuroinfo_fruitfly/fisbe/biapy-py_data/train/raw
Saving (1, 362, 685, 686, 1) data as .tif in folder: /scratch/wmz2007/neuroinfo_fruitfly/fisbe/biapy-py_data/train/label
2026-07-24 12:22:56,442 - INFO     - convert_split            : Processing Sample [10 / 18]: VT019307-20171013_65_F1.zarr
2026-07-24 12:23:14,320 - DEBUG    - merge_instance_masks     : merge_instance_masks
2026-07-24 12:23:14,320 - DEBUG    - merge_instance_masks     : 	before array.ndim: 4
2026-07-24 12:23:14,320 - DEBUG    - merge_instance_masks     : 	before array.shape: (6, 408, 685, 686)
2026-07-24 12:23:15,270 - DEBUG    - merge_instance_masks     : 	new merged.ndim: 3
2026-07-24 12:23:15,270 - DEBUG    - merge_instance_masks     : 	new merged.shape: (408, 685, 686)
2026-07-24 12:23:15,274 - DEBUG    - convert_split            : 	Saving - raw.shape: (1, 408, 685, 686, 3) raw_dir: /scratch/wmz2007/neuroinfo_fruitfly/fisbe/biapy-py_data/train/raw raw_names: VT019307-20171013_65_F1.zarr
2026-07-24 12:23:15,274 - DEBUG    - convert_split            : 	Saving - labels.shape: (1, 408, 685, 686, 1) lage_dir: /scratch/wmz2007/neuroinfo_fruitfly/fisbe/biapy-py_data/train/label label_names: VT019307-20171013_65_F1.zarr
Saving (1, 408, 685, 686, 3) data as .tif in folder: /scratch/wmz2007/neuroinfo_fruitfly/fisbe/biapy-py_data/train/raw
Saving (1, 408, 685, 686, 1) data as .tif in folder: /scratch/wmz2007/neuroinfo_fruitfly/fisbe/biapy-py_data/train/label
2026-07-24 12:23:41,225 - INFO     - convert_split            : Processing Sample [11 / 18]: VT033051-20171128_61_E2.zarr
2026-07-24 12:23:54,679 - DEBUG    - merge_instance_masks     : merge_instance_masks
2026-07-24 12:23:54,679 - DEBUG    - merge_instance_masks     : 	before array.ndim: 4
2026-07-24 12:23:54,679 - DEBUG    - merge_instance_masks     : 	before array.shape: (4, 345, 683, 686)
2026-07-24 12:23:55,222 - DEBUG    - merge_instance_masks     : 	new merged.ndim: 3
2026-07-24 12:23:55,222 - DEBUG    - merge_instance_masks     : 	new merged.shape: (345, 683, 686)
2026-07-24 12:23:55,224 - DEBUG    - convert_split            : 	Saving - raw.shape: (1, 345, 683, 686, 3) raw_dir: /scratch/wmz2007/neuroinfo_fruitfly/fisbe/biapy-py_data/train/raw raw_names: VT033051-20171128_61_E2.zarr
2026-07-24 12:23:55,224 - DEBUG    - convert_split            : 	Saving - labels.shape: (1, 345, 683, 686, 1) lage_dir: /scratch/wmz2007/neuroinfo_fruitfly/fisbe/biapy-py_data/train/label label_names: VT033051-20171128_61_E2.zarr
Saving (1, 345, 683, 686, 3) data as .tif in folder: /scratch/wmz2007/neuroinfo_fruitfly/fisbe/biapy-py_data/train/raw
Saving (1, 345, 683, 686, 1) data as .tif in folder: /scratch/wmz2007/neuroinfo_fruitfly/fisbe/biapy-py_data/train/label
2026-07-24 12:24:19,044 - INFO     - convert_split            : Processing Sample [12 / 18]: VT033051-20171128_61_E4.zarr
2026-07-24 12:24:31,824 - DEBUG    - merge_instance_masks     : merge_instance_masks
2026-07-24 12:24:31,824 - DEBUG    - merge_instance_masks     : 	before array.ndim: 4
2026-07-24 12:24:31,824 - DEBUG    - merge_instance_masks     : 	before array.shape: (2, 379, 683, 686)
2026-07-24 12:24:32,136 - DEBUG    - merge_instance_masks     : 	new merged.ndim: 3
2026-07-24 12:24:32,136 - DEBUG    - merge_instance_masks     : 	new merged.shape: (379, 683, 686)
2026-07-24 12:24:32,137 - DEBUG    - convert_split            : 	Saving - raw.shape: (1, 379, 683, 686, 3) raw_dir: /scratch/wmz2007/neuroinfo_fruitfly/fisbe/biapy-py_data/train/raw raw_names: VT033051-20171128_61_E4.zarr
2026-07-24 12:24:32,137 - DEBUG    - convert_split            : 	Saving - labels.shape: (1, 379, 683, 686, 1) lage_dir: /scratch/wmz2007/neuroinfo_fruitfly/fisbe/biapy-py_data/train/label label_names: VT033051-20171128_61_E4.zarr
Saving (1, 379, 683, 686, 3) data as .tif in folder: /scratch/wmz2007/neuroinfo_fruitfly/fisbe/biapy-py_data/train/raw
Saving (1, 379, 683, 686, 1) data as .tif in folder: /scratch/wmz2007/neuroinfo_fruitfly/fisbe/biapy-py_data/train/label
2026-07-24 12:24:52,235 - INFO     - convert_split            : Processing Sample [13 / 18]: VT040433-20170919_63_D6.zarr
2026-07-24 12:25:06,245 - DEBUG    - merge_instance_masks     : merge_instance_masks
2026-07-24 12:25:06,245 - DEBUG    - merge_instance_masks     : 	before array.ndim: 4
2026-07-24 12:25:06,245 - DEBUG    - merge_instance_masks     : 	before array.shape: (8, 372, 683, 686)
2026-07-24 12:25:07,469 - DEBUG    - merge_instance_masks     : 	new merged.ndim: 3
2026-07-24 12:25:07,469 - DEBUG    - merge_instance_masks     : 	new merged.shape: (372, 683, 686)
2026-07-24 12:25:07,474 - DEBUG    - convert_split            : 	Saving - raw.shape: (1, 372, 683, 686, 3) raw_dir: /scratch/wmz2007/neuroinfo_fruitfly/fisbe/biapy-py_data/train/raw raw_names: VT040433-20170919_63_D6.zarr
2026-07-24 12:25:07,474 - DEBUG    - convert_split            : 	Saving - labels.shape: (1, 372, 683, 686, 1) lage_dir: /scratch/wmz2007/neuroinfo_fruitfly/fisbe/biapy-py_data/train/label label_names: VT040433-20170919_63_D6.zarr
Saving (1, 372, 683, 686, 3) data as .tif in folder: /scratch/wmz2007/neuroinfo_fruitfly/fisbe/biapy-py_data/train/raw
Saving (1, 372, 683, 686, 1) data as .tif in folder: /scratch/wmz2007/neuroinfo_fruitfly/fisbe/biapy-py_data/train/label
2026-07-24 12:25:40,194 - INFO     - convert_split            : Processing Sample [14 / 18]: VT047848-20171020_66_I2.zarr
2026-07-24 12:26:05,518 - DEBUG    - merge_instance_masks     : merge_instance_masks
2026-07-24 12:26:05,518 - DEBUG    - merge_instance_masks     : 	before array.ndim: 4
2026-07-24 12:26:05,518 - DEBUG    - merge_instance_masks     : 	before array.shape: (4, 388, 889, 863)
2026-07-24 12:26:06,610 - DEBUG    - merge_instance_masks     : 	new merged.ndim: 3
2026-07-24 12:26:06,610 - DEBUG    - merge_instance_masks     : 	new merged.shape: (388, 889, 863)
2026-07-24 12:26:06,614 - DEBUG    - convert_split            : 	Saving - raw.shape: (1, 388, 889, 863, 3) raw_dir: /scratch/wmz2007/neuroinfo_fruitfly/fisbe/biapy-py_data/train/raw raw_names: VT047848-20171020_66_I2.zarr
2026-07-24 12:26:06,615 - DEBUG    - convert_split            : 	Saving - labels.shape: (1, 388, 889, 863, 1) lage_dir: /scratch/wmz2007/neuroinfo_fruitfly/fisbe/biapy-py_data/train/label label_names: VT047848-20171020_66_I2.zarr
Saving (1, 388, 889, 863, 3) data as .tif in folder: /scratch/wmz2007/neuroinfo_fruitfly/fisbe/biapy-py_data/train/raw
Saving (1, 388, 889, 863, 1) data as .tif in folder: /scratch/wmz2007/neuroinfo_fruitfly/fisbe/biapy-py_data/train/label
2026-07-24 12:26:49,733 - INFO     - convert_split            : Processing Sample [15 / 18]: VT047848-20171020_66_I3.zarr
2026-07-24 12:27:04,117 - DEBUG    - merge_instance_masks     : merge_instance_masks
2026-07-24 12:27:04,117 - DEBUG    - merge_instance_masks     : 	before array.ndim: 4
2026-07-24 12:27:04,117 - DEBUG    - merge_instance_masks     : 	before array.shape: (3, 390, 1058, 907)
2026-07-24 12:27:05,165 - DEBUG    - merge_instance_masks     : 	new merged.ndim: 3
2026-07-24 12:27:05,165 - DEBUG    - merge_instance_masks     : 	new merged.shape: (390, 1058, 907)
2026-07-24 12:27:05,169 - DEBUG    - convert_split            : 	Saving - raw.shape: (1, 390, 1058, 907, 3) raw_dir: /scratch/wmz2007/neuroinfo_fruitfly/fisbe/biapy-py_data/train/raw raw_names: VT047848-20171020_66_I3.zarr
2026-07-24 12:27:05,169 - DEBUG    - convert_split            : 	Saving - labels.shape: (1, 390, 1058, 907, 1) lage_dir: /scratch/wmz2007/neuroinfo_fruitfly/fisbe/biapy-py_data/train/label label_names: VT047848-20171020_66_I3.zarr
Saving (1, 390, 1058, 907, 3) data as .tif in folder: /scratch/wmz2007/neuroinfo_fruitfly/fisbe/biapy-py_data/train/raw
Saving (1, 390, 1058, 907, 1) data as .tif in folder: /scratch/wmz2007/neuroinfo_fruitfly/fisbe/biapy-py_data/train/label
2026-07-24 12:27:56,455 - INFO     - convert_split            : Processing Sample [16 / 18]: VT047848-20171020_66_I5.zarr
2026-07-24 12:28:31,675 - DEBUG    - merge_instance_masks     : merge_instance_masks
2026-07-24 12:28:31,675 - DEBUG    - merge_instance_masks     : 	before array.ndim: 4
2026-07-24 12:28:31,675 - DEBUG    - merge_instance_masks     : 	before array.shape: (12, 401, 982, 895)
2026-07-24 12:28:35,460 - DEBUG    - merge_instance_masks     : 	new merged.ndim: 3
2026-07-24 12:28:35,461 - DEBUG    - merge_instance_masks     : 	new merged.shape: (401, 982, 895)
2026-07-24 12:28:35,472 - DEBUG    - convert_split            : 	Saving - raw.shape: (1, 401, 982, 895, 3) raw_dir: /scratch/wmz2007/neuroinfo_fruitfly/fisbe/biapy-py_data/train/raw raw_names: VT047848-20171020_66_I5.zarr
2026-07-24 12:28:35,472 - DEBUG    - convert_split            : 	Saving - labels.shape: (1, 401, 982, 895, 1) lage_dir: /scratch/wmz2007/neuroinfo_fruitfly/fisbe/biapy-py_data/train/label label_names: VT047848-20171020_66_I5.zarr
Saving (1, 401, 982, 895, 3) data as .tif in folder: /scratch/wmz2007/neuroinfo_fruitfly/fisbe/biapy-py_data/train/raw
Saving (1, 401, 982, 895, 1) data as .tif in folder: /scratch/wmz2007/neuroinfo_fruitfly/fisbe/biapy-py_data/train/label
2026-07-24 12:29:18,502 - INFO     - convert_split            : Processing Sample [17 / 18]: VT047848-20171020_66_J2.zarr
2026-07-24 12:29:49,554 - DEBUG    - merge_instance_masks     : merge_instance_masks
2026-07-24 12:29:49,554 - DEBUG    - merge_instance_masks     : 	before array.ndim: 4
2026-07-24 12:29:49,554 - DEBUG    - merge_instance_masks     : 	before array.shape: (5, 404, 934, 911)
2026-07-24 12:29:51,109 - DEBUG    - merge_instance_masks     : 	new merged.ndim: 3
2026-07-24 12:29:51,110 - DEBUG    - merge_instance_masks     : 	new merged.shape: (404, 934, 911)
2026-07-24 12:29:51,115 - DEBUG    - convert_split            : 	Saving - raw.shape: (1, 404, 934, 911, 3) raw_dir: /scratch/wmz2007/neuroinfo_fruitfly/fisbe/biapy-py_data/train/raw raw_names: VT047848-20171020_66_J2.zarr
2026-07-24 12:29:51,115 - DEBUG    - convert_split            : 	Saving - labels.shape: (1, 404, 934, 911, 1) lage_dir: /scratch/wmz2007/neuroinfo_fruitfly/fisbe/biapy-py_data/train/label label_names: VT047848-20171020_66_J2.zarr
Saving (1, 404, 934, 911, 3) data as .tif in folder: /scratch/wmz2007/neuroinfo_fruitfly/fisbe/biapy-py_data/train/raw
Saving (1, 404, 934, 911, 1) data as .tif in folder: /scratch/wmz2007/neuroinfo_fruitfly/fisbe/biapy-py_data/train/label
2026-07-24 12:30:39,556 - INFO     - convert_split            : Processing Sample [18 / 18]: VT061467-20180911_62_E5.zarr
2026-07-24 12:30:55,408 - DEBUG    - merge_instance_masks     : merge_instance_masks
2026-07-24 12:30:55,409 - DEBUG    - merge_instance_masks     : 	before array.ndim: 4
2026-07-24 12:30:55,409 - DEBUG    - merge_instance_masks     : 	before array.shape: (4, 423, 687, 684)
2026-07-24 12:30:56,138 - DEBUG    - merge_instance_masks     : 	new merged.ndim: 3
2026-07-24 12:30:56,138 - DEBUG    - merge_instance_masks     : 	new merged.shape: (423, 687, 684)
2026-07-24 12:30:56,141 - DEBUG    - convert_split            : 	Saving - raw.shape: (1, 423, 687, 684, 3) raw_dir: /scratch/wmz2007/neuroinfo_fruitfly/fisbe/biapy-py_data/train/raw raw_names: VT061467-20180911_62_E5.zarr
2026-07-24 12:30:56,141 - DEBUG    - convert_split            : 	Saving - labels.shape: (1, 423, 687, 684, 1) lage_dir: /scratch/wmz2007/neuroinfo_fruitfly/fisbe/biapy-py_data/train/label label_names: VT061467-20180911_62_E5.zarr
Saving (1, 423, 687, 684, 3) data as .tif in folder: /scratch/wmz2007/neuroinfo_fruitfly/fisbe/biapy-py_data/train/raw
Saving (1, 423, 687, 684, 1) data as .tif in folder: /scratch/wmz2007/neuroinfo_fruitfly/fisbe/biapy-py_data/train/label
2026-07-24 12:31:24,669 - INFO     - main                     : Removing directory: /scratch/wmz2007/neuroinfo_fruitfly/fisbe/biapy-py_data/val
2026-07-24 12:31:24,739 - INFO     - main                     : Converting val, Found (5 volumes), Processing None
2026-07-24 12:31:24,746 - INFO     - convert_split            : Processing Sample [1 / 5]: R22C03-20180918_66_J2.zarr
2026-07-24 12:31:32,011 - DEBUG    - merge_instance_masks     : merge_instance_masks
2026-07-24 12:31:32,012 - DEBUG    - merge_instance_masks     : 	before array.ndim: 4
2026-07-24 12:31:32,012 - DEBUG    - merge_instance_masks     : 	before array.shape: (2, 399, 683, 686)
2026-07-24 12:31:32,366 - DEBUG    - merge_instance_masks     : 	new merged.ndim: 3
2026-07-24 12:31:32,366 - DEBUG    - merge_instance_masks     : 	new merged.shape: (399, 683, 686)
2026-07-24 12:31:32,368 - DEBUG    - convert_split            : 	Saving - raw.shape: (1, 399, 683, 686, 3) raw_dir: /scratch/wmz2007/neuroinfo_fruitfly/fisbe/biapy-py_data/val/raw raw_names: R22C03-20180918_66_J2.zarr
2026-07-24 12:31:32,368 - DEBUG    - convert_split            : 	Saving - labels.shape: (1, 399, 683, 686, 1) lage_dir: /scratch/wmz2007/neuroinfo_fruitfly/fisbe/biapy-py_data/val/label label_names: R22C03-20180918_66_J2.zarr
Saving (1, 399, 683, 686, 3) data as .tif in folder: /scratch/wmz2007/neuroinfo_fruitfly/fisbe/biapy-py_data/val/raw
Saving (1, 399, 683, 686, 1) data as .tif in folder: /scratch/wmz2007/neuroinfo_fruitfly/fisbe/biapy-py_data/val/label
2026-07-24 12:31:58,441 - INFO     - convert_split            : Processing Sample [2 / 5]: VT012403-20171128_61_B2.zarr
2026-07-24 12:32:11,880 - DEBUG    - merge_instance_masks     : merge_instance_masks
2026-07-24 12:32:11,880 - DEBUG    - merge_instance_masks     : 	before array.ndim: 4
2026-07-24 12:32:11,881 - DEBUG    - merge_instance_masks     : 	before array.shape: (5, 369, 683, 686)
2026-07-24 12:32:12,677 - DEBUG    - merge_instance_masks     : 	new merged.ndim: 3
2026-07-24 12:32:12,677 - DEBUG    - merge_instance_masks     : 	new merged.shape: (369, 683, 686)
2026-07-24 12:32:12,680 - DEBUG    - convert_split            : 	Saving - raw.shape: (1, 369, 683, 686, 3) raw_dir: /scratch/wmz2007/neuroinfo_fruitfly/fisbe/biapy-py_data/val/raw raw_names: VT012403-20171128_61_B2.zarr
2026-07-24 12:32:12,680 - DEBUG    - convert_split            : 	Saving - labels.shape: (1, 369, 683, 686, 1) lage_dir: /scratch/wmz2007/neuroinfo_fruitfly/fisbe/biapy-py_data/val/label label_names: VT012403-20171128_61_B2.zarr
Saving (1, 369, 683, 686, 3) data as .tif in folder: /scratch/wmz2007/neuroinfo_fruitfly/fisbe/biapy-py_data/val/raw
Saving (1, 369, 683, 686, 1) data as .tif in folder: /scratch/wmz2007/neuroinfo_fruitfly/fisbe/biapy-py_data/val/label
2026-07-24 12:32:40,666 - INFO     - convert_split            : Processing Sample [3 / 5]: VT033614-20171124_64_H1.zarr
2026-07-24 12:32:54,442 - DEBUG    - merge_instance_masks     : merge_instance_masks
2026-07-24 12:32:54,442 - DEBUG    - merge_instance_masks     : 	before array.ndim: 4
2026-07-24 12:32:54,442 - DEBUG    - merge_instance_masks     : 	before array.shape: (4, 379, 685, 686)
2026-07-24 12:32:55,106 - DEBUG    - merge_instance_masks     : 	new merged.ndim: 3
2026-07-24 12:32:55,106 - DEBUG    - merge_instance_masks     : 	new merged.shape: (379, 685, 686)
2026-07-24 12:32:55,109 - DEBUG    - convert_split            : 	Saving - raw.shape: (1, 379, 685, 686, 3) raw_dir: /scratch/wmz2007/neuroinfo_fruitfly/fisbe/biapy-py_data/val/raw raw_names: VT033614-20171124_64_H1.zarr
2026-07-24 12:32:55,109 - DEBUG    - convert_split            : 	Saving - labels.shape: (1, 379, 685, 686, 1) lage_dir: /scratch/wmz2007/neuroinfo_fruitfly/fisbe/biapy-py_data/val/label label_names: VT033614-20171124_64_H1.zarr
Saving (1, 379, 685, 686, 3) data as .tif in folder: /scratch/wmz2007/neuroinfo_fruitfly/fisbe/biapy-py_data/val/raw
Saving (1, 379, 685, 686, 1) data as .tif in folder: /scratch/wmz2007/neuroinfo_fruitfly/fisbe/biapy-py_data/val/label
2026-07-24 12:33:20,954 - INFO     - convert_split            : Processing Sample [4 / 5]: VT033614-20171124_64_H5.zarr
2026-07-24 12:33:35,249 - DEBUG    - merge_instance_masks     : merge_instance_masks
2026-07-24 12:33:35,249 - DEBUG    - merge_instance_masks     : 	before array.ndim: 4
2026-07-24 12:33:35,249 - DEBUG    - merge_instance_masks     : 	before array.shape: (3, 395, 685, 686)
2026-07-24 12:33:35,725 - DEBUG    - merge_instance_masks     : 	new merged.ndim: 3
2026-07-24 12:33:35,726 - DEBUG    - merge_instance_masks     : 	new merged.shape: (395, 685, 686)
2026-07-24 12:33:35,727 - DEBUG    - convert_split            : 	Saving - raw.shape: (1, 395, 685, 686, 3) raw_dir: /scratch/wmz2007/neuroinfo_fruitfly/fisbe/biapy-py_data/val/raw raw_names: VT033614-20171124_64_H5.zarr
2026-07-24 12:33:35,728 - DEBUG    - convert_split            : 	Saving - labels.shape: (1, 395, 685, 686, 1) lage_dir: /scratch/wmz2007/neuroinfo_fruitfly/fisbe/biapy-py_data/val/label label_names: VT033614-20171124_64_H5.zarr
Saving (1, 395, 685, 686, 3) data as .tif in folder: /scratch/wmz2007/neuroinfo_fruitfly/fisbe/biapy-py_data/val/raw
Saving (1, 395, 685, 686, 1) data as .tif in folder: /scratch/wmz2007/neuroinfo_fruitfly/fisbe/biapy-py_data/val/label
2026-07-24 12:34:08,747 - INFO     - convert_split            : Processing Sample [5 / 5]: VT041298-20171114_63_C3.zarr
2026-07-24 12:34:21,717 - DEBUG    - merge_instance_masks     : merge_instance_masks
2026-07-24 12:34:21,717 - DEBUG    - merge_instance_masks     : 	before array.ndim: 4
2026-07-24 12:34:21,718 - DEBUG    - merge_instance_masks     : 	before array.shape: (7, 356, 687, 684)
2026-07-24 12:34:22,758 - DEBUG    - merge_instance_masks     : 	new merged.ndim: 3
2026-07-24 12:34:22,759 - DEBUG    - merge_instance_masks     : 	new merged.shape: (356, 687, 684)
2026-07-24 12:34:22,763 - DEBUG    - convert_split            : 	Saving - raw.shape: (1, 356, 687, 684, 3) raw_dir: /scratch/wmz2007/neuroinfo_fruitfly/fisbe/biapy-py_data/val/raw raw_names: VT041298-20171114_63_C3.zarr
2026-07-24 12:34:22,763 - DEBUG    - convert_split            : 	Saving - labels.shape: (1, 356, 687, 684, 1) lage_dir: /scratch/wmz2007/neuroinfo_fruitfly/fisbe/biapy-py_data/val/label label_names: VT041298-20171114_63_C3.zarr
Saving (1, 356, 687, 684, 3) data as .tif in folder: /scratch/wmz2007/neuroinfo_fruitfly/fisbe/biapy-py_data/val/raw
Saving (1, 356, 687, 684, 1) data as .tif in folder: /scratch/wmz2007/neuroinfo_fruitfly/fisbe/biapy-py_data/val/label
