Output Data to fisbe/biapy-debug-zarr
running BiaPy/biapy_prep_main.py
2026-08-19 13:16:32,015 - INFO     - main                     : source: /scratch/wmz2007/neuroinfo_fruitfly/fisbe/completely
2026-08-19 13:16:32,015 - INFO     - main                     : output: /scratch/wmz2007/neuroinfo_fruitfly/fisbe/biapy-debug-zarr
2026-08-19 13:16:32,022 - INFO     - main                     : Converting train, Found (18 volumes), Processing 2
2026-08-19 13:16:32,052 - INFO     - convert_split            : Save workers: 12
2026-08-19 13:16:32,052 - INFO     - convert_split            : Augmentations enabled: False
2026-08-19 13:16:32,053 - INFO     - process_samples          : /// Processing Sample [1 / 2]: R38F04-20181005_63_G3.zarr ///
2026-08-19 13:16:35,006 - INFO     - save_and_log_data        : Saving raw to file: R38F04-20181005_63_G3 , Dir: /scratch/wmz2007/neuroinfo_fruitfly/fisbe/biapy-debug-zarr/train/raw
2026-08-19 13:16:35,007 - INFO     - save_and_log_data        : Saving label to file: R38F04-20181005_63_G3, Dir: /scratch/wmz2007/neuroinfo_fruitfly/fisbe/biapy-debug-zarr/train/label
2026-08-19 13:16:38,882 - INFO     - process_samples          : /// Processing Sample [2 / 2]: R38F04-20181005_63_G5.zarr ///
2026-08-19 13:16:42,717 - INFO     - save_and_log_data        : Saving raw to file: R38F04-20181005_63_G5 , Dir: /scratch/wmz2007/neuroinfo_fruitfly/fisbe/biapy-debug-zarr/train/raw
2026-08-19 13:16:42,717 - INFO     - save_and_log_data        : Saving label to file: R38F04-20181005_63_G5, Dir: /scratch/wmz2007/neuroinfo_fruitfly/fisbe/biapy-debug-zarr/train/label
2026-08-19 13:16:46,365 - INFO     - main                     : Converting val, Found (5 volumes), Processing 2
2026-08-19 13:16:46,398 - INFO     - convert_split            : Save workers: 12
2026-08-19 13:16:46,398 - INFO     - convert_split            : Augmentations enabled: False
2026-08-19 13:16:46,400 - INFO     - process_samples          : /// Processing Sample [1 / 2]: R22C03-20180918_66_J2.zarr ///
2026-08-19 13:16:48,245 - INFO     - save_and_log_data        : Saving raw to file: R22C03-20180918_66_J2 , Dir: /scratch/wmz2007/neuroinfo_fruitfly/fisbe/biapy-debug-zarr/val/raw
2026-08-19 13:16:48,245 - INFO     - save_and_log_data        : Saving label to file: R22C03-20180918_66_J2, Dir: /scratch/wmz2007/neuroinfo_fruitfly/fisbe/biapy-debug-zarr/val/label
2026-08-19 13:16:51,499 - INFO     - process_samples          : /// Processing Sample [2 / 2]: VT012403-20171128_61_B2.zarr ///
2026-08-19 13:16:54,968 - INFO     - save_and_log_data        : Saving raw to file: VT012403-20171128_61_B2 , Dir: /scratch/wmz2007/neuroinfo_fruitfly/fisbe/biapy-debug-zarr/val/raw
2026-08-19 13:16:54,968 - INFO     - save_and_log_data        : Saving label to file: VT012403-20171128_61_B2, Dir: /scratch/wmz2007/neuroinfo_fruitfly/fisbe/biapy-debug-zarr/val/label
2026-08-19 13:16:58,308 - INFO     - main                     : Converting test, Found (7 volumes), Processing 2
2026-08-19 13:16:58,328 - INFO     - convert_split            : Save workers: 12
2026-08-19 13:16:58,329 - INFO     - convert_split            : Augmentations enabled: False
2026-08-19 13:16:58,331 - INFO     - process_samples          : /// Processing Sample [1 / 2]: JRC_SS04989-20160318_24_A2.zarr ///
2026-08-19 13:17:01,383 - INFO     - save_and_log_data        : Saving raw to file: JRC_SS04989-20160318_24_A2 , Dir: /scratch/wmz2007/neuroinfo_fruitfly/fisbe/biapy-debug-zarr/test/raw
2026-08-19 13:17:01,383 - INFO     - save_and_log_data        : Saving label to file: JRC_SS04989-20160318_24_A2, Dir: /scratch/wmz2007/neuroinfo_fruitfly/fisbe/biapy-debug-zarr/test/label
2026-08-19 13:17:04,639 - INFO     - process_samples          : /// Processing Sample [2 / 2]: R14A02-20180905_65_A6.zarr ///
2026-08-19 13:17:08,707 - INFO     - save_and_log_data        : Saving raw to file: R14A02-20180905_65_A6 , Dir: /scratch/wmz2007/neuroinfo_fruitfly/fisbe/biapy-debug-zarr/test/raw
2026-08-19 13:17:08,708 - INFO     - save_and_log_data        : Saving label to file: R14A02-20180905_65_A6, Dir: /scratch/wmz2007/neuroinfo_fruitfly/fisbe/biapy-debug-zarr/test/label
