INFO:    FUSE2FS (3): Warning: Mounting unchecked fs, running e2fsck is recommended.
INFO:    fuse2fs mount took an unexpectedly long time: 2.45s
/scratch/wmz2007/neuroinfo_fruitfly/PatchPerPix/experiments/flylight/setups/setup01/predict_no_gp.py:66: FutureWarning: You are using `torch.load` with `weights_only=False` (the current default value), which uses the default pickle module implicitly. It is possible to construct malicious pickle data which will execute arbitrary code during unpickling (See https://github.com/pytorch/pytorch/blob/main/SECURITY.md#untrusted-models for more details). In a future release, the default value for `weights_only` will be flipped to `True`. This limits the functions that could be executed during unpickling. Arbitrary objects will no longer be allowed to be loaded via this mode unless they are explicitly allowlisted by the user via `torch.serialization.add_safe_globals`. We recommend you start setting `weights_only=True` for any use case where you don't have full control of the loaded file. Please open an issue on GitHub for any issues related to this experimental feature.
  checkpoint = torch.load(config["checkpoint"], map_location=device)
/scratch/wmz2007/neuroinfo_fruitfly/PatchPerPix/PatchPerPix/vote_instances/stitch_patch_graph.py:759: FutureWarning: `skeletonize_3d` is deprecated since version 0.23 and will be removed in version 0.25. Use `skimage.morphology.skeletonize` instead.
  mask = skeletonize_3d(mask) > 0
/scratch/wmz2007/neuroinfo_fruitfly/PatchPerPix/PatchPerPix/vote_instances/stitch_patch_graph.py:830: UserWarning: ppp_experiments/flylight_setup01_260630_164437_336076/val/instanced/8000/patch_threshold_0_5/fc_threshold_0_5/mws_False/skeletonize_foreground_True/numinst_threshs__0_9_0_1_/R22C03-20180918_66_J2.png is a low contrast image
  io.imsave(
/scratch/wmz2007/neuroinfo_fruitfly/PatchPerPix/PatchPerPix/vote_instances/stitch_patch_graph.py:759: FutureWarning: `skeletonize_3d` is deprecated since version 0.23 and will be removed in version 0.25. Use `skimage.morphology.skeletonize` instead.
  mask = skeletonize_3d(mask) > 0
/scratch/wmz2007/neuroinfo_fruitfly/PatchPerPix/PatchPerPix/vote_instances/stitch_patch_graph.py:759: FutureWarning: `skeletonize_3d` is deprecated since version 0.23 and will be removed in version 0.25. Use `skimage.morphology.skeletonize` instead.
  mask = skeletonize_3d(mask) > 0
/scratch/wmz2007/neuroinfo_fruitfly/PatchPerPix/PatchPerPix/vote_instances/stitch_patch_graph.py:759: FutureWarning: `skeletonize_3d` is deprecated since version 0.23 and will be removed in version 0.25. Use `skimage.morphology.skeletonize` instead.
  mask = skeletonize_3d(mask) > 0
/scratch/wmz2007/neuroinfo_fruitfly/PatchPerPix/PatchPerPix/vote_instances/stitch_patch_graph.py:759: FutureWarning: `skeletonize_3d` is deprecated since version 0.23 and will be removed in version 0.25. Use `skimage.morphology.skeletonize` instead.
  mask = skeletonize_3d(mask) > 0
/scratch/wmz2007/neuroinfo_fruitfly/PatchPerPix/PatchPerPix/vote_instances/stitch_patch_graph.py:830: UserWarning: ppp_experiments/flylight_setup01_260630_164437_336076/val/instanced/8000/patch_threshold_0_5/fc_threshold_0_5/mws_False/skeletonize_foreground_True/numinst_threshs__0_9_0_1_/VT041298-20171114_63_C3.png is a low contrast image
  io.imsave(
/scratch/wmz2007/neuroinfo_fruitfly/PatchPerPix/experiments/flylight/setups/setup01/predict_no_gp.py:66: FutureWarning: You are using `torch.load` with `weights_only=False` (the current default value), which uses the default pickle module implicitly. It is possible to construct malicious pickle data which will execute arbitrary code during unpickling (See https://github.com/pytorch/pytorch/blob/main/SECURITY.md#untrusted-models for more details). In a future release, the default value for `weights_only` will be flipped to `True`. This limits the functions that could be executed during unpickling. Arbitrary objects will no longer be allowed to be loaded via this mode unless they are explicitly allowlisted by the user via `torch.serialization.add_safe_globals`. We recommend you start setting `weights_only=True` for any use case where you don't have full control of the loaded file. Please open an issue on GitHub for any issues related to this experimental feature.
  checkpoint = torch.load(config["checkpoint"], map_location=device)
[2026-07-02T13:20:29.200] error: *** JOB 12205330 ON gl032 CANCELLED AT 2026-07-02T13:20:29 DUE TO TIME LIMIT ***
